

        **********************************************************
        ** PROGRAM FullProf.2k (Version 7.95 - Jan2023-ILL JRC) **
        **********************************************************
                       M U L T I -- P A T T E R N                 
            Rietveld, Profile Matching & Integrated Intensity     
                 Refinement of X-ray and/or Neutron Data


    Date: 06/06/2026  Time: 23:10:47.635                              

 => PCR file code: arg_si
 => DAT file code: arg_si.dat           -> Relative contribution: 1.0000                                                            

 ==> CONDITIONS OF THIS RUN FOR PATTERN No.:  1

 => Global Refinement of neutron powder data                                                                                        
 => Neutron Time-Of-Flight data                                                                                                     
 => Abcisa variable is T.O.F. in microsecs
 => Title:  Backscattering Bank (2theta= 144.845)  Si- Argonne

 => Number of phases:    1
 => Number of excluded regions:    2
 => Number of scattering factors supplied:    0
 => Conventional weights: w=1.0/Variance(yobs)
 => Asymmetry correction as in J.Appl.Cryst. 26,128(1993)
 => Background adjusted by 12/18-terms cosine Fourier series 
 => The    9th default profile function was selected
 => T.O.F Profile Function #1 
    Decay double Exponential convoluted with pseudo-Voigt:
    Omega(DT) = (1-eta)N {Exp(u).Erfc(y)+ Exp(v).Erfc(z)} +  
                2N eta/pi{-Im[Exp(p)E1(p)]-Im[Exp(q)E1(q)]}  

 ==> INPUT/OUTPUT OPTIONS:

 => Output Obs and Calc intensities on last cycle
 => Generate file *.PRF for plot
 => Output Integrated Intensities
 => Generate new input file *.PCR

 => Data read from GSAS file for pattern:  1
 => Plot pattern at each cycle
 => Absorption correction type: 2
 => Base of peaks: 2.0*HW*    8.20

 => Number of cycles:   15
 => Relaxation factors ==>    for coordinates:  1.00
 => for anisotropic temperature factors:  1.00
 => for halfwidth/strain/size parameters:  1.00
 => for lattice constants and propagation vectors:  1.00
 => EPS-value for convergence:    0.1

 => Excluded regions for Pattern#  1
    From     to
   1000.1000   2000.0000
  29999.0000  40000.0000

 => Number of Least-Squares parameters varied:    14

 =>--------------------------->
 =>------->  PATTERN number:  1
 =>--------------------------->
 => Global parameters and codes ==>
 => Zero-point:    -9.1876  141.0000
 => Background parameters and codes for cosine Fourier series ==>
  152.74      1.4310      37.243      12.115      19.182      3.3480    
       21.00       31.00       41.00       61.00       71.00       81.00
  8.7370      0.0000      0.0000      0.0000      0.0000      0.0000    
      121.00        0.00        0.00        0.00        0.00        0.00
  0.0000      0.0000      0.0000      0.0000      0.0000      0.0000    
        0.00        0.00        0.00        0.00        0.00        0.00
 => D-spacing to T.O.F. coefficient dtt1 and code:   7476.910     0.000
 => D-spacing to T.O.F. coefficient dtt2 and code:     -1.540     0.000
 => D-spacing to T.O.F. coefficient dtt_1OverD and code:      0.000     0.000
 => T.O.F. 2theta average detector angle      :    144.845

 => Reading Intensity data  =>>


 => Heading of GSAS file:
     Si Std                                                                         
    BANK 1  5600 1400 CONST   2000.     5.     0.     0. ALT                        
 => Number of items read in BANK line:  9
 -> IBANK,NCHAN,NREC:     1 5600 1400
 -> BINTYP          : CONST   
 -> COEFFS          :       2000.000         5.000         0.000         0.000
 -> DATTYP          : ALT     
 ==> T.O.F. range, and number of points:
    TOFmin:    2000.000000  TOFmax:   29995.000000
    No. of points:   5600
 --------------------------------------------------------------------------------
 => Phase  No. 1
      Standard-Si                                                           
 --------------------------------------------------------------------------------
 =>-------> Pattern#  1
 => Crystal Structure Refinement
 => Preferred orientation vector:   0.0000  0.0000  1.0000

 =>-------> Data for PHASE: 1
 => Number of atoms:    1
 => Number of distance  constraints:    0
 => Number of angle     constraints:    0

 => Symmetry information on space group: F d -3 m            
 -> The multiplicity of the general position is: 192
 -> The space group is Centric (-1 at origin)   
 -> Lattice type  F: { 000;  0  1/2 1/2; 1/2  0  1/2; 1/2 1/2  0 }+
 -> Reduced set of symmetry operators:

  No.  IT   Symmetry symbol    Rotation part     Associated Translation
   1: ( 1)   1            -->     ( x, y, z) + {  0.0000  0.0000  0.0000}
   2: ( 4)   2 ( x, 0, 0) -->     ( x,-y,-z) + {  0.0000  0.2500  0.2500}
   3: ( 3)   2 ( 0, y, 0) -->     (-x, y,-z) + {  0.2500  0.0000  0.2500}
   4: ( 2)   2 ( 0, 0, z) -->     (-x,-y, z) + {  0.2500  0.2500  0.0000}
   5: ( 9)  3- ( x, x, x) -->     ( y, z, x) + {  0.0000  0.0000  0.0000}
   6: (12)  3- (-x, x,-x) -->     (-y,-z, x) + {  0.2500  0.2500  0.0000}
   7: (11)  3- (-x,-x, x) -->     ( y,-z,-x) + {  0.0000  0.2500  0.2500}
   8: (10)  3- ( x,-x,-x) -->     (-y, z,-x) + {  0.2500  0.0000  0.2500}
   9: ( 5)  3+ ( x, x, x) -->     ( z, x, y) + {  0.0000  0.0000  0.0000}
  10: ( 8)  3+ (-x,-x, x) -->     (-z, x,-y) + {  0.2500  0.0000  0.2500}
  11: ( 7)  3+ ( x,-x,-x) -->     (-z,-x, y) + {  0.2500  0.2500  0.0000}
  12: ( 6)  3+ (-x, x,-x) -->     ( z,-x,-y) + {  0.0000  0.2500  0.2500}
  13: (14)   2 ( x,-x, 0) -->     (-y,-x,-z) + {  0.0000  0.0000  0.0000}
  14: (15)  4- ( 0, 0, z) -->     ( y,-x, z) + {  0.7500  0.0000  0.7500}
  15: (16)  4+ ( 0, 0, z) -->     (-y, x, z) + {  0.0000  0.7500  0.7500}
  16: (13)   2 ( x, x, 0) -->     ( y, x,-z) + {  0.7500  0.7500  0.0000}
  17: (24)   2 (-x, 0, x) -->     (-z,-y,-x) + {  0.0000  0.0000  0.0000}
  18: (21)  4+ ( 0, y, 0) -->     ( z, y,-x) + {  0.7500  0.7500  0.0000}
  19: (22)   2 ( x, 0, x) -->     ( z,-y, x) + {  0.7500  0.0000  0.7500}
  20: (23)  4- ( 0, y, 0) -->     (-z, y, x) + {  0.0000  0.7500  0.7500}
  21: (19)   2 ( 0, y,-y) -->     (-x,-z,-y) + {  0.0000  0.0000  0.0000}
  22: (18)   2 ( 0, y, y) -->     (-x, z, y) + {  0.0000  0.7500  0.7500}
  23: (17)  4- ( x, 0, 0) -->     ( x, z,-y) + {  0.7500  0.7500  0.0000}
  24: (20)  4+ ( x, 0, 0) -->     ( x,-z, y) + {  0.7500  0.0000  0.7500}


        Information on Space Group: 
        --------------------------- 

 =>   Number of Space group: 227
 =>  Hermann-Mauguin Symbol: F d -3 m
 =>             Hall Symbol: -F 4vw 2vw 3
 =>            Setting Type: IT (Generated from Hermann-Mauguin symbol)
 =>          Crystal System: Cubic
 =>              Laue Class: m-3m
 =>             Point Group: m-3m
 =>         Bravais Lattice: F
 =>          Lattice Symbol: cF
 =>  Reduced Number of S.O.:  24
 =>    General multiplicity: 192
 =>          Centrosymmetry: Centric (-1 at origin)
 =>  Generators (exc. -1&L):   3
 =>         Asymmetric unit: -0.125 <= x <=  0.375
                             -0.125 <= y <=  0.000
                             -0.250 <= z <=  0.000
 => Centring vectors:  3
 => Latt( 1): (1/2,1/2,0)                          => Latt( 2): (1/2,0,1/2)                         
 => Latt( 3): (0,1/2,1/2)                                                                           

 => List of all Symmetry Operators and Symmetry Symbols

 => SYMM(  1): x,y,z                             Symbol: 1
 => SYMM(  2): x,-y+1/4,-z+1/4                   Symbol: 2 x,1/8,1/8
 => SYMM(  3): -x+1/4,y,-z+1/4                   Symbol: 2 1/8,y,1/8
 => SYMM(  4): -x+1/4,-y+1/4,z                   Symbol: 2 1/8,1/8,z
 => SYMM(  5): y,z,x                             Symbol: 3- x,x,x
 => SYMM(  6): -y+1/4,-z+1/4,x                   Symbol: 3+ x,-x+1/4,x
 => SYMM(  7): y,-z+1/4,-x+1/4                   Symbol: 3+ x,x,-x+1/4
 => SYMM(  8): -y+1/4,z,-x+1/4                   Symbol: 3- x,-x+1/4,-x+1/4
 => SYMM(  9): z,x,y                             Symbol: 3+ x,x,x
 => SYMM( 10): -z+1/4,x,-y+1/4                   Symbol: 3- x,x,-x+1/4
 => SYMM( 11): -z+1/4,-x+1/4,y                   Symbol: 3+ x,-x+1/4,-x+1/4
 => SYMM( 12): z,-x+1/4,-y+1/4                   Symbol: 3- x,-x+1/4,x
 => SYMM( 13): y,x,z                             Symbol: m x,x,z
 => SYMM( 14): -y+1/4,x,-z+1/4                   Symbol: -4- 1/8,1/8,z; 1/8,1/8,1/8
 => SYMM( 15): y,-x+1/4,-z+1/4                   Symbol: -4+ 1/8,1/8,z; 1/8,1/8,1/8
 => SYMM( 16): -y+1/4,-x+1/4,z                   Symbol: m x,-x+1/4,z
 => SYMM( 17): z,y,x                             Symbol: m x,y,x
 => SYMM( 18): -z+1/4,-y+1/4,x                   Symbol: -4+ 1/8,y,1/8; 1/8,1/8,1/8
 => SYMM( 19): -z+1/4,y,-x+1/4                   Symbol: m x,y,-x+1/4
 => SYMM( 20): z,-y+1/4,-x+1/4                   Symbol: -4- 1/8,y,1/8; 1/8,1/8,1/8
 => SYMM( 21): x,z,y                             Symbol: m x,y,y
 => SYMM( 22): x,-z+1/4,-y+1/4                   Symbol: m x,y,-y+1/4
 => SYMM( 23): -x+1/4,-z+1/4,y                   Symbol: -4- x,1/8,1/8; 1/8,1/8,1/8
 => SYMM( 24): -x+1/4,z,-y+1/4                   Symbol: -4+ x,1/8,1/8; 1/8,1/8,1/8
 => SYMM( 25): -x,-y,-z                          Symbol: -1 0,0,0
 => SYMM( 26): -x,y+3/4,z+3/4                    Symbol: g (0,3/4,3/4) 0,y,z
 => SYMM( 27): x+3/4,-y,z+3/4                    Symbol: g (3/4,0,3/4) x,0,z
 => SYMM( 28): x+3/4,y+3/4,-z                    Symbol: g (3/4,3/4,0) x,y,0
 => SYMM( 29): -y,-z,-x                          Symbol: -3- x,x,x; 0,0,0
 => SYMM( 30): y+3/4,z+3/4,-x                    Symbol: -3+ x,-x+3/4,x-3/2; 3/4,0,-3/4
 => SYMM( 31): -y,z+3/4,x+3/4                    Symbol: -3+ x,x+3/2,-x-3/4; -3/4,3/4,0
 => SYMM( 32): y+3/4,-z,x+3/4                    Symbol: -3- x,-x-3/4,-x+3/4; 0,-3/4,3/4
 => SYMM( 33): -z,-x,-y                          Symbol: -3+ x,x,x; 0,0,0
 => SYMM( 34): z+3/4,-x,y+3/4                    Symbol: -3- x,x-3/2,-x+3/4; 3/4,-3/4,0
 => SYMM( 35): z+3/4,x+3/4,-y                    Symbol: -3+ x,-x+3/4,-x-3/4; 0,3/4,-3/4
 => SYMM( 36): -z,x+3/4,y+3/4                    Symbol: -3- x,-x-3/4,x+3/2; -3/4,0,3/4
 => SYMM( 37): -y,-x,-z                          Symbol: 2 x,-x,0
 => SYMM( 38): y+3/4,-x,z+3/4                    Symbol: 4- (0,0,3/4) 3/8,-3/8,z
 => SYMM( 39): -y,x+3/4,z+3/4                    Symbol: 4+ (0,0,3/4) -3/8,3/8,z
 => SYMM( 40): y+3/4,x+3/4,-z                    Symbol: 2 (3/4,3/4,0) x,x,0
 => SYMM( 41): -z,-y,-x                          Symbol: 2 x,0,-x
 => SYMM( 42): z+3/4,y+3/4,-x                    Symbol: 4+ (0,3/4,0) 3/8,y,-3/8
 => SYMM( 43): z+3/4,-y,x+3/4                    Symbol: 2 (3/4,0,3/4) x,0,x
 => SYMM( 44): -z,y+3/4,x+3/4                    Symbol: 4- (0,3/4,0) -3/8,y,3/8
 => SYMM( 45): -x,-z,-y                          Symbol: 2 0,y,-y
 => SYMM( 46): -x,z+3/4,y+3/4                    Symbol: 2 (0,3/4,3/4) 0,y,y
 => SYMM( 47): x+3/4,z+3/4,-y                    Symbol: 4- (3/4,0,0) x,3/8,-3/8
 => SYMM( 48): x+3/4,-z,y+3/4                    Symbol: 4+ (3/4,0,0) x,-3/8,3/8
 => SYMM( 49): x+1/2,y+1/2,z                     Symbol: t (1/2,1/2,0)
 => SYMM( 50): x+1/2,-y+3/4,-z+1/4               Symbol: 2 (1/2,0,0) x,3/8,1/8
 => SYMM( 51): -x+3/4,y+1/2,-z+1/4               Symbol: 2 (0,1/2,0) 3/8,y,1/8
 => SYMM( 52): -x+3/4,-y+3/4,z                   Symbol: 2 3/8,3/8,z
 => SYMM( 53): y+1/2,z+1/2,x                     Symbol: 3- (1/3,1/3,1/3) x,x-1/6,x-1/3
 => SYMM( 54): -y+3/4,-z+3/4,x                   Symbol: 3+ x,-x+3/4,x
 => SYMM( 55): y+1/2,-z+3/4,-x+1/4               Symbol: 3+ (1/3,1/3,-1/3) x,x-1/6,-x+7/12
 => SYMM( 56): -y+3/4,z+1/2,-x+1/4               Symbol: 3- x,-x+3/4,-x+1/4
 => SYMM( 57): z+1/2,x+1/2,y                     Symbol: 3+ (1/3,1/3,1/3) x,x+1/6,x-1/6
 => SYMM( 58): -z+3/4,x+1/2,-y+1/4               Symbol: 3- (1/3,1/3,-1/3) x,x+1/6,-x+5/12
 => SYMM( 59): -z+3/4,-x+3/4,y                   Symbol: 3+ x,-x+3/4,-x+3/4
 => SYMM( 60): z+1/2,-x+3/4,-y+1/4               Symbol: 3- x,-x+3/4,x-1/2
 => SYMM( 61): y+1/2,x+1/2,z                     Symbol: n (1/2,1/2,0) x,x,z
 => SYMM( 62): -y+3/4,x+1/2,-z+1/4               Symbol: -4- 1/8,5/8,z; 1/8,5/8,1/8
 => SYMM( 63): y+1/2,-x+3/4,-z+1/4               Symbol: -4+ 5/8,1/8,z; 5/8,1/8,1/8
 => SYMM( 64): -y+3/4,-x+3/4,z                   Symbol: m x,-x+3/4,z
 => SYMM( 65): z+1/2,y+1/2,x                     Symbol: g (1/4,1/2,1/4) x,y,x-1/4
 => SYMM( 66): -z+3/4,-y+3/4,x                   Symbol: -4+ 3/8,y,3/8; 3/8,3/8,3/8
 => SYMM( 67): -z+3/4,y+1/2,-x+1/4               Symbol: g (1/4,1/2,-1/4) x,y,-x+1/2
 => SYMM( 68): z+1/2,-y+3/4,-x+1/4               Symbol: -4- 3/8,y,-1/8; 3/8,3/8,-1/8
 => SYMM( 69): x+1/2,z+1/2,y                     Symbol: g (1/2,1/4,1/4) x,y,y-1/4
 => SYMM( 70): x+1/2,-z+3/4,-y+1/4               Symbol: g (1/2,1/4,-1/4) x,y,-y+1/2
 => SYMM( 71): -x+3/4,-z+3/4,y                   Symbol: -4- x,3/8,3/8; 3/8,3/8,3/8
 => SYMM( 72): -x+3/4,z+1/2,-y+1/4               Symbol: -4+ x,3/8,-1/8; 3/8,3/8,-1/8
 => SYMM( 73): -x+1/2,-y+1/2,-z                  Symbol: -1 1/4,1/4,0
 => SYMM( 74): -x+1/2,y+1/4,z+3/4                Symbol: d (0,1/4,3/4) 1/4,y,z
 => SYMM( 75): x+1/4,-y+1/2,z+3/4                Symbol: g (1/4,0,3/4) x,1/4,z
 => SYMM( 76): x+1/4,y+1/4,-z                    Symbol: d (1/4,1/4,0) x,y,0
 => SYMM( 77): -y+1/2,-z+1/2,-x                  Symbol: -3- x,x+1/2,x; 0,1/2,0
 => SYMM( 78): y+1/4,z+1/4,-x                    Symbol: -3+ x,-x+1/4,x-1/2; 1/4,0,-1/4
 => SYMM( 79): -y+1/2,z+1/4,x+3/4                Symbol: -3+ x,x+1,-x+1/4; -1/4,3/4,1/2
 => SYMM( 80): y+1/4,-z+1/2,x+3/4                Symbol: -3- x,-x-1/4,-x+3/4; 0,-1/4,3/4
 => SYMM( 81): -z+1/2,-x+1/2,-y                  Symbol: -3+ x,x-1/2,x-1/2; 1/2,0,0
 => SYMM( 82): z+1/4,-x+1/2,y+3/4                Symbol: -3- x,x-1,-x+5/4; 3/4,-1/4,1/2
 => SYMM( 83): z+1/4,x+1/4,-y                    Symbol: -3+ x,-x+1/4,-x-1/4; 0,1/4,-1/4
 => SYMM( 84): -z+1/2,x+1/4,y+3/4                Symbol: -3- x,-x-1/4,x+1; -1/4,0,3/4
 => SYMM( 85): -y+1/2,-x+1/2,-z                  Symbol: 2 x,-x+1/2,0
 => SYMM( 86): y+1/4,-x+1/2,z+3/4                Symbol: 4- (0,0,3/4) 3/8,1/8,z
 => SYMM( 87): -y+1/2,x+1/4,z+3/4                Symbol: 4+ (0,0,3/4) 1/8,3/8,z
 => SYMM( 88): y+1/4,x+1/4,-z                    Symbol: 2 (1/4,1/4,0) x,x,0
 => SYMM( 89): -z+1/2,-y+1/2,-x                  Symbol: 2 (1/4,0,-1/4) x,1/4,-x+1/4
 => SYMM( 90): z+1/4,y+1/4,-x                    Symbol: 4+ (0,1/4,0) 1/8,y,-1/8
 => SYMM( 91): z+1/4,-y+1/2,x+3/4                Symbol: 2 (1/2,0,1/2) x,1/4,x+1/4
 => SYMM( 92): -z+1/2,y+1/4,x+3/4                Symbol: 4- (0,1/4,0) -1/8,y,5/8
 => SYMM( 93): -x+1/2,-z+1/2,-y                  Symbol: 2 (0,1/4,-1/4) 1/4,y,-y+1/4
 => SYMM( 94): -x+1/2,z+1/4,y+3/4                Symbol: 2 (0,1/2,1/2) 1/4,y,y+1/4
 => SYMM( 95): x+1/4,z+1/4,-y                    Symbol: 4- (1/4,0,0) x,1/8,-1/8
 => SYMM( 96): x+1/4,-z+1/2,y+3/4                Symbol: 4+ (1/4,0,0) x,-1/8,5/8
 => SYMM( 97): x+1/2,y,z+1/2                     Symbol: t (1/2,0,1/2)
 => SYMM( 98): x+1/2,-y+1/4,-z+3/4               Symbol: 2 (1/2,0,0) x,1/8,3/8
 => SYMM( 99): -x+3/4,y,-z+3/4                   Symbol: 2 3/8,y,3/8
 => SYMM(100): -x+3/4,-y+1/4,z+1/2               Symbol: 2 (0,0,1/2) 3/8,1/8,z
 => SYMM(101): y+1/2,z,x+1/2                     Symbol: 3- (1/3,1/3,1/3) x,x-1/6,x+1/6
 => SYMM(102): -y+3/4,-z+1/4,x+1/2               Symbol: 3+ (1/3,-1/3,1/3) x,-x+5/12,x+1/6
 => SYMM(103): y+1/2,-z+1/4,-x+3/4               Symbol: 3+ x,x-1/2,-x+3/4
 => SYMM(104): -y+3/4,z,-x+3/4                   Symbol: 3- x,-x+3/4,-x+3/4
 => SYMM(105): z+1/2,x,y+1/2                     Symbol: 3+ (1/3,1/3,1/3) x,x-1/3,x-1/6
 => SYMM(106): -z+3/4,x,-y+3/4                   Symbol: 3- x,x,-x+3/4
 => SYMM(107): -z+3/4,-x+1/4,y+1/2               Symbol: 3+ x,-x+1/4,-x+3/4
 => SYMM(108): z+1/2,-x+1/4,-y+3/4               Symbol: 3- (1/3,-1/3,1/3) x,-x+7/12,x-1/6
 => SYMM(109): y+1/2,x,z+1/2                     Symbol: g (1/4,1/4,1/2) x,x-1/4,z
 => SYMM(110): -y+3/4,x,-z+3/4                   Symbol: -4- 3/8,3/8,z; 3/8,3/8,3/8
 => SYMM(111): y+1/2,-x+1/4,-z+3/4               Symbol: -4+ 3/8,-1/8,z; 3/8,-1/8,3/8
 => SYMM(112): -y+3/4,-x+1/4,z+1/2               Symbol: g (1/4,-1/4,1/2) x,-x+1/2,z
 => SYMM(113): z+1/2,y,x+1/2                     Symbol: n (1/2,0,1/2) x,y,x
 => SYMM(114): -z+3/4,-y+1/4,x+1/2               Symbol: -4+ 1/8,y,5/8; 1/8,1/8,5/8
 => SYMM(115): -z+3/4,y,-x+3/4                   Symbol: m x,y,-x+3/4
 => SYMM(116): z+1/2,-y+1/4,-x+3/4               Symbol: -4- 5/8,y,1/8; 5/8,1/8,1/8
 => SYMM(117): x+1/2,z,y+1/2                     Symbol: g (1/2,1/4,1/4) x,y,y+1/4
 => SYMM(118): x+1/2,-z+1/4,-y+3/4               Symbol: g (1/2,-1/4,1/4) x,y,-y+1/2
 => SYMM(119): -x+3/4,-z+1/4,y+1/2               Symbol: -4- x,-1/8,3/8; 3/8,-1/8,3/8
 => SYMM(120): -x+3/4,z,-y+3/4                   Symbol: -4+ x,3/8,3/8; 3/8,3/8,3/8
 => SYMM(121): -x+1/2,-y,-z+1/2                  Symbol: -1 1/4,0,1/4
 => SYMM(122): -x+1/2,y+3/4,z+1/4                Symbol: g (0,3/4,1/4) 1/4,y,z
 => SYMM(123): x+1/4,-y,z+1/4                    Symbol: d (1/4,0,1/4) x,0,z
 => SYMM(124): x+1/4,y+3/4,-z+1/2                Symbol: d (1/4,3/4,0) x,y,1/4
 => SYMM(125): -y+1/2,-z,-x+1/2                  Symbol: -3- x,x-1/2,x-1/2; 1/2,0,0
 => SYMM(126): y+1/4,z+3/4,-x+1/2                Symbol: -3+ x,-x+5/4,x-1; 3/4,1/2,-1/4
 => SYMM(127): -y+1/2,z+3/4,x+1/4                Symbol: -3+ x,x+1,-x-1/4; -1/4,3/4,0
 => SYMM(128): y+1/4,-z,x+1/4                    Symbol: -3- x,-x-1/4,-x+1/4; 0,-1/4,1/4
 => SYMM(129): -z+1/2,-x,-y+1/2                  Symbol: -3+ x,x,x+1/2; 0,0,1/2
 => SYMM(130): z+1/4,-x,y+1/4                    Symbol: -3- x,x-1/2,-x+1/4; 1/4,-1/4,0
 => SYMM(131): z+1/4,x+3/4,-y+1/2                Symbol: -3+ x,-x+3/4,-x-1/4; 0,3/4,-1/4
 => SYMM(132): -z+1/2,x+3/4,y+1/4                Symbol: -3- x,-x+1/4,x+1; -1/4,1/2,3/4
 => SYMM(133): -y+1/2,-x,-z+1/2                  Symbol: 2 (1/4,-1/4,0) x,-x+1/4,1/4
 => SYMM(134): y+1/4,-x,z+1/4                    Symbol: 4- (0,0,1/4) 1/8,-1/8,z
 => SYMM(135): -y+1/2,x+3/4,z+1/4                Symbol: 4+ (0,0,1/4) -1/8,5/8,z
 => SYMM(136): y+1/4,x+3/4,-z+1/2                Symbol: 2 (1/2,1/2,0) x,x+1/4,1/4
 => SYMM(137): -z+1/2,-y,-x+1/2                  Symbol: 2 x,0,-x+1/2
 => SYMM(138): z+1/4,y+3/4,-x+1/2                Symbol: 4+ (0,3/4,0) 3/8,y,1/8
 => SYMM(139): z+1/4,-y,x+1/4                    Symbol: 2 (1/4,0,1/4) x,0,x
 => SYMM(140): -z+1/2,y+3/4,x+1/4                Symbol: 4- (0,3/4,0) 1/8,y,3/8
 => SYMM(141): -x+1/2,-z,-y+1/2                  Symbol: 2 (0,-1/4,1/4) 1/4,y,-y+1/4
 => SYMM(142): -x+1/2,z+3/4,y+1/4                Symbol: 2 (0,1/2,1/2) 1/4,y,y-1/4
 => SYMM(143): x+1/4,z+3/4,-y+1/2                Symbol: 4- (1/4,0,0) x,5/8,-1/8
 => SYMM(144): x+1/4,-z,y+1/4                    Symbol: 4+ (1/4,0,0) x,-1/8,1/8
 => SYMM(145): x,y+1/2,z+1/2                     Symbol: t (0,1/2,1/2)
 => SYMM(146): x,-y+3/4,-z+3/4                   Symbol: 2 x,3/8,3/8
 => SYMM(147): -x+1/4,y+1/2,-z+3/4               Symbol: 2 (0,1/2,0) 1/8,y,3/8
 => SYMM(148): -x+1/4,-y+3/4,z+1/2               Symbol: 2 (0,0,1/2) 1/8,3/8,z
 => SYMM(149): y,z+1/2,x+1/2                     Symbol: 3- (1/3,1/3,1/3) x,x+1/3,x+1/6
 => SYMM(150): -y+1/4,-z+3/4,x+1/2               Symbol: 3+ x,-x+1/4,x+1/2
 => SYMM(151): y,-z+3/4,-x+3/4                   Symbol: 3+ x,x,-x+3/4
 => SYMM(152): -y+1/4,z+1/2,-x+3/4               Symbol: 3- (-1/3,1/3,1/3) x,-x+7/12,-x+5/12
 => SYMM(153): z,x+1/2,y+1/2                     Symbol: 3+ (1/3,1/3,1/3) x,x+1/6,x+1/3
 => SYMM(154): -z+1/4,x+1/2,-y+3/4               Symbol: 3- x,x+1/2,-x+1/4
 => SYMM(155): -z+1/4,-x+3/4,y+1/2               Symbol: 3+ (-1/3,1/3,1/3) x,-x+5/12,-x+7/12
 => SYMM(156): z,-x+3/4,-y+3/4                   Symbol: 3- x,-x+3/4,x
 => SYMM(157): y,x+1/2,z+1/2                     Symbol: g (1/4,1/4,1/2) x,x+1/4,z
 => SYMM(158): -y+1/4,x+1/2,-z+3/4               Symbol: -4- -1/8,3/8,z; -1/8,3/8,3/8
 => SYMM(159): y,-x+3/4,-z+3/4                   Symbol: -4+ 3/8,3/8,z; 3/8,3/8,3/8
 => SYMM(160): -y+1/4,-x+3/4,z+1/2               Symbol: g (-1/4,1/4,1/2) x,-x+1/2,z
 => SYMM(161): z,y+1/2,x+1/2                     Symbol: g (1/4,1/2,1/4) x,y,x+1/4
 => SYMM(162): -z+1/4,-y+3/4,x+1/2               Symbol: -4+ -1/8,y,3/8; -1/8,3/8,3/8
 => SYMM(163): -z+1/4,y+1/2,-x+3/4               Symbol: g (-1/4,1/2,1/4) x,y,-x+1/2
 => SYMM(164): z,-y+3/4,-x+3/4                   Symbol: -4- 3/8,y,3/8; 3/8,3/8,3/8
 => SYMM(165): x,z+1/2,y+1/2                     Symbol: n (0,1/2,1/2) x,y,y
 => SYMM(166): x,-z+3/4,-y+3/4                   Symbol: m x,y,-y+3/4
 => SYMM(167): -x+1/4,-z+3/4,y+1/2               Symbol: -4- x,1/8,5/8; 1/8,1/8,5/8
 => SYMM(168): -x+1/4,z+1/2,-y+3/4               Symbol: -4+ x,5/8,1/8; 1/8,5/8,1/8
 => SYMM(169): -x,-y+1/2,-z+1/2                  Symbol: -1 0,1/4,1/4
 => SYMM(170): -x,y+1/4,z+1/4                    Symbol: d (0,1/4,1/4) 0,y,z
 => SYMM(171): x+3/4,-y+1/2,z+1/4                Symbol: d (3/4,0,1/4) x,1/4,z
 => SYMM(172): x+3/4,y+1/4,-z+1/2                Symbol: g (3/4,1/4,0) x,y,1/4
 => SYMM(173): -y,-z+1/2,-x+1/2                  Symbol: -3- x,x,x+1/2; 0,0,1/2
 => SYMM(174): y+3/4,z+1/4,-x+1/2                Symbol: -3+ x,-x+3/4,x-1; 3/4,0,-1/4
 => SYMM(175): -y,z+1/4,x+1/4                    Symbol: -3+ x,x+1/2,-x-1/4; -1/4,1/4,0
 => SYMM(176): y+3/4,-z+1/2,x+1/4                Symbol: -3- x,-x+1/4,-x+5/4; 1/2,-1/4,3/4
 => SYMM(177): -z,-x+1/2,-y+1/2                  Symbol: -3+ x,x+1/2,x; 0,1/2,0
 => SYMM(178): z+3/4,-x+1/2,y+1/4                Symbol: -3- x,x-1,-x+3/4; 3/4,-1/4,0
 => SYMM(179): z+3/4,x+1/4,-y+1/2                Symbol: -3+ x,-x+5/4,-x+1/4; 1/2,3/4,-1/4
 => SYMM(180): -z,x+1/4,y+1/4                    Symbol: -3- x,-x-1/4,x+1/2; -1/4,0,1/4
 => SYMM(181): -y,-x+1/2,-z+1/2                  Symbol: 2 (-1/4,1/4,0) x,-x+1/4,1/4
 => SYMM(182): y+3/4,-x+1/2,z+1/4                Symbol: 4- (0,0,1/4) 5/8,-1/8,z
 => SYMM(183): -y,x+1/4,z+1/4                    Symbol: 4+ (0,0,1/4) -1/8,1/8,z
 => SYMM(184): y+3/4,x+1/4,-z+1/2                Symbol: 2 (1/2,1/2,0) x,x-1/4,1/4
 => SYMM(185): -z,-y+1/2,-x+1/2                  Symbol: 2 (-1/4,0,1/4) x,1/4,-x+1/4
 => SYMM(186): z+3/4,y+1/4,-x+1/2                Symbol: 4+ (0,1/4,0) 5/8,y,-1/8
 => SYMM(187): z+3/4,-y+1/2,x+1/4                Symbol: 2 (1/2,0,1/2) x,1/4,x-1/4
 => SYMM(188): -z,y+1/4,x+1/4                    Symbol: 4- (0,1/4,0) -1/8,y,1/8
 => SYMM(189): -x,-z+1/2,-y+1/2                  Symbol: 2 0,y,-y+1/2
 => SYMM(190): -x,z+1/4,y+1/4                    Symbol: 2 (0,1/4,1/4) 0,y,y
 => SYMM(191): x+3/4,z+1/4,-y+1/2                Symbol: 4- (3/4,0,0) x,3/8,1/8
 => SYMM(192): x+3/4,-z+1/2,y+1/4                Symbol: 4+ (3/4,0,0) x,1/8,3/8

 => Special Wyckoff Positions for F d -3 m
 
    Multp     Site        Representative Coordinates (centring translations excluded)
     96       h              0,y,-y              0,-y+1/4,y+1/4      1/4,y,y+1/4                             
                             1/4,-y+1/4,-y       y,-y,0              -y+1/4,y+1/4,0                          
                             y,y+1/4,1/4         -y+1/4,-y,1/4       -y,0,y                                  
                             y+1/4,0,-y+1/4      y+1/4,1/4,y         -y,1/4,-y+1/4                           
                             y,0,-y              -y+1/4,0,y+1/4      y,1/4,y+1/4                             
                             -y+1/4,1/4,-y       -y,y,0              y+1/4,-y+1/4,0                          
                             y+1/4,y,1/4         -y,-y+1/4,1/4       0,-y,y                                  
                             0,y+1/4,-y+1/4      1/4,y+1/4,y         1/4,-y,-y+1/4                           
 
     96       g              x,x,z               x,-x+1/4,-z+1/4     -x+1/4,x,-z+1/4                         
                             -x+1/4,-x+1/4,z     x,z,x               -x+1/4,-z+1/4,x                         
                             x,-z+1/4,-x+1/4     -x+1/4,z,-x+1/4     z,x,x                                   
                             -z+1/4,x,-x+1/4     -z+1/4,-x+1/4,x     z,-x+1/4,-x+1/4                         
                             -x,-x,-z            -x,x+3/4,z+3/4      x+3/4,-x,z+3/4                          
                             x+3/4,x+3/4,-z      -x,-z,-x            x+3/4,z+3/4,-x                          
                             -x,z+3/4,x+3/4      x+3/4,-z,x+3/4      -z,-x,-x                                
                             z+3/4,-x,x+3/4      z+3/4,x+3/4,-x      -z,x+3/4,x+3/4                          
 
     48       f              x,1/8,1/8           -x+1/4,1/8,1/8      1/8,1/8,x                               
                             1/8,1/8,-x+1/4      1/8,x,1/8           1/8,-x+1/4,1/8                          
                             -x,7/8,7/8          x+3/4,7/8,7/8       7/8,7/8,-x                              
                             7/8,7/8,x+3/4       7/8,-x,7/8          7/8,x+3/4,7/8                           
 
     32       e              x,x,x               x,-x+1/4,-x+1/4     -x+1/4,x,-x+1/4                         
                             -x+1/4,-x+1/4,x     -x,-x,-x            -x,x+3/4,x+3/4                          
                             x+3/4,-x,x+3/4      x+3/4,x+3/4,-x                                              
 
     16       d              1/2,1/2,1/2         1/2,3/4,3/4         3/4,1/2,3/4                             
                             3/4,3/4,1/2                                                                     
 
     16       c              0,0,0               0,1/4,1/4           1/4,0,1/4                               
                             1/4,1/4,0                                                                       
 
      8       b              3/8,3/8,3/8         5/8,5/8,5/8                                                 
 
      8       a              1/8,1/8,1/8         7/8,7/8,7/8                                                 
 

 => Initial parameters ==>
 Atom    Ntyp                  X         Y         Z         B         occ.         in  fin  Spc  Mult
                             B11       B22       B33       B12       B13       B23
 Si     SI                 0.12500   0.12500   0.12500   0.52451   1.00000           0    0    0    8
                 Codes:    0.00000   0.00000   0.00000 111.00000   0.00000

 => IT IS ASSUMED THAT THE FIRST GIVEN SITE IS FULLY OCCUPIED 
    OR THE FIRST AND SECOND ATOMS ARE IN THE SAME SITE WITH TOTAL FULL OCCUPATION
  (if this is not the case, change the order of atoms to obtain correct values for the content of the unit cell)
    The given occupation factors have been obtained mutiplying m/M by  24.0000
      -> Atom: SI  ,  Chemical element: SI  Atomic Mass:    28.0860
 => The given value of ATZ is     129420.29 the program has calculated:      129420.29
    The value of ATZ given in the input PCR file will be used for quantitative analysis
 => The chemical content of the unit cell is: 
       8.0000 SI     
 => The normalized site occupation numbers in % are: 
     100.0000 Si       
 => The density (volumic mass) of the compound is:    2.329 g/cm3

 =>-------> PROFILE PARAMETERS FOR PATTERN:  1

 => Overall scale factor:   0.675115    
 => T.O.F. Extinction parameter:   0.0000
 => Overall temperature factor:      0.00000
 => T.O.F. Gaussian variances Sig-2, Sig-1, Sig-0, Sig-Q:      0.00000    33.04180     3.55410     0.00000
 => T.O.F. Isotropic Gaussian strain parameter (G-strain):       0.0000
 => T.O.F. Iso-Gaussian and Aniso-Lor (platelets/needles) Size parameters (G-Size,Ani-LorSiz)  :      0.00000     0.00000
 => T.O.F. Lorentzian FWHM Gam-2, Gam-1, Gam-0:      0.00000     2.54320     0.00000
 => T.O.F. Isotropic Lorentzian strain and size parameters (LStr,LSiz):      0.00000     0.00000
 => Direct cell parameters:    5.4313   5.4313   5.4313  90.0000  90.0000  90.0000
 => Preferred orientation parameters:   0.0000  0.0000
 => T.O.F. Peak shape parameter alpha0,beta0,alpha1,beta1/kappa,alpha-q,beta-Q:      0.00000     0.04221     0.59710     0.00946     0.00000     0.00000
 => Model-dependent Strain parameters s2,s1,s0:      0.00000     0.00000     0.00000


 ==> CODEWORDS FOR PROFILE PARAMETERS of PATTERN#  1

 => Codeword -Overall scale factor:   11.0000    
 => Codeword  - T.O.F. Extinction parameter:   0.0000
 => Codeword  - Overall temperature factor:      0.00000
 => Codewords - T.O.F. Gaussian variances Sig-2, Sig-1, Sig-0, Sig-Q:      0.00000    91.00000   131.00000     0.00000
 => Codewords - T.O.F. Isotropic Gaussian strain parameter (G-strain):       0.0000
 => Codewords - T.O.F. Iso-Gaussian and Aniso-Lor (platelets/needles) Size parameters (G-Size,Ani-LorSize)  :      0.00000     0.00000
 => Codewords - T.O.F. Lorentzian FWHM Gam-2, Gam-1, Gam-0:      0.00000   101.00000     0.00000
 => Codewords - T.O.F. Isotropic Lorentzian strain and size parameters (LStr,LSiz):      0.00000     0.00000
 => Codewords - Direct cell parameters:   51.0000  51.0000  51.0000   0.0000   0.0000   0.0000
 => Codewords - Preferred orientation parameters:   0.0000  0.0000
 => Codewords - T.O.F. Peak shape parameter alpha0,beta0,alpha1,beta1/kappa,alpha-q,beta-Q:      0.00000     0.00000     0.00000     0.00000     0.00000     0.00000
=> Codewords - Model-dependent Strain parameters s2,s1,s0:      0.00000     0.00000     0.00000


 => Cell constraints according to Laue symmetry: m-3m 

        Metric information:
        -------------------

 => Direct cell parameters:

         a =       5.4313      b =       5.4313      c =       5.4313
     alpha =       90.000   beta =       90.000  gamma =       90.000
                        Direct Cell Volume =     160.2218

 => Reciprocal cell parameters:

         a*=     0.184117      b*=     0.184117      c*=     0.184117
     alpha*=       90.000   beta*=       90.000  gamma*=       90.000
                    Reciprocal Cell Volume =   0.00624135

 => Direct and Reciprocal Metric Tensors:

                   GD                                       GR
     29.4995      0.0000      0.0000          0.033899    0.000000    0.000000
      0.0000     29.4995      0.0000          0.000000    0.033899    0.000000
      0.0000      0.0000     29.4995          0.000000    0.000000    0.033899

 =>  Cartesian frame: x // a; z is along c*; y is within the ab-plane   

     Crystal_to_Orthonormal_Matrix              Orthonormal_to_Crystal Matrix
              Cr_Orth_cel                               Orth_Cr_cel  
      5.4313      0.0000      0.0000          0.184117   -0.000000   -0.000000
      0.0000      5.4313      0.0000          0.000000    0.184117   -0.000000
      0.0000      0.0000      5.4313          0.000000    0.000000    0.184117

     Busing-Levy B-matrix: Hc=B.H            Inverse of the Busing-Levy B-matrix
                BL_M                                      BL_Minv  
    0.184117    0.000000    0.000000            5.4313     -0.0000     -0.0000
    0.000000    0.184117   -0.000000            0.0000      5.4313      0.0000
    0.000000    0.000000    0.184117            0.0000      0.0000      5.4313

 => Laue symmetry m-3m  will be used to generate HKL for pattern#   1
 => Reflections generated between S(1/d)min:  0.2493 A-1 and S(1/d)max:  4.5979 A-1
 =>                                    dmax:  4.0117 A   and      dmin:  0.2175 A
 => The number of reflections generated is:    435
 => The max. scatt. variable (gen.ref.) is:     29995.0000
 => Scattering coefficients from internal table

 => Scattering lengths:

 SI     0.4149

     --------------------------------------------------------------
      SYMBOLIC NAMES AND INITIAL VALUES OF PARAMETERS TO BE VARIED:
     --------------------------------------------------------------

      ->  Parameter number    1   -> Symbolic Name:                                     Scale_ph1_pat1    0.67511457    
      ->  Parameter number    2   -> Symbolic Name:                                         Bck_0_pat1     152.73700    
      ->  Parameter number    3   -> Symbolic Name:                                         Bck_1_pat1     1.4310000    
      ->  Parameter number    4   -> Symbolic Name:                                         Bck_2_pat1     37.243000    
      ->  Parameter number    5   -> Symbolic Name:                                    Cell_A_ph1_pat1     5.4313421    
      ->  Parameter number    6   -> Symbolic Name:                                         Bck_3_pat1     12.115000    
      ->  Parameter number    7   -> Symbolic Name:                                         Bck_4_pat1     19.181999    
      ->  Parameter number    8   -> Symbolic Name:                                         Bck_5_pat1     3.3480000    
      ->  Parameter number    9   -> Symbolic Name:                                     Sig-1_ph1_pat1     33.041801    
      ->  Parameter number   10   -> Symbolic Name:                                     Gam-1_ph1_pat1     2.5432000    
      ->  Parameter number   11   -> Symbolic Name:                                        Biso_Si_ph1    0.52451003    
      ->  Parameter number   12   -> Symbolic Name:                                         Bck_6_pat1     8.7370005    
      ->  Parameter number   13   -> Symbolic Name:                                     Sig-0_ph1_pat1     3.5541000    
      ->  Parameter number   14   -> Symbolic Name:                                          Zero_pat1    -9.1876097    
  
 
 => No optimization for routine tasks
 ++++++++++++++++++++++++++++++++++++++++++++++++++++++++++++++++++++++++++++++++++++++++++++++++++++++++++++++++++++++++

 => CYCLE No.:    1
 ---------------------------------------------------------------------------------------
 => Phase  1 Name: Standard-Si                                                           
 ---------------------------------------------------------------------------------------
 => New parameters, shifts, and standard deviations

 Atom        x       dx      sx       y       dy      sy       z       dz      sz       B       dB      sB      occ.    docc.   socc.

 Si       0.12500 0.00000 0.00000  0.12500 0.00000 0.00000  0.12500 0.00000 0.00000  0.52449-0.00002 0.00504  1.00000 0.00000 0.00000

 ==> PROFILE PARAMETERS FOR PATTERN#  1

 => Overall scale factor       :      0.675098777    -0.000015820     0.002278208
 => T.O.F. Extinction parameter:     0.000000    0.000000    0.000000
 => Overall temperature  factor:     0.000000    0.000000    0.000000
 => T.O.F. Gaussian variances Sig-2, Sig-1, Sig-0: 
         0.000000    0.000000    0.000000
        33.041843    0.000042    0.836443
         3.554263    0.000163    0.464078

 => T.O.F. Gaussian variance Sig-Q:     0.000000    0.000000    0.000000
 => T.O.F. Isotropic Gaussian strain parameter (G-strain)::      0.00000     0.00000     0.00000
 => T.O.F. Isotropic Gaussian  Size  parameter (G-size)  ::      0.00000     0.00000     0.00000
 => T.O.F. Anisotropic Lorentzian  Size  parameter (Ani-LorSize)  ::      0.00000     0.00000     0.00000
 => T.O.F. Lorentzian FWHM Gam-2, Gam-1, Gam-0: 
         0.000000    0.000000    0.000000
         2.543094   -0.000106    0.093180
         0.000000    0.000000    0.000000

 => T.O.F. Isotropic Lorentzian strain and size parameters (LStr,LSiz): 
         0.000000    0.000000    0.000000
         0.000000    0.000000    0.000000

 => Model-dependent Strain parameters s2,s1,s0: 
         0.000000    0.000000    0.000000
         0.000000    0.000000    0.000000
         0.000000    0.000000    0.000000

 => Direct cell parameters: 
        5.431342    0.000000    0.000049
        5.431342    0.000000    0.000049
        5.431342    0.000000    0.000049
       90.000000    0.000000    0.000000
       90.000000    0.000000    0.000000
       90.000000    0.000000    0.000000

 => Preferred orientation parameters: 
         0.000000    0.000000    0.000000
         0.000000    0.000000    0.000000

 => T.O.F. Peak shape parameter a0,b0,a1,b1/kappa: 
        0.000000    0.000000    0.000000
        0.042210    0.000000    0.000000
        0.597100    0.000000    0.000000
        0.009460    0.000000    0.000000

 => Absorption parameters: 
       0.000000  0.000000  0.000000
       0.000000  0.000000  0.000000

 ==> GLOBAL PARAMETERS FOR PATTERN#  1


 => Zero-point:    -9.1877   -0.0001    0.0691
 =>  Cosine Fourier Background Parameters ==>
       152.74    -0.11682E-03 0.72766    
       1.4300    -0.10267E-02  1.2722    
       37.243     0.88336E-04  1.1148    
       12.115    -0.20184E-03  1.0251    
       19.181    -0.99885E-03 0.99952    
       3.3484     0.42959E-03 0.83150    
       8.7367    -0.29308E-03 0.57882    
       0.0000      0.0000      0.0000    
       0.0000      0.0000      0.0000    
       0.0000      0.0000      0.0000    
       0.0000      0.0000      0.0000    
       0.0000      0.0000      0.0000    
       0.0000      0.0000      0.0000    
       0.0000      0.0000      0.0000    
       0.0000      0.0000      0.0000    
       0.0000      0.0000      0.0000    
       0.0000      0.0000      0.0000    
       0.0000      0.0000      0.0000    

 => T.O.F.- dtt1       (    TOFo=dtt1*dsp     ):   7476.91      0.00      0.00
 => T.O.F.- dtt2       (TOF=TOFo+dtt2*dsp*dsp ):     -1.54      0.00      0.00
 => T.O.F.- dtt_1OverD (TOF=TOF+dtt_1overD/dsp):      0.00      0.00      0.00

 ==> RELIABILITY FACTORS WITH ALL NON-EXCLUDED POINTS FOR PATTERN:  1

 => R-Factors:   8.17      5.98     Chi2:  2.67     DW-Stat.:  1.1222   Patt#:  1
 => Expected :            3.66                                1.9221
 => Deviance : 0.278E+05     Dev*:   4.965    
 => GoF-index:  1.6         Sqrt(Residual/N)
 => N-P+C:  5586

 =>    SumYdif       SumYobs      SumYcal      SumwYobsSQ     Residual    Condition
     0.1206E+06    0.1477E+07    0.1455E+07    0.4176E+07    0.1491E+05    0.7059E+14


 => Conventional Rietveld Rp,Rwp,Re and Chi2:   18.5      11.6      7.12      2.669    
 => (Values obtained using Ynet, but true sigma(y))
 =>  SumYnet, Sum(w Ynet**2):     0.6519E+06    0.1101E+07


 ==> RELIABILITY FACTORS FOR POINTS WITH BRAGG CONTRIBUTIONS FOR PATTERN:  1

 => R-Factors:   4.14      5.14     Chi2:  5.18     DW-Stat.:  1.7451   Patt#:
 => Expected :            2.26                                1.8710
 => Deviance : 0.419E+04     Dev*:   2.262    
 => GoF-index:  2.3         Sqrt(Residual/N)
 => N-P+C:  1852

 =>    SumYdif       SumYobs      SumYcal      SumwYobsSQ     Residual    Condition
     0.3762E+05    0.9085E+06    0.9059E+06    0.3634E+07     9589.        0.7059E+14


 => Conventional Rietveld Rp,Rwp,Re and Chi2:   5.94      9.36      4.11      5.177    
 => (Values obtained using Ynet, but true sigma(y))
 =>  SumYnet, Sum(w Ynet**2):     0.6329E+06    0.1095E+07


 => Global user-weigthed Chi2 (Bragg contrib.):   5.18    

 => ---------> Pattern#  1
 => Phase:  1
 =>    Bragg R-factor:  2.04    
 =>    RF-factor     :  10.7    


   Standard deviations have to be multiplied by: 1.9644
   (correlated residuals) See references:
  -J.F.Berar & P.Lelann, J. Appl. Cryst. 24, 1-5 (1991) 
  -J.F.Berar, Acc. in Pow. Diff. II,NIST Sp.Pub. 846, 63(1992) 

 ++++++++++++++++++++++++++++++++++++++++++++++++++++++++++++++++++++++++++++++++++++++++++++++++++++++++++++++++++++++++

 => CYCLE No.:    1
 =>  Convergence reached at this CYCLE !!!!
 =>  Parameter shifts set to zero
 ---------------------------------------------------------------------------------------
 => Phase  1 Name: Standard-Si                                                           
 ---------------------------------------------------------------------------------------
 => New parameters, shifts, and standard deviations

 Atom        x       dx      sx       y       dy      sy       z       dz      sz       B       dB      sB      occ.    docc.   socc.

 Si       0.12500 0.00000 0.00000  0.12500 0.00000 0.00000  0.12500 0.00000 0.00000  0.52449 0.00000 0.00504  1.00000 0.00000 0.00000

 ==> PROFILE PARAMETERS FOR PATTERN#  1

 => Overall scale factor       :      0.675098777     0.000000000     0.002278208
 => T.O.F. Extinction parameter:     0.000000    0.000000    0.000000
 => Overall temperature  factor:     0.000000    0.000000    0.000000
 => T.O.F. Gaussian variances Sig-2, Sig-1, Sig-0: 
         0.000000    0.000000    0.000000
        33.041843    0.000000    0.836443
         3.554263    0.000000    0.464078

 => T.O.F. Gaussian variance Sig-Q:     0.000000    0.000000    0.000000
 => T.O.F. Isotropic Gaussian strain parameter (G-strain)::      0.00000     0.00000     0.00000
 => T.O.F. Isotropic Gaussian  Size  parameter (G-size)  ::      0.00000     0.00000     0.00000
 => T.O.F. Anisotropic Lorentzian  Size  parameter (Ani-LorSize)  ::      0.00000     0.00000     0.00000
 => T.O.F. Lorentzian FWHM Gam-2, Gam-1, Gam-0: 
         0.000000    0.000000    0.000000
         2.543094    0.000000    0.093180
         0.000000    0.000000    0.000000

 => T.O.F. Isotropic Lorentzian strain and size parameters (LStr,LSiz): 
         0.000000    0.000000    0.000000
         0.000000    0.000000    0.000000

 => Model-dependent Strain parameters s2,s1,s0: 
         0.000000    0.000000    0.000000
         0.000000    0.000000    0.000000
         0.000000    0.000000    0.000000

 => Direct cell parameters: 
        5.431342    0.000000    0.000049
        5.431342    0.000000    0.000049
        5.431342    0.000000    0.000049
       90.000000    0.000000    0.000000
       90.000000    0.000000    0.000000
       90.000000    0.000000    0.000000

 => Preferred orientation parameters: 
         0.000000    0.000000    0.000000
         0.000000    0.000000    0.000000

 => T.O.F. Peak shape parameter a0,b0,a1,b1/kappa: 
        0.000000    0.000000    0.000000
        0.042210    0.000000    0.000000
        0.597100    0.000000    0.000000
        0.009460    0.000000    0.000000

 => Absorption parameters: 
       0.000000  0.000000  0.000000
       0.000000  0.000000  0.000000

 ==> GLOBAL PARAMETERS FOR PATTERN#  1


 => Zero-point:    -9.1877    0.0000    0.0691
 =>  Cosine Fourier Background Parameters ==>
       152.74      0.0000     0.72766    
       1.4300      0.0000      1.2722    
       37.243      0.0000      1.1148    
       12.115      0.0000      1.0251    
       19.181      0.0000     0.99952    
       3.3484      0.0000     0.83150    
       8.7367      0.0000     0.57882    
       0.0000      0.0000      0.0000    
       0.0000      0.0000      0.0000    
       0.0000      0.0000      0.0000    
       0.0000      0.0000      0.0000    
       0.0000      0.0000      0.0000    
       0.0000      0.0000      0.0000    
       0.0000      0.0000      0.0000    
       0.0000      0.0000      0.0000    
       0.0000      0.0000      0.0000    
       0.0000      0.0000      0.0000    
       0.0000      0.0000      0.0000    

 => T.O.F.- dtt1       (    TOFo=dtt1*dsp     ):   7476.91      0.00      0.00
 => T.O.F.- dtt2       (TOF=TOFo+dtt2*dsp*dsp ):     -1.54      0.00      0.00
 => T.O.F.- dtt_1OverD (TOF=TOF+dtt_1overD/dsp):      0.00      0.00      0.00

 ==> RELIABILITY FACTORS WITH ALL NON-EXCLUDED POINTS FOR PATTERN:  1

 => R-Factors:   8.17      5.98     Chi2:  2.67     DW-Stat.:  1.1222   Patt#:  1
 => Expected :            3.66                                1.9221
 => Deviance : 0.278E+05     Dev*:   4.965    
 => GoF-index:  1.6         Sqrt(Residual/N)
 => N-P+C:  5586

 =>    SumYdif       SumYobs      SumYcal      SumwYobsSQ     Residual    Condition
     0.1206E+06    0.1477E+07    0.1455E+07    0.4176E+07    0.1491E+05    0.7059E+14


 => Conventional Rietveld Rp,Rwp,Re and Chi2:   18.5      11.6      7.12      2.669    
 => (Values obtained using Ynet, but true sigma(y))
 =>  SumYnet, Sum(w Ynet**2):     0.6519E+06    0.1101E+07

 => N-sigma of the GoF:       88.226

 ==> RELIABILITY FACTORS FOR POINTS WITH BRAGG CONTRIBUTIONS FOR PATTERN:  1

 => R-Factors:   4.14      5.14     Chi2:  5.18     DW-Stat.:  1.7451   Patt#:
 => Expected :            2.26                                1.8710
 => Deviance : 0.419E+04     Dev*:   2.262    
 => GoF-index:  2.3         Sqrt(Residual/N)
 => N-P+C:  1852

 =>    SumYdif       SumYobs      SumYcal      SumwYobsSQ     Residual    Condition
     0.3762E+05    0.9085E+06    0.9059E+06    0.3634E+07     9589.        0.7059E+14


 => Conventional Rietveld Rp,Rwp,Re and Chi2:   5.94      9.36      4.11      5.177    
 => (Values obtained using Ynet, but true sigma(y))
 =>  SumYnet, Sum(w Ynet**2):     0.6329E+06    0.1095E+07

 => N-sigma of the GoF:      127.120

 => Global user-weigthed Chi2 (Bragg contrib.):   8.05    

 => ---------> Pattern#  1
 => Phase:  1
 =>    Bragg R-factor:  2.04    
 =>    RF-factor     :  10.7    

 --------------------------------------------------------------------------------------------------------------
 Pattern#  1 Phase No.:   1 Phase name: Standard-Si                   
 --------------------------------------------------------------------------------------------------------------

   No.  Code     H   K   L  Mult     Hw     2theta/TOF      Icalc       Iobs      Sigma    HwG     HwL     ETA     d-hkl  TOF_alpha  TOF_beta     CORR

      1   1     14  14   4    24     6.107    2010.478       12.6        0.0      9.577   5.741   0.684   0.147  0.268892  2.220598  1.851811  1.000000
      2   1     20   2   2    24     6.107    2010.478       12.6        0.0      9.577   5.741   0.684   0.147  0.268892  2.220598  1.851811  1.000000
      3   1     14  12   8    48     6.121    2020.406        0.0        0.0      0.000   5.752   0.687   0.148  0.270219  2.209686  1.816502  1.000000
      4   1     16  12   2    48     6.121    2020.406        0.0        0.0      0.000   5.752   0.687   0.148  0.270219  2.209686  1.816502  1.000000
      5   1     18   8   4    48     6.121    2020.406        0.0        0.0      0.000   5.752   0.687   0.148  0.270219  2.209686  1.816502  1.000000
      6   1     15  13   3    48     6.124    2022.911       14.4        0.0     19.479   5.755   0.688   0.148  0.270554  2.206950  1.807730  1.000000
      7   1     16  12   0    24     6.134    2030.483       15.1        0.0     15.972   5.764   0.691   0.148  0.271567  2.198720  1.781542  1.000000
      8   1     20   0   0     6     6.134    2030.483        3.8        0.0      3.993   5.764   0.691   0.148  0.271567  2.198720  1.781542  1.000000
      9   1     14  10  10    24     6.148    2040.712        0.0        0.0      0.000   5.776   0.694   0.148  0.272935  2.187699  1.746929  1.000000
     10   1     14  14   2    24     6.148    2040.712        0.0        0.0      0.000   5.776   0.694   0.148  0.272935  2.187699  1.746929  1.000000
     11   1     18   6   6    24     6.148    2040.712        0.0        0.0      0.000   5.776   0.694   0.148  0.272935  2.187699  1.746929  1.000000
     12   1     15  11   7    48     6.151    2043.294       16.3        0.0      5.498   5.779   0.695   0.148  0.273281  2.184935  1.738330  1.000000
     13   1     15  13   1    48     6.151    2043.294       16.3        0.0      5.498   5.779   0.695   0.148  0.273280  2.184935  1.738331  1.000000
     14   1     19   5   3    48     6.151    2043.294       16.3        0.0      5.498   5.779   0.695   0.148  0.273281  2.184935  1.738330  1.000000
     15   1     17   9   5    48     6.151    2043.294       16.3        0.0      5.498   5.779   0.695   0.148  0.273281  2.184935  1.738330  1.000000
     16   1     14  14   0    12     6.162    2051.097        8.4        4.7      2.440   5.788   0.698   0.149  0.274324  2.176622  1.712664  1.000000
     17   1     16  10   6    48     6.162    2051.097       33.6       18.9      9.759   5.788   0.698   0.149  0.274324  2.176622  1.712664  1.000000
     18   1     18   8   2    48     6.162    2051.097       33.6       18.9      9.759   5.788   0.698   0.149  0.274324  2.176622  1.712664  1.000000
     19   1     12  12  10    24     6.176    2061.643        0.0        0.0      0.000   5.800   0.701   0.149  0.275735  2.165488  1.678747  1.000000
     20   1     15   9   9    24     6.179    2064.305        9.2        4.0      4.411   5.803   0.702   0.149  0.276091  2.162696  1.670323  1.000000
     21   1     17   7   7    24     6.179    2064.305        9.2        4.0      4.411   5.803   0.702   0.149  0.276091  2.162696  1.670322  1.000000
     22   1     19   5   1    48     6.179    2064.305       18.3        8.0      8.822   5.803   0.702   0.149  0.276091  2.162696  1.670323  1.000000
     23   1     13  13   7    24     6.179    2064.305        9.2        4.0      4.411   5.803   0.702   0.149  0.276091  2.162696  1.670322  1.000000
     24   1     16   8   8    24     6.190    2072.353       18.8       29.4     17.991   5.812   0.705   0.150  0.277167  2.154297  1.645178  1.000000
     25   1     17   9   3    48     6.209    2085.978       20.2        7.9     12.556   5.828   0.710   0.150  0.278989  2.140225  1.603706  1.000000
     26   1     19   3   3    24     6.209    2085.978       10.1        4.0      6.278   5.828   0.710   0.150  0.278989  2.140225  1.603706  1.000000
     27   1     14  12   6    48     6.220    2094.283       42.8       39.4     12.162   5.838   0.712   0.150  0.280100  2.131738  1.579083  1.000000
     28   1     18   6   4    48     6.220    2094.283       42.8       39.4     12.162   5.838   0.712   0.150  0.280100  2.131738  1.579083  1.000000
     29   1     16  10   4    48     6.235    2105.513        0.0        0.0      0.000   5.851   0.716   0.151  0.281602  2.120369  1.546558  1.000000
     30   1     13  11   9    48     6.239    2108.348       22.9       42.3      7.362   5.855   0.717   0.151  0.281981  2.117517  1.538481  1.000000
     31   1     15  11   5    48     6.239    2108.348       22.9       42.3      7.362   5.855   0.717   0.151  0.281981  2.117517  1.538481  1.000000
     32   1     17   9   1    48     6.239    2108.348       22.9       42.3      7.362   5.855   0.717   0.151  0.281981  2.117517  1.538481  1.000000
     33   1     19   3   1    48     6.239    2108.348       22.9       42.3      7.362   5.855   0.717   0.151  0.281981  2.117517  1.538481  1.000000
     34   1     18   6   2    48     6.267    2128.524        0.0        0.0      0.000   5.879   0.724   0.152  0.284680  2.097445  1.482551  1.000000
     35   1     11  11  11     8     6.271    2131.454        4.2        5.0      1.779   5.882   0.725   0.152  0.285072  2.094562  1.474647  1.000000
     36   1     13  13   5    24     6.271    2131.454       12.7       15.0      5.338   5.882   0.725   0.152  0.285072  2.094562  1.474647  1.000000
     37   1     17   7   5    48     6.271    2131.454       25.3       30.0     10.676   5.882   0.725   0.152  0.285072  2.094562  1.474647  1.000000
     38   1     19   1   1    24     6.271    2131.454       12.7       15.0      5.338   5.882   0.725   0.152  0.285072  2.094562  1.474648  1.000000
     39   1     14  10   8    48     6.283    2140.317       53.4       84.7     10.117   5.893   0.728   0.152  0.286257  2.085889  1.451069  1.000000
     40   1     16  10   2    48     6.283    2140.317       53.4       84.7     10.117   5.893   0.728   0.152  0.286257  2.085889  1.451069  1.000000
     41   1     18   6   0    24     6.283    2140.317       26.7       42.4      5.058   5.893   0.728   0.152  0.286257  2.085889  1.451069  1.000000
     42   1     14  12   4    48     6.299    2152.308        0.0        0.0      0.000   5.907   0.732   0.152  0.287861  2.074268  1.419935  1.000000
     43   1     16   8   6    48     6.299    2152.308        0.0        0.0      0.000   5.907   0.732   0.152  0.287861  2.074268  1.419935  1.000000
     44   1     18   4   4    24     6.299    2152.308        0.0        0.0      0.000   5.907   0.732   0.152  0.287861  2.074268  1.419935  1.000000
     45   1     15   9   7    48     6.304    2155.337       28.7       58.4     11.933   5.910   0.733   0.153  0.288266  2.071353  1.412205  1.000000
     46   1     15  11   3    48     6.304    2155.337       28.7       58.4     11.933   5.910   0.733   0.153  0.288266  2.071353  1.412205  1.000000
     47   1     12  12   8    24     6.316    2164.502       30.1       69.0     21.072   5.921   0.736   0.153  0.289492  2.062582  1.389148  1.000000
     48   1     13  13   3    24     6.338    2180.041       16.2       18.2      4.693   5.940   0.742   0.153  0.291570  2.047881  1.351155  1.000000
     49   1     15  11   1    48     6.338    2180.041       32.3       36.4      9.385   5.940   0.742   0.153  0.291570  2.047881  1.351155  1.000000
     50   1     17   7   3    48     6.338    2180.041       32.3       36.4      9.385   5.940   0.742   0.153  0.291570  2.047881  1.351155  1.000000
     51   1     14  12   2    48     6.351    2189.526       67.7       82.1     10.336   5.951   0.745   0.154  0.292838  2.039009  1.328620  1.000000
     52   1     18   4   2    48     6.351    2189.526       67.7       82.1     10.336   5.951   0.745   0.154  0.292838  2.039009  1.328620  1.000000
     53   1     12  10  10    24     6.351    2189.526       33.9       41.0      5.168   5.951   0.745   0.154  0.292838  2.039009  1.328620  1.000000
     54   1     13  11   7    48     6.373    2205.614       36.2       44.9      8.482   5.971   0.750   0.154  0.294990  2.024136  1.291496  1.000000
     55   1     17   5   5    24     6.373    2205.614       18.1       22.5      4.241   5.971   0.750   0.154  0.294990  2.024136  1.291496  1.000000
     56   1     17   7   1    48     6.373    2205.614       36.2       44.9      8.482   5.971   0.750   0.154  0.294990  2.024136  1.291496  1.000000
     57   1     13  13   1    24     6.373    2205.614       18.1       22.5      4.241   5.971   0.750   0.154  0.294990  2.024136  1.291496  1.000000
     58   1     16   8   4    48     6.387    2215.438       75.7       86.9     23.968   5.983   0.754   0.155  0.296304  2.015160  1.269482  1.000000
     59   1     14  10   6    48     6.406    2228.745        0.0        0.0      0.000   5.999   0.758   0.155  0.298084  2.003129  1.240436  1.000000
     60   1     18   2   2    24     6.406    2228.745        0.0        0.0      0.000   5.999   0.758   0.155  0.298084  2.003129  1.240436  1.000000

   No.  Code     H   K   L  Mult     Hw     2theta/TOF      Icalc       Iobs      Sigma    HwG     HwL     ETA     d-hkl  TOF_alpha  TOF_beta     CORR

     61   1     13   9   9    24     6.410    2232.109       20.3       15.1      7.912   6.003   0.759   0.155  0.298534  2.000110  1.233229  1.000000
     62   1     15   9   5    48     6.410    2232.109       40.6       30.2     15.825   6.003   0.759   0.155  0.298534  2.000110  1.233229  1.000000
     63   1     16   6   6    24     6.425    2242.293       42.5       18.3     13.022   6.016   0.763   0.156  0.299896  1.991026  1.211737  1.000000
     64   1     18   2   0    24     6.425    2242.293       42.5       18.3     13.022   6.016   0.763   0.156  0.299896  1.991025  1.211737  1.000000
     65   1     12  12   6    24     6.444    2256.092        0.0        0.0      0.000   6.032   0.767   0.156  0.301741  1.978848  1.183385  1.000000
     66   1     14   8   8    24     6.444    2256.092        0.0        0.0      0.000   6.032   0.767   0.156  0.301741  1.978848  1.183385  1.000000
     67   1     16   8   2    48     6.444    2256.092        0.0        0.0      0.000   6.032   0.767   0.156  0.301741  1.978848  1.183385  1.000000
     68   1     11  11   9    24     6.449    2259.582       23.1        0.0      6.694   6.037   0.769   0.156  0.302208  1.975792  1.176353  1.000000
     69   1     15   7   7    24     6.449    2259.582       23.1        0.0      6.694   6.037   0.769   0.156  0.302208  1.975792  1.176353  1.000000
     70   1     17   5   3    48     6.449    2259.582       46.2        0.0     13.387   6.037   0.769   0.156  0.302208  1.975792  1.176352  1.000000
     71   1     16   8   0    24     6.464    2270.149       48.2       14.8     22.860   6.050   0.772   0.157  0.303621  1.966595  1.155382  1.000000
     72   1     15   9   3    48     6.489    2288.095       52.0       31.9      9.032   6.072   0.778   0.157  0.306021  1.951170  1.120867  1.000000
     73   1     13  11   5    48     6.489    2288.095       52.0       31.9      9.032   6.072   0.778   0.157  0.306021  1.951170  1.120867  1.000000
     74   1     17   5   1    48     6.489    2288.095       52.0       31.9      9.032   6.072   0.778   0.157  0.306021  1.951170  1.120867  1.000000
     75   1     14  10   4    48     6.505    2299.069      109.3      125.1     25.952   6.085   0.782   0.158  0.307489  1.941857  1.100419  1.000000
     76   1     12  10   8    48     6.526    2313.950        0.0        0.0      0.000   6.104   0.787   0.158  0.309479  1.929369  1.073460  1.000000
     77   1     16   6   4    48     6.526    2313.950        0.0        0.0      0.000   6.104   0.787   0.158  0.309479  1.929369  1.073460  1.000000
     78   1     15   9   1    48     6.532    2317.716       58.7       65.7     17.047   6.109   0.788   0.158  0.309983  1.926234  1.066774  1.000000
     79   1     17   3   3    24     6.532    2317.716       29.3       32.8      8.523   6.109   0.788   0.158  0.309983  1.926234  1.066774  1.000000
     80   1     12  12   4    24     6.548    2329.124       61.8      111.9     24.252   6.123   0.792   0.158  0.311509  1.916800  1.046848  1.000000
     81   1     10  10  10     8     6.570    2344.600        0.0        0.0      0.000   6.142   0.797   0.159  0.313579  1.904147  1.020584  1.000000
     82   1     14  10   2    48     6.570    2344.600        0.0        0.0      0.000   6.142   0.797   0.159  0.313579  1.904147  1.020584  1.000000
     83   1     13   9   7    48     6.576    2348.517       66.7       89.1      7.299   6.147   0.799   0.159  0.314103  1.900971  1.014072  1.000000
     84   1     13  11   3    48     6.576    2348.517       66.7       89.1      7.299   6.147   0.799   0.159  0.314103  1.900971  1.014073  1.000000
     85   1     15   7   5    48     6.576    2348.517       66.7       89.1      7.299   6.147   0.799   0.159  0.314103  1.900971  1.014073  1.000000
     86   1     17   3   1    48     6.576    2348.517       66.7       89.1      7.299   6.147   0.799   0.159  0.314103  1.900971  1.014073  1.000000
     87   1     14   8   6    48     6.593    2360.388      139.2      243.6     12.326   6.162   0.803   0.159  0.315690  1.891410  0.994668  1.000000
     88   1     14  10   0    24     6.593    2360.388       69.6      121.8      6.163   6.162   0.803   0.159  0.315690  1.891410  0.994668  1.000000
     89   1     16   6   2    48     6.593    2360.388      139.2      243.6     12.326   6.162   0.803   0.159  0.315690  1.891410  0.994668  1.000000
     90   1     12  12   2    24     6.616    2376.501        0.0        0.0      0.000   6.182   0.808   0.160  0.317845  1.878587  0.969100  1.000000
     91   1     11  11   7    24     6.622    2380.580       37.6       76.1      7.068   6.187   0.810   0.160  0.318391  1.875368  0.962762  1.000000
     92   1     13  11   1    48     6.622    2380.580       75.2      152.3     14.136   6.187   0.810   0.160  0.318391  1.875368  0.962762  1.000000
     93   1     17   1   1    24     6.622    2380.580       37.6       76.1      7.068   6.187   0.810   0.160  0.318391  1.875368  0.962762  1.000000
     94   1     12  12   0    12     6.640    2392.947       39.5       77.6      9.594   6.203   0.814   0.160  0.320045  1.865676  0.943880  1.000000
     95   1     16   4   4    24     6.640    2392.947       79.0      155.2     19.188   6.203   0.814   0.160  0.320045  1.865676  0.943880  1.000000
     96   1     11   9   9    24     6.670    2413.994       42.9       67.5      9.585   6.230   0.821   0.161  0.322860  1.849410  0.912843  1.000000
     97   1     15   7   3    48     6.670    2413.994       85.8      135.0     19.171   6.230   0.821   0.161  0.322860  1.849410  0.912843  1.000000
     98   1     12  10   6    48     6.689    2426.891      178.8      324.0     29.844   6.246   0.825   0.162  0.324585  1.839581  0.894483  1.000000
     99   1     14   8   4    48     6.715    2444.414        0.0        0.0      0.000   6.268   0.831   0.162  0.326928  1.826394  0.870306  1.000000
    100   1     16   4   2    48     6.715    2444.414        0.0        0.0      0.000   6.268   0.831   0.162  0.326928  1.826394  0.870306  1.000000
    101   1     13   9   5    48     6.721    2448.855       97.5      128.5     12.548   6.274   0.833   0.162  0.327522  1.823082  0.864316  1.000000
    102   1     15   5   5    24     6.721    2448.854       48.8       64.3      6.274   6.274   0.833   0.162  0.327522  1.823082  0.864316  1.000000
    103   1     15   7   1    48     6.721    2448.854       97.5      128.5     12.548   6.274   0.833   0.162  0.327522  1.823082  0.864316  1.000000
    104   1     12   8   8    24     6.741    2462.322      101.9      175.4     15.506   6.291   0.838   0.163  0.329324  1.813111  0.846477  1.000000
    105   1     16   4   0    24     6.741    2462.322      101.9      175.4     15.506   6.291   0.838   0.163  0.329324  1.813111  0.846477  1.000000
    106   1     14   6   6    24     6.768    2480.630        0.0        0.0      0.000   6.315   0.844   0.163  0.331772  1.799730  0.822996  1.000000
    107   1     11  11   5    24     6.774    2485.271       55.4       87.7     13.756   6.321   0.845   0.163  0.332393  1.796369  0.817180  1.000000
    108   1     13   7   7    24     6.774    2485.271       55.4       87.7     13.756   6.321   0.845   0.163  0.332393  1.796369  0.817180  1.000000
    109   1     10  10   8    24     6.795    2499.352      116.7      155.1      9.016   6.339   0.850   0.164  0.334276  1.786248  0.799863  1.000000
    110   1     14   8   2    48     6.795    2499.352      233.4      310.1     18.032   6.339   0.850   0.164  0.334276  1.786248  0.799863  1.000000
    111   1     16   2   2    24     6.795    2499.352      116.7      155.1      9.016   6.339   0.850   0.164  0.334276  1.786248  0.799863  1.000000
    112   1     12  10   4    48     6.824    2518.504        0.0        0.0      0.000   6.364   0.857   0.164  0.336838  1.772665  0.777078  1.000000
    113   1     15   5   3    48     6.831    2523.361      126.6      182.7     16.515   6.370   0.858   0.164  0.337487  1.769253  0.771436  1.000000
    114   1     13   9   3    48     6.831    2523.361      126.6      182.7     16.515   6.370   0.858   0.164  0.337487  1.769252  0.771436  1.000000
    115   1     16   0   0     6     6.853    2538.104       33.2       77.9     22.444   6.389   0.863   0.165  0.339459  1.758976  0.754640  1.000000
    116   1     11   9   7    48     6.890    2563.259      144.7      162.5     10.465   6.422   0.872   0.165  0.342823  1.741714  0.727083  1.000000
    117   1     11  11   3    24     6.890    2563.259       72.3       81.3      5.232   6.422   0.872   0.165  0.342823  1.741714  0.727083  1.000000
    118   1     13   9   1    48     6.890    2563.259      144.7      162.5     10.464   6.422   0.872   0.165  0.342823  1.741714  0.727083  1.000000
    119   1     15   5   1    48     6.890    2563.259      144.7      162.5     10.464   6.422   0.872   0.165  0.342823  1.741714  0.727083  1.000000
    120   1     14   6   4    48     6.913    2578.716      304.6      417.6     18.985   6.442   0.877   0.166  0.344891  1.731274  0.710809  1.000000

   No.  Code     H   K   L  Mult     Hw     2theta/TOF      Icalc       Iobs      Sigma    HwG     HwL     ETA     d-hkl  TOF_alpha  TOF_beta     CORR

    121   1     12  10   2    48     6.913    2578.716      304.6      417.6     18.985   6.442   0.877   0.166  0.344891  1.731274  0.710809  1.000000
    122   1     12   8   6    48     6.945    2599.767        0.0        0.0      0.000   6.470   0.884   0.166  0.347706  1.717255  0.689415  1.000000
    123   1     11  11   1    24     6.953    2605.111       82.8       98.6      9.326   6.477   0.886   0.167  0.348421  1.713733  0.684121  1.000000
    124   1     15   3   3    24     6.953    2605.111       82.8       98.6      9.326   6.477   0.886   0.167  0.348421  1.713733  0.684121  1.000000
    125   1      9   9   9     8     6.953    2605.111       27.6       32.9      3.109   6.477   0.886   0.167  0.348421  1.713732  0.684121  1.000000
    126   1     13   7   5    48     6.953    2605.111      165.5      197.2     18.653   6.477   0.886   0.167  0.348421  1.713732  0.684121  1.000000
    127   1     10  10   6    24     7.011    2643.463        0.0        0.0      0.000   6.528   0.899   0.168  0.353550  1.688869  0.647672  1.000000
    128   1     14   6   2    48     7.011    2643.463        0.0        0.0      0.000   6.528   0.899   0.168  0.353550  1.688869  0.647672  1.000000
    129   1     15   3   1    48     7.019    2649.082      190.3       65.1     34.103   6.535   0.901   0.168  0.354302  1.685287  0.642551  1.000000
    130   1     14   6   0    24     7.045    2666.155      199.8      190.4     33.020   6.558   0.907   0.168  0.356585  1.674495  0.627321  1.000000
    131   1     10   8   8    24     7.080    2689.440        0.0        0.0      0.000   6.589   0.915   0.169  0.359699  1.659997  0.607319  1.000000
    132   1     14   4   4    24     7.080    2689.440        0.0        0.0      0.000   6.589   0.915   0.169  0.359699  1.659997  0.607319  1.000000
    133   1     11   9   5    48     7.089    2695.357      218.5      234.2     15.393   6.597   0.917   0.169  0.360491  1.656353  0.602373  1.000000
    134   1     13   7   3    48     7.089    2695.357      218.5      234.2     15.393   6.597   0.917   0.169  0.360491  1.656353  0.602373  1.000000
    135   1     15   1   1    24     7.089    2695.357      109.3      117.1      7.696   6.597   0.917   0.169  0.360491  1.656353  0.602373  1.000000
    136   1     12   8   4    48     7.117    2713.347      461.5      740.6     37.495   6.621   0.923   0.169  0.362897  1.645371  0.587664  1.000000
    137   1     11   7   7    24     7.164    2744.146      126.2      175.3      9.193   6.662   0.933   0.170  0.367016  1.626904  0.563586  1.000000
    138   1     13   5   5    24     7.164    2744.146      126.2      175.3      9.193   6.662   0.933   0.170  0.367016  1.626904  0.563586  1.000000
    139   1     13   7   1    48     7.164    2744.146      252.5      350.6     18.387   6.662   0.933   0.170  0.367016  1.626904  0.563586  1.000000
    140   1     10  10   4    24     7.193    2763.137      266.4      381.9     11.127   6.688   0.940   0.171  0.369556  1.615723  0.549399  1.000000
    141   1     12   6   6    24     7.193    2763.137      266.4      381.9     11.127   6.688   0.940   0.171  0.369556  1.615723  0.549399  1.000000
    142   1     14   4   2    48     7.193    2763.137      532.8      763.8     22.253   6.688   0.940   0.171  0.369556  1.615723  0.549399  1.000000
    143   1     12   8   2    48     7.233    2789.083        0.0        0.0      0.000   6.723   0.949   0.171  0.373026  1.600692  0.530788  1.000000
    144   1      9   9   7    24     7.243    2795.684      145.7      232.0     12.730   6.732   0.951   0.171  0.373909  1.596913  0.526190  1.000000
    145   1     11   9   3    48     7.243    2795.684      291.4      463.9     25.461   6.732   0.951   0.171  0.373909  1.596913  0.526190  1.000000
    146   1     12   8   0    24     7.274    2815.773      308.0      501.6     36.778   6.760   0.958   0.172  0.376596  1.585519  0.512525  1.000000
    147   1     10  10   2    24     7.317    2843.245        0.0        0.0      0.000   6.797   0.967   0.172  0.380270  1.570200  0.494610  1.000000
    148   1     14   2   2    24     7.317    2843.245        0.0        0.0      0.000   6.797   0.967   0.172  0.380270  1.570200  0.494610  1.000000
    149   1     11   9   1    48     7.328    2850.239      338.3      394.5     20.437   6.807   0.969   0.173  0.381205  1.566347  0.490186  1.000000
    150   1     13   5   3    48     7.328    2850.239      338.3      394.6     20.437   6.807   0.969   0.173  0.381205  1.566347  0.490186  1.000000
    151   1     10   8   6    48     7.361    2871.536      714.9      906.8     27.030   6.836   0.977   0.173  0.384054  1.554730  0.477043  1.000000
    152   1     10  10   0    12     7.361    2871.536      178.7      226.7      6.757   6.836   0.977   0.173  0.384054  1.554730  0.477043  1.000000
    153   1     14   2   0    24     7.361    2871.536      357.5      453.4     13.515   6.836   0.977   0.173  0.384054  1.554730  0.477043  1.000000
    154   1     12   6   4    48     7.406    2900.690        0.0        0.0      0.000   6.876   0.987   0.174  0.387953  1.539104  0.459824  1.000000
    155   1     11   7   5    48     7.418    2908.118      393.7      414.9     22.170   6.887   0.989   0.174  0.388946  1.535173  0.455573  1.000000
    156   1     13   5   1    48     7.418    2908.118      393.7      414.9     22.170   6.887   0.989   0.174  0.388946  1.535173  0.455573  1.000000
    157   1      8   8   8     8     7.454    2930.750      138.9      160.1     33.340   6.918   0.997   0.174  0.391973  1.523318  0.442952  1.000000
    158   1      9   9   5    24     7.515    2969.672      229.9       80.8     20.296   6.972   1.010   0.175  0.397179  1.503352  0.422352  1.000000
    159   1     13   3   3    24     7.515    2969.672      229.9       80.8     20.296   6.972   1.010   0.175  0.397179  1.503352  0.422352  1.000000
    160   1     12   6   2    48     7.553    2993.784      975.7      825.0     46.678   7.006   1.018   0.176  0.400404  1.491244  0.410253  1.000000
    161   1     10   8   4    48     7.606    3026.865        0.0        0.0      0.000   7.052   1.030   0.176  0.404828  1.474946  0.394425  1.000000
    162   1      9   7   7    24     7.619    3035.308      269.2      240.6     10.042   7.064   1.032   0.177  0.405958  1.470843  0.390522  1.000000
    163   1     11   7   3    48     7.619    3035.308      538.4      481.1     20.085   7.064   1.032   0.177  0.405958  1.470843  0.390522  1.000000
    164   1     13   3   1    48     7.619    3035.309      538.4      481.2     20.085   7.064   1.032   0.177  0.405958  1.470843  0.390522  1.000000
    165   1     12   4   4    24     7.660    3061.068      571.6      625.5     42.568   7.101   1.041   0.177  0.409403  1.458466  0.378945  1.000000
    166   1     10   6   6    24     7.717    3096.457        0.0        0.0      0.000   7.151   1.053   0.178  0.414136  1.441797  0.363812  1.000000
    167   1      9   9   3    24     7.731    3105.499      316.6      317.4     10.689   7.164   1.056   0.178  0.415345  1.437600  0.360084  1.000000
    168   1     11   5   5    24     7.731    3105.498      316.6      317.4     10.689   7.164   1.056   0.178  0.415345  1.437600  0.360084  1.000000
    169   1     11   7   1    48     7.731    3105.498      633.2      634.7     21.377   7.164   1.056   0.178  0.415345  1.437600  0.360084  1.000000
    170   1     13   1   1    24     7.731    3105.499      316.6      317.4     10.689   7.164   1.056   0.178  0.415345  1.437600  0.360084  1.000000
    171   1     10   8   2    48     7.776    3133.103     1348.5     1493.4     53.715   7.203   1.066   0.179  0.419037  1.424933  0.349028  1.000000
    172   1      8   8   6    24     7.837    3171.081        0.0        0.0      0.000   7.257   1.079   0.179  0.424117  1.407868  0.334592  1.000000
    173   1     12   4   2    48     7.837    3171.082        0.0        0.0      0.000   7.257   1.079   0.179  0.424117  1.407868  0.334592  1.000000
    174   1      9   9   1    24     7.853    3180.794      374.1      211.5     42.648   7.271   1.082   0.179  0.425416  1.403569  0.331037  1.000000
    175   1     12   4   0    24     7.901    3210.475      797.7      741.1     49.901   7.314   1.092   0.180  0.429385  1.390593  0.320503  1.000000
    176   1      9   7   5    48     7.984    3261.846      888.3      944.7     28.644   7.388   1.109   0.181  0.436256  1.368692  0.303381  1.000000
    177   1     11   5   3    48     7.984    3261.846      888.3      944.7     28.644   7.388   1.109   0.181  0.436256  1.368692  0.303381  1.000000
    178   1     10   6   4    48     8.037    3293.878     1899.3     2069.3     43.640   7.434   1.120   0.181  0.440540  1.355382  0.293370  1.000000
    179   1     12   2   2    24     8.037    3293.878      949.6     1034.7     21.820   7.434   1.120   0.181  0.440540  1.355382  0.293370  1.000000
    180   1      7   7   7     8     8.128    3349.428      176.9      171.8      7.779   7.515   1.139   0.182  0.447970  1.332903  0.277118  1.000000

   No.  Code     H   K   L  Mult     Hw     2theta/TOF      Icalc       Iobs      Sigma    HwG     HwL     ETA     d-hkl  TOF_alpha  TOF_beta     CORR

    181   1     11   5   1    48     8.128    3349.428     1061.3     1030.9     46.675   7.515   1.139   0.182  0.447970  1.332903  0.277118  1.000000
    182   1      8   8   4    24     8.185    3384.138     1135.8     1095.1     46.218   7.566   1.151   0.183  0.452612  1.319232  0.267627  1.000000
    183   1     12   0   0     6     8.185    3384.138      283.9      273.8     11.555   7.566   1.151   0.183  0.452612  1.319232  0.267627  1.000000
    184   1     10   6   2    48     8.264    3432.143        0.0        0.0      0.000   7.636   1.167   0.184  0.459032  1.300780  0.255278  1.000000
    185   1     11   3   3    24     8.285    3444.466      637.0      613.6     20.708   7.655   1.172   0.184  0.460680  1.296126  0.252245  1.000000
    186   1      9   7   3    48     8.285    3444.466     1274.1     1227.1     41.415   7.655   1.172   0.184  0.460680  1.296126  0.252245  1.000000
    187   1      8   6   6    24     8.348    3482.249     1366.5     1383.2     33.473   7.710   1.184   0.185  0.465734  1.282063  0.243277  1.000000
    188   1     10   6   0    24     8.348    3482.249     1366.5     1383.2     33.473   7.710   1.184   0.185  0.465734  1.282063  0.243277  1.000000
    189   1      8   8   2    24     8.435    3534.617        0.0        0.0      0.000   7.788   1.202   0.185  0.472738  1.263068  0.231623  1.000000
    190   1     10   4   4    24     8.435    3534.617        0.0        0.0      0.000   7.788   1.202   0.185  0.472738  1.263068  0.231623  1.000000
    191   1      9   5   5    24     8.457    3548.082      770.0      707.1     15.139   7.808   1.207   0.186  0.474539  1.258275  0.228764  1.000000
    192   1      9   7   1    48     8.457    3548.082     1540.0     1414.2     30.277   7.808   1.207   0.186  0.474539  1.258275  0.228764  1.000000
    193   1     11   3   1    48     8.457    3548.082     1540.0     1414.2     30.277   7.808   1.207   0.186  0.474539  1.258275  0.228764  1.000000
    194   1      8   8   0    12     8.527    3589.421      828.3      519.2     54.655   7.870   1.221   0.186  0.480067  1.243784  0.220318  1.000000
    195   1      7   7   5    24     8.648    3661.649      937.3      617.7     32.843   7.978   1.245   0.187  0.489728  1.219249  0.206675  1.000000
    196   1     11   1   1    24     8.648    3661.649      937.3      617.7     32.843   7.978   1.245   0.187  0.489728  1.219249  0.206675  1.000000
    197   1     10   4   2    48     8.725    3707.137     4045.3     3778.6     81.573   8.047   1.261   0.188  0.495811  1.204288  0.198750  1.000000
    198   1      8   6   4    48     8.833    3770.512        0.0        0.0      0.000   8.143   1.283   0.189  0.504287  1.184047  0.188488  1.000000
    199   1      9   5   3    48     8.861    3786.870     2302.6     1710.5     83.882   8.167   1.288   0.189  0.506475  1.178932  0.185977  1.000000
    200   1     10   2   2    24     9.067    3907.666        0.0        0.0      0.000   8.352   1.329   0.190  0.522631  1.142488  0.169007  1.000000
    201   1      6   6   6     8     9.067    3907.666        0.0        0.0      0.000   8.352   1.329   0.190  0.522631  1.142488  0.169007  1.000000
    202   1      7   7   3    24     9.099    3925.884     1428.1     1355.7     30.020   8.380   1.335   0.191  0.525068  1.137187  0.166670  1.000000
    203   1      9   5   1    48     9.099    3925.884     2856.1     2711.4     60.040   8.380   1.335   0.191  0.525068  1.137187  0.166670  1.000000
    204   1      8   6   2    48     9.195    3982.105     6209.0     6513.8     70.523   8.466   1.354   0.191  0.532587  1.121132  0.159789  1.000000
    205   1     10   2   0    24     9.195    3982.105     3104.5     3256.9     35.261   8.466   1.354   0.191  0.532587  1.121132  0.159789  1.000000
    206   1      7   5   5    24     9.367    4081.424     1790.9     1743.6     30.921   8.620   1.388   0.192  0.545870  1.093849  0.148755  1.000000
    207   1      7   7   1    24     9.367    4081.424     1790.9     1743.6     30.921   8.620   1.388   0.192  0.545870  1.093849  0.148755  1.000000
    208   1      9   3   3    24     9.367    4081.424     1790.9     1743.6     30.921   8.620   1.388   0.192  0.545870  1.093849  0.148755  1.000000
    209   1      8   4   4    24     9.477    4144.706     3912.3     3890.9     89.294   8.718   1.410   0.193  0.554334  1.077148  0.142396  1.000000
    210   1      9   3   1    48     9.674    4257.049     4551.5     4060.8     95.910   8.894   1.448   0.194  0.569359  1.048723  0.132231  1.000000
    211   1      6   6   4    24     9.800    4329.004     4998.2     4498.0     96.597   9.007   1.472   0.195  0.578983  1.031291  0.126394  1.000000
    212   1      8   4   2    48     9.980    4430.877        0.0        0.0      0.000   9.168   1.507   0.196  0.592608  1.007580  0.118915  1.000000
    213   1      7   5   3    48    10.027    4457.489     5871.9     5710.3     78.190   9.210   1.516   0.196  0.596167  1.001565  0.117099  1.000000
    214   1      9   1   1    24    10.027    4457.489     2935.9     2855.2     39.095   9.210   1.516   0.196  0.596167  1.001565  0.117099  1.000000
    215   1      8   4   0    24    10.174    4540.298     6492.1     6080.8    105.846   9.342   1.544   0.197  0.607243  0.983297  0.111783  1.000000
    216   1      6   6   2    24    10.384    4658.247        0.0        0.0      0.000   9.530   1.584   0.198  0.623018  0.958400  0.105000  1.000000
    217   1      5   5   5     8    10.439    4689.199     1287.3     1187.6     17.226   9.580   1.595   0.198  0.627157  0.952074  0.103358  1.000000
    218   1      7   5   1    48    10.439    4689.199     7724.1     7125.4    103.354   9.580   1.595   0.198  0.627157  0.952074  0.103358  1.000000
    219   1      6   6   0    12    10.612    4785.894     4302.4     4228.7     43.792   9.735   1.628   0.199  0.640090  0.932838  0.098564  1.000000
    220   1      8   2   2    24    10.612    4785.894     8604.8     8457.4     87.584   9.735   1.628   0.199  0.640090  0.932838  0.098564  1.000000
    221   1      6   4   4    24    10.862    4924.645        0.0        0.0      0.000   9.960   1.675   0.200  0.658647  0.906555  0.092477  1.000000
    222   1      7   3   3    24    10.928    4961.259     5193.8     4382.1    116.578  10.019   1.688   0.200  0.663544  0.899865  0.091009  1.000000
    223   1      8   0   0     6    11.136    5076.207     2922.6     3064.5    104.222  10.206   1.727   0.201  0.678918  0.879488  0.086737  1.000000
    224   1      5   5   3    24    11.520    5286.927     7189.0     7388.2     55.155  10.551   1.798   0.202  0.707101  0.844434  0.080051  1.000000
    225   1      7   3   1    48    11.520    5286.927    14378.1    14776.4    110.310  10.551   1.798   0.202  0.707101  0.844434  0.080051  1.000000
    226   1      6   4   2    48    11.776    5426.693    32768.5    33819.9    177.693  10.781   1.846   0.203  0.725794  0.822686  0.076301  1.000000
    227   1      5   5   1    24    12.254    5686.489    10325.1    10675.2     84.390  11.211   1.934   0.204  0.760540  0.785100  0.070485  1.000000
    228   1      7   1   1    24    12.254    5686.489    10325.0    10675.2     84.390  11.211   1.934   0.204  0.760540  0.785100  0.070485  1.000000
    229   1      4   4   4     8    12.578    5861.500     7977.3     7856.7    125.771  11.503   1.994   0.205  0.783947  0.761659  0.067256  1.000000
    230   1      6   2   2    24    13.062    6122.137        0.0        0.0      0.000  11.939   2.082   0.206  0.818806  0.729233  0.063256  1.000000
    231   1      5   3   3    24    13.194    6192.915    15591.5    16322.2    160.593  12.058   2.106   0.206  0.828272  0.720899  0.062310  1.000000
    232   1      6   2   0    24    13.621    6420.951    36997.3    39043.6    195.636  12.443   2.184   0.207  0.858771  0.695296  0.059603  1.000000
    233   1      4   4   2    24    14.274    6768.276        0.0        0.0      0.000  13.033   2.302   0.208  0.905224  0.659616  0.056299  1.000000
    234   1      5   3   1    48    14.456    6864.285    50505.6    51532.2    222.352  13.196   2.335   0.209  0.918064  0.650390  0.055527  1.000000
    235   1      4   4   0    12    15.051    7178.841    31031.4    32978.3    199.500  13.734   2.442   0.210  0.960135  0.621892  0.053342  1.000000
    236   1      5   1   1    24    16.263    7815.333    45563.3    46006.3    188.799  14.829   2.658   0.211  1.045262  0.571244  0.050135  1.000000
    237   1      3   3   3     8    16.263    7815.333    15187.8    15335.4     62.933  14.829   2.658   0.211  1.045262  0.571244  0.050135  1.000000
    238   1      4   2   2    24    17.172    8289.412   118455.2   120208.7    337.460  15.650   2.820   0.212  1.108668  0.538574  0.048472  1.000000
    239   1      3   3   1    24    19.151    9316.494    98852.0    98619.6    352.817  17.441   3.169   0.213  1.246035  0.479200  0.046134  1.000000
    240   1      4   0   0     6    20.773   10152.414    71599.6    70694.7    348.525  18.908   3.453   0.214  1.357836  0.439744  0.044993  1.000000

   No.  Code     H   K   L  Mult     Hw     2theta/TOF      Icalc       Iobs      Sigma    HwG     HwL     ETA     d-hkl  TOF_alpha  TOF_beta     CORR

    241   1      2   2   2     8    23.836   11722.999        0.0        0.0      0.000  21.682   3.987   0.216  1.567894  0.380829  0.043775  1.000000
    242   1      3   1   1    24    24.856   12244.273   316807.9   311707.8    839.693  22.607   4.165   0.216  1.637611  0.364616  0.043525  1.000000
    243   1      2   2   0    12    29.007   14357.683   615334.8   601778.8   1568.492  26.369   4.884   0.217  1.920269  0.310946  0.042906  1.000000
    244   1      1   1   1     8    46.986   23445.998  1524861.5  1546089.6   7026.241  42.677   7.975   0.219  3.135787  0.190415  0.042308  1.000000

     -----------------------------------------------------
     BRAGG R-Factors and weight fractions for Pattern #  1
     -----------------------------------------------------

 => Phase:  1     Standard-Si
 => Bragg R-factor:   2.04       Vol:  160.222( 0.003)  Fract(%):  100.00( 0.48)
 => Rf-factor=  12.7             ATZ:      129420.289   Brindley:  1.0000

     -----------------------------------------------------------------
      SYMBOLIC NAMES AND FINAL VALUES AND SIGMA OF REFINED PARAMETERS:
     -----------------------------------------------------------------

      ->  Parameter number    1 :                                     Scale_ph1_pat1    0.67509878    ( +/-    0.22782083E-02 )
      ->  Parameter number    2 :                                         Bck_0_pat1     152.73688    ( +/-    0.72765821     )
      ->  Parameter number    3 :                                         Bck_1_pat1     1.4299734    ( +/-     1.2721635     )
      ->  Parameter number    4 :                                         Bck_2_pat1     37.243088    ( +/-     1.1148049     )
      ->  Parameter number    5 :                                    Cell_A_ph1_pat1     5.4313421    ( +/-    0.49224647E-04 )
      ->  Parameter number    6 :                                         Bck_3_pat1     12.114798    ( +/-     1.0251051     )
      ->  Parameter number    7 :                                         Bck_4_pat1     19.181000    ( +/-    0.99951643     )
      ->  Parameter number    8 :                                         Bck_5_pat1     3.3484297    ( +/-    0.83149868     )
      ->  Parameter number    9 :                                     Sig-1_ph1_pat1     33.041843    ( +/-    0.83644277     )
      ->  Parameter number   10 :                                     Gam-1_ph1_pat1     2.5430942    ( +/-    0.93179800E-01 )
      ->  Parameter number   11 :                                        Biso_Si_ph1    0.52449036    ( +/-    0.50356253E-02 )
      ->  Parameter number   12 :                                         Bck_6_pat1     8.7367077    ( +/-    0.57882249     )
      ->  Parameter number   13 :                                     Sig-0_ph1_pat1     3.5542634    ( +/-    0.46407843     )
      ->  Parameter number   14 :                                          Zero_pat1    -9.1877327    ( +/-    0.69082811E-01 )

 ------------------------------------------------------------------
 => Number of bytes for floating point variables: 4
 => Dimensions of dynamic allocated arrays in this run of FullProf:
 ------------------------------------------------------------------

 => Total approximate array memory (dynamic + static): 127459053 bytes

    MaxPOINT=    80000 Max.num. of points(+int. Inten.)/diffraction pattern       
    MaxREFLT=    25000 Max.num. of reflections/diffraction pattern               
    MaxPARAM=      500 Max.num. of refinable parameters                          
    MaxOVERL=     9000 Max.num. of overlapping reflections                       

 ----------------------------------------------------------
 => Number of bytes for floating point arrays: 4
 => Dimensions of fixed arrays in this release of FullProf:
 ----------------------------------------------------------

    NPATT   =       80 Max.num. of powder diffraction patterns                    
    NATS    =      830 Max.num. of atoms (all kind) in asymmetric unit            
    MPAR    =     1800 Max.num. of non atomic parameters/phase                    
    IEXCL   =       30 Max.num. of excluded regions                               
    IBACP   =      377 Max.num. of background points for interpolation            
    NPHT    =       16 Max.num. of phases                                         
    NMAGM   =        8 Max.num. of rotation-matrices sets for magnetic structure  
    NBASIS  =       12 Max.num. of basis functions associated to a single atom    
    NIREPS  =        9 Max.num. of irreducible representations to be combined     
    N_EQ    =      384 Max.num. of user-supplied symmetry operators/propagation vectors
    NGL     =      400 Max.num. of global parameters/diffraction pattern          
    N_LINC  =       50 Max.num. of global linear restraints                        
    NAT_P   =       80 Max.num. of atomic parameters per atom                     
    NCONST  =      500 Max.num. of slack constraints per phase                    
    N_SPE   =       30 Max.num. of different chemical species                     
    N_FORM  =       60 Max.num. of scattering factor values in a table            
    NPR     =      150 Max.num. of points defining a numerical profile            
    INPR    =       25 Max.num. of different numerical peak shapes                
    NPRC    =      150 Max.num. of terms in the table for correcting intensities  
    NSOL    =       10 Max.num. of solutions to be stored in Montecarlo searchs   

 
              CPU Time:     7.414 seconds
                            0.124 minutes

 => Run finished at:     Date: 06/06/2026  Time: 23:10:55.046                              
