

        **********************************************************
        ** PROGRAM FullProf.2k (Version 8.40 - Feb2026-ILL JRC) **
        **********************************************************
                       M U L T I -- P A T T E R N                 
            Rietveld, Profile Matching & Integrated Intensity     
                 Refinement of X-ray and/or Neutron Data


    Date: 01/07/2026  Time: 21:31:56.241                              

 => PCR file code: tbti
 => DAT file code: tbti                 -> Relative contribution: 1.0000                                                            

 ==> CONDITIONS OF THIS RUN FOR PATTERN No.:  1

 => Refinement/Calculation of Neutron integrated intensity(Laue or monochromatic) data or Flipping Ratios                           

 ==> INPUT/OUTPUT OPTIONS:

 => Generate new input file *.PCR

 => Number of cycles:    1
 => Relaxation factors ==>    for coordinates:  0.05
 => for anisotropic temperature factors:  0.05
 => EPS-value for convergence:    0.2
 => Number of Least-Squares parameters varied:     0
 --------------------------------------------------------------------------------
 => Phase  No. 1
      Tb2Ti2O7                                                              
 --------------------------------------------------------------------------------
 =>-------> Pattern#  1
 => Integrated intensities or Flipping Ratios as observations for phase: 1
 => Crystal Structure Refinement

 =>-------> Data for PHASE: 1
 => Number of atoms:    4
 => Number of distance  constraints:    0
 => Number of angle     constraints:    0

 => Symmetry information on space group: F d -3 m            
 -> The multiplicity of the general position is: 192
 -> The space group is Centric (-1 at origin)   
 -> Lattice type  F: { 000;  0  1/2 1/2; 1/2  0  1/2; 1/2 1/2  0 }+
 -> Reduced set of symmetry operators:

  No.  IT   Symmetry symbol    Rotation part     Associated Translation
   1: ( 1)   1            -->     ( x, y, z) + {  0.0000  0.0000  0.0000}
   2: ( 4)   2 ( x, 0, 0) -->     ( x,-y,-z) + {  0.0000  0.2500  0.2500}
   3: ( 3)   2 ( 0, y, 0) -->     (-x, y,-z) + {  0.2500  0.0000  0.2500}
   4: ( 2)   2 ( 0, 0, z) -->     (-x,-y, z) + {  0.2500  0.2500  0.0000}
   5: ( 9)  3- ( x, x, x) -->     ( y, z, x) + {  0.0000  0.0000  0.0000}
   6: (12)  3- (-x, x,-x) -->     (-y,-z, x) + {  0.2500  0.2500  0.0000}
   7: (11)  3- (-x,-x, x) -->     ( y,-z,-x) + {  0.0000  0.2500  0.2500}
   8: (10)  3- ( x,-x,-x) -->     (-y, z,-x) + {  0.2500  0.0000  0.2500}
   9: ( 5)  3+ ( x, x, x) -->     ( z, x, y) + {  0.0000  0.0000  0.0000}
  10: ( 8)  3+ (-x,-x, x) -->     (-z, x,-y) + {  0.2500  0.0000  0.2500}
  11: ( 7)  3+ ( x,-x,-x) -->     (-z,-x, y) + {  0.2500  0.2500  0.0000}
  12: ( 6)  3+ (-x, x,-x) -->     ( z,-x,-y) + {  0.0000  0.2500  0.2500}
  13: (14)   2 ( x,-x, 0) -->     (-y,-x,-z) + {  0.0000  0.0000  0.0000}
  14: (15)  4- ( 0, 0, z) -->     ( y,-x, z) + {  0.7500  0.0000  0.7500}
  15: (16)  4+ ( 0, 0, z) -->     (-y, x, z) + {  0.0000  0.7500  0.7500}
  16: (13)   2 ( x, x, 0) -->     ( y, x,-z) + {  0.7500  0.7500  0.0000}
  17: (24)   2 (-x, 0, x) -->     (-z,-y,-x) + {  0.0000  0.0000  0.0000}
  18: (21)  4+ ( 0, y, 0) -->     ( z, y,-x) + {  0.7500  0.7500  0.0000}
  19: (22)   2 ( x, 0, x) -->     ( z,-y, x) + {  0.7500  0.0000  0.7500}
  20: (23)  4- ( 0, y, 0) -->     (-z, y, x) + {  0.0000  0.7500  0.7500}
  21: (19)   2 ( 0, y,-y) -->     (-x,-z,-y) + {  0.0000  0.0000  0.0000}
  22: (18)   2 ( 0, y, y) -->     (-x, z, y) + {  0.0000  0.7500  0.7500}
  23: (17)  4- ( x, 0, 0) -->     ( x, z,-y) + {  0.7500  0.7500  0.0000}
  24: (20)  4+ ( x, 0, 0) -->     ( x,-z, y) + {  0.7500  0.0000  0.7500}


        Information on Space Group: 
        --------------------------- 

 =>   Number of Space group: 227
 =>  Hermann-Mauguin Symbol: F d -3 m
 =>             Hall Symbol: -F 4vw 2vw 3
 =>            Setting Type: IT (Generated from Hermann-Mauguin symbol)
 =>          Crystal System: Cubic
 =>              Laue Class: m-3m
 =>             Point Group: m-3m
 =>         Bravais Lattice: F
 =>          Lattice Symbol: cF
 =>  Reduced Number of S.O.:  24
 =>    General multiplicity: 192
 =>          Centrosymmetry: Centric (-1 at origin)
 =>  Generators (exc. -1&L):   3
 =>         Asymmetric unit: -0.125 <= x <=  0.375
                             -0.125 <= y <=  0.000
                             -0.250 <= z <=  0.000
 => Centring vectors:  3
 => Latt( 1): (1/2,1/2,0)                          => Latt( 2): (1/2,0,1/2)                         
 => Latt( 3): (0,1/2,1/2)                                                                           

 => List of all Symmetry Operators and Symmetry Symbols

 => SYMM(  1): x,y,z                             Symbol: 1
 => SYMM(  2): x,-y+1/4,-z+1/4                   Symbol: 2 x,1/8,1/8
 => SYMM(  3): -x+1/4,y,-z+1/4                   Symbol: 2 1/8,y,1/8
 => SYMM(  4): -x+1/4,-y+1/4,z                   Symbol: 2 1/8,1/8,z
 => SYMM(  5): y,z,x                             Symbol: 3- x,x,x
 => SYMM(  6): -y+1/4,-z+1/4,x                   Symbol: 3+ x,-x+1/4,x
 => SYMM(  7): y,-z+1/4,-x+1/4                   Symbol: 3+ x,x,-x+1/4
 => SYMM(  8): -y+1/4,z,-x+1/4                   Symbol: 3- x,-x+1/4,-x+1/4
 => SYMM(  9): z,x,y                             Symbol: 3+ x,x,x
 => SYMM( 10): -z+1/4,x,-y+1/4                   Symbol: 3- x,x,-x+1/4
 => SYMM( 11): -z+1/4,-x+1/4,y                   Symbol: 3+ x,-x+1/4,-x+1/4
 => SYMM( 12): z,-x+1/4,-y+1/4                   Symbol: 3- x,-x+1/4,x
 => SYMM( 13): y,x,z                             Symbol: m x,x,z
 => SYMM( 14): -y+1/4,x,-z+1/4                   Symbol: -4- 1/8,1/8,z; 1/8,1/8,1/8
 => SYMM( 15): y,-x+1/4,-z+1/4                   Symbol: -4+ 1/8,1/8,z; 1/8,1/8,1/8
 => SYMM( 16): -y+1/4,-x+1/4,z                   Symbol: m x,-x+1/4,z
 => SYMM( 17): z,y,x                             Symbol: m x,y,x
 => SYMM( 18): -z+1/4,-y+1/4,x                   Symbol: -4+ 1/8,y,1/8; 1/8,1/8,1/8
 => SYMM( 19): -z+1/4,y,-x+1/4                   Symbol: m x,y,-x+1/4
 => SYMM( 20): z,-y+1/4,-x+1/4                   Symbol: -4- 1/8,y,1/8; 1/8,1/8,1/8
 => SYMM( 21): x,z,y                             Symbol: m x,y,y
 => SYMM( 22): x,-z+1/4,-y+1/4                   Symbol: m x,y,-y+1/4
 => SYMM( 23): -x+1/4,-z+1/4,y                   Symbol: -4- x,1/8,1/8; 1/8,1/8,1/8
 => SYMM( 24): -x+1/4,z,-y+1/4                   Symbol: -4+ x,1/8,1/8; 1/8,1/8,1/8
 => SYMM( 25): -x,-y,-z                          Symbol: -1 0,0,0
 => SYMM( 26): -x,y+3/4,z+3/4                    Symbol: g (0,3/4,3/4) 0,y,z
 => SYMM( 27): x+3/4,-y,z+3/4                    Symbol: g (3/4,0,3/4) x,0,z
 => SYMM( 28): x+3/4,y+3/4,-z                    Symbol: g (3/4,3/4,0) x,y,0
 => SYMM( 29): -y,-z,-x                          Symbol: -3- x,x,x; 0,0,0
 => SYMM( 30): y+3/4,z+3/4,-x                    Symbol: -3+ x,-x+3/4,x-3/2; 3/4,0,-3/4
 => SYMM( 31): -y,z+3/4,x+3/4                    Symbol: -3+ x,x+3/2,-x-3/4; -3/4,3/4,0
 => SYMM( 32): y+3/4,-z,x+3/4                    Symbol: -3- x,-x-3/4,-x+3/4; 0,-3/4,3/4
 => SYMM( 33): -z,-x,-y                          Symbol: -3+ x,x,x; 0,0,0
 => SYMM( 34): z+3/4,-x,y+3/4                    Symbol: -3- x,x-3/2,-x+3/4; 3/4,-3/4,0
 => SYMM( 35): z+3/4,x+3/4,-y                    Symbol: -3+ x,-x+3/4,-x-3/4; 0,3/4,-3/4
 => SYMM( 36): -z,x+3/4,y+3/4                    Symbol: -3- x,-x-3/4,x+3/2; -3/4,0,3/4
 => SYMM( 37): -y,-x,-z                          Symbol: 2 x,-x,0
 => SYMM( 38): y+3/4,-x,z+3/4                    Symbol: 4- (0,0,3/4) 3/8,-3/8,z
 => SYMM( 39): -y,x+3/4,z+3/4                    Symbol: 4+ (0,0,3/4) -3/8,3/8,z
 => SYMM( 40): y+3/4,x+3/4,-z                    Symbol: 2 (3/4,3/4,0) x,x,0
 => SYMM( 41): -z,-y,-x                          Symbol: 2 x,0,-x
 => SYMM( 42): z+3/4,y+3/4,-x                    Symbol: 4+ (0,3/4,0) 3/8,y,-3/8
 => SYMM( 43): z+3/4,-y,x+3/4                    Symbol: 2 (3/4,0,3/4) x,0,x
 => SYMM( 44): -z,y+3/4,x+3/4                    Symbol: 4- (0,3/4,0) -3/8,y,3/8
 => SYMM( 45): -x,-z,-y                          Symbol: 2 0,y,-y
 => SYMM( 46): -x,z+3/4,y+3/4                    Symbol: 2 (0,3/4,3/4) 0,y,y
 => SYMM( 47): x+3/4,z+3/4,-y                    Symbol: 4- (3/4,0,0) x,3/8,-3/8
 => SYMM( 48): x+3/4,-z,y+3/4                    Symbol: 4+ (3/4,0,0) x,-3/8,3/8
 => SYMM( 49): x+1/2,y+1/2,z                     Symbol: t (1/2,1/2,0)
 => SYMM( 50): x+1/2,-y+3/4,-z+1/4               Symbol: 2 (1/2,0,0) x,3/8,1/8
 => SYMM( 51): -x+3/4,y+1/2,-z+1/4               Symbol: 2 (0,1/2,0) 3/8,y,1/8
 => SYMM( 52): -x+3/4,-y+3/4,z                   Symbol: 2 3/8,3/8,z
 => SYMM( 53): y+1/2,z+1/2,x                     Symbol: 3- (1/3,1/3,1/3) x,x-1/6,x-1/3
 => SYMM( 54): -y+3/4,-z+3/4,x                   Symbol: 3+ x,-x+3/4,x
 => SYMM( 55): y+1/2,-z+3/4,-x+1/4               Symbol: 3+ (1/3,1/3,-1/3) x,x-1/6,-x+7/12
 => SYMM( 56): -y+3/4,z+1/2,-x+1/4               Symbol: 3- x,-x+3/4,-x+1/4
 => SYMM( 57): z+1/2,x+1/2,y                     Symbol: 3+ (1/3,1/3,1/3) x,x+1/6,x-1/6
 => SYMM( 58): -z+3/4,x+1/2,-y+1/4               Symbol: 3- (1/3,1/3,-1/3) x,x+1/6,-x+5/12
 => SYMM( 59): -z+3/4,-x+3/4,y                   Symbol: 3+ x,-x+3/4,-x+3/4
 => SYMM( 60): z+1/2,-x+3/4,-y+1/4               Symbol: 3- x,-x+3/4,x-1/2
 => SYMM( 61): y+1/2,x+1/2,z                     Symbol: n (1/2,1/2,0) x,x,z
 => SYMM( 62): -y+3/4,x+1/2,-z+1/4               Symbol: -4- 1/8,5/8,z; 1/8,5/8,1/8
 => SYMM( 63): y+1/2,-x+3/4,-z+1/4               Symbol: -4+ 5/8,1/8,z; 5/8,1/8,1/8
 => SYMM( 64): -y+3/4,-x+3/4,z                   Symbol: m x,-x+3/4,z
 => SYMM( 65): z+1/2,y+1/2,x                     Symbol: g (1/4,1/2,1/4) x,y,x-1/4
 => SYMM( 66): -z+3/4,-y+3/4,x                   Symbol: -4+ 3/8,y,3/8; 3/8,3/8,3/8
 => SYMM( 67): -z+3/4,y+1/2,-x+1/4               Symbol: g (1/4,1/2,-1/4) x,y,-x+1/2
 => SYMM( 68): z+1/2,-y+3/4,-x+1/4               Symbol: -4- 3/8,y,-1/8; 3/8,3/8,-1/8
 => SYMM( 69): x+1/2,z+1/2,y                     Symbol: g (1/2,1/4,1/4) x,y,y-1/4
 => SYMM( 70): x+1/2,-z+3/4,-y+1/4               Symbol: g (1/2,1/4,-1/4) x,y,-y+1/2
 => SYMM( 71): -x+3/4,-z+3/4,y                   Symbol: -4- x,3/8,3/8; 3/8,3/8,3/8
 => SYMM( 72): -x+3/4,z+1/2,-y+1/4               Symbol: -4+ x,3/8,-1/8; 3/8,3/8,-1/8
 => SYMM( 73): -x+1/2,-y+1/2,-z                  Symbol: -1 1/4,1/4,0
 => SYMM( 74): -x+1/2,y+1/4,z+3/4                Symbol: d (0,1/4,3/4) 1/4,y,z
 => SYMM( 75): x+1/4,-y+1/2,z+3/4                Symbol: g (1/4,0,3/4) x,1/4,z
 => SYMM( 76): x+1/4,y+1/4,-z                    Symbol: d (1/4,1/4,0) x,y,0
 => SYMM( 77): -y+1/2,-z+1/2,-x                  Symbol: -3- x,x+1/2,x; 0,1/2,0
 => SYMM( 78): y+1/4,z+1/4,-x                    Symbol: -3+ x,-x+1/4,x-1/2; 1/4,0,-1/4
 => SYMM( 79): -y+1/2,z+1/4,x+3/4                Symbol: -3+ x,x+1,-x+1/4; -1/4,3/4,1/2
 => SYMM( 80): y+1/4,-z+1/2,x+3/4                Symbol: -3- x,-x-1/4,-x+3/4; 0,-1/4,3/4
 => SYMM( 81): -z+1/2,-x+1/2,-y                  Symbol: -3+ x,x-1/2,x-1/2; 1/2,0,0
 => SYMM( 82): z+1/4,-x+1/2,y+3/4                Symbol: -3- x,x-1,-x+5/4; 3/4,-1/4,1/2
 => SYMM( 83): z+1/4,x+1/4,-y                    Symbol: -3+ x,-x+1/4,-x-1/4; 0,1/4,-1/4
 => SYMM( 84): -z+1/2,x+1/4,y+3/4                Symbol: -3- x,-x-1/4,x+1; -1/4,0,3/4
 => SYMM( 85): -y+1/2,-x+1/2,-z                  Symbol: 2 x,-x+1/2,0
 => SYMM( 86): y+1/4,-x+1/2,z+3/4                Symbol: 4- (0,0,3/4) 3/8,1/8,z
 => SYMM( 87): -y+1/2,x+1/4,z+3/4                Symbol: 4+ (0,0,3/4) 1/8,3/8,z
 => SYMM( 88): y+1/4,x+1/4,-z                    Symbol: 2 (1/4,1/4,0) x,x,0
 => SYMM( 89): -z+1/2,-y+1/2,-x                  Symbol: 2 (1/4,0,-1/4) x,1/4,-x+1/4
 => SYMM( 90): z+1/4,y+1/4,-x                    Symbol: 4+ (0,1/4,0) 1/8,y,-1/8
 => SYMM( 91): z+1/4,-y+1/2,x+3/4                Symbol: 2 (1/2,0,1/2) x,1/4,x+1/4
 => SYMM( 92): -z+1/2,y+1/4,x+3/4                Symbol: 4- (0,1/4,0) -1/8,y,5/8
 => SYMM( 93): -x+1/2,-z+1/2,-y                  Symbol: 2 (0,1/4,-1/4) 1/4,y,-y+1/4
 => SYMM( 94): -x+1/2,z+1/4,y+3/4                Symbol: 2 (0,1/2,1/2) 1/4,y,y+1/4
 => SYMM( 95): x+1/4,z+1/4,-y                    Symbol: 4- (1/4,0,0) x,1/8,-1/8
 => SYMM( 96): x+1/4,-z+1/2,y+3/4                Symbol: 4+ (1/4,0,0) x,-1/8,5/8
 => SYMM( 97): x+1/2,y,z+1/2                     Symbol: t (1/2,0,1/2)
 => SYMM( 98): x+1/2,-y+1/4,-z+3/4               Symbol: 2 (1/2,0,0) x,1/8,3/8
 => SYMM( 99): -x+3/4,y,-z+3/4                   Symbol: 2 3/8,y,3/8
 => SYMM(100): -x+3/4,-y+1/4,z+1/2               Symbol: 2 (0,0,1/2) 3/8,1/8,z
 => SYMM(101): y+1/2,z,x+1/2                     Symbol: 3- (1/3,1/3,1/3) x,x-1/6,x+1/6
 => SYMM(102): -y+3/4,-z+1/4,x+1/2               Symbol: 3+ (1/3,-1/3,1/3) x,-x+5/12,x+1/6
 => SYMM(103): y+1/2,-z+1/4,-x+3/4               Symbol: 3+ x,x-1/2,-x+3/4
 => SYMM(104): -y+3/4,z,-x+3/4                   Symbol: 3- x,-x+3/4,-x+3/4
 => SYMM(105): z+1/2,x,y+1/2                     Symbol: 3+ (1/3,1/3,1/3) x,x-1/3,x-1/6
 => SYMM(106): -z+3/4,x,-y+3/4                   Symbol: 3- x,x,-x+3/4
 => SYMM(107): -z+3/4,-x+1/4,y+1/2               Symbol: 3+ x,-x+1/4,-x+3/4
 => SYMM(108): z+1/2,-x+1/4,-y+3/4               Symbol: 3- (1/3,-1/3,1/3) x,-x+7/12,x-1/6
 => SYMM(109): y+1/2,x,z+1/2                     Symbol: g (1/4,1/4,1/2) x,x-1/4,z
 => SYMM(110): -y+3/4,x,-z+3/4                   Symbol: -4- 3/8,3/8,z; 3/8,3/8,3/8
 => SYMM(111): y+1/2,-x+1/4,-z+3/4               Symbol: -4+ 3/8,-1/8,z; 3/8,-1/8,3/8
 => SYMM(112): -y+3/4,-x+1/4,z+1/2               Symbol: g (1/4,-1/4,1/2) x,-x+1/2,z
 => SYMM(113): z+1/2,y,x+1/2                     Symbol: n (1/2,0,1/2) x,y,x
 => SYMM(114): -z+3/4,-y+1/4,x+1/2               Symbol: -4+ 1/8,y,5/8; 1/8,1/8,5/8
 => SYMM(115): -z+3/4,y,-x+3/4                   Symbol: m x,y,-x+3/4
 => SYMM(116): z+1/2,-y+1/4,-x+3/4               Symbol: -4- 5/8,y,1/8; 5/8,1/8,1/8
 => SYMM(117): x+1/2,z,y+1/2                     Symbol: g (1/2,1/4,1/4) x,y,y+1/4
 => SYMM(118): x+1/2,-z+1/4,-y+3/4               Symbol: g (1/2,-1/4,1/4) x,y,-y+1/2
 => SYMM(119): -x+3/4,-z+1/4,y+1/2               Symbol: -4- x,-1/8,3/8; 3/8,-1/8,3/8
 => SYMM(120): -x+3/4,z,-y+3/4                   Symbol: -4+ x,3/8,3/8; 3/8,3/8,3/8
 => SYMM(121): -x+1/2,-y,-z+1/2                  Symbol: -1 1/4,0,1/4
 => SYMM(122): -x+1/2,y+3/4,z+1/4                Symbol: g (0,3/4,1/4) 1/4,y,z
 => SYMM(123): x+1/4,-y,z+1/4                    Symbol: d (1/4,0,1/4) x,0,z
 => SYMM(124): x+1/4,y+3/4,-z+1/2                Symbol: d (1/4,3/4,0) x,y,1/4
 => SYMM(125): -y+1/2,-z,-x+1/2                  Symbol: -3- x,x-1/2,x-1/2; 1/2,0,0
 => SYMM(126): y+1/4,z+3/4,-x+1/2                Symbol: -3+ x,-x+5/4,x-1; 3/4,1/2,-1/4
 => SYMM(127): -y+1/2,z+3/4,x+1/4                Symbol: -3+ x,x+1,-x-1/4; -1/4,3/4,0
 => SYMM(128): y+1/4,-z,x+1/4                    Symbol: -3- x,-x-1/4,-x+1/4; 0,-1/4,1/4
 => SYMM(129): -z+1/2,-x,-y+1/2                  Symbol: -3+ x,x,x+1/2; 0,0,1/2
 => SYMM(130): z+1/4,-x,y+1/4                    Symbol: -3- x,x-1/2,-x+1/4; 1/4,-1/4,0
 => SYMM(131): z+1/4,x+3/4,-y+1/2                Symbol: -3+ x,-x+3/4,-x-1/4; 0,3/4,-1/4
 => SYMM(132): -z+1/2,x+3/4,y+1/4                Symbol: -3- x,-x+1/4,x+1; -1/4,1/2,3/4
 => SYMM(133): -y+1/2,-x,-z+1/2                  Symbol: 2 (1/4,-1/4,0) x,-x+1/4,1/4
 => SYMM(134): y+1/4,-x,z+1/4                    Symbol: 4- (0,0,1/4) 1/8,-1/8,z
 => SYMM(135): -y+1/2,x+3/4,z+1/4                Symbol: 4+ (0,0,1/4) -1/8,5/8,z
 => SYMM(136): y+1/4,x+3/4,-z+1/2                Symbol: 2 (1/2,1/2,0) x,x+1/4,1/4
 => SYMM(137): -z+1/2,-y,-x+1/2                  Symbol: 2 x,0,-x+1/2
 => SYMM(138): z+1/4,y+3/4,-x+1/2                Symbol: 4+ (0,3/4,0) 3/8,y,1/8
 => SYMM(139): z+1/4,-y,x+1/4                    Symbol: 2 (1/4,0,1/4) x,0,x
 => SYMM(140): -z+1/2,y+3/4,x+1/4                Symbol: 4- (0,3/4,0) 1/8,y,3/8
 => SYMM(141): -x+1/2,-z,-y+1/2                  Symbol: 2 (0,-1/4,1/4) 1/4,y,-y+1/4
 => SYMM(142): -x+1/2,z+3/4,y+1/4                Symbol: 2 (0,1/2,1/2) 1/4,y,y-1/4
 => SYMM(143): x+1/4,z+3/4,-y+1/2                Symbol: 4- (1/4,0,0) x,5/8,-1/8
 => SYMM(144): x+1/4,-z,y+1/4                    Symbol: 4+ (1/4,0,0) x,-1/8,1/8
 => SYMM(145): x,y+1/2,z+1/2                     Symbol: t (0,1/2,1/2)
 => SYMM(146): x,-y+3/4,-z+3/4                   Symbol: 2 x,3/8,3/8
 => SYMM(147): -x+1/4,y+1/2,-z+3/4               Symbol: 2 (0,1/2,0) 1/8,y,3/8
 => SYMM(148): -x+1/4,-y+3/4,z+1/2               Symbol: 2 (0,0,1/2) 1/8,3/8,z
 => SYMM(149): y,z+1/2,x+1/2                     Symbol: 3- (1/3,1/3,1/3) x,x+1/3,x+1/6
 => SYMM(150): -y+1/4,-z+3/4,x+1/2               Symbol: 3+ x,-x+1/4,x+1/2
 => SYMM(151): y,-z+3/4,-x+3/4                   Symbol: 3+ x,x,-x+3/4
 => SYMM(152): -y+1/4,z+1/2,-x+3/4               Symbol: 3- (-1/3,1/3,1/3) x,-x+7/12,-x+5/12
 => SYMM(153): z,x+1/2,y+1/2                     Symbol: 3+ (1/3,1/3,1/3) x,x+1/6,x+1/3
 => SYMM(154): -z+1/4,x+1/2,-y+3/4               Symbol: 3- x,x+1/2,-x+1/4
 => SYMM(155): -z+1/4,-x+3/4,y+1/2               Symbol: 3+ (-1/3,1/3,1/3) x,-x+5/12,-x+7/12
 => SYMM(156): z,-x+3/4,-y+3/4                   Symbol: 3- x,-x+3/4,x
 => SYMM(157): y,x+1/2,z+1/2                     Symbol: g (1/4,1/4,1/2) x,x+1/4,z
 => SYMM(158): -y+1/4,x+1/2,-z+3/4               Symbol: -4- -1/8,3/8,z; -1/8,3/8,3/8
 => SYMM(159): y,-x+3/4,-z+3/4                   Symbol: -4+ 3/8,3/8,z; 3/8,3/8,3/8
 => SYMM(160): -y+1/4,-x+3/4,z+1/2               Symbol: g (-1/4,1/4,1/2) x,-x+1/2,z
 => SYMM(161): z,y+1/2,x+1/2                     Symbol: g (1/4,1/2,1/4) x,y,x+1/4
 => SYMM(162): -z+1/4,-y+3/4,x+1/2               Symbol: -4+ -1/8,y,3/8; -1/8,3/8,3/8
 => SYMM(163): -z+1/4,y+1/2,-x+3/4               Symbol: g (-1/4,1/2,1/4) x,y,-x+1/2
 => SYMM(164): z,-y+3/4,-x+3/4                   Symbol: -4- 3/8,y,3/8; 3/8,3/8,3/8
 => SYMM(165): x,z+1/2,y+1/2                     Symbol: n (0,1/2,1/2) x,y,y
 => SYMM(166): x,-z+3/4,-y+3/4                   Symbol: m x,y,-y+3/4
 => SYMM(167): -x+1/4,-z+3/4,y+1/2               Symbol: -4- x,1/8,5/8; 1/8,1/8,5/8
 => SYMM(168): -x+1/4,z+1/2,-y+3/4               Symbol: -4+ x,5/8,1/8; 1/8,5/8,1/8
 => SYMM(169): -x,-y+1/2,-z+1/2                  Symbol: -1 0,1/4,1/4
 => SYMM(170): -x,y+1/4,z+1/4                    Symbol: d (0,1/4,1/4) 0,y,z
 => SYMM(171): x+3/4,-y+1/2,z+1/4                Symbol: d (3/4,0,1/4) x,1/4,z
 => SYMM(172): x+3/4,y+1/4,-z+1/2                Symbol: g (3/4,1/4,0) x,y,1/4
 => SYMM(173): -y,-z+1/2,-x+1/2                  Symbol: -3- x,x,x+1/2; 0,0,1/2
 => SYMM(174): y+3/4,z+1/4,-x+1/2                Symbol: -3+ x,-x+3/4,x-1; 3/4,0,-1/4
 => SYMM(175): -y,z+1/4,x+1/4                    Symbol: -3+ x,x+1/2,-x-1/4; -1/4,1/4,0
 => SYMM(176): y+3/4,-z+1/2,x+1/4                Symbol: -3- x,-x+1/4,-x+5/4; 1/2,-1/4,3/4
 => SYMM(177): -z,-x+1/2,-y+1/2                  Symbol: -3+ x,x+1/2,x; 0,1/2,0
 => SYMM(178): z+3/4,-x+1/2,y+1/4                Symbol: -3- x,x-1,-x+3/4; 3/4,-1/4,0
 => SYMM(179): z+3/4,x+1/4,-y+1/2                Symbol: -3+ x,-x+5/4,-x+1/4; 1/2,3/4,-1/4
 => SYMM(180): -z,x+1/4,y+1/4                    Symbol: -3- x,-x-1/4,x+1/2; -1/4,0,1/4
 => SYMM(181): -y,-x+1/2,-z+1/2                  Symbol: 2 (-1/4,1/4,0) x,-x+1/4,1/4
 => SYMM(182): y+3/4,-x+1/2,z+1/4                Symbol: 4- (0,0,1/4) 5/8,-1/8,z
 => SYMM(183): -y,x+1/4,z+1/4                    Symbol: 4+ (0,0,1/4) -1/8,1/8,z
 => SYMM(184): y+3/4,x+1/4,-z+1/2                Symbol: 2 (1/2,1/2,0) x,x-1/4,1/4
 => SYMM(185): -z,-y+1/2,-x+1/2                  Symbol: 2 (-1/4,0,1/4) x,1/4,-x+1/4
 => SYMM(186): z+3/4,y+1/4,-x+1/2                Symbol: 4+ (0,1/4,0) 5/8,y,-1/8
 => SYMM(187): z+3/4,-y+1/2,x+1/4                Symbol: 2 (1/2,0,1/2) x,1/4,x-1/4
 => SYMM(188): -z,y+1/4,x+1/4                    Symbol: 4- (0,1/4,0) -1/8,y,1/8
 => SYMM(189): -x,-z+1/2,-y+1/2                  Symbol: 2 0,y,-y+1/2
 => SYMM(190): -x,z+1/4,y+1/4                    Symbol: 2 (0,1/4,1/4) 0,y,y
 => SYMM(191): x+3/4,z+1/4,-y+1/2                Symbol: 4- (3/4,0,0) x,3/8,1/8
 => SYMM(192): x+3/4,-z+1/2,y+1/4                Symbol: 4+ (3/4,0,0) x,1/8,3/8

 => Special Wyckoff Positions for F d -3 m
 
    Multp     Site        Representative Coordinates (centring translations excluded)
     96       h              0,y,-y              0,-y+1/4,y+1/4      1/4,y,y+1/4                             
                             1/4,-y+1/4,-y       y,-y,0              -y+1/4,y+1/4,0                          
                             y,y+1/4,1/4         -y+1/4,-y,1/4       -y,0,y                                  
                             y+1/4,0,-y+1/4      y+1/4,1/4,y         -y,1/4,-y+1/4                           
                             y,0,-y              -y+1/4,0,y+1/4      y,1/4,y+1/4                             
                             -y+1/4,1/4,-y       -y,y,0              y+1/4,-y+1/4,0                          
                             y+1/4,y,1/4         -y,-y+1/4,1/4       0,-y,y                                  
                             0,y+1/4,-y+1/4      1/4,y+1/4,y         1/4,-y,-y+1/4                           
 
     96       g              x,x,z               x,-x+1/4,-z+1/4     -x+1/4,x,-z+1/4                         
                             -x+1/4,-x+1/4,z     x,z,x               -x+1/4,-z+1/4,x                         
                             x,-z+1/4,-x+1/4     -x+1/4,z,-x+1/4     z,x,x                                   
                             -z+1/4,x,-x+1/4     -z+1/4,-x+1/4,x     z,-x+1/4,-x+1/4                         
                             -x,-x,-z            -x,x+3/4,z+3/4      x+3/4,-x,z+3/4                          
                             x+3/4,x+3/4,-z      -x,-z,-x            x+3/4,z+3/4,-x                          
                             -x,z+3/4,x+3/4      x+3/4,-z,x+3/4      -z,-x,-x                                
                             z+3/4,-x,x+3/4      z+3/4,x+3/4,-x      -z,x+3/4,x+3/4                          
 
     48       f              x,1/8,1/8           -x+1/4,1/8,1/8      1/8,1/8,x                               
                             1/8,1/8,-x+1/4      1/8,x,1/8           1/8,-x+1/4,1/8                          
                             -x,7/8,7/8          x+3/4,7/8,7/8       7/8,7/8,-x                              
                             7/8,7/8,x+3/4       7/8,-x,7/8          7/8,x+3/4,7/8                           
 
     32       e              x,x,x               x,-x+1/4,-x+1/4     -x+1/4,x,-x+1/4                         
                             -x+1/4,-x+1/4,x     -x,-x,-x            -x,x+3/4,x+3/4                          
                             x+3/4,-x,x+3/4      x+3/4,x+3/4,-x                                              
 
     16       d              1/2,1/2,1/2         1/2,3/4,3/4         3/4,1/2,3/4                             
                             3/4,3/4,1/2                                                                     
 
     16       c              0,0,0               0,1/4,1/4           1/4,0,1/4                               
                             1/4,1/4,0                                                                       
 
      8       b              3/8,3/8,3/8         5/8,5/8,5/8                                                 
 
      8       a              1/8,1/8,1/8         7/8,7/8,7/8                                                 
 

 => Initial parameters ==>
 Atom    Ntyp                  X         Y         Z         B         occ.         in  fin  Spc  Mult
                             B11       B22       B33       B12       B13       B23
 Tb     TB                 0.50000   0.50000   0.50000   0.00000   0.08333           0    0    0   16
                 Codes:    0.00000   0.00000   0.00000   0.00000   0.00000
 Ti     TI                 0.00000   0.00000   0.00000   0.00000   0.08333           0    0    0   16
                 Codes:    0.00000   0.00000   0.00000   0.00000   0.00000
 O1     O                  0.32804   0.12500   0.12500   0.00000   0.25000           0    0    0   48
                 Codes:    0.00000   0.00000   0.00000   0.00000   0.00000
 O2     O                  0.37500   0.37500   0.37500   0.00000   0.04167           0    0    0    8
                 Codes:    0.00000   0.00000   0.00000   0.00000   0.00000

 => It is assumed that THE FIRST GIVEN SITE plus all the other atoms 
    occupying THE SAME POSITION have a total full occupation (no vacancies!)
  (if this is not the case, change the order of atoms to obtain correct values for the content of the unit cell)
    The given occupation factors have been obtained mutiplying m/M by   0.0833
      -> Atom: TB  ,  Chemical element: TB  Atomic Mass:   158.9254
      -> Atom: TI  ,  Chemical element: TI  Atomic Mass:    47.8670
      -> Atom: O   ,  Chemical element: O   Atomic Mass:    15.9994
      -> Atom: O   ,  Chemical element: O   Atomic Mass:    15.9994
 => The given value of ATZ is      67273.16 the program has calculated:        4204.35
    The value of ATZ given in the input PCR file will be used for quantitative analysis
 => The chemical content of the unit cell is: 
      16.0000 TB   +  16.0000 TI   +  48.0019 O    +   8.0010 O      
 => The normalized site occupation numbers in % are: 
     100.0000 Tb     :      100.0000 Ti     :      100.0040 O1     :      100.0120 O2       
 => The density (volumic mass) of the compound is:    6.717 g/cm3

 =>-------> SCALE FACTORS, EXTINCTION AND CELL PARAMETERS FOR PATTERN:  1

 => Scale factors ( 1: 6) :    4.17440       0.00000       0.00000       0.00000       0.00000       0.00000    

 => Extinction  parameters:         0.0821        0.0000        0.0000        0.0000        0.0000        0.0000        0.0000
 => Direct cell parameters:        10.1300       10.1300       10.1300       90.0000       90.0000       90.0000
 => Lambda/2    parameters:         0.0000


 ==> CODEWORDS FOR Scale and Extinction PARAMETERS for Pattern  1

 => Scale factors ( 1: 6):    0.000   0.000   0.000   0.000   0.000   0.000

 => Extinction parameters:    0.000   0.000   0.000   0.000   0.000   0.000   0.000


 => Cell constraints according to Laue symmetry: m-3m 

        Metric information:
        -------------------

 => Direct cell parameters:

         a =      10.1300      b =      10.1300      c =      10.1300
     alpha =       90.000   beta =       90.000  gamma =       90.000
                        Direct Cell Volume =    1039.5093

 => Reciprocal cell parameters:

         a*=     0.098717      b*=     0.098717      c*=     0.098717
     alpha*=       90.000   beta*=       90.000  gamma*=       90.000
                    Reciprocal Cell Volume =   0.00096199

 => Direct and Reciprocal Metric Tensors:

                   GD                                       GR
    102.6169      0.0000      0.0000          0.009745    0.000000    0.000000
      0.0000    102.6169      0.0000          0.000000    0.009745    0.000000
      0.0000      0.0000    102.6169          0.000000    0.000000    0.009745

 =>  Cartesian frame: x // a; z is along c*; y is within the ab-plane   

     Crystal_to_Orthonormal_Matrix              Orthonormal_to_Crystal Matrix
              Cr_Orth_cel                               Orth_Cr_cel  
     10.1300      0.0000      0.0000          0.098717   -0.000000   -0.000000
      0.0000     10.1300      0.0000          0.000000    0.098717   -0.000000
      0.0000      0.0000     10.1300          0.000000    0.000000    0.098717

     Busing-Levy B-matrix: Hc=B.H            Inverse of the Busing-Levy B-matrix
                BL_M                                      BL_Minv  
    0.098717    0.000000    0.000000           10.1300     -0.0000     -0.0000
    0.000000    0.098717   -0.000000            0.0000     10.1300      0.0000
    0.000000    0.000000    0.098717            0.0000      0.0000     10.1300
 => Header of the Integrated Intensity file:
 -> Title: Single crystal data of Tb2Ti2O7                                                                                         
 -> Format of data: (3i4,2f12.4,i4)                                             
 -> Wavelength (Angstr.):   0.7930
 -> Type of data:  F2 and Sig(F2) have been input                                                                                         
 -> Reflections included only when F2> 0.0* sF2
 -> Nobserv (I>n*sigma):    220 -> Total Number of reflections:        220
 -> SumF:      3707.9 SumF2:     97624.2 SumF2w:    335127.3

 => Weighting Scheme:
 => Conventional weight: w(H)=1.0/Variance(GobsH)

 => Scattering coefficients from internal table

 => Scattering lengths:

 TB     0.7380
 TI    -0.3438
 O      0.5803
  
 
 => No optimization for routine tasks
 ++++++++++++++++++++++++++++++++++++++++++++++++++++++++++++++++++++++++++++++++++++++++++++++++++++++++++++++++++++++++++++++++++++

 => CYCLE No.:    1
 ------------------------------------------------------------------------------------------------------------------------------------
 => Phase  1 Name: Tb2Ti2O7
 ------------------------------------------------------------------------------------------------------------------------------------
 => New parameters, shifts, and standard deviations

 Atom        x       dx      sx       y       dy      sy       z       dz      sz       B       dB      sB      occ.    docc.   socc.

 Tb       0.50000 0.00000 0.00000  0.50000 0.00000 0.00000  0.50000 0.00000 0.00000  0.00000 0.00000 0.00000  0.08333 0.00000 0.00000
 Ti       0.00000 0.00000 0.00000  0.00000 0.00000 0.00000  0.00000 0.00000 0.00000  0.00000 0.00000 0.00000  0.08333 0.00000 0.00000
 O1       0.32804 0.00000 0.00000  0.12500 0.00000 0.00000  0.12500 0.00000 0.00000  0.00000 0.00000 0.00000  0.25000 0.00000 0.00000
 O2       0.37500 0.00000 0.00000  0.37500 0.00000 0.00000  0.37500 0.00000 0.00000  0.00000 0.00000 0.00000  0.04167 0.00000 0.00000

 ==> SCALE, EXTINCTION, CELL PARAMETERS FOR PATTERN#  1

 => Scale factors ( 1: 6): 
             4.174400        0.000000        0.000000
             0.000000        0.000000        0.000000
             0.000000        0.000000        0.000000
             0.000000        0.000000        0.000000
             0.000000        0.000000        0.000000
             0.000000        0.000000        0.000000


 => Extinction Parameters: 
             0.082080        0.000000        0.000000
             0.000000        0.000000        0.000000
             0.000000        0.000000        0.000000
             0.000000        0.000000        0.000000
             0.000000        0.000000        0.000000
             0.000000        0.000000        0.000000
             0.000000        0.000000        0.000000


 => Lambda/2 param: 
              0.000000        0.000000        0.000000

 => Global user-weigthed Chi2 (Bragg contrib.):   182.    

 => ---------> Pattern#  1
 => Phase:  1
 =>    RF2 -factor :   37.8    
 =>    RF2w-factor :   34.6    
 =>    RF  -factor :   19.0    
 =>    Chi2(Intens):   182.    
 =>  N_eff Reflect.:    220 with I >  0.00 sigma
 ++++++++++++++++++++++++++++++++++++++++++++++++++++++++++++++++++++++++++++++++++++++++++++++++++++++++++++++++++++++++++++++++++++

 => CYCLE No.:    1
 =>  Convergence reached at this CYCLE !!!!
 =>  Parameter shifts set to zero
 ------------------------------------------------------------------------------------------------------------------------------------
 => Phase  1 Name: Tb2Ti2O7
 ------------------------------------------------------------------------------------------------------------------------------------
 => New parameters, shifts, and standard deviations

 Atom        x       dx      sx       y       dy      sy       z       dz      sz       B       dB      sB      occ.    docc.   socc.

 Tb       0.50000 0.00000 0.00000  0.50000 0.00000 0.00000  0.50000 0.00000 0.00000  0.00000 0.00000 0.00000  0.08333 0.00000 0.00000
 Ti       0.00000 0.00000 0.00000  0.00000 0.00000 0.00000  0.00000 0.00000 0.00000  0.00000 0.00000 0.00000  0.08333 0.00000 0.00000
 O1       0.32804 0.00000 0.00000  0.12500 0.00000 0.00000  0.12500 0.00000 0.00000  0.00000 0.00000 0.00000  0.25000 0.00000 0.00000
 O2       0.37500 0.00000 0.00000  0.37500 0.00000 0.00000  0.37500 0.00000 0.00000  0.00000 0.00000 0.00000  0.04167 0.00000 0.00000

 ==> SCALE, EXTINCTION, CELL PARAMETERS FOR PATTERN#  1

 => Scale factors ( 1: 6): 
             4.174400        0.000000        0.000000
             0.000000        0.000000        0.000000
             0.000000        0.000000        0.000000
             0.000000        0.000000        0.000000
             0.000000        0.000000        0.000000
             0.000000        0.000000        0.000000


 => Extinction Parameters: 
             0.082080        0.000000        0.000000
             0.000000        0.000000        0.000000
             0.000000        0.000000        0.000000
             0.000000        0.000000        0.000000
             0.000000        0.000000        0.000000
             0.000000        0.000000        0.000000
             0.000000        0.000000        0.000000


 => Lambda/2 param: 
              0.000000        0.000000        0.000000

 => Global user-weigthed Chi2 (Bragg contrib.):   182.    

 => ---------> Pattern#  1
 => Phase:  1
 =>    RF2 -factor :   37.8    
 =>    RF2w-factor :   34.6    
 =>    RF  -factor :   19.0    
 =>    Chi2(Intens):   182.    
 =>  N_eff Reflect.:    220 with I >  0.00 sigma

 --------------------------------------------------------------------------------------------------------------------------------------------------------
 Pattern#  1 Phase No.:   1 Phase name: Tb2Ti2O7
 --------------------------------------------------------------------------------------------------------------------------------------------------------
 => F2cal= scale*Corr*F2
   h   k   l ivk   cod      F2obs         F2cal      F2cal(mag)     Dif/sig   Extinction(y)      Sinthet/lamb  Lambda/2-Contr    RMsFx       IMsFx       RMsFy       IMsFy       RMsFz       IMsFz         RMiVx       IMiVx       RMiVy       IMiVy       RMiVz       IMiVz
   1   1   1   0     1     194.5677     160.0236        0.0000       14.8558     0.99422            0.08549       0.00000       0.00000     0.00000     0.00000     0.00000     0.00000     0.00000       0.00000     0.00000     0.00000     0.00000     0.00000     0.00000
   2   2   0   0     1      22.6319       9.4087        0.0000       11.7717     0.99979            0.13961       0.00000       0.00000     0.00000     0.00000     0.00000     0.00000     0.00000       0.00000     0.00000     0.00000     0.00000     0.00000     0.00000
   3   1   1   0     1      99.2917      70.3419        0.0000       11.2997     0.99866            0.16370       0.00000       0.00000     0.00000     0.00000     0.00000     0.00000     0.00000       0.00000     0.00000     0.00000     0.00000     0.00000     0.00000
   2   2   2   0     1     219.2877     165.5467        0.0000       16.5245     0.99698            0.17098       0.00000       0.00000     0.00000     0.00000     0.00000     0.00000     0.00000       0.00000     0.00000     0.00000     0.00000     0.00000     0.00000
   4   0   0   0     1    1366.7377    1697.7682        0.0000      -10.6521     0.97345            0.19743       0.00000       0.00000     0.00000     0.00000     0.00000     0.00000     0.00000       0.00000     0.00000     0.00000     0.00000     0.00000     0.00000
   3   3   1   0     1    1381.2404    1661.1327        0.0000      -11.4624     0.97607            0.21515       0.00000       0.00000     0.00000     0.00000     0.00000     0.00000     0.00000       0.00000     0.00000     0.00000     0.00000     0.00000     0.00000
   4   2   2   0     1     272.4665     218.8797        0.0000       12.6530     0.99715            0.24181       0.00000       0.00000     0.00000     0.00000     0.00000     0.00000     0.00000       0.00000     0.00000     0.00000     0.00000     0.00000     0.00000
   5   1   1   0     1     991.5085    1019.3422        0.0000       -1.4496     0.98753            0.25647       0.00000       0.00000     0.00000     0.00000     0.00000     0.00000     0.00000       0.00000     0.00000     0.00000     0.00000     0.00000     0.00000
   3   3   3   0     1     504.5874     404.9733        0.0000       13.7300     0.99503            0.25647       0.00000       0.00000     0.00000     0.00000     0.00000     0.00000     0.00000       0.00000     0.00000     0.00000     0.00000     0.00000     0.00000
   4   4   0   0     1    2167.6858    3007.6311        0.0000      -22.1266     0.96644            0.27921       0.00000       0.00000     0.00000     0.00000     0.00000     0.00000     0.00000       0.00000     0.00000     0.00000     0.00000     0.00000     0.00000
   5   3   1   0     1     369.5253     305.8650        0.0000       10.2932     0.99668            0.29201       0.00000       0.00000     0.00000     0.00000     0.00000     0.00000     0.00000       0.00000     0.00000     0.00000     0.00000     0.00000     0.00000
   4   4   2   0     1       6.2608       0.0000        0.0000        2.1639     1.00000            0.29615       0.00000       0.00000     0.00000     0.00000     0.00000     0.00000     0.00000       0.00000     0.00000     0.00000     0.00000     0.00000     0.00000
   6   2   0   0     1     339.3607     270.0073        0.0000       13.3570     0.99724            0.31217       0.00000       0.00000     0.00000     0.00000     0.00000     0.00000     0.00000       0.00000     0.00000     0.00000     0.00000     0.00000     0.00000
   5   3   3   0     1      20.2404      12.6812        0.0000        3.1110     0.99987            0.32366       0.00000       0.00000     0.00000     0.00000     0.00000     0.00000     0.00000       0.00000     0.00000     0.00000     0.00000     0.00000     0.00000
   6   2   2   0     1     214.3519     165.7787        0.0000       12.0168     0.99838            0.32741       0.00000       0.00000     0.00000     0.00000     0.00000     0.00000     0.00000       0.00000     0.00000     0.00000     0.00000     0.00000     0.00000
   4   4   4   0     1     375.6302     332.6109        0.0000        6.6703     0.99688            0.34196       0.00000       0.00000     0.00000     0.00000     0.00000     0.00000     0.00000       0.00000     0.00000     0.00000     0.00000     0.00000     0.00000
   7   1   1   0     1     838.4976     800.3328        0.0000        3.6052     0.99272            0.35249       0.00000       0.00000     0.00000     0.00000     0.00000     0.00000     0.00000       0.00000     0.00000     0.00000     0.00000     0.00000     0.00000
   5   5   1   0     1      55.1172      38.6419        0.0000        2.8393     0.99965            0.35249       0.00000       0.00000     0.00000     0.00000     0.00000     0.00000     0.00000       0.00000     0.00000     0.00000     0.00000     0.00000     0.00000
   6   4   2   0     1      33.0758      22.1476        0.0000        6.3169     0.99981            0.36936       0.00000       0.00000     0.00000     0.00000     0.00000     0.00000     0.00000       0.00000     0.00000     0.00000     0.00000     0.00000     0.00000
   5   5   3   0     1     764.9341     740.4090        0.0000        2.5326     0.99369            0.37913       0.00000       0.00000     0.00000     0.00000     0.00000     0.00000     0.00000       0.00000     0.00000     0.00000     0.00000     0.00000     0.00000
   7   3   1   0     1      73.8851      53.4753        0.0000        3.6069     0.99954            0.37913       0.00000       0.00000     0.00000     0.00000     0.00000     0.00000     0.00000       0.00000     0.00000     0.00000     0.00000     0.00000     0.00000
   8   0   0   0     1    1910.4371    2155.4316        0.0000       -6.8305     0.98239            0.39487       0.00000       0.00000     0.00000     0.00000     0.00000     0.00000     0.00000       0.00000     0.00000     0.00000     0.00000     0.00000     0.00000
   7   3   3   0     1    2395.7312    3162.6797        0.0000      -15.4467     0.97478            0.40402       0.00000       0.00000     0.00000     0.00000     0.00000     0.00000     0.00000       0.00000     0.00000     0.00000     0.00000     0.00000     0.00000
   6   4   4   0     1       9.8576       0.0000        0.0000        3.2714     1.00000            0.40702       0.00000       0.00000     0.00000     0.00000     0.00000     0.00000     0.00000       0.00000     0.00000     0.00000     0.00000     0.00000     0.00000
   8   2   2   0     1    1207.8987    1248.6193        0.0000       -2.6468     0.99028            0.41882       0.00000       0.00000     0.00000     0.00000     0.00000     0.00000     0.00000       0.00000     0.00000     0.00000     0.00000     0.00000     0.00000
   6   6   0   0     1    1217.1985    1281.4205        0.0000       -4.5798     0.99002            0.41882       0.00000       0.00000     0.00000     0.00000     0.00000     0.00000     0.00000       0.00000     0.00000     0.00000     0.00000     0.00000     0.00000
   7   5   1   0     1     324.4044     269.0951        0.0000        7.9684     0.99793            0.42746       0.00000       0.00000     0.00000     0.00000     0.00000     0.00000     0.00000       0.00000     0.00000     0.00000     0.00000     0.00000     0.00000
   5   5   5   0     1    2023.2412    2553.6692        0.0000      -27.7970     0.98056            0.42746       0.00000       0.00000     0.00000     0.00000     0.00000     0.00000     0.00000       0.00000     0.00000     0.00000     0.00000     0.00000     0.00000
   6   6   2   0     1     172.7699     165.8371        0.0000        1.3790     0.99873            0.43030       0.00000       0.00000     0.00000     0.00000     0.00000     0.00000     0.00000       0.00000     0.00000     0.00000     0.00000     0.00000     0.00000
   8   4   0   0     1     119.7360      86.8244        0.0000        7.8447     0.99935            0.44147       0.00000       0.00000     0.00000     0.00000     0.00000     0.00000     0.00000       0.00000     0.00000     0.00000     0.00000     0.00000     0.00000
   7   5   3   0     1    1082.9794    1095.0464        0.0000       -0.8157     0.99198            0.44968       0.00000       0.00000     0.00000     0.00000     0.00000     0.00000     0.00000       0.00000     0.00000     0.00000     0.00000     0.00000     0.00000
   9   1   1   0     1     123.3764     106.4425        0.0000        1.7127     0.99922            0.44968       0.00000       0.00000     0.00000     0.00000     0.00000     0.00000     0.00000       0.00000     0.00000     0.00000     0.00000     0.00000     0.00000
   6   6   4   0     1     656.7704     584.5806        0.0000        6.7188     0.99581            0.46302       0.00000       0.00000     0.00000     0.00000     0.00000     0.00000     0.00000       0.00000     0.00000     0.00000     0.00000     0.00000     0.00000
   9   3   1   0     1     130.3383     115.6454        0.0000        3.0781     0.99918            0.47085       0.00000       0.00000     0.00000     0.00000     0.00000     0.00000     0.00000       0.00000     0.00000     0.00000     0.00000     0.00000     0.00000
   8   4   4   0     1     570.3704     542.9387        0.0000        3.5956     0.99625            0.48361       0.00000       0.00000     0.00000     0.00000     0.00000     0.00000     0.00000       0.00000     0.00000     0.00000     0.00000     0.00000     0.00000
   9   3   3   0     1    1398.5513    1496.8804        0.0000       -5.4023     0.98982            0.49111       0.00000       0.00000     0.00000     0.00000     0.00000     0.00000     0.00000       0.00000     0.00000     0.00000     0.00000     0.00000     0.00000
   7   7   1   0     1    1685.6763    1919.5277        0.0000      -15.6174     0.98697            0.49111       0.00000       0.00000     0.00000     0.00000     0.00000     0.00000     0.00000       0.00000     0.00000     0.00000     0.00000     0.00000     0.00000
   7   5   5   0     1     107.9908      89.9980        0.0000        1.4395     0.99939            0.49111       0.00000       0.00000     0.00000     0.00000     0.00000     0.00000     0.00000       0.00000     0.00000     0.00000     0.00000     0.00000     0.00000
  10   2   0   0     1     914.1141     974.5107        0.0000       -6.2198     0.99349            0.50336       0.00000       0.00000     0.00000     0.00000     0.00000     0.00000     0.00000       0.00000     0.00000     0.00000     0.00000     0.00000     0.00000
   8   6   2   0     1     258.0833     255.1339        0.0000        0.3192     0.99829            0.50336       0.00000       0.00000     0.00000     0.00000     0.00000     0.00000     0.00000       0.00000     0.00000     0.00000     0.00000     0.00000     0.00000
   7   7   3   0     1     588.8738     528.1309        0.0000        5.7546     0.99651            0.51057       0.00000       0.00000     0.00000     0.00000     0.00000     0.00000     0.00000       0.00000     0.00000     0.00000     0.00000     0.00000     0.00000
   9   5   1   0     1    1016.6021    1180.5524        0.0000      -10.8232     0.99221            0.51057       0.00000       0.00000     0.00000     0.00000     0.00000     0.00000     0.00000       0.00000     0.00000     0.00000     0.00000     0.00000     0.00000
   6   6   6   0     1     215.3041     165.8661        0.0000        8.4535     0.99891            0.51295       0.00000       0.00000     0.00000     0.00000     0.00000     0.00000     0.00000       0.00000     0.00000     0.00000     0.00000     0.00000     0.00000
  10   2   2   0     1     165.5683     165.8660        0.0000       -0.0442     0.99891            0.51295       0.00000       0.00000     0.00000     0.00000     0.00000     0.00000     0.00000       0.00000     0.00000     0.00000     0.00000     0.00000     0.00000
   9   5   3   0     1     263.2697     229.2595        0.0000        5.5062     0.99853            0.52931       0.00000       0.00000     0.00000     0.00000     0.00000     0.00000     0.00000       0.00000     0.00000     0.00000     0.00000     0.00000     0.00000
  10   4   2   0     1     399.1649     382.1060        0.0000        2.3704     0.99758            0.54069       0.00000       0.00000     0.00000     0.00000     0.00000     0.00000     0.00000       0.00000     0.00000     0.00000     0.00000     0.00000     0.00000
  11   1   1   0     1     406.6985     405.7351        0.0000        0.1245     0.99746            0.54741       0.00000       0.00000     0.00000     0.00000     0.00000     0.00000     0.00000       0.00000     0.00000     0.00000     0.00000     0.00000     0.00000
   7   7   5   0     1       9.0443       0.5100        0.0000        1.4910     1.00000            0.54741       0.00000       0.00000     0.00000     0.00000     0.00000     0.00000     0.00000       0.00000     0.00000     0.00000     0.00000     0.00000     0.00000
   8   8   0   0     1     232.3389     207.0871        0.0000        4.1166     0.99872            0.55843       0.00000       0.00000     0.00000     0.00000     0.00000     0.00000     0.00000       0.00000     0.00000     0.00000     0.00000     0.00000     0.00000
  11   3   1   0     1     815.0747     864.3495        0.0000       -4.1919     0.99472            0.56493       0.00000       0.00000     0.00000     0.00000     0.00000     0.00000     0.00000       0.00000     0.00000     0.00000     0.00000     0.00000     0.00000
   9   7   1   0     1     645.9863     674.6712        0.0000       -2.7879     0.99588            0.56493       0.00000       0.00000     0.00000     0.00000     0.00000     0.00000     0.00000       0.00000     0.00000     0.00000     0.00000     0.00000     0.00000
   9   5   5   0     1     105.5177      73.6349        0.0000        3.3979     0.99955            0.56493       0.00000       0.00000     0.00000     0.00000     0.00000     0.00000     0.00000       0.00000     0.00000     0.00000     0.00000     0.00000     0.00000
  10   6   0   0     1    2129.5383    2545.4482        0.0000      -12.9736     0.98475            0.57561       0.00000       0.00000     0.00000     0.00000     0.00000     0.00000     0.00000       0.00000     0.00000     0.00000     0.00000     0.00000     0.00000
   9   7   3   0     1      24.8305      24.4861        0.0000        0.0876     0.99985            0.58193       0.00000       0.00000     0.00000     0.00000     0.00000     0.00000     0.00000       0.00000     0.00000     0.00000     0.00000     0.00000     0.00000
  11   3   3   0     1     111.9623      70.5016        0.0000       10.4107     0.99958            0.58193       0.00000       0.00000     0.00000     0.00000     0.00000     0.00000     0.00000       0.00000     0.00000     0.00000     0.00000     0.00000     0.00000
  10   6   2   0     1     178.0339     165.8830        0.0000        1.9388     0.99901            0.58402       0.00000       0.00000     0.00000     0.00000     0.00000     0.00000     0.00000       0.00000     0.00000     0.00000     0.00000     0.00000     0.00000
  12   0   0   0     1     355.9608     290.5730        0.0000        8.4269     0.99828            0.59230       0.00000       0.00000     0.00000     0.00000     0.00000     0.00000     0.00000       0.00000     0.00000     0.00000     0.00000     0.00000     0.00000
   8   8   4   0     1     451.1190     532.8615        0.0000       -8.8399     0.99685            0.59230       0.00000       0.00000     0.00000     0.00000     0.00000     0.00000     0.00000       0.00000     0.00000     0.00000     0.00000     0.00000     0.00000
   7   7   7   0     1    2409.2754    3504.1570        0.0000      -35.1959     0.97965            0.59844       0.00000       0.00000     0.00000     0.00000     0.00000     0.00000     0.00000       0.00000     0.00000     0.00000     0.00000     0.00000     0.00000
  11   5   1   0     1      36.9390      32.9670        0.0000        0.2698     0.99981            0.59844       0.00000       0.00000     0.00000     0.00000     0.00000     0.00000     0.00000       0.00000     0.00000     0.00000     0.00000     0.00000     0.00000
  12   2   2   0     1    1267.5220    1547.6383        0.0000      -14.9347     0.99106            0.60853       0.00000       0.00000     0.00000     0.00000     0.00000     0.00000     0.00000       0.00000     0.00000     0.00000     0.00000     0.00000     0.00000
  10   6   4   0     1    1228.7996    1514.9291        0.0000      -15.0963     0.99125            0.60853       0.00000       0.00000     0.00000     0.00000     0.00000     0.00000     0.00000       0.00000     0.00000     0.00000     0.00000     0.00000     0.00000
   9   7   5   0     1     329.1074     352.2258        0.0000       -3.0472     0.99797            0.61451       0.00000       0.00000     0.00000     0.00000     0.00000     0.00000     0.00000       0.00000     0.00000     0.00000     0.00000     0.00000     0.00000
  11   5   3   0     1     224.7773     234.9110        0.0000       -1.4765     0.99865            0.61451       0.00000       0.00000     0.00000     0.00000     0.00000     0.00000     0.00000       0.00000     0.00000     0.00000     0.00000     0.00000     0.00000
  12   4   0   0     1     883.0682     960.9833        0.0000       -4.6543     0.99454            0.62434       0.00000       0.00000     0.00000     0.00000     0.00000     0.00000     0.00000       0.00000     0.00000     0.00000     0.00000     0.00000     0.00000
   9   9   1   0     1      60.6822      63.2670        0.0000       -0.8606     0.99964            0.63017       0.00000       0.00000     0.00000     0.00000     0.00000     0.00000     0.00000       0.00000     0.00000     0.00000     0.00000     0.00000     0.00000
   8   8   6   0     1      12.8220       0.0000        0.0000        2.7368     1.00000            0.63210       0.00000       0.00000     0.00000     0.00000     0.00000     0.00000     0.00000       0.00000     0.00000     0.00000     0.00000     0.00000     0.00000
  12   4   2   0     1       5.0893       0.0000        0.0000        1.0489     1.00000            0.63210       0.00000       0.00000     0.00000     0.00000     0.00000     0.00000     0.00000       0.00000     0.00000     0.00000     0.00000     0.00000     0.00000
  10   8   2   0     1      15.7286       1.2588        0.0000        3.0374     0.99999            0.63976       0.00000       0.00000     0.00000     0.00000     0.00000     0.00000     0.00000       0.00000     0.00000     0.00000     0.00000     0.00000     0.00000
  11   5   5   0     1    1284.8992    1513.8378        0.0000      -12.7887     0.99160            0.64544       0.00000       0.00000     0.00000     0.00000     0.00000     0.00000     0.00000       0.00000     0.00000     0.00000     0.00000     0.00000     0.00000
  13   1   1   0     1      91.8083     103.8546        0.0000       -1.0803     0.99942            0.64544       0.00000       0.00000     0.00000     0.00000     0.00000     0.00000     0.00000       0.00000     0.00000     0.00000     0.00000     0.00000     0.00000
   9   9   3   0     1     114.6400     172.0715        0.0000       -5.1314     0.99904            0.64544       0.00000       0.00000     0.00000     0.00000     0.00000     0.00000     0.00000       0.00000     0.00000     0.00000     0.00000     0.00000     0.00000
  11   7   1   0     1      11.3935      19.9030        0.0000       -0.6941     0.99989            0.64544       0.00000       0.00000     0.00000     0.00000     0.00000     0.00000     0.00000       0.00000     0.00000     0.00000     0.00000     0.00000     0.00000
  10   6   6   0     1     107.1723     165.8949        0.0000      -11.3852     0.99908            0.64733       0.00000       0.00000     0.00000     0.00000     0.00000     0.00000     0.00000       0.00000     0.00000     0.00000     0.00000     0.00000     0.00000
  12   4   4   0     1      25.8850      41.4020        0.0000       -3.7970     0.99977            0.65481       0.00000       0.00000     0.00000     0.00000     0.00000     0.00000     0.00000       0.00000     0.00000     0.00000     0.00000     0.00000     0.00000
   9   7   7   0     1    1452.1660    1725.3813        0.0000      -12.5134     0.99056            0.66037       0.00000       0.00000     0.00000     0.00000     0.00000     0.00000     0.00000       0.00000     0.00000     0.00000     0.00000     0.00000     0.00000
  13   3   1   0     1    1245.0792    1543.3444        0.0000      -20.2070     0.99156            0.66037       0.00000       0.00000     0.00000     0.00000     0.00000     0.00000     0.00000       0.00000     0.00000     0.00000     0.00000     0.00000     0.00000
  11   7   3   0     1    1511.8230    2019.1262        0.0000      -19.6946     0.98897            0.66037       0.00000       0.00000     0.00000     0.00000     0.00000     0.00000     0.00000       0.00000     0.00000     0.00000     0.00000     0.00000     0.00000
  10   8   4   0     1       3.7100       0.0000        0.0000        0.7010     1.00000            0.66221       0.00000       0.00000     0.00000     0.00000     0.00000     0.00000     0.00000       0.00000     0.00000     0.00000     0.00000     0.00000     0.00000
  12   6   2   0     1     329.0760     398.9203        0.0000       -8.7781     0.99783            0.66953       0.00000       0.00000     0.00000     0.00000     0.00000     0.00000     0.00000       0.00000     0.00000     0.00000     0.00000     0.00000     0.00000
  13   3   3   0     1     285.8376     336.9482        0.0000       -6.3808     0.99817            0.67497       0.00000       0.00000     0.00000     0.00000     0.00000     0.00000     0.00000       0.00000     0.00000     0.00000     0.00000     0.00000     0.00000
   9   9   5   0     1     992.9638    1348.7152        0.0000      -19.1668     0.99271            0.67497       0.00000       0.00000     0.00000     0.00000     0.00000     0.00000     0.00000       0.00000     0.00000     0.00000     0.00000     0.00000     0.00000
   8   8   8   0     1     288.2571     324.9254        0.0000       -4.4514     0.99825            0.68393       0.00000       0.00000     0.00000     0.00000     0.00000     0.00000     0.00000       0.00000     0.00000     0.00000     0.00000     0.00000     0.00000
  13   5   1   0     1     194.8370     246.6938        0.0000       -6.3576     0.99868            0.68925       0.00000       0.00000     0.00000     0.00000     0.00000     0.00000     0.00000       0.00000     0.00000     0.00000     0.00000     0.00000     0.00000
  11   7   5   0     1     414.2435     458.9380        0.0000       -2.6623     0.99755            0.68925       0.00000       0.00000     0.00000     0.00000     0.00000     0.00000     0.00000       0.00000     0.00000     0.00000     0.00000     0.00000     0.00000
  12   6   4   0     1       7.2439       0.0000        0.0000        1.1578     1.00000            0.69102       0.00000       0.00000     0.00000     0.00000     0.00000     0.00000     0.00000       0.00000     0.00000     0.00000     0.00000     0.00000     0.00000
  10  10   0   0     1    2714.7458    4221.4653        0.0000      -38.2226     0.97780            0.69803       0.00000       0.00000     0.00000     0.00000     0.00000     0.00000     0.00000       0.00000     0.00000     0.00000     0.00000     0.00000     0.00000
  10   8   6   0     1     343.7899     337.9640        0.0000        0.3588     0.99820            0.69803       0.00000       0.00000     0.00000     0.00000     0.00000     0.00000     0.00000       0.00000     0.00000     0.00000     0.00000     0.00000     0.00000
  14   2   0   0     1     472.1022     532.7952        0.0000       -3.7121     0.99717            0.69803       0.00000       0.00000     0.00000     0.00000     0.00000     0.00000     0.00000       0.00000     0.00000     0.00000     0.00000     0.00000     0.00000
  13   5   3   0     1      22.6495      28.7523        0.0000       -0.9561     0.99985            0.70325       0.00000       0.00000     0.00000     0.00000     0.00000     0.00000     0.00000       0.00000     0.00000     0.00000     0.00000     0.00000     0.00000
  11   9   1   0     1     467.5958     506.4270        0.0000       -3.4316     0.99732            0.70325       0.00000       0.00000     0.00000     0.00000     0.00000     0.00000     0.00000       0.00000     0.00000     0.00000     0.00000     0.00000     0.00000
  14   2   2   0     1     135.5432     165.9023        0.0000       -5.3369     0.99912            0.70498       0.00000       0.00000     0.00000     0.00000     0.00000     0.00000     0.00000       0.00000     0.00000     0.00000     0.00000     0.00000     0.00000
  10  10   2   0     1     111.2981     165.9028        0.0000      -10.8569     0.99912            0.70498       0.00000       0.00000     0.00000     0.00000     0.00000     0.00000     0.00000       0.00000     0.00000     0.00000     0.00000     0.00000     0.00000
  12   8   0   0     1     143.5622     236.2599        0.0000      -16.2865     0.99876            0.71186       0.00000       0.00000     0.00000     0.00000     0.00000     0.00000     0.00000       0.00000     0.00000     0.00000     0.00000     0.00000     0.00000
  11   9   3   0     1     624.4188     732.2466        0.0000       -8.6636     0.99617            0.71697       0.00000       0.00000     0.00000     0.00000     0.00000     0.00000     0.00000       0.00000     0.00000     0.00000     0.00000     0.00000     0.00000
   9   9   7   0     1     533.1500     558.2761        0.0000       -2.2392     0.99708            0.71697       0.00000       0.00000     0.00000     0.00000     0.00000     0.00000     0.00000       0.00000     0.00000     0.00000     0.00000     0.00000     0.00000
  12   8   2   0     1      10.4581       0.0000        0.0000        1.5609     1.00000            0.71867       0.00000       0.00000     0.00000     0.00000     0.00000     0.00000     0.00000       0.00000     0.00000     0.00000     0.00000     0.00000     0.00000
  10  10   4   0     1    2155.8782    2868.2944        0.0000      -18.8285     0.98517            0.72542       0.00000       0.00000     0.00000     0.00000     0.00000     0.00000     0.00000       0.00000     0.00000     0.00000     0.00000     0.00000     0.00000
  12   6   6   0     1       7.6967       0.2232        0.0000        0.4217     1.00000            0.72542       0.00000       0.00000     0.00000     0.00000     0.00000     0.00000     0.00000       0.00000     0.00000     0.00000     0.00000     0.00000     0.00000
  14   4   2   0     1     105.0912     129.1235        0.0000       -1.3788     0.99933            0.72542       0.00000       0.00000     0.00000     0.00000     0.00000     0.00000     0.00000       0.00000     0.00000     0.00000     0.00000     0.00000     0.00000
  13   5   5   0     1     587.6577     842.9954        0.0000      -18.8122     0.99563            0.73044       0.00000       0.00000     0.00000     0.00000     0.00000     0.00000     0.00000       0.00000     0.00000     0.00000     0.00000     0.00000     0.00000
  11   7   7   0     1     152.2555     126.3763        0.0000        2.9682     0.99934            0.73044       0.00000       0.00000     0.00000     0.00000     0.00000     0.00000     0.00000       0.00000     0.00000     0.00000     0.00000     0.00000     0.00000
  13   7   1   0     1      17.2751      30.3894        0.0000       -1.3981     0.99984            0.73044       0.00000       0.00000     0.00000     0.00000     0.00000     0.00000     0.00000       0.00000     0.00000     0.00000     0.00000     0.00000     0.00000
  12   8   4   0     1       2.8080       1.8399        0.0000        0.1520     0.99999            0.73873       0.00000       0.00000     0.00000     0.00000     0.00000     0.00000     0.00000       0.00000     0.00000     0.00000     0.00000     0.00000     0.00000
  13   7   3   0     1    2101.8381    2995.9934        0.0000      -27.8197     0.98470            0.74366       0.00000       0.00000     0.00000     0.00000     0.00000     0.00000     0.00000       0.00000     0.00000     0.00000     0.00000     0.00000     0.00000
  15   1   1   0     1      21.4748      13.8407        0.0000        0.4572     0.99993            0.74366       0.00000       0.00000     0.00000     0.00000     0.00000     0.00000     0.00000       0.00000     0.00000     0.00000     0.00000     0.00000     0.00000
  11   9   5   0     1      16.9701      11.4007        0.0000        0.3130     0.99994            0.74366       0.00000       0.00000     0.00000     0.00000     0.00000     0.00000     0.00000       0.00000     0.00000     0.00000     0.00000     0.00000     0.00000
  10   8   8   0     1       3.9106       0.0000        0.0000        0.5615     1.00000            0.74529       0.00000       0.00000     0.00000     0.00000     0.00000     0.00000     0.00000       0.00000     0.00000     0.00000     0.00000     0.00000     0.00000
  14   4   4   0     1       6.3243       0.0000        0.0000        0.8955     1.00000            0.74529       0.00000       0.00000     0.00000     0.00000     0.00000     0.00000     0.00000       0.00000     0.00000     0.00000     0.00000     0.00000     0.00000
  14   6   0   0     1    1277.8949    1801.2523        0.0000      -32.5471     0.99082            0.75180       0.00000       0.00000     0.00000     0.00000     0.00000     0.00000     0.00000       0.00000     0.00000     0.00000     0.00000     0.00000     0.00000
  15   3   1   0     1     173.7919     300.8719        0.0000      -18.5510     0.99846            0.75665       0.00000       0.00000     0.00000     0.00000     0.00000     0.00000     0.00000       0.00000     0.00000     0.00000     0.00000     0.00000     0.00000
  10  10   6   0     1     148.4994     165.9059        0.0000       -2.9948     0.99915            0.75826       0.00000       0.00000     0.00000     0.00000     0.00000     0.00000     0.00000       0.00000     0.00000     0.00000     0.00000     0.00000     0.00000
  14   6   2   0     1      96.6851     165.9066        0.0000      -14.4794     0.99915            0.75826       0.00000       0.00000     0.00000     0.00000     0.00000     0.00000     0.00000       0.00000     0.00000     0.00000     0.00000     0.00000     0.00000
  13   7   5   0     1     743.1557     982.5488        0.0000      -14.8916     0.99503            0.76942       0.00000       0.00000     0.00000     0.00000     0.00000     0.00000     0.00000       0.00000     0.00000     0.00000     0.00000     0.00000     0.00000
  11  11   1   0     1     253.0292     312.8562        0.0000       -4.2428     0.99841            0.76942       0.00000       0.00000     0.00000     0.00000     0.00000     0.00000     0.00000       0.00000     0.00000     0.00000     0.00000     0.00000     0.00000
  15   3   3   0     1     801.3929    1036.9966        0.0000      -13.1256     0.99476            0.76942       0.00000       0.00000     0.00000     0.00000     0.00000     0.00000     0.00000       0.00000     0.00000     0.00000     0.00000     0.00000     0.00000
   9   9   9   0     1       9.2930      31.2415        0.0000       -1.8397     0.99984            0.76942       0.00000       0.00000     0.00000     0.00000     0.00000     0.00000     0.00000       0.00000     0.00000     0.00000     0.00000     0.00000     0.00000
  12   8   6   0     1       5.7886       0.0000        0.0000        0.8970     1.00000            0.77100       0.00000       0.00000     0.00000     0.00000     0.00000     0.00000     0.00000       0.00000     0.00000     0.00000     0.00000     0.00000     0.00000
  14   6   4   0     1     799.8103     949.5895        0.0000      -14.8106     0.99522            0.77730       0.00000       0.00000     0.00000     0.00000     0.00000     0.00000     0.00000       0.00000     0.00000     0.00000     0.00000     0.00000     0.00000
  12  10   2   0     1      16.6109      26.3145        0.0000       -1.5346     0.99987            0.77730       0.00000       0.00000     0.00000     0.00000     0.00000     0.00000     0.00000       0.00000     0.00000     0.00000     0.00000     0.00000     0.00000
  15   5   1   0     1    1196.2526    1674.5602        0.0000      -23.1466     0.99160            0.78198       0.00000       0.00000     0.00000     0.00000     0.00000     0.00000     0.00000       0.00000     0.00000     0.00000     0.00000     0.00000     0.00000
  13   9   1   0     1      77.6526     157.6160        0.0000       -6.9068     0.99921            0.78198       0.00000       0.00000     0.00000     0.00000     0.00000     0.00000     0.00000       0.00000     0.00000     0.00000     0.00000     0.00000     0.00000
  11  11   3   0     1       0.1226      11.4076        0.0000       -2.4072     0.99994            0.78198       0.00000       0.00000     0.00000     0.00000     0.00000     0.00000     0.00000       0.00000     0.00000     0.00000     0.00000     0.00000     0.00000
  11   9   7   0     1      36.2448      46.5995        0.0000       -2.7667     0.99977            0.78198       0.00000       0.00000     0.00000     0.00000     0.00000     0.00000     0.00000       0.00000     0.00000     0.00000     0.00000     0.00000     0.00000
  16   0   0   0     1    2281.3191    3591.7517        0.0000      -27.3030     0.98213            0.78973       0.00000       0.00000     0.00000     0.00000     0.00000     0.00000     0.00000       0.00000     0.00000     0.00000     0.00000     0.00000     0.00000
  13   9   3   0     1    1012.6861    1366.0388        0.0000      -17.8502     0.99318            0.79435       0.00000       0.00000     0.00000     0.00000     0.00000     0.00000     0.00000       0.00000     0.00000     0.00000     0.00000     0.00000     0.00000
  15   5   3   0     1      73.0685      73.1056        0.0000       -0.0026     0.99963            0.79435       0.00000       0.00000     0.00000     0.00000     0.00000     0.00000     0.00000       0.00000     0.00000     0.00000     0.00000     0.00000     0.00000
  12  10   4   0     1       4.7657       0.0000        0.0000        0.6779     1.00000            0.79588       0.00000       0.00000     0.00000     0.00000     0.00000     0.00000     0.00000       0.00000     0.00000     0.00000     0.00000     0.00000     0.00000
  10  10   8   0     1     708.9425    1100.4886        0.0000      -19.0213     0.99452            0.80198       0.00000       0.00000     0.00000     0.00000     0.00000     0.00000     0.00000       0.00000     0.00000     0.00000     0.00000     0.00000     0.00000
  14   8   2   0     1      66.2456      86.9377        0.0000       -2.5732     0.99957            0.80198       0.00000       0.00000     0.00000     0.00000     0.00000     0.00000     0.00000       0.00000     0.00000     0.00000     0.00000     0.00000     0.00000
  16   2   2   0     1     355.8104     477.4062        0.0000      -13.9325     0.99762            0.80198       0.00000       0.00000     0.00000     0.00000     0.00000     0.00000     0.00000       0.00000     0.00000     0.00000     0.00000     0.00000     0.00000
  13   7   7   0     1     338.0038     449.2839        0.0000      -10.3581     0.99776            0.80652       0.00000       0.00000     0.00000     0.00000     0.00000     0.00000     0.00000       0.00000     0.00000     0.00000     0.00000     0.00000     0.00000
  11  11   5   0     1     460.0088     732.4390        0.0000      -15.0778     0.99635            0.80652       0.00000       0.00000     0.00000     0.00000     0.00000     0.00000     0.00000       0.00000     0.00000     0.00000     0.00000     0.00000     0.00000
  14   6   6   0     1     142.0896     165.9105        0.0000       -4.0214     0.99917            0.80803       0.00000       0.00000     0.00000     0.00000     0.00000     0.00000     0.00000       0.00000     0.00000     0.00000     0.00000     0.00000     0.00000
  16   4   0   0     1     484.0079     525.5175        0.0000       -3.4011     0.99739            0.81404       0.00000       0.00000     0.00000     0.00000     0.00000     0.00000     0.00000       0.00000     0.00000     0.00000     0.00000     0.00000     0.00000
  15   7   1   0     1     296.3522     376.7183        0.0000      -10.8529     0.99813            0.81852       0.00000       0.00000     0.00000     0.00000     0.00000     0.00000     0.00000       0.00000     0.00000     0.00000     0.00000     0.00000     0.00000
  15   5   5   0     1     135.2490     230.2809        0.0000      -14.3120     0.99886            0.81852       0.00000       0.00000     0.00000     0.00000     0.00000     0.00000     0.00000       0.00000     0.00000     0.00000     0.00000     0.00000     0.00000
  13   9   5   0     1      67.1565     178.0975        0.0000      -17.8115     0.99912            0.81852       0.00000       0.00000     0.00000     0.00000     0.00000     0.00000     0.00000       0.00000     0.00000     0.00000     0.00000     0.00000     0.00000
  16   4   2   0     1       0.4130       0.0000        0.0000        0.0686     1.00000            0.82000       0.00000       0.00000     0.00000     0.00000     0.00000     0.00000     0.00000       0.00000     0.00000     0.00000     0.00000     0.00000     0.00000
  14   8   4   0     1       0.6195       0.0000        0.0000        0.1040     1.00000            0.82000       0.00000       0.00000     0.00000     0.00000     0.00000     0.00000     0.00000       0.00000     0.00000     0.00000     0.00000     0.00000     0.00000
  12  10   6   0     1     156.6047     206.9223        0.0000       -8.3262     0.99898            0.82592       0.00000       0.00000     0.00000     0.00000     0.00000     0.00000     0.00000       0.00000     0.00000     0.00000     0.00000     0.00000     0.00000
  11   9   9   0     1     406.6829     618.1051        0.0000      -19.3552     0.99695            0.83034       0.00000       0.00000     0.00000     0.00000     0.00000     0.00000     0.00000       0.00000     0.00000     0.00000     0.00000     0.00000     0.00000
  15   7   3   0     1      10.0451       2.7292        0.0000        0.6266     0.99999            0.83034       0.00000       0.00000     0.00000     0.00000     0.00000     0.00000     0.00000       0.00000     0.00000     0.00000     0.00000     0.00000     0.00000
  16   4   4   0     1     889.3516    1358.2367        0.0000      -16.7428     0.99332            0.83764       0.00000       0.00000     0.00000     0.00000     0.00000     0.00000     0.00000       0.00000     0.00000     0.00000     0.00000     0.00000     0.00000
  12  12   0   0     1      48.4913      40.7400        0.0000        0.7717     0.99980            0.83764       0.00000       0.00000     0.00000     0.00000     0.00000     0.00000     0.00000       0.00000     0.00000     0.00000     0.00000     0.00000     0.00000
  13  11   1   0     1     515.3911     763.1076        0.0000      -20.4405     0.99624            0.84199       0.00000       0.00000     0.00000     0.00000     0.00000     0.00000     0.00000       0.00000     0.00000     0.00000     0.00000     0.00000     0.00000
  11  11   7   0     1     540.7250    1110.0540        0.0000      -46.5953     0.99454            0.84199       0.00000       0.00000     0.00000     0.00000     0.00000     0.00000     0.00000       0.00000     0.00000     0.00000     0.00000     0.00000     0.00000
  17   1   1   0     1     547.7704     859.9938        0.0000      -15.1231     0.99577            0.84199       0.00000       0.00000     0.00000     0.00000     0.00000     0.00000     0.00000       0.00000     0.00000     0.00000     0.00000     0.00000     0.00000
  12  12   2   0     1      26.2629       0.0000        0.0000        3.0315     1.00000            0.84344       0.00000       0.00000     0.00000     0.00000     0.00000     0.00000     0.00000       0.00000     0.00000     0.00000     0.00000     0.00000     0.00000
  14  10   0   0     1    2187.1519    3253.9258        0.0000      -35.4509     0.98411            0.84919       0.00000       0.00000     0.00000     0.00000     0.00000     0.00000     0.00000       0.00000     0.00000     0.00000     0.00000     0.00000     0.00000
  16   6   2   0     1       7.7465       5.5384        0.0000        0.1122     0.99997            0.84919       0.00000       0.00000     0.00000     0.00000     0.00000     0.00000     0.00000       0.00000     0.00000     0.00000     0.00000     0.00000     0.00000
  14   8   6   0     1      64.3002     103.9091        0.0000       -4.2092     0.99949            0.84919       0.00000       0.00000     0.00000     0.00000     0.00000     0.00000     0.00000       0.00000     0.00000     0.00000     0.00000     0.00000     0.00000
  13   9   7   0     1      11.6539       9.9059        0.0000        0.2018     0.99995            0.85349       0.00000       0.00000     0.00000     0.00000     0.00000     0.00000     0.00000       0.00000     0.00000     0.00000     0.00000     0.00000     0.00000
  17   3   1   0     1      50.1850      69.0076        0.0000       -2.3287     0.99966            0.85349       0.00000       0.00000     0.00000     0.00000     0.00000     0.00000     0.00000       0.00000     0.00000     0.00000     0.00000     0.00000     0.00000
  15   7   5   0     1     374.3065     642.4907        0.0000      -30.5519     0.99684            0.85349       0.00000       0.00000     0.00000     0.00000     0.00000     0.00000     0.00000       0.00000     0.00000     0.00000     0.00000     0.00000     0.00000
  13  11   3   0     1      30.6726      43.5118        0.0000       -1.5835     0.99979            0.85349       0.00000       0.00000     0.00000     0.00000     0.00000     0.00000     0.00000       0.00000     0.00000     0.00000     0.00000     0.00000     0.00000
  14  10   2   0     1     109.6739     165.9121        0.0000      -11.1130     0.99918            0.85491       0.00000       0.00000     0.00000     0.00000     0.00000     0.00000     0.00000       0.00000     0.00000     0.00000     0.00000     0.00000     0.00000
  10  10  10   0     1     100.7550     165.9147        0.0000      -11.5123     0.99918            0.85491       0.00000       0.00000     0.00000     0.00000     0.00000     0.00000     0.00000       0.00000     0.00000     0.00000     0.00000     0.00000     0.00000
  12  12   4   0     1     504.4615     964.8936        0.0000      -32.0711     0.99527            0.86059       0.00000       0.00000     0.00000     0.00000     0.00000     0.00000     0.00000       0.00000     0.00000     0.00000     0.00000     0.00000     0.00000
  17   3   3   0     1    1812.5647    3304.6772        0.0000       -3.9948     0.98390            0.86483       0.00000       0.00000     0.00000     0.00000     0.00000     0.00000     0.00000       0.00000     0.00000     0.00000     0.00000     0.00000     0.00000
  15   9   1   0     1       2.6081       1.8354        0.0000        0.0416     0.99999            0.86483       0.00000       0.00000     0.00000     0.00000     0.00000     0.00000     0.00000       0.00000     0.00000     0.00000     0.00000     0.00000     0.00000
  12  10   8   0     1      13.5403       0.0000        0.0000        1.3228     1.00000            0.86624       0.00000       0.00000     0.00000     0.00000     0.00000     0.00000     0.00000       0.00000     0.00000     0.00000     0.00000     0.00000     0.00000
  16   6   4   0     1       4.9083       0.0000        0.0000        0.6067     1.00000            0.86624       0.00000       0.00000     0.00000     0.00000     0.00000     0.00000     0.00000       0.00000     0.00000     0.00000     0.00000     0.00000     0.00000
  14  10   4   0     1    1167.5333    2072.2434        0.0000      -52.2751     0.98988            0.87184       0.00000       0.00000     0.00000     0.00000     0.00000     0.00000     0.00000       0.00000     0.00000     0.00000     0.00000     0.00000     0.00000
  13  11   5   0     1     218.7551     293.3027        0.0000       -5.0082     0.99856            0.87602       0.00000       0.00000     0.00000     0.00000     0.00000     0.00000     0.00000       0.00000     0.00000     0.00000     0.00000     0.00000     0.00000
  15   9   3   0     1     267.0351     388.3205        0.0000       -7.8371     0.99810            0.87602       0.00000       0.00000     0.00000     0.00000     0.00000     0.00000     0.00000       0.00000     0.00000     0.00000     0.00000     0.00000     0.00000
  17   5   1   0     1     125.0758     237.7137        0.0000      -20.6929     0.99883            0.87602       0.00000       0.00000     0.00000     0.00000     0.00000     0.00000     0.00000       0.00000     0.00000     0.00000     0.00000     0.00000     0.00000
  16   8   0   0     1     471.4993     782.8307        0.0000       -6.2405     0.99617            0.88295       0.00000       0.00000     0.00000     0.00000     0.00000     0.00000     0.00000       0.00000     0.00000     0.00000     0.00000     0.00000     0.00000
  15   7   7   0     1     651.6143    1227.0176        0.0000      -37.7217     0.99400            0.88708       0.00000       0.00000     0.00000     0.00000     0.00000     0.00000     0.00000       0.00000     0.00000     0.00000     0.00000     0.00000     0.00000
  17   5   3   0     1     699.3832    1164.2904        0.0000      -23.4156     0.99431            0.88708       0.00000       0.00000     0.00000     0.00000     0.00000     0.00000     0.00000       0.00000     0.00000     0.00000     0.00000     0.00000     0.00000
  11  11   9   0     1     196.8183     234.9270        0.0000       -3.8752     0.99885            0.88708       0.00000       0.00000     0.00000     0.00000     0.00000     0.00000     0.00000       0.00000     0.00000     0.00000     0.00000     0.00000     0.00000
  16   8   2   0     1      17.5671       0.0000        0.0000        2.0488     1.00000            0.88845       0.00000       0.00000     0.00000     0.00000     0.00000     0.00000     0.00000       0.00000     0.00000     0.00000     0.00000     0.00000     0.00000
  14   8   8   0     1       9.3270       0.0000        0.0000        1.1863     1.00000            0.88845       0.00000       0.00000     0.00000     0.00000     0.00000     0.00000     0.00000       0.00000     0.00000     0.00000     0.00000     0.00000     0.00000
  12  12   6   0     1       6.8138       0.0000        0.0000        0.7479     1.00000            0.88845       0.00000       0.00000     0.00000     0.00000     0.00000     0.00000     0.00000       0.00000     0.00000     0.00000     0.00000     0.00000     0.00000
  16   6   6   0     1     200.7956     294.3445        0.0000      -11.8717     0.99856            0.89392       0.00000       0.00000     0.00000     0.00000     0.00000     0.00000     0.00000       0.00000     0.00000     0.00000     0.00000     0.00000     0.00000
  18   2   0   0     1      24.2069       4.0151        0.0000        1.9563     0.99998            0.89392       0.00000       0.00000     0.00000     0.00000     0.00000     0.00000     0.00000       0.00000     0.00000     0.00000     0.00000     0.00000     0.00000
  15   9   5   0     1    1035.1714    1871.5248        0.0000       -5.2358     0.99087            0.89800       0.00000       0.00000     0.00000     0.00000     0.00000     0.00000     0.00000       0.00000     0.00000     0.00000     0.00000     0.00000     0.00000
  13   9   9   0     1     118.5448     222.5180        0.0000       -6.7273     0.99891            0.89800       0.00000       0.00000     0.00000     0.00000     0.00000     0.00000     0.00000       0.00000     0.00000     0.00000     0.00000     0.00000     0.00000
  14  10   6   0     1      69.1974     165.9133        0.0000      -13.2057     0.99919            0.89935       0.00000       0.00000     0.00000     0.00000     0.00000     0.00000     0.00000       0.00000     0.00000     0.00000     0.00000     0.00000     0.00000
  18   2   2   0     1      70.0710     165.9115        0.0000       -8.1760     0.99919            0.89935       0.00000       0.00000     0.00000     0.00000     0.00000     0.00000     0.00000       0.00000     0.00000     0.00000     0.00000     0.00000     0.00000
  16   8   4   0     1      34.1798      89.9643        0.0000       -6.9249     0.99956            0.90475       0.00000       0.00000     0.00000     0.00000     0.00000     0.00000     0.00000       0.00000     0.00000     0.00000     0.00000     0.00000     0.00000
  17   7   1   0     1    1108.8405    2013.5557        0.0000      -17.5459     0.99017            0.90878       0.00000       0.00000     0.00000     0.00000     0.00000     0.00000     0.00000       0.00000     0.00000     0.00000     0.00000     0.00000     0.00000
  17   5   5   0     1      39.7098     109.8502        0.0000       -4.5842     0.99946            0.90878       0.00000       0.00000     0.00000     0.00000     0.00000     0.00000     0.00000       0.00000     0.00000     0.00000     0.00000     0.00000     0.00000
  13  11   7   0     1    1245.7976    1864.9764        0.0000      -35.7789     0.99089            0.90878       0.00000       0.00000     0.00000     0.00000     0.00000     0.00000     0.00000       0.00000     0.00000     0.00000     0.00000     0.00000     0.00000
  13  13   1   0     1     790.6947    1407.8464        0.0000      -36.6543     0.99312            0.90878       0.00000       0.00000     0.00000     0.00000     0.00000     0.00000     0.00000       0.00000     0.00000     0.00000     0.00000     0.00000     0.00000
  14  12   2   0     1     121.2231     177.6469        0.0000       -6.4484     0.99913            0.91546       0.00000       0.00000     0.00000     0.00000     0.00000     0.00000     0.00000       0.00000     0.00000     0.00000     0.00000     0.00000     0.00000
  18   4   2   0     1      46.5794      94.9054        0.0000       -4.8789     0.99953            0.91546       0.00000       0.00000     0.00000     0.00000     0.00000     0.00000     0.00000       0.00000     0.00000     0.00000     0.00000     0.00000     0.00000
  12  10  10   0     1     632.8853     852.3849        0.0000      -10.5466     0.99582            0.91546       0.00000       0.00000     0.00000     0.00000     0.00000     0.00000     0.00000       0.00000     0.00000     0.00000     0.00000     0.00000     0.00000
  13  13   3   0     1     252.1584     274.2500        0.0000       -2.3596     0.99865            0.91944       0.00000       0.00000     0.00000     0.00000     0.00000     0.00000     0.00000       0.00000     0.00000     0.00000     0.00000     0.00000     0.00000
  17   7   3   0     1     321.9037     575.1167        0.0000      -18.3324     0.99718            0.91944       0.00000       0.00000     0.00000     0.00000     0.00000     0.00000     0.00000       0.00000     0.00000     0.00000     0.00000     0.00000     0.00000
  15  11   1   0     1     340.2429     845.3235        0.0000      -45.0293     0.99586            0.91944       0.00000       0.00000     0.00000     0.00000     0.00000     0.00000     0.00000       0.00000     0.00000     0.00000     0.00000     0.00000     0.00000
  12  12   8   0     1     408.8684     676.7476        0.0000      -17.8307     0.99668            0.92604       0.00000       0.00000     0.00000     0.00000     0.00000     0.00000     0.00000       0.00000     0.00000     0.00000     0.00000     0.00000     0.00000
  15  11   3   0     1     230.5712     419.8470        0.0000      -23.1862     0.99794            0.92998       0.00000       0.00000     0.00000     0.00000     0.00000     0.00000     0.00000       0.00000     0.00000     0.00000     0.00000     0.00000     0.00000
  15   9   7   0     1     211.3878     290.6855        0.0000       -9.7778     0.99857            0.92998       0.00000       0.00000     0.00000     0.00000     0.00000     0.00000     0.00000       0.00000     0.00000     0.00000     0.00000     0.00000     0.00000
  16   8   6   0     1       0.9510       0.0000        0.0000        0.1015     1.00000            0.93129       0.00000       0.00000     0.00000     0.00000     0.00000     0.00000     0.00000       0.00000     0.00000     0.00000     0.00000     0.00000     0.00000
  14  12   4   0     1       3.2415       0.0000        0.0000        0.3814     1.00000            0.93129       0.00000       0.00000     0.00000     0.00000     0.00000     0.00000     0.00000       0.00000     0.00000     0.00000     0.00000     0.00000     0.00000
  18   4   4   0     1      11.4682       0.0000        0.0000        1.2672     1.00000            0.93129       0.00000       0.00000     0.00000     0.00000     0.00000     0.00000     0.00000       0.00000     0.00000     0.00000     0.00000     0.00000     0.00000
  14  10   8   0     1     478.7053     626.1089        0.0000      -11.6272     0.99692            0.93651       0.00000       0.00000     0.00000     0.00000     0.00000     0.00000     0.00000       0.00000     0.00000     0.00000     0.00000     0.00000     0.00000
  18   6   0   0     1     386.9393     462.3181        0.0000       -7.5748     0.99772            0.93651       0.00000       0.00000     0.00000     0.00000     0.00000     0.00000     0.00000       0.00000     0.00000     0.00000     0.00000     0.00000     0.00000
  16  10   2   0     1      96.3516     156.4086        0.0000       -9.2745     0.99923            0.93651       0.00000       0.00000     0.00000     0.00000     0.00000     0.00000     0.00000       0.00000     0.00000     0.00000     0.00000     0.00000     0.00000
  17   7   5   0     1       9.6315       0.0784        0.0000        0.8887     1.00000            0.94040       0.00000       0.00000     0.00000     0.00000     0.00000     0.00000     0.00000       0.00000     0.00000     0.00000     0.00000     0.00000     0.00000
  19   1   1   0     1     376.4738     736.0377        0.0000      -32.0610     0.99638            0.94040       0.00000       0.00000     0.00000     0.00000     0.00000     0.00000     0.00000       0.00000     0.00000     0.00000     0.00000     0.00000     0.00000
  13  13   5   0     1      10.4966      51.3067        0.0000       -4.0175     0.99975            0.94040       0.00000       0.00000     0.00000     0.00000     0.00000     0.00000     0.00000       0.00000     0.00000     0.00000     0.00000     0.00000     0.00000
  11  11  11   0     1     112.0977     229.3685        0.0000      -17.5687     0.99887            0.94040       0.00000       0.00000     0.00000     0.00000     0.00000     0.00000     0.00000       0.00000     0.00000     0.00000     0.00000     0.00000     0.00000
  18   6   2   0     1      85.2351     165.9124        0.0000       -5.6720     0.99918            0.94170       0.00000       0.00000     0.00000     0.00000     0.00000     0.00000     0.00000       0.00000     0.00000     0.00000     0.00000     0.00000     0.00000
  19   3   1   0     1     305.3999     503.5029        0.0000      -18.2471     0.99751            0.95071       0.00000       0.00000     0.00000     0.00000     0.00000     0.00000     0.00000       0.00000     0.00000     0.00000     0.00000     0.00000     0.00000
  17   9   1   0     1     359.4543     727.5786        0.0000      -31.9911     0.99641            0.95071       0.00000       0.00000     0.00000     0.00000     0.00000     0.00000     0.00000       0.00000     0.00000     0.00000     0.00000     0.00000     0.00000
  13  11   9   0     1     427.5390     638.6135        0.0000      -18.7123     0.99684            0.95071       0.00000       0.00000     0.00000     0.00000     0.00000     0.00000     0.00000       0.00000     0.00000     0.00000     0.00000     0.00000     0.00000
  15  11   5   0     1       4.1747      10.3945        0.0000       -0.9274     0.99995            0.95071       0.00000       0.00000     0.00000     0.00000     0.00000     0.00000     0.00000       0.00000     0.00000     0.00000     0.00000     0.00000     0.00000
  16  10   4   0     1       5.4459       0.0000        0.0000        0.5164     1.00000            0.95199       0.00000       0.00000     0.00000     0.00000     0.00000     0.00000     0.00000       0.00000     0.00000     0.00000     0.00000     0.00000     0.00000
  18   6   4   0     1      59.6674      95.5650        0.0000       -3.9397     0.99953            0.95709       0.00000       0.00000     0.00000     0.00000     0.00000     0.00000     0.00000       0.00000     0.00000     0.00000     0.00000     0.00000     0.00000
  14  12   6   0     1      43.3857      38.2853        0.0000        0.5539     0.99981            0.95709       0.00000       0.00000     0.00000     0.00000     0.00000     0.00000     0.00000       0.00000     0.00000     0.00000     0.00000     0.00000     0.00000
  19   3   3   0     1      23.8039       1.9250        0.0000        2.3816     0.99999            0.96090       0.00000       0.00000     0.00000     0.00000     0.00000     0.00000     0.00000       0.00000     0.00000     0.00000     0.00000     0.00000     0.00000
  17   9   3   0     1      48.7587      35.3112        0.0000        1.7389     0.99982            0.96090       0.00000       0.00000     0.00000     0.00000     0.00000     0.00000     0.00000       0.00000     0.00000     0.00000     0.00000     0.00000     0.00000
  16   8   8   0     1      29.3063      19.4314        0.0000        0.7803     0.99990            0.96722       0.00000       0.00000     0.00000     0.00000     0.00000     0.00000     0.00000       0.00000     0.00000     0.00000     0.00000     0.00000     0.00000
  17   7   7   0     1    1601.5154    3630.4995        0.0000       -3.2263     0.98205            0.97099       0.00000       0.00000     0.00000     0.00000     0.00000     0.00000     0.00000       0.00000     0.00000     0.00000     0.00000     0.00000     0.00000
  13  13   7   0     1    1176.0896    2807.4719        0.0000       -3.9348     0.98609            0.97099       0.00000       0.00000     0.00000     0.00000     0.00000     0.00000     0.00000       0.00000     0.00000     0.00000     0.00000     0.00000     0.00000
  19   5   1   0     1       0.8334       1.6093        0.0000       -0.0380     0.99999            0.97099       0.00000       0.00000     0.00000     0.00000     0.00000     0.00000     0.00000       0.00000     0.00000     0.00000     0.00000     0.00000     0.00000
  15   9   9   0     1      10.9864       1.0218        0.0000        1.2355     0.99999            0.97099       0.00000       0.00000     0.00000     0.00000     0.00000     0.00000     0.00000       0.00000     0.00000     0.00000     0.00000     0.00000     0.00000
  12  12  10   0     1      14.4074       0.0000        0.0000        1.2660     1.00000            0.97225       0.00000       0.00000     0.00000     0.00000     0.00000     0.00000     0.00000       0.00000     0.00000     0.00000     0.00000     0.00000     0.00000

     -----------------------------------------------------
     R-Factors and Chi2 for Integrated Intensity Pattern #  1
     -----------------------------------------------------
 => Phase:  1
 =>    RF2 -factor :   37.8    
 =>    RF2w-factor :   34.6    
 =>    RF  -factor :   19.0    
 =>    Chi2(Intens):   182.    
 =>  N_eff Reflect.:    220 with I >  0.00 sigma

     -----------------------------------------------------------------
      SYMBOLIC NAMES AND FINAL VALUES AND SIGMA OF REFINED PARAMETERS:
     -----------------------------------------------------------------


 ------------------------------------------------------------------
 => Number of bytes for floating point variables: 4
 => Dimensions of dynamic allocated arrays in this run of FullProf:
 ------------------------------------------------------------------

 => Total approximate array memory (dynamic + static): 132451053 bytes

    MaxPOINT=    80000 Max.num. of points(+int. Inten.)/diffraction pattern       
    MaxREFLT=    25000 Max.num. of reflections/diffraction pattern               
    MaxPARAM=      500 Max.num. of refinable parameters                          
    MaxOVERL=     9000 Max.num. of overlapping reflections                       

 ----------------------------------------------------------
 => Number of bytes for floating point arrays: 4
 => Dimensions of fixed arrays in this release of FullProf:
 ----------------------------------------------------------

    NPATT   =       80 Max.num. of powder diffraction patterns                    
    NATS    =      830 Max.num. of atoms (all kind) in asymmetric unit            
    MPAR    =     1800 Max.num. of non atomic parameters/phase                    
    IEXCL   =       30 Max.num. of excluded regions                               
    IBACP   =      377 Max.num. of background points for interpolation            
    NPHT    =       16 Max.num. of phases                                         
    NMAGM   =        8 Max.num. of rotation-matrices sets for magnetic structure  
    NBASIS  =       12 Max.num. of basis functions associated to a single atom    
    NIREPS  =        9 Max.num. of irreducible representations to be combined     
    N_EQ    =      384 Max.num. of user-supplied symmetry operators/propagation vectors
    NGL     =      400 Max.num. of global parameters/diffraction pattern          
    N_LINC  =       50 Max.num. of global linear restraints                        
    NAT_P   =       80 Max.num. of atomic parameters per atom                     
    NCONST  =     3500 Max.num. of slack constraints per phase                    
    N_SPE   =       30 Max.num. of different chemical species                     
    N_FORM  =       60 Max.num. of scattering factor values in a table            
    NPR     =      150 Max.num. of points defining a numerical profile            
    INPR    =       25 Max.num. of different numerical peak shapes                
    NPRC    =      150 Max.num. of terms in the table for correcting intensities  
    NSOL    =       10 Max.num. of solutions to be stored in Montecarlo searchs   

 
              CPU Time:     0.094 seconds
                            0.002 minutes

 => Run finished at:     Date: 01/07/2026  Time: 21:31:56.331                              
