

        **********************************************************
        ** PROGRAM FullProf.2k (Version 7.95 - Jan2023-ILL JRC) **
        **********************************************************
                       M U L T I -- P A T T E R N                 
            Rietveld, Profile Matching & Integrated Intensity     
                 Refinement of X-ray and/or Neutron Data


    Date: 06/06/2026  Time: 20:44:32.647                              

 => PCR file code: pbso4
 => DAT file code: pbso4.dat            -> Relative contribution: 1.0000                                                            

 ==> CONDITIONS OF THIS RUN FOR PATTERN No.:  1

 => Global Refinement of neutron powder data                                                                                        
 => Title: PbSO4 D1A(ILL),Rietveld Round Robin, R.J. Hill,JApC 25,589(1992)

 => Number of phases:    1
 => Number of excluded regions:    2
 => Number of scattering factors supplied:    0
 => Conventional weights: w=1.0/Variance(yobs)
 => Asymmetry correction as in J.Appl.Cryst. 26,128(1993)
 => Background linearly interpolated between the    8 points given
 => The    7th default profile function was selected
 => T-C-H Pseudo-Voigt function 
    This function is convoluted with asymmetry due to axial 
    divergence as formulated by: 
    van Laar and Yelon, J. Appl. Cryst. 17, 47(1984).
    and using the method of:
    Finger, Cox and Jephcoat, J. Appl. Cryst. 27, 892 (1994).
    Fortran 90 module adapted from function PROFVAL (in F77) : 
    L.W. Finger, J. Appl. Cryst. 31, 111 (1998).


 ==> INPUT/OUTPUT OPTIONS:

 => Output Obs and Calc intensities on last cycle
 => Generate file *.PRF for plot
 => Output Integrated Intensities
 => Generate new input file *.PCR

 => Data in D1A,D2B format as prepared by D1A(D2B)SUM for pattern:  1
 => Plot pattern at each cycle
 => Wavelengths:  1.91200 1.91200
 => Alpha2/Alpha1 ratio:   1.0000
 => Cos(Monochromator angle)=   0.0000
 => Asymmetry correction for angles lower than  160.000 degrees
 => Absorption correction (AC), muR-eff =   0.0000  0.0000
 => Base of peaks: 2.0*HW*   30.00

 => Number of cycles:  500
 => Relaxation factors ==>    for coordinates:  0.20
 => for anisotropic temperature factors:  0.20
 => for halfwidth/strain/size parameters:  0.20
 => for lattice constants and propagation vectors:  0.20
 => EPS-value for convergence:    0.1
 => Background ==> 
    Position   Intensity
       11.00      209.99      261.00
       15.00      196.76      271.00
       20.00      195.72      281.00
       30.00      190.75      291.00
       50.00      208.27      301.00
       70.00      202.09      311.00
      120.00      245.48      321.00
      153.00      224.83      331.00

 

 => Excluded regions for Pattern#  1
    From     to
      0.0000     10.0000
    155.4500    180.0000

 => Number of Least-Squares parameters varied:    37

 =>--------------------------->
 =>------->  PATTERN number:  1
 =>--------------------------->
 => Global parameters and codes ==>
 => Zero-point:    -0.0843   81.0000
 => Perpendicular Displacement parameter and code:     0.00    0.00
 => Parallel      Displacement parameter and code:     0.00    0.00

 => Reading Intensity data  =>>

 -> Heading of input data:

   ->   Title:  PbSO4 D1A(ILL)(Rietveld Refinement Round Robin, R.J. Hill, JApC 25, 589 (1992)                                                     

   ->    Step:  0.050
   ->   Thmin:   10.000
   -> Monitors:   10000.  10000.
 ==> Angular range, step and number of points:
     2Thmin:      10.000000  2Thmax:     155.449997  Step:       0.050000  No. of points:   2910
 --------------------------------------------------------------------------------
 => Phase  No. 1
       PbSO4                       VARY xyz b          BKG blue             
 --------------------------------------------------------------------------------
 =>-------> Pattern#  1
 => Crystal Structure Refinement
 => Preferred orientation vector:   0.0000  0.0000  1.0000

 =>-------> Data for PHASE: 1
 => Number of atoms:    5
 => Number of distance  constraints:    0
 => Number of angle     constraints:    0

 => Symmetry information on space group: P n m a             
 -> The multiplicity of the general position is:   8
 -> The space group is Centric (-1 at origin)   
 -> Lattice type  P: { 000 }                                       
 -> Reduced set of symmetry operators:

  No.  IT   Symmetry symbol    Rotation part     Associated Translation
   1: ( 1)   1            -->     ( x, y, z) + {  0.0000  0.0000  0.0000}
   2: ( 4)   2 ( x, 0, 0) -->     ( x,-y,-z) + {  0.5000  0.5000  0.5000}
   3: ( 3)   2 ( 0, y, 0) -->     (-x, y,-z) + {  0.0000  0.5000  0.0000}
   4: ( 2)   2 ( 0, 0, z) -->     (-x,-y, z) + {  0.5000  0.0000  0.5000}


        Information on Space Group: 
        --------------------------- 

 =>   Number of Space group:  62
 =>  Hermann-Mauguin Symbol: P n m a
 =>             Hall Symbol: -P 2ac 2n
 =>            Setting Type: IT (Generated from Hermann-Mauguin symbol)
 =>          Crystal System: Orthorhombic
 =>              Laue Class: mmm
 =>             Point Group: mmm
 =>         Bravais Lattice: P
 =>          Lattice Symbol: oP
 =>  Reduced Number of S.O.:   4
 =>    General multiplicity:   8
 =>          Centrosymmetry: Centric (-1 at origin)
 =>  Generators (exc. -1&L):   2
 =>         Asymmetric unit:  0.000 <= x <=  0.500
                              0.000 <= y <=  0.250
                              0.000 <= z <=  1.000
 => Centring vectors:  0
                                                                                                    

 => List of all Symmetry Operators and Symmetry Symbols

 => SYMM(  1): x,y,z                             Symbol: 1
 => SYMM(  2): x+1/2,-y+1/2,-z+1/2               Symbol: 2 (1/2,0,0) x,1/4,1/4
 => SYMM(  3): -x,y+1/2,-z                       Symbol: 2 (0,1/2,0) 0,y,0
 => SYMM(  4): -x+1/2,-y,z+1/2                   Symbol: 2 (0,0,1/2) 1/4,0,z
 => SYMM(  5): -x,-y,-z                          Symbol: -1 0,0,0
 => SYMM(  6): -x+1/2,y+1/2,z+1/2                Symbol: n (0,1/2,1/2) 1/4,y,z
 => SYMM(  7): x,-y+1/2,z                        Symbol: m x,1/4,z
 => SYMM(  8): x+1/2,y,-z+1/2                    Symbol: a x,y,1/4

 => Special Wyckoff Positions for P n m a
 
    Multp     Site        Representative Coordinates (centring translations excluded)
      4       c              x,1/4,z             x+1/2,1/4,-z+1/2    -x,3/4,-z                               
                             -x+1/2,3/4,z+1/2                                                                
 
      4       b              0,0,1/2             1/2,1/2,0           0,1/2,1/2                               
                             1/2,0,0                                                                         
 
      4       a              0,0,0               1/2,1/2,1/2         0,1/2,0                                 
                             1/2,0,1/2                                                                       
 

 => Initial parameters ==>
 Atom    Ntyp                  X         Y         Z         B         occ.         in  fin  Spc  Mult
                             B11       B22       B33       B12       B13       B23
 Pb     PB                 0.18752   0.25000   0.16705   1.39083   0.50000           0    0    1    4
                 Codes:  171.00000   0.00000 181.00000  41.00000   0.00000
 S      S                  0.06549   0.25000   0.68374   0.39372   0.50000           0    0    2    4
                 Codes:  191.00000   0.00000 201.00000  51.00000   0.00000
 O1     O                  0.90816   0.25000   0.59544   1.99362   0.50000           0    0    3    4
                 Codes:  211.00000   0.00000 221.00000  61.00000   0.00000
 O2     O                  0.19355   0.25000   0.54330   1.47816   0.50000           0    0    3    4
                 Codes:  231.00000   0.00000 241.00000  71.00000   0.00000
 O3     O                  0.08109   0.02727   0.80869   1.30171   1.00000           0    0    3    8
                 Codes:  251.00000 161.00000  31.00000  21.00000   0.00000

 => IT IS ASSUMED THAT THE FIRST GIVEN SITE IS FULLY OCCUPIED 
    OR THE FIRST AND SECOND ATOMS ARE IN THE SAME SITE WITH TOTAL FULL OCCUPATION
  (if this is not the case, change the order of atoms to obtain correct values for the content of the unit cell)
    The given occupation factors have been obtained mutiplying m/M by   1.0000
      -> Atom: PB  ,  Chemical element: PB  Atomic Mass:   207.2000
      -> Atom: S   ,  Chemical element: S   Atomic Mass:    32.0600
      -> Atom: O   ,  Chemical element: O   Atomic Mass:    15.9994
      -> Atom: O   ,  Chemical element: O   Atomic Mass:    15.9994
      -> Atom: O   ,  Chemical element: O   Atomic Mass:    15.9994
 => The given value of ATZ is       1213.03 the program has calculated:        1213.03
    The value of ATZ given in the input PCR file will be used for quantitative analysis
 => The chemical content of the unit cell is: 
       4.0000 PB   +   4.0000 S    +   4.0000 O    +   4.0000 O    +   8.0000 O      
 => The normalized site occupation numbers in % are: 
     100.0000 Pb     :      100.0000 S      :      100.0000 O1     :      100.0000 O2     :      100.0000 O3       
 => The density (volumic mass) of the compound is:    6.325 g/cm3

 =>-------> PROFILE PARAMETERS FOR PATTERN:  1

 => Overall scale factor:    1.46394    
 => ETA (p-Voigt) OR M (Pearson VII):   0.0000
 => Overall temperature factor:      0.00000
 => Halfwidth U,V,W:      0.15346    -0.45319     0.41944
 => X and Y parameters:       0.0000      0.0868
 => Direct cell parameters:    8.4795   5.3973   6.9590  90.0000  90.0000  90.0000
 => Preferred orientation parameters:   0.0000  0.0000
 => Asymmetry parameters     :      0.29460     0.02255    -0.10957     0.04956
 => Strain parameters        :      0.00000     0.00000     0.00000
 => Size   parameters        :      0.00000     0.00000
 => Further shape parameters (S_L and D_L):   0.00000   0.00000
    S_L is source width/detector distance
    D_L is detector width/detector distance

 ==> CODEWORDS FOR PROFILE PARAMETERS of PATTERN#  1

 => Overall scale factor:   11.000
 => ETA (p-Voigt) OR M (Pearson VII):    0.000
 => Overall temperature factor:    0.000
 => Halfwidth U,V,W:  121.000 131.000 141.000
 => X and Y parameters:    0.000 151.000
 => Direct cell parameters:   91.000 101.000 111.000   0.000   0.000   0.000
 => Preferred orientation parameters:    0.000   0.000
 => Asymmetry parameters     :  341.000 361.000 351.000 371.000
 => Strain parameters        :    0.000   0.000   0.000
 => Size   parameters        :    0.000   0.000

 => Cell constraints according to Laue symmetry: mmm  

        Metric information:
        -------------------

 => Direct cell parameters:

         a =       8.4795      b =       5.3973      c =       6.9590
     alpha =       90.000   beta =       90.000  gamma =       90.000
                        Direct Cell Volume =     318.4841

 => Reciprocal cell parameters:

         a*=     0.117931      b*=     0.185280      c*=     0.143699
     alpha*=       90.000   beta*=       90.000  gamma*=       90.000
                    Reciprocal Cell Volume =   0.00313987

 => Direct and Reciprocal Metric Tensors:

                   GD                                       GR
     71.9019      0.0000      0.0000          0.013908    0.000000    0.000000
      0.0000     29.1303      0.0000          0.000000    0.034328    0.000000
      0.0000      0.0000     48.4272          0.000000    0.000000    0.020650

 =>  Cartesian frame: x // a; z is along c*; y is within the ab-plane   

     Crystal_to_Orthonormal_Matrix              Orthonormal_to_Crystal Matrix
              Cr_Orth_cel                               Orth_Cr_cel  
      8.4795      0.0000      0.0000          0.117931   -0.000000   -0.000000
      0.0000      5.3973      0.0000          0.000000    0.185280   -0.000000
      0.0000      0.0000      6.9590          0.000000    0.000000    0.143699

     Busing-Levy B-matrix: Hc=B.H            Inverse of the Busing-Levy B-matrix
                BL_M                                      BL_Minv  
    0.117931    0.000000    0.000000            8.4795     -0.0000     -0.0000
    0.000000    0.185280   -0.000000            0.0000      5.3973      0.0000
    0.000000    0.000000    0.143699            0.0000      0.0000      6.9590

 => Laue symmetry mmm   will be used to generate HKL for pattern#   1
 => Reflections generated between S(1/d)min:  0.0912 A-1 and S(1/d)max:  1.0460 A-1
 =>                                    dmax: 10.9689 A   and      dmin:  0.9560 A
 => The number of reflections generated is:    217
 => The max. scatt. variable (gen.ref.) is:       179.0000
 => Scattering coefficients from internal table

 => Scattering lengths:

 PB     0.9405
 S      0.2847
 O      0.5803

     --------------------------------------------------------------
      SYMBOLIC NAMES AND INITIAL VALUES OF PARAMETERS TO BE VARIED:
     --------------------------------------------------------------

      ->  Parameter number    1   -> Symbolic Name:                                     Scale_ph1_pat1     1.4639370    
      ->  Parameter number    2   -> Symbolic Name:                                        Biso_O3_ph1     1.3017100    
      ->  Parameter number    3   -> Symbolic Name:                                           Z_O3_ph1    0.80869001    
      ->  Parameter number    4   -> Symbolic Name:                                        Biso_Pb_ph1     1.3908300    
      ->  Parameter number    5   -> Symbolic Name:                                         Biso_S_ph1    0.39372000    
      ->  Parameter number    6   -> Symbolic Name:                                        Biso_O1_ph1     1.9936200    
      ->  Parameter number    7   -> Symbolic Name:                                        Biso_O2_ph1     1.4781600    
      ->  Parameter number    8   -> Symbolic Name:                                          Zero_pat1   -0.84250003E-01
      ->  Parameter number    9   -> Symbolic Name:                                    Cell_A_ph1_pat1     8.4795017    
      ->  Parameter number   10   -> Symbolic Name:                                    Cell_B_ph1_pat1     5.3972511    
      ->  Parameter number   11   -> Symbolic Name:                                    Cell_C_ph1_pat1     6.9589672    
      ->  Parameter number   12   -> Symbolic Name:                                    U-Cagl_ph1_pat1    0.15346400    
      ->  Parameter number   13   -> Symbolic Name:                                    V-Cagl_ph1_pat1   -0.45318899    
      ->  Parameter number   14   -> Symbolic Name:                                    W-Cagl_ph1_pat1    0.41944301    
      ->  Parameter number   15   -> Symbolic Name:                                     Y-cos_ph1_pat1    0.86819001E-01
      ->  Parameter number   16   -> Symbolic Name:                                           Y_O3_ph1    0.27270000E-01
      ->  Parameter number   17   -> Symbolic Name:                                           X_Pb_ph1    0.18752000    
      ->  Parameter number   18   -> Symbolic Name:                                           Z_Pb_ph1    0.16705000    
      ->  Parameter number   19   -> Symbolic Name:                                            X_S_ph1    0.65490000E-01
      ->  Parameter number   20   -> Symbolic Name:                                            Z_S_ph1    0.68374002    
      ->  Parameter number   21   -> Symbolic Name:                                           X_O1_ph1    0.90815997    
      ->  Parameter number   22   -> Symbolic Name:                                           Z_O1_ph1    0.59543997    
      ->  Parameter number   23   -> Symbolic Name:                                           X_O2_ph1    0.19355001    
      ->  Parameter number   24   -> Symbolic Name:                                           Z_O2_ph1    0.54329997    
      ->  Parameter number   25   -> Symbolic Name:                                           X_O3_ph1    0.81090003E-01
      ->  Parameter number   26   -> Symbolic Name:                                         Bck_0_pat1     209.99110    
      ->  Parameter number   27   -> Symbolic Name:                                         Bck_1_pat1     196.75720    
      ->  Parameter number   28   -> Symbolic Name:                                         Bck_2_pat1     195.71980    
      ->  Parameter number   29   -> Symbolic Name:                                         Bck_3_pat1     190.75000    
      ->  Parameter number   30   -> Symbolic Name:                                         Bck_4_pat1     208.26939    
      ->  Parameter number   31   -> Symbolic Name:                                         Bck_5_pat1     202.09090    
      ->  Parameter number   32   -> Symbolic Name:                                         Bck_6_pat1     245.48370    
      ->  Parameter number   33   -> Symbolic Name:                                         Bck_7_pat1     224.82620    
      ->  Parameter number   34   -> Symbolic Name:                                     Asym1_ph1_pat1    0.29460001    
      ->  Parameter number   35   -> Symbolic Name:                                     Asym3_ph1_pat1   -0.10957000    
      ->  Parameter number   36   -> Symbolic Name:                                     Asym2_ph1_pat1    0.22550000E-01
      ->  Parameter number   37   -> Symbolic Name:                                     Asym4_ph1_pat1    0.49559999E-01
  
 
 => Optimizations for routine tasks applied:
 => Calculation mode for patter#:   1  CM_PSEUDO_VOIGT
 


   Standard deviations have to be multiplied by: 2.6727
   (correlated residuals) See references:
  -J.F.Berar & P.Lelann, J. Appl. Cryst. 24, 1-5 (1991) 
  -J.F.Berar, Acc. in Pow. Diff. II,NIST Sp.Pub. 846, 63(1992) 

 ++++++++++++++++++++++++++++++++++++++++++++++++++++++++++++++++++++++++++++++++++++++++++++++++++++++++++++++++++++++++

 => CYCLE No.:    1
 =>  Convergence reached at this CYCLE !!!!
 =>  Parameter shifts set to zero
 ---------------------------------------------------------------------------------------
 => Phase  1 Name:  PbSO4                       VARY xyz b          BKG blue             
 ---------------------------------------------------------------------------------------
 => New parameters, shifts, and standard deviations

 Atom        x       dx      sx       y       dy      sy       z       dz      sz       B       dB      sB      occ.    docc.   socc.

 Pb       0.18752 0.00000 0.00009  0.25000 0.00000 0.00000  0.16705 0.00000 0.00014  1.39075 0.00000 0.02278  0.50000 0.00000 0.00000
 S        0.06549 0.00000 0.00028  0.25000 0.00000 0.00000  0.68374 0.00000 0.00037  0.39363 0.00000 0.04102  0.50000 0.00000 0.00000
 O1       0.90816 0.00000 0.00019  0.25000 0.00000 0.00000  0.59544 0.00000 0.00019  1.99353 0.00000 0.03251  0.50000 0.00000 0.00000
 O2       0.19355 0.00000 0.00018  0.25000 0.00000 0.00000  0.54330 0.00000 0.00023  1.47811 0.00000 0.03082  0.50000 0.00000 0.00000
 O3       0.08109 0.00000 0.00011  0.02727 0.00000 0.00015  0.80869 0.00000 0.00014  1.30162 0.00000 0.02257  1.00000 0.00000 0.00000

 ==> PROFILE PARAMETERS FOR PATTERN#  1

 => Overall scale factor:      1.463901639     0.000000000     0.004973848
 => Eta(p-Voigt) or m(Pearson VII):   0.000000  0.000000  0.000000
 => Overall tem. factor:     0.000000    0.000000    0.000000
 => Halfwidth parameters: 
         0.153447    0.000000    0.002991
        -0.453163    0.000000    0.006675
         0.419434    0.000000    0.004135
 => Cell parameters: 
        8.479504    0.000000    0.000137
        5.397253    0.000000    0.000091
        6.958969    0.000000    0.000118
       90.000000    0.000000    0.000000
       90.000000    0.000000    0.000000
       90.000000    0.000000    0.000000
 => Preferred orientation: 
         0.000000    0.000000    0.000000
         0.000000    0.000000    0.000000
 => Asymmetry parameters: 
         0.294626    0.000000    0.019805
         0.022572    0.000000    0.003514
        -0.109598    0.000000    0.045390
         0.049517    0.000000    0.008325
 => X and Y parameters: 
         0.000000    0.000000    0.000000
         0.086819    0.000000    0.002044
 => Strain parameters: 
         0.000000    0.000000    0.000000
         0.000000    0.000000    0.000000
         0.000000    0.000000    0.000000
 => Size   parameters (G,L): 
         0.000000    0.000000    0.000000
         0.000000    0.000000    0.000000
 => Further shape parameters (S_L and D_L): 
       0.000000  0.000000  0.000000
       0.000000  0.000000  0.000000

 ==> GLOBAL PARAMETERS FOR PATTERN#  1


 => Zero-point:    -0.0842    0.0000    0.0030
 => Background Parameters (linear interpolation)  ==>
         209.991        0.00000        3.53043    
         196.757        0.00000        2.54953    
         195.720        0.00000        1.63419    
         190.750        0.00000        1.12228    
         208.271        0.00000        1.09809    
         202.090        0.00000       0.588755    
         245.483        0.00000        1.12146    
         224.835        0.00000        1.70682    

 => Cos(2theta)-shift parameter :   0.0000  0.0000  0.0000
 => Sin(2theta)-shift parameter :   0.0000  0.0000  0.0000

 ==> RELIABILITY FACTORS WITH ALL NON-EXCLUDED POINTS FOR PATTERN:  1

 => R-Factors:   3.06      3.67     Chi2:  3.58     DW-Stat.:  0.3933   Patt#:  1
 => Expected :            1.94                                1.9105
 => Deviance : 0.178E+04     Dev*:  0.6185    
 => GoF-index:  1.9         Sqrt(Residual/N)
 => N-P+C:  2872

 =>    SumYdif       SumYobs      SumYcal      SumwYobsSQ     Residual    Condition
     0.3347E+05    0.1093E+07    0.1092E+07    0.7642E+07    0.1029E+05    0.1832E+16


 => Conventional Rietveld Rp,Rwp,Re and Chi2:   7.23      6.84      3.61      3.581    
 => (Values obtained using Ynet, but true sigma(y))
 =>  SumYnet, Sum(w Ynet**2):     0.4631E+06    0.2199E+07

 => N-sigma of the GoF:       97.822

 ==> RELIABILITY FACTORS FOR POINTS WITH BRAGG CONTRIBUTIONS FOR PATTERN:  1

 => R-Factors:   3.06      3.67     Chi2:  3.58     DW-Stat.:  0.3933   Patt#:
 => Expected :            1.94                                1.9105
 => Deviance : 0.178E+04     Dev*:  0.6185    
 => GoF-index:  1.9         Sqrt(Residual/N)
 => N-P+C:  2872

 =>    SumYdif       SumYobs      SumYcal      SumwYobsSQ     Residual    Condition
     0.3347E+05    0.1093E+07    0.1092E+07    0.7642E+07    0.1029E+05    0.1832E+16


 => Conventional Rietveld Rp,Rwp,Re and Chi2:   7.23      6.84      3.61      3.581    
 => (Values obtained using Ynet, but true sigma(y))
 =>  SumYnet, Sum(w Ynet**2):     0.4631E+06    0.2199E+07

 => N-sigma of the GoF:       97.822

 => Global user-weigthed Chi2 (Bragg contrib.):   3.58    

 --------------------------------------------------------------------------------------------------------------
 Pattern#  1 Phase No.:   1 Phase name:  PbSO4                       V
 --------------------------------------------------------------------------------------------------------------

   No.  Code     H   K   L  Mult     Hw         2theta      Icalc       Iobs      Sigma      HwG     HwL       ETA       d-hkl        CORR

      1   1      1   0   1     4  0.632764      20.474       35.5       39.3      5.163  0.585325  0.088223  0.181484  5.379348     64.349098
      2   1      0   1   1     4  0.616550      25.907       11.9       13.7      1.582  0.568616  0.089086  0.187752  4.264866     40.843182
      3   1      2   0   0     2  0.616084      26.063        2.0        2.3      0.346  0.568133  0.089114  0.187943  4.239751     20.188129
      4   1      1   1   1     8  0.607105      29.063       35.6       39.7      1.946  0.558825  0.089688  0.191749  3.810087     65.634850
      5   1      2   0   1     4  0.602437      30.620       79.3       78.6      1.856  0.553969  0.090013  0.193823  3.620697     29.743425
      6   1      0   0   2     2  0.598606      31.895      207.8      214.4      2.307  0.549977  0.090294  0.195577  3.479484     13.777103
      7   1      2   1   0     4  0.594300      33.325      452.5      456.6      2.920  0.545481  0.090624  0.197603  3.334078     25.391939
      8   1      1   0   2     4  0.590596      34.553      103.1      103.3      1.629  0.541607  0.090921  0.199394  3.219014     23.747084
      9   1      2   1   1     8  0.582960      37.078      680.9      669.6      3.127  0.533597  0.091571  0.203231  3.006797     41.734406
     10   1      1   1   2     8  0.572669      40.461      675.0      644.5      2.803  0.522754  0.092527  0.208723  2.764642     35.651325
     11   1      0   2   0     2  0.569508      41.496      299.2      272.7      1.604  0.519412  0.092840  0.210487  2.698626      8.520962
     12   1      2   0   2     4  0.569065      41.640      106.1       96.2      0.684  0.518944  0.092884  0.210737  2.689674     16.937160
     13   1      3   0   1     4  0.565441      42.823        4.0        1.9      0.354  0.515105  0.093255  0.212811  2.618735     16.119638
     14   1      1   2   1     8  0.553496      46.698      426.2      408.9      1.949  0.502401  0.094563  0.220008  2.412117     27.736231
     15   1      2   1   2     8  0.553190      46.797      127.9      121.6      0.594  0.502075  0.094598  0.220199  2.407313     27.636156
     16   1      3   1   1     8  0.549837      47.878      142.0      141.1      1.413  0.498493  0.094990  0.222327  2.356051     26.581402
     17   1      2   2   0     4  0.544288      49.660      397.6      389.7      1.880  0.492552  0.095662  0.225952  2.276580     12.497005
     18   1      1   0   3     4  0.541384      50.589      266.6      270.8      1.498  0.489436  0.096026  0.227902  2.237446     12.116915
     19   1      3   0   2     4  0.538005      51.667      566.7      595.2      1.986  0.485804  0.096459  0.230217  2.193866     11.702041
     20   1      2   2   1     8  0.535574      52.441      949.4      965.6      2.469  0.483186  0.096777  0.231914  2.163738     22.840872
     21   1      0   2   2     4  0.532961      53.271      155.4      161.2      0.720  0.480368  0.097126  0.233769  2.132433     11.132373
     22   1      0   1   3     4  0.532853      53.305      139.2      143.9      0.643  0.480251  0.097141  0.233846  2.131163     11.120782
     23   1      4   0   0     2  0.531886      53.612       77.3       76.6      0.555  0.479208  0.097272  0.234541  2.119876      5.509062
     24   1      1   2   2     8  0.527283      55.068      599.2      609.8      1.335  0.474230  0.097908  0.237910  2.068041     21.108997
     25   1      1   1   3     8  0.527177      55.101      687.2      697.7      1.513  0.474115  0.097923  0.237988  2.066883     21.088562
     26   1      2   0   3     4  0.524197      56.040      109.5      111.0      0.294  0.470887  0.098347  0.240224  2.034988     10.265598
     27   1      3   1   2     8  0.523949      56.118      426.3      431.3      1.045  0.470617  0.098383  0.240413  2.032382     20.486074
     28   1      4   0   1     4  0.523517      56.254      565.6      567.5      1.451  0.470148  0.098445  0.240741  2.027873     10.204098
     29   1      4   1   0     4  0.518080      57.960      396.7      428.2      1.920  0.464238  0.099246  0.244953  1.973136      9.739263
     30   1      2   2   2     8  0.510770      60.242       38.5       44.9      0.597  0.456260  0.100372  0.250857  1.905044     18.363428
     31   1      2   1   3     8  0.510669      60.273       16.6       19.2      0.243  0.456148  0.100388  0.250941  1.904138     18.348909
     32   1      4   1   1     8  0.510011      60.478       30.1       33.9      0.537  0.455429  0.100493  0.251487  1.898305     18.255602
     33   1      3   2   1     8  0.507836      61.153        1.6        2.1      0.203  0.453047  0.100841  0.253307  1.879334     17.954557
     34   1      4   0   2     4  0.499438      63.751       18.9       16.8      0.576  0.443814  0.102237  0.260588  1.810349      8.445589
     35   1      3   0   3     4  0.497210      64.437      243.0      249.2      1.627  0.441357  0.102620  0.262588  1.793116      8.316681
     36   1      0   3   1     4  0.490242      66.577       53.6       52.9      0.763  0.433641  0.103860  0.269041  1.741817      7.942453
     37   1      0   0   4     2  0.489949      66.666       19.8       19.5      0.261  0.433316  0.103914  0.269319  1.739742      3.963812
     38   1      1   2   3     8  0.487468      67.426      156.5      153.3      1.017  0.430559  0.104371  0.271694  1.722430     15.609618
     39   1      4   1   2     8  0.486584      67.696       71.8       72.0      0.563  0.429575  0.104536  0.272550  1.716370     15.524449
     40   1      1   3   1     8  0.485082      68.155        0.0        0.0      0.000  0.427902  0.104818  0.274017  1.706192     15.382325
     41   1      1   0   4     4  0.484791      68.243        0.2        0.2      0.002  0.427578  0.104873  0.274303  1.704242      7.677613
     42   1      3   2   2     8  0.484502      68.332        0.0        0.0      0.000  0.427256  0.104928  0.274587  1.702309     15.328424
     43   1      3   1   3     8  0.484405      68.361       78.6       72.7      1.020  0.427148  0.104946  0.274682  1.701663     15.319468
     44   1      4   2   0     4  0.479078      69.985        4.9        5.6      0.475  0.421193  0.105977  0.280032  1.667039      7.423392
     45   1      2   3   0     4  0.477342      70.514       10.2       11.1      0.678  0.419247  0.106321  0.281819  1.656147      7.350511
     46   1      5   0   1     4  0.475971      70.931        0.2        0.3      0.038  0.417709  0.106596  0.283244  1.647679      7.294337
     47   1      1   1   4     8  0.472234      72.066        1.0        1.2      0.060  0.413505  0.107359  0.287201  1.625149     14.294061
     48   1      2   2   3     8  0.472176      72.084        4.9        5.7      0.275  0.413439  0.107372  0.287264  1.624801     14.289564
     49   1      4   2   1     8  0.471561      72.271       10.1       11.1      0.369  0.412746  0.107499  0.287925  1.621172     14.242716
     50   1      2   3   1     8  0.469844      72.792       62.6       61.0      1.001  0.410808  0.107859  0.289787  1.611149     14.114189
     51   1      2   0   4     4  0.469560      72.879        0.0        0.0      0.000  0.410487  0.107919  0.290097  1.609507      7.046625
     52   1      5   1   1     8  0.463577      74.695        0.2        0.1      0.002  0.403707  0.109210  0.296781  1.575881     13.672205
     53   1      1   3   2     8  0.462580      74.997      464.3      455.2      1.718  0.402574  0.109431  0.297923  1.570452     13.605636
     54   1      4   0   3     4  0.461541      75.312      227.3      234.5      1.065  0.401392  0.109663  0.299122  1.564849      6.768670
     55   1      2   1   4     8  0.457282      76.606       10.0       10.3      0.482  0.396529  0.110633  0.304136  1.542387     13.267897
     56   1      5   0   2     4  0.453769      77.674       60.6       58.3      1.004  0.392502  0.111459  0.308393  1.524465      6.529022
     57   1      4   2   2     8  0.449506      78.972       37.0       33.9      0.522  0.387592  0.112492  0.313716  1.503398     12.817410
     58   1      4   1   3     8  0.449415      79.000       13.1       12.0      0.174  0.387486  0.112515  0.313832  1.502953     12.812395
     59   1      2   3   2     8  0.447848      79.479        0.0        0.0      0.000  0.385674  0.112904  0.315834  1.495395     12.727757
     60   1      3   2   3     8  0.447449      79.601      386.9      373.3      1.614  0.385212  0.113004  0.316348  1.493485     12.706514

   No.  Code     H   K   L  Mult     Hw         2theta      Icalc       Iobs      Sigma      HwG     HwL       ETA       d-hkl        CORR

     61   1      3   3   1     8  0.445208      80.286        8.7        8.3      0.132  0.382613  0.113573  0.319266  1.482863     12.589391
     62   1      3   0   4     4  0.444935      80.370       34.9       33.3      0.574  0.382296  0.113642  0.319625  1.481582      6.287695
     63   1      5   1   2     8  0.441804      81.331       64.6       66.2      0.770  0.378650  0.114457  0.323800  1.467067     12.418596
     64   1      0   2   4     4  0.440742      81.657       55.5       56.1      0.719  0.377410  0.114739  0.325240  1.462222      6.183516
     65   1      1   2   4     8  0.435988      83.127      265.0      255.9      1.542  0.371832  0.116034  0.331851  1.440954     12.145477
     66   1      3   1   4     8  0.433185      83.999        4.9        5.1      0.168  0.368523  0.116826  0.335878  1.428729     12.021769
     67   1      0   3   3     4  0.431532      84.516      121.0      110.9      1.035  0.366564  0.117303  0.338300  1.421622      5.975559
     68   1      6   0   0     2  0.429564      85.134       45.5       46.1      0.594  0.364224  0.117883  0.341233  1.413250      2.967284
     69   1      5   2   1     8  0.427907      85.657       98.2       98.5      0.687  0.362247  0.118381  0.343744  1.406278     11.801893
     70   1      1   3   3     8  0.426896      85.978      166.5      159.5      0.974  0.361037  0.118689  0.345296  1.402054     11.761642
     71   1      3   3   2     8  0.424257      86.819      187.8      181.5      1.209  0.357868  0.119509  0.349418  1.391138     11.659289
     72   1      6   0   1     4  0.422752      87.302        0.5        0.5      0.013  0.356052  0.119989  0.351818  1.384979      5.801321
     73   1      2   2   4     8  0.422100      87.512        2.3        2.3      0.065  0.355263  0.120200  0.352870  1.382321     11.578453
     74   1      1   0   5     4  0.419899      88.226      160.2      159.1      0.604  0.352592  0.120923  0.356471  1.373416      5.749268
     75   1      4   3   0     4  0.419469      88.366      406.5      408.6      1.208  0.352069  0.121066  0.357183  1.371690      5.741623
     76   1      5   0   3     4  0.418809      88.582       38.4       39.1      0.128  0.351264  0.121289  0.358285  1.369039      5.729954
     77   1      6   1   0     4  0.418340      88.735      218.4      224.3      0.966  0.350691  0.121448  0.359073  1.367159      5.721723
     78   1      4   2   3     8  0.414961      89.853       39.2       37.5      0.327  0.346544  0.122624  0.364870  1.353720     11.328241
     79   1      0   4   0     2  0.413845      90.227      484.8      464.8      1.434  0.345165  0.123025  0.366835  1.349313      2.822852
     80   1      2   3   3     8  0.413478      90.351        0.4        0.4      0.001  0.344711  0.123158  0.367485  1.347868     11.279447
     81   1      0   1   5     4  0.413437      90.365      136.2      131.3      0.430  0.344660  0.123173  0.367559  1.347705      5.639048
     82   1      4   3   1     8  0.412951      90.529        0.3        0.3      0.001  0.344058  0.123351  0.368426  1.345795     11.262362
     83   1      4   0   4     4  0.412708      90.611        5.9        5.8      0.027  0.343755  0.123441  0.368863  1.344837      5.627254
     84   1      6   1   1     8  0.411862      90.898      256.6      271.1      1.288  0.342703  0.123754  0.370391  1.341515     11.227447
     85   1      1   1   5     8  0.409176      91.822        0.1        0.1      0.003  0.339341  0.124780  0.375352  1.330999     11.143698
     86   1      5   2   2     8  0.408234      92.150        3.2        4.1      0.045  0.338155  0.125151  0.377133  1.327321     11.115111
     87   1      5   1   3     8  0.408155      92.177       59.3       76.7      0.818  0.338056  0.125182  0.377283  1.327014     11.112745
     88   1      2   0   5     4  0.406964      92.597       20.0       25.9      0.495  0.336548  0.125660  0.379572  1.322365      5.538596
     89   1      6   0   2     4  0.403634      93.794       52.2       50.8      0.680  0.332294  0.127056  0.386182  1.309367      5.490555
     90   1      1   4   1     8  0.403481      93.849        7.9        7.7      0.096  0.332096  0.127122  0.386494  1.308769     10.976808
     91   1      4   1   4     8  0.402503      94.210       38.3       37.0      0.440  0.330832  0.127552  0.388507  1.304938     10.949528
     92   1      3   2   4     8  0.400921      94.801      486.0      486.9      1.824  0.328775  0.128266  0.391830  1.298726     10.906278
     93   1      2   4   0     4  0.397652      96.065        2.8        2.7      0.024  0.324462  0.129831  0.399001  1.285769      5.410067
     94   1      2   1   5     8  0.397305      96.203      201.9      203.6      1.340  0.323998  0.130005  0.399790  1.284377     10.811226
     95   1      4   3   2     8  0.395258      97.034        0.0        0.0      0.000  0.321239  0.131068  0.404558  1.276109     10.759714
     96   1      6   1   2     8  0.394367      97.407        0.0        0.0      0.000  0.320022  0.131552  0.406705  1.272458     10.737776
     97   1      3   3   3     8  0.393778      97.656      252.6      260.0      1.497  0.319214  0.131880  0.408148  1.270029     10.723460
     98   1      2   4   1     8  0.392423      98.245        6.3        7.9      0.216  0.317334  0.132660  0.411554  1.264368     10.690982
     99   1      0   4   2     4  0.390937      98.914       38.3       43.4      0.702  0.315241  0.133564  0.415437  1.258032      5.328081
    100   1      6   2   0     4  0.389551      99.565      136.6      135.4      1.068  0.313251  0.134460  0.419226  1.251962      5.312194
    101   1      3   0   5     4  0.388807      99.928       17.5       17.0      0.280  0.312166  0.134966  0.421336  1.248626      5.303804
    102   1      1   4   2     8  0.387887     100.391       49.5       46.3      0.751  0.310805  0.135619  0.424030  1.244411     10.587122
    103   1      1   3   4     8  0.386383     101.190       65.6       69.6      0.900  0.308527  0.136767  0.428672  1.237252     10.554229
    104   1      6   2   1     8  0.385369     101.766        9.7       10.4      0.311  0.306944  0.137610  0.432007  1.232180     10.532442
    105   1      1   2   5     8  0.383841     102.711       59.9       61.2      0.441  0.304462  0.139025  0.437449  1.224017     10.500147
    106   1      5   2   3     8  0.383299     103.076      839.0      849.8      2.332  0.303544  0.139581  0.439537  1.220915     10.488815
    107   1      3   1   5     8  0.382568     103.601       79.6       81.9      0.610  0.302266  0.140393  0.442529  1.216497     10.473609
    108   1      5   3   1     8  0.382346     103.770        5.8        5.7      0.063  0.301867  0.140656  0.443484  1.215091     10.469008
    109   1      5   0   4     4  0.382237     103.855       17.6       16.7      0.245  0.301668  0.140789  0.443964  1.214386      5.233370
    110   1      6   0   3     4  0.381170     104.767       12.6       12.5      0.241  0.299624  0.142239  0.449080  1.206899      5.222271
    111   1      2   4   2     8  0.381061     104.870       33.0       33.3      0.548  0.299402  0.142406  0.449656  1.206058     10.442267
    112   1      4   2   4     8  0.380764     105.168       18.3       18.6      0.473  0.298780  0.142889  0.451303  1.203656     10.436015
    113   1      2   3   4     8  0.380304     105.684        2.4        3.2      0.178  0.297750  0.143737  0.454131  1.199537     10.426173
    114   1      3   4   1     8  0.380295     105.695        1.1        1.5      0.083  0.297730  0.143754  0.454187  1.199455     10.425989
    115   1      7   0   1     4  0.379744     106.464        2.2        2.5      0.169  0.296314  0.145042  0.458331  1.193412      5.206840
    116   1      2   2   5     8  0.379361     107.235      148.3      154.6      1.227  0.295047  0.146364  0.462391  1.187464     10.404130
    117   1      5   1   4     8  0.379245     107.590       54.9       59.6      0.641  0.294519  0.146983  0.464221  1.184767     10.400679
    118   1      4   3   3     8  0.379146     108.131       22.0       19.8      0.376  0.293783  0.147937  0.466959  1.180705     10.396562
    119   1      6   2   2     8  0.379132     108.491      117.8      118.5      1.226  0.293341  0.148583  0.468750  1.178026     10.394583
    120   1      6   1   3     8  0.379133     108.520        1.0        1.0      0.011  0.293307  0.148635  0.468893  1.177811     10.394449

   No.  Code     H   K   L  Mult     Hw         2theta      Icalc       Iobs      Sigma      HwG     HwL       ETA       d-hkl        CORR

    121   1      7   1   1     8  0.379724     110.252       23.6       23.8      0.299  0.291780  0.151842  0.477047  1.165266     10.393757
    122   1      4   0   5     4  0.379908     110.510      252.4      262.4      1.512  0.291641  0.152333  0.478187  1.163449      5.197436
    123   1      5   3   2     8  0.379950     110.564        2.5        2.5      0.015  0.291615  0.152438  0.478426  1.163066     10.395148
    124   1      0   0   6     2  0.380357     111.027       72.8       70.9      0.776  0.291437  0.153333  0.480420  1.159828      2.599518
    125   1      1   4   3     8  0.381057     111.660       95.0       93.2      1.013  0.291326  0.154578  0.483034  1.155464     10.403737
    126   1      3   4   2     8  0.382361     112.566      244.0      232.6      1.458  0.291450  0.156404  0.486537  1.149331     10.415224
    127   1      1   0   6     4  0.382411     112.596        6.1        5.8      0.037  0.291460  0.156466  0.486649  1.149128      5.207838
    128   1      7   0   2     4  0.383832     113.368      219.6      235.6      1.499  0.291854  0.158068  0.489387  1.144011      5.214377
    129   1      3   3   4     8  0.383934     113.418        2.1        2.2      0.015  0.291888  0.158173  0.489556  1.143683     10.429700
    130   1      4   4   0     4  0.385809     114.250       34.7       29.5      0.777  0.292637  0.159944  0.492220  1.138290      5.223639
    131   1      4   1   5     8  0.386186     114.401        0.7        0.7      0.022  0.292808  0.160270  0.492672  1.137324     10.450832
    132   1      3   2   5     8  0.387948     115.050       45.4       43.5      0.982  0.293674  0.161694  0.494505  1.133205     10.467455
    133   1      2   4   3     8  0.392524     116.446       53.0       56.2      0.442  0.296279  0.164863  0.497800  1.124566     10.510497
    134   1      1   1   6     8  0.392909     116.550        0.6        0.6      0.003  0.296515  0.165105  0.498008  1.123936     10.514097
    135   1      4   4   1     8  0.393266     116.645      329.3      331.2      1.745  0.296737  0.165326  0.498194  1.123361     10.517443
    136   1      7   1   2     8  0.396083     117.348      118.3      127.7      1.189  0.298535  0.166989  0.499431  1.119147     10.543668
    137   1      2   0   6     4  0.396385     117.419        5.0        5.4      0.057  0.298733  0.167160  0.499543  1.118723      5.273238
    138   1      6   3   0     4  0.402270     118.680      153.9      151.3      1.411  0.302752  0.170252  0.501095  1.111359      5.300307
    139   1      5   2   4     8  0.405936     119.370       90.8       94.6      1.129  0.305375  0.172003  0.501597  1.107424     10.633943
    140   1      6   2   3     8  0.411954     120.390       33.4       34.8      0.394  0.309823  0.174668  0.501881  1.101737     10.688037
    141   1      0   3   5     4  0.412994     120.554      142.6      144.6      1.272  0.310607  0.175106  0.501875  1.100834      5.348660
    142   1      6   3   1     8  0.417104     121.175       32.3       31.8      0.404  0.313740  0.176788  0.501726  1.097452     10.733808
    143   1      6   0   4     4  0.417767     121.272        0.5        0.5      0.005  0.314250  0.177052  0.501684  1.096933      5.369834
    144   1      2   1   6     8  0.419722     121.550      263.6      273.4      1.700  0.315762  0.177821  0.501538  1.095439     10.756909
    145   1      1   3   5     8  0.424983     122.261       16.2       16.2      0.139  0.319878  0.179817  0.500979  1.091673     10.803017
    146   1      7   2   1     8  0.425311     122.303      119.5      120.1      0.977  0.320137  0.179938  0.500937  1.091449     10.805882
    147   1      5   3   3     8  0.428290     122.682      138.8      142.4      1.304  0.322498  0.181026  0.500525  1.089471     10.831816
    148   1      4   4   2     8  0.441152     124.173       10.4        8.7      0.394  0.332868  0.185456  0.498193  1.081869     10.942606
    149   1      3   4   3     8  0.448323     124.922      226.4      200.0      1.550  0.338752  0.187778  0.496609  1.078157     11.003699
    150   1      4   3   4     8  0.450370     125.127       22.1       20.4      0.160  0.340442  0.188425  0.496129  1.077155     11.021055
    151   1      5   0   5     4  0.453064     125.392       65.1       64.3      0.592  0.342672  0.189266  0.495482  1.075870      5.521926
    152   1      6   1   4     8  0.455028     125.580        8.2        8.2      0.076  0.344304  0.189872  0.495000  1.074956     11.060445
    153   1      7   0   3     4  0.457660     125.829       96.3       96.9      0.859  0.346495  0.190677  0.494341  1.073762      5.541320
    154   1      3   0   6     4  0.459367     125.987       45.9       45.5      0.506  0.347919  0.191194  0.493907  1.073005      5.548504
    155   1      4   2   5     8  0.470448     126.967      246.0      260.2      1.775  0.357221  0.194464  0.490976  1.068387     11.189867
    156   1      0   5   1     4  0.474816     127.333       43.5       40.7      0.314  0.360913  0.195717  0.489779  1.066694      5.613154
    157   1      0   4   4     4  0.476078     127.437       19.1       16.9      0.139  0.361981  0.196075  0.489429  1.066216      5.618409
    158   1      0   2   6     4  0.477779     127.575        0.3        0.3      0.002  0.363423  0.196556  0.488956  1.065581      5.625486
    159   1      2   3   5     8  0.477990     127.592      142.3      118.3      1.173  0.363601  0.196616  0.488898  1.065503     11.252721
    160   1      8   0   0     2  0.494036     128.828      239.1      248.5      1.765  0.377280  0.201034  0.484342  1.059938      2.846426
    161   1      6   3   2     8  0.497991     129.116        0.1        0.1      0.001  0.380670  0.202094  0.483202  1.058669     11.418356
    162   1      1   5   1     8  0.498995     129.188        8.7        8.9      0.064  0.381532  0.202362  0.482912  1.058352     11.426636
    163   1      1   4   4     8  0.500487     129.294        4.0        4.1      0.029  0.382813  0.202758  0.482481  1.057886     11.438941
    164   1      1   2   6     8  0.502498     129.437      202.3      202.9      1.455  0.384541  0.203290  0.481899  1.057266     11.455513
    165   1      5   1   5     8  0.509712     129.934       29.4       28.1      0.290  0.390753  0.205179  0.479809  1.055111     11.514876
    166   1      7   2   2     8  0.516145     130.364      177.8      179.5      1.165  0.396307  0.206840  0.477943  1.053276     11.567723
    167   1      7   1   3     8  0.516695     130.400      123.4      124.6      0.824  0.396782  0.206981  0.477784  1.053123     11.572231
    168   1      3   1   6     8  0.519283     130.568       24.2       23.9      0.218  0.399021  0.207642  0.477034  1.052409     11.593469
    169   1      8   0   1     4  0.536836     131.662       35.4       31.8      0.587  0.414253  0.212049  0.471976  1.047853      5.868618
    170   1      2   5   0     4  0.544196     132.097      185.8      174.6      1.983  0.420662  0.213860  0.469878  1.046078      5.898703
    171   1      5   4   1     8  0.553506     132.630        1.3        1.2      0.055  0.428786  0.216123  0.467248  1.043934     11.873456
    172   1      8   1   0     4  0.571523     133.609        1.0        1.0      0.095  0.444551  0.220428  0.462251  1.040071      6.010236
    173   1      2   5   1     8  0.600899     135.083      228.5      219.8      1.974  0.470358  0.227268  0.454404  1.034456     12.260019
    174   1      2   4   4     8  0.603349     135.200        0.0        0.0      0.000  0.472514  0.227830  0.453768  1.034021     12.279995
    175   1      2   2   6     8  0.606651     135.356      142.6      134.0      1.310  0.475423  0.228585  0.452915  1.033441     12.306930
    176   1      8   1   1     8  0.635913     136.676        6.4        7.6      0.247  0.501239  0.235198  0.445585  1.028646     12.545689
    177   1      3   3   5     8  0.655188     137.489      332.8      334.1      2.527  0.518282  0.239482  0.440981  1.025781     12.703153
    178   1      1   5   2     8  0.672051     138.168       42.3       39.6      0.461  0.533212  0.243191  0.437098  1.023440     12.841079
    179   1      4   4   3     8  0.683853     138.627      245.7      248.5      2.646  0.543671  0.245767  0.434459  1.021884     12.937714
    180   1      4   0   6     4  0.720018     139.957        0.1        0.2      0.011  0.575760  0.253578  0.426761  1.017494      6.617210

   No.  Code     H   K   L  Mult     Hw         2theta      Icalc       Iobs      Sigma      HwG     HwL       ETA       d-hkl        CORR

    181   1      6   2   4     8  0.731645     140.362       13.9       18.1      0.806  0.586088  0.256065  0.424405  1.016191     13.330017
    182   1      8   0   2     4  0.752819     141.075       45.7       52.5      1.629  0.604907  0.260569  0.420258  1.013937      6.752182
    183   1      5   4   2     8  0.789210     142.231       57.7       59.2      1.973  0.637280  0.268243  0.413536  1.010385     13.804849
    184   1      5   3   4     8  0.833401     143.532        0.6        0.8      0.074  0.676630  0.277469  0.406007  1.006541     14.171194
    185   1      6   3   3     8  0.889624     145.047       28.4       28.6      0.576  0.726739  0.289090  0.397326  1.002266     14.639549
    186   1      2   5   2     8  0.896496     145.222      147.7      147.1      2.387  0.732866  0.290503  0.396327  1.001784     14.696963
    187   1      4   1   6     8  0.924827     145.925        5.3        4.9      0.066  0.758132  0.296314  0.392344  0.999881     14.934063
    188   1      5   2   5     8  0.932684     146.114      137.8      128.7      1.570  0.765140  0.297921  0.391277  0.999377     14.999914
    189   1      3   5   1     8  0.955042     146.641       80.2       77.3      0.726  0.785085  0.302487  0.388321  0.997990     15.187592
    190   1      7   2   3     8  0.960094     146.758       90.5       88.4      0.824  0.789594  0.303518  0.387669  0.997686     15.230061
    191   1      3   4   4     8  0.961557     146.791       16.6       16.2      0.152  0.790899  0.303816  0.387481  0.997599     15.242365
    192   1      3   2   6     8  0.970389     146.992      190.6      191.7      1.965  0.798779  0.305615  0.386360  0.997079     15.316642
    193   1      8   1   2     8  0.980348     147.216        6.6        6.7      0.084  0.807666  0.307642  0.385116  0.996505     15.400453
    194   1      7   3   1     8  1.016942     148.010       13.4       13.9      0.326  0.840324  0.315073  0.380729  0.994501     15.709092
    195   1      7   0   4     4  1.024355     148.166       41.4       43.4      1.073  0.846941  0.316575  0.379874  0.994114      7.885858
    196   1      6   0   5     4  1.074665     149.182       79.4       87.2      2.396  0.891853  0.326748  0.374347  0.991646      8.098879
    197   1      1   0   7     4  1.176093     151.035        0.1        0.1      0.004  0.982421  0.347155  0.364502  0.987375      8.530750
    198   1      8   2   0     4  1.197733     151.400      146.4      175.8      5.058  1.001748  0.351495  0.362597  0.986568      8.623289
    199   1      0   5   3     4  1.469282     155.286       11.8       12.4      0.605  1.244302  0.405689  0.343139  0.978673      9.794182

     -----------------------------------------------------
     BRAGG R-Factors and weight fractions for Pattern #  1
     -----------------------------------------------------

 => Phase:  1      PbSO4                       VARY xyz b          BKG blue
 => Bragg R-factor:   3.43       Vol:  318.484( 0.009)  Fract(%):  100.00( 0.48)
 => Rf-factor=  2.18             ATZ:        1213.030   Brindley:  1.0000

     -----------------------------------------------------------------
      SYMBOLIC NAMES AND FINAL VALUES AND SIGMA OF REFINED PARAMETERS:
     -----------------------------------------------------------------

      ->  Parameter number    1 :                                     Scale_ph1_pat1     1.4639016    ( +/-    0.49738484E-02 )
      ->  Parameter number    2 :                                        Biso_O3_ph1     1.3016233    ( +/-    0.22567267E-01 )
      ->  Parameter number    3 :                                           Z_O3_ph1    0.80869013    ( +/-    0.14011281E-03 )
      ->  Parameter number    4 :                                        Biso_Pb_ph1     1.3907480    ( +/-    0.22781480E-01 )
      ->  Parameter number    5 :                                         Biso_S_ph1    0.39363277    ( +/-    0.41021049E-01 )
      ->  Parameter number    6 :                                        Biso_O1_ph1     1.9935330    ( +/-    0.32509070E-01 )
      ->  Parameter number    7 :                                        Biso_O2_ph1     1.4781082    ( +/-    0.30823825E-01 )
      ->  Parameter number    8 :                                          Zero_pat1   -0.84246397E-01( +/-    0.29805899E-02 )
      ->  Parameter number    9 :                                    Cell_A_ph1_pat1     8.4795036    ( +/-    0.13749472E-03 )
      ->  Parameter number   10 :                                    Cell_B_ph1_pat1     5.3972526    ( +/-    0.90879592E-04 )
      ->  Parameter number   11 :                                    Cell_C_ph1_pat1     6.9589686    ( +/-    0.11797108E-03 )
      ->  Parameter number   12 :                                    U-Cagl_ph1_pat1    0.15344714    ( +/-    0.29906402E-02 )
      ->  Parameter number   13 :                                    V-Cagl_ph1_pat1   -0.45316312    ( +/-    0.66747391E-02 )
      ->  Parameter number   14 :                                    W-Cagl_ph1_pat1    0.41943395    ( +/-    0.41351616E-02 )
      ->  Parameter number   15 :                                     Y-cos_ph1_pat1    0.86818576E-01( +/-    0.20435508E-02 )
      ->  Parameter number   16 :                                           Y_O3_ph1    0.27269918E-01( +/-    0.15118092E-03 )
      ->  Parameter number   17 :                                           X_Pb_ph1    0.18752088    ( +/-    0.89711015E-04 )
      ->  Parameter number   18 :                                           Z_Pb_ph1    0.16704999    ( +/-    0.14404213E-03 )
      ->  Parameter number   19 :                                            X_S_ph1    0.65489948E-01( +/-    0.27574351E-03 )
      ->  Parameter number   20 :                                            Z_S_ph1    0.68374079    ( +/-    0.36823202E-03 )
      ->  Parameter number   21 :                                           X_O1_ph1    0.90816021    ( +/-    0.18590408E-03 )
      ->  Parameter number   22 :                                           Z_O1_ph1    0.59544045    ( +/-    0.19418607E-03 )
      ->  Parameter number   23 :                                           X_O2_ph1    0.19355032    ( +/-    0.18173295E-03 )
      ->  Parameter number   24 :                                           Z_O2_ph1    0.54330033    ( +/-    0.22860026E-03 )
      ->  Parameter number   25 :                                           X_O3_ph1    0.81089795E-01( +/-    0.10834442E-03 )
      ->  Parameter number   26 :                                         Bck_0_pat1     209.99109    ( +/-     3.5304291     )
      ->  Parameter number   27 :                                         Bck_1_pat1     196.75732    ( +/-     2.5495307     )
      ->  Parameter number   28 :                                         Bck_2_pat1     195.71971    ( +/-     1.6341926     )
      ->  Parameter number   29 :                                         Bck_3_pat1     190.75024    ( +/-     1.1222788     )
      ->  Parameter number   30 :                                         Bck_4_pat1     208.27116    ( +/-     1.0980941     )
      ->  Parameter number   31 :                                         Bck_5_pat1     202.09029    ( +/-    0.58875495     )
      ->  Parameter number   32 :                                         Bck_6_pat1     245.48338    ( +/-     1.1214601     )
      ->  Parameter number   33 :                                         Bck_7_pat1     224.83482    ( +/-     1.7068248     )
      ->  Parameter number   34 :                                     Asym1_ph1_pat1    0.29462573    ( +/-    0.19805359E-01 )
      ->  Parameter number   35 :                                     Asym3_ph1_pat1   -0.10959826    ( +/-    0.45390025E-01 )
      ->  Parameter number   36 :                                     Asym2_ph1_pat1    0.22571618E-01( +/-    0.35135567E-02 )
      ->  Parameter number   37 :                                     Asym4_ph1_pat1    0.49517401E-01( +/-    0.83251493E-02 )

 ------------------------------------------------------------------
 => Number of bytes for floating point variables: 4
 => Dimensions of dynamic allocated arrays in this run of FullProf:
 ------------------------------------------------------------------

 => Total approximate array memory (dynamic + static): 127459053 bytes

    MaxPOINT=    80000 Max.num. of points(+int. Inten.)/diffraction pattern       
    MaxREFLT=    25000 Max.num. of reflections/diffraction pattern               
    MaxPARAM=      500 Max.num. of refinable parameters                          
    MaxOVERL=     9000 Max.num. of overlapping reflections                       

 ----------------------------------------------------------
 => Number of bytes for floating point arrays: 4
 => Dimensions of fixed arrays in this release of FullProf:
 ----------------------------------------------------------

    NPATT   =       80 Max.num. of powder diffraction patterns                    
    NATS    =      830 Max.num. of atoms (all kind) in asymmetric unit            
    MPAR    =     1800 Max.num. of non atomic parameters/phase                    
    IEXCL   =       30 Max.num. of excluded regions                               
    IBACP   =      377 Max.num. of background points for interpolation            
    NPHT    =       16 Max.num. of phases                                         
    NMAGM   =        8 Max.num. of rotation-matrices sets for magnetic structure  
    NBASIS  =       12 Max.num. of basis functions associated to a single atom    
    NIREPS  =        9 Max.num. of irreducible representations to be combined     
    N_EQ    =      384 Max.num. of user-supplied symmetry operators/propagation vectors
    NGL     =      400 Max.num. of global parameters/diffraction pattern          
    N_LINC  =       50 Max.num. of global linear restraints                        
    NAT_P   =       80 Max.num. of atomic parameters per atom                     
    NCONST  =      500 Max.num. of slack constraints per phase                    
    N_SPE   =       30 Max.num. of different chemical species                     
    N_FORM  =       60 Max.num. of scattering factor values in a table            
    NPR     =      150 Max.num. of points defining a numerical profile            
    INPR    =       25 Max.num. of different numerical peak shapes                
    NPRC    =      150 Max.num. of terms in the table for correcting intensities  
    NSOL    =       10 Max.num. of solutions to be stored in Montecarlo searchs   

 
              CPU Time:     0.344 seconds
                            0.006 minutes

 => Run finished at:     Date: 06/06/2026  Time: 20:44:32.993                              
