

        **********************************************************
        ** PROGRAM FullProf.2k (Version 7.95 - Jan2023-ILL JRC) **
        **********************************************************
                       M U L T I -- P A T T E R N                 
            Rietveld, Profile Matching & Integrated Intensity     
                 Refinement of X-ray and/or Neutron Data


    Date: 17/06/2026  Time: 22:34:35.817                              

 => PCR file code: pbsox_single_polarized
 => DAT file code: pbsox_single_polariz -> Relative contribution: 1.0000                                                            

 ==> CONDITIONS OF THIS RUN FOR PATTERN No.:  1

 => Global Refinement of X-ray powder diffraction data                                                                              
 => Global Refinement of X-ray powder diffraction data                                                                              
    Bragg-Brentano(X-rays) or Debye-Scherrer geometry(Neutrons)
 => Title: PbSO4 XrayDif single wavelength polarized Wdt48

 => Number of phases:    1
 => Number of excluded regions:    2
 => Number of scattering factors supplied:    0
 => Conventional weights: w=1.0/Variance(yobs)
 => Asymmetry correction as in J.Appl.Cryst. 26,128(1993)
 => Background refined by polynomial function
 => The    7th default profile function was selected
 => T-C-H Pseudo-Voigt function 
    This function is convoluted with asymmetry due to axial 
    divergence as formulated by: 
    van Laar and Yelon, J. Appl. Cryst. 17, 47(1984).
    and using the method of:
    Finger, Cox and Jephcoat, J. Appl. Cryst. 27, 892 (1994).
    Fortran 90 module adapted from function PROFVAL (in F77) : 
    L.W. Finger, J. Appl. Cryst. 31, 111 (1998).


 ==> INPUT/OUTPUT OPTIONS:

 => Generate bacground file *.bac
 => Generate file *.PRF for plot
 => Output Integrated Intensities
 => Generate new input file *.PCR

 => Data supplied in free format for pattern:  1
 => Plot pattern at each cycle
 => Wavelengths:  1.54056 1.54056
 => Alpha2/Alpha1 ratio:   0.0000
 => Cos(Monochromator angle)=   0.8000
 => Asymmetry correction for angles lower than  160.000 degrees
 => Absorption correction (AC), muR-eff =   0.0000  0.0000
 => Base of peaks: 2.0*HW*   48.00

 => Number of cycles:   30
 => Relaxation factors ==>    for coordinates:  0.10
 => for anisotropic temperature factors:  0.10
 => for halfwidth/strain/size parameters:  0.10
 => for lattice constants and propagation vectors:  0.10
 => EPS-value for convergence:    0.1

 => Excluded regions for Pattern#  1
    From     to
      0.0000     10.0000
    154.0000    180.0000

 => Number of Least-Squares parameters varied:     0

 =>--------------------------->
 =>------->  PATTERN number:  1
 =>--------------------------->
 => Global parameters and codes ==>
 => Zero-point:    -0.0482    0.0000
 => Background parameters and codes ==>
 => Origin of polynomial at 2theta/TOF/E(KeV):   50.000  
  154.32      100.00     -92.329     -95.599      126.68     -31.804    
        0.00        0.00        0.00        0.00        0.00        0.00
 => Displacement peak-shift parameter and code:     0.00    0.00
 => Transparency peak-shift parameter and code:     0.00    0.00

 => Reading Intensity data  =>>

 ==> Angular range, step and number of points:
     2Thmin:      10.000000  2Thmax:     160.000000  Step:       0.025000  No. of points:   6001
 --------------------------------------------------------------------------------
 => Phase  No. 1
      PbSO4                                                                 
 --------------------------------------------------------------------------------
 =>-------> Pattern#  1
 => Crystal Structure Refinement
 => Preferred orientation vector:   0.0000  0.0000  1.0000

 =>-------> Data for PHASE: 1
 => Number of atoms:    5
 => Number of distance  constraints:    0
 => Number of angle     constraints:    0

 => Symmetry information on space group: P n m a             
 -> The multiplicity of the general position is:   8
 -> The space group is Centric (-1 at origin)   
 -> Lattice type  P: { 000 }                                       
 -> Reduced set of symmetry operators:

  No.  IT   Symmetry symbol    Rotation part     Associated Translation
   1: ( 1)   1            -->     ( x, y, z) + {  0.0000  0.0000  0.0000}
   2: ( 4)   2 ( x, 0, 0) -->     ( x,-y,-z) + {  0.5000  0.5000  0.5000}
   3: ( 3)   2 ( 0, y, 0) -->     (-x, y,-z) + {  0.0000  0.5000  0.0000}
   4: ( 2)   2 ( 0, 0, z) -->     (-x,-y, z) + {  0.5000  0.0000  0.5000}


        Information on Space Group: 
        --------------------------- 

 =>   Number of Space group:  62
 =>  Hermann-Mauguin Symbol: P n m a
 =>             Hall Symbol: -P 2ac 2n
 =>            Setting Type: IT (Generated from Hermann-Mauguin symbol)
 =>          Crystal System: Orthorhombic
 =>              Laue Class: mmm
 =>             Point Group: mmm
 =>         Bravais Lattice: P
 =>          Lattice Symbol: oP
 =>  Reduced Number of S.O.:   4
 =>    General multiplicity:   8
 =>          Centrosymmetry: Centric (-1 at origin)
 =>  Generators (exc. -1&L):   2
 =>         Asymmetric unit:  0.000 <= x <=  0.500
                              0.000 <= y <=  0.250
                              0.000 <= z <=  1.000
 => Centring vectors:  0
                                                                                                    

 => List of all Symmetry Operators and Symmetry Symbols

 => SYMM(  1): x,y,z                             Symbol: 1
 => SYMM(  2): x+1/2,-y+1/2,-z+1/2               Symbol: 2 (1/2,0,0) x,1/4,1/4
 => SYMM(  3): -x,y+1/2,-z                       Symbol: 2 (0,1/2,0) 0,y,0
 => SYMM(  4): -x+1/2,-y,z+1/2                   Symbol: 2 (0,0,1/2) 1/4,0,z
 => SYMM(  5): -x,-y,-z                          Symbol: -1 0,0,0
 => SYMM(  6): -x+1/2,y+1/2,z+1/2                Symbol: n (0,1/2,1/2) 1/4,y,z
 => SYMM(  7): x,-y+1/2,z                        Symbol: m x,1/4,z
 => SYMM(  8): x+1/2,y,-z+1/2                    Symbol: a x,y,1/4

 => Special Wyckoff Positions for P n m a
 
    Multp     Site        Representative Coordinates (centring translations excluded)
      4       c              x,1/4,z             x+1/2,1/4,-z+1/2    -x,3/4,-z                               
                             -x+1/2,3/4,z+1/2                                                                
 
      4       b              0,0,1/2             1/2,1/2,0           0,1/2,1/2                               
                             1/2,0,0                                                                         
 
      4       a              0,0,0               1/2,1/2,1/2         0,1/2,0                                 
                             1/2,0,1/2                                                                       
 

 => Initial parameters ==>
 Atom    Ntyp                  X         Y         Z         B         occ.         in  fin  Spc  Mult
                             B11       B22       B33       B12       B13       B23
 Pb     PB                 0.18788   0.25000   0.16749   1.78522   0.50000           0    0    0    4
                 Codes:    0.00000   0.00000   0.00000   0.00000   0.00000
 S      S                  0.06302   0.25000   0.68446   0.85413   0.50000           0    0    0    4
                 Codes:    0.00000   0.00000   0.00000   0.00000   0.00000
 O1     O                  0.91235   0.25000   0.59346   1.33362   0.50000           0    0    0    4
                 Codes:    0.00000   0.00000   0.00000   0.00000   0.00000
 O2     O                  0.18443   0.25000   0.53434   1.57511   0.50000           0    0    0    4
                 Codes:    0.00000   0.00000   0.00000   0.00000   0.00000
 O3     O                  0.07573   0.01951   0.81594   1.32792   1.00000           0    0    0    8
                 Codes:    0.00000   0.00000   0.00000   0.00000   0.00000

 => IT IS ASSUMED THAT THE FIRST GIVEN SITE IS FULLY OCCUPIED 
    OR THE FIRST AND SECOND ATOMS ARE IN THE SAME SITE WITH TOTAL FULL OCCUPATION
  (if this is not the case, change the order of atoms to obtain correct values for the content of the unit cell)
    The given occupation factors have been obtained mutiplying m/M by   1.0000
      -> Atom: PB  ,  Chemical element: PB  Atomic Mass:   207.2000
      -> Atom: S   ,  Chemical element: S   Atomic Mass:    32.0600
      -> Atom: O   ,  Chemical element: O   Atomic Mass:    15.9994
      -> Atom: O   ,  Chemical element: O   Atomic Mass:    15.9994
      -> Atom: O   ,  Chemical element: O   Atomic Mass:    15.9994
 => The given value of ATZ is       1213.03 the program has calculated:        1213.03
    The value of ATZ given in the input PCR file will be used for quantitative analysis
 => The chemical content of the unit cell is: 
       4.0000 PB   +   4.0000 S    +   4.0000 O    +   4.0000 O    +   8.0000 O      
 => The normalized site occupation numbers in % are: 
     100.0000 Pb     :      100.0000 S      :      100.0000 O1     :      100.0000 O2     :      100.0000 O3       
 => The density (volumic mass) of the compound is:    6.324 g/cm3

 =>-------> PROFILE PARAMETERS FOR PATTERN:  1

 => Overall scale factor:   0.469335E-03
 => ETA (p-Voigt) OR M (Pearson VII):   0.0000
 => Overall temperature factor:      0.00000
 => Halfwidth U,V,W:      0.04846    -0.08305     0.03519
 => X and Y parameters:       0.0000      0.0493
 => Direct cell parameters:    8.4798   5.3978   6.9593  90.0000  90.0000  90.0000
 => Preferred orientation parameters:   0.0000  0.0000
 => Asymmetry parameters     :      0.00000     0.00000     0.00000     0.00000
 => Strain parameters        :      0.00000     0.00000     0.00000
 => Size   parameters        :      0.00000     0.00000
 => Further shape parameters (S_L and D_L):   0.00000   0.00000
    S_L is source width/detector distance
    D_L is detector width/detector distance

 ==> CODEWORDS FOR PROFILE PARAMETERS of PATTERN#  1

 => Overall scale factor:    0.000
 => ETA (p-Voigt) OR M (Pearson VII):    0.000
 => Overall temperature factor:    0.000
 => Halfwidth U,V,W:    0.000   0.000   0.000
 => X and Y parameters:    0.000   0.000
 => Direct cell parameters:    0.000   0.000   0.000   0.000   0.000   0.000
 => Preferred orientation parameters:    0.000   0.000
 => Asymmetry parameters     :    0.000   0.000   0.000   0.000
 => Strain parameters        :    0.000   0.000   0.000
 => Size   parameters        :    0.000   0.000

 => Cell constraints according to Laue symmetry: mmm  

        Metric information:
        -------------------

 => Direct cell parameters:

         a =       8.4798      b =       5.3978      c =       6.9593
     alpha =       90.000   beta =       90.000  gamma =       90.000
                        Direct Cell Volume =     318.5428

 => Reciprocal cell parameters:

         a*=     0.117927      b*=     0.185262      c*=     0.143692
     alpha*=       90.000   beta*=       90.000  gamma*=       90.000
                    Reciprocal Cell Volume =   0.00313930

 => Direct and Reciprocal Metric Tensors:

                   GD                                       GR
     71.9075      0.0000      0.0000          0.013907    0.000000    0.000000
      0.0000     29.1358      0.0000          0.000000    0.034322    0.000000
      0.0000      0.0000     48.4322          0.000000    0.000000    0.020647

 =>  Cartesian frame: x // a; z is along c*; y is within the ab-plane   

     Crystal_to_Orthonormal_Matrix              Orthonormal_to_Crystal Matrix
              Cr_Orth_cel                               Orth_Cr_cel  
      8.4798      0.0000      0.0000          0.117927   -0.000000   -0.000000
      0.0000      5.3978      0.0000          0.000000    0.185262   -0.000000
      0.0000      0.0000      6.9593          0.000000    0.000000    0.143692

     Busing-Levy B-matrix: Hc=B.H            Inverse of the Busing-Levy B-matrix
                BL_M                                      BL_Minv  
    0.117927    0.000000    0.000000            8.4798     -0.0000     -0.0000
    0.000000    0.185262   -0.000000            0.0000      5.3978      0.0000
    0.000000    0.000000    0.143692            0.0000      0.0000      6.9593

 => Laue symmetry mmm   will be used to generate HKL for pattern#   1
 => Reflections generated between S(1/d)min:  0.1131 A-1 and S(1/d)max:  1.2925 A-1
 =>                                    dmax:  8.8380 A   and      dmin:  0.7737 A
 => The number of reflections generated is:    394
 => The max. scatt. variable (gen.ref.) is:       169.2613
 => Scattering coefficients from internal table


 => X-ray scattering coeff. (A1, B1, A2,...C, f(0), Z, Dfp,Dfpp)

 PB     31.0617   0.6902  13.0637   2.3576  18.4420   8.6180   5.9696  47.2579  13.4118  81.9488  82.0000  -4.8180   8.5050
 S       6.9053   1.4679   5.2034  22.2151   1.4379   0.2536   1.5863  56.1720   0.8669  15.9998  16.0000   0.3190   0.5570
 O       3.0485  13.2771   2.2868   5.7011   1.5463   0.3239   0.8670  32.9089   0.2508   7.9994   8.0000   0.0470   0.0320
  
 
 => No optimization for routine tasks
 => Square of FWHM(G) < 0 at 2theta:   75.059 for phase no.    1 -> Fixing to HG=1.0e-10
 => Square of FWHM(G) < 0 at 2theta:   75.503 for phase no.    1 -> Fixing to HG=1.0e-10
 => Square of FWHM(G) < 0 at 2theta:   75.937 for phase no.    1 -> Fixing to HG=1.0e-10
 => Square of FWHM(G) < 0 at 2theta:   76.176 for phase no.    1 -> Fixing to HG=1.0e-10
 => Square of FWHM(G) < 0 at 2theta:   76.477 for phase no.    1 -> Fixing to HG=1.0e-10
 => Square of FWHM(G) < 0 at 2theta:   77.002 for phase no.    1 -> Fixing to HG=1.0e-10
 => Square of FWHM(G) < 0 at 2theta:   77.380 for phase no.    1 -> Fixing to HG=1.0e-10
 => Square of FWHM(G) < 0 at 2theta:   77.992 for phase no.    1 -> Fixing to HG=1.0e-10
 => Square of FWHM(G) < 0 at 2theta:   78.229 for phase no.    1 -> Fixing to HG=1.0e-10
 => Square of FWHM(G) < 0 at 2theta:   78.568 for phase no.    1 -> Fixing to HG=1.0e-10
 => Square of FWHM(G) < 0 at 2theta:   78.675 for phase no.    1 -> Fixing to HG=1.0e-10
 => Square of FWHM(G) < 0 at 2theta:   78.731 for phase no.    1 -> Fixing to HG=1.0e-10
 => Square of FWHM(G) < 0 at 2theta:   79.316 for phase no.    1 -> Fixing to HG=1.0e-10
 => Square of FWHM(G) < 0 at 2theta:   79.378 for phase no.    1 -> Fixing to HG=1.0e-10
 => Square of FWHM(G) < 0 at 2theta:   79.571 for phase no.    1 -> Fixing to HG=1.0e-10
 => Square of FWHM(G) < 0 at 2theta:   79.898 for phase no.    1 -> Fixing to HG=1.0e-10
 => Square of FWHM(G) < 0 at 2theta:   79.903 for phase no.    1 -> Fixing to HG=1.0e-10
 => Square of FWHM(G) < 0 at 2theta:   80.394 for phase no.    1 -> Fixing to HG=1.0e-10
 => Square of FWHM(G) < 0 at 2theta:   80.878 for phase no.    1 -> Fixing to HG=1.0e-10
 => Square of FWHM(G) < 0 at 2theta:   81.102 for phase no.    1 -> Fixing to HG=1.0e-10
 => Square of FWHM(G) < 0 at 2theta:   81.438 for phase no.    1 -> Fixing to HG=1.0e-10
 => Square of FWHM(G) < 0 at 2theta:   81.664 for phase no.    1 -> Fixing to HG=1.0e-10
 => Square of FWHM(G) < 0 at 2theta:   81.682 for phase no.    1 -> Fixing to HG=1.0e-10
 => Square of FWHM(G) < 0 at 2theta:   82.753 for phase no.    1 -> Fixing to HG=1.0e-10
 => Square of FWHM(G) < 0 at 2theta:   82.910 for phase no.    1 -> Fixing to HG=1.0e-10
 => Square of FWHM(G) < 0 at 2theta:   82.942 for phase no.    1 -> Fixing to HG=1.0e-10
 => Square of FWHM(G) < 0 at 2theta:   83.226 for phase no.    1 -> Fixing to HG=1.0e-10
 => Square of FWHM(G) < 0 at 2theta:   83.608 for phase no.    1 -> Fixing to HG=1.0e-10
 => Square of FWHM(G) < 0 at 2theta:   84.157 for phase no.    1 -> Fixing to HG=1.0e-10
 => Square of FWHM(G) < 0 at 2theta:   84.178 for phase no.    1 -> Fixing to HG=1.0e-10
 => Square of FWHM(G) < 0 at 2theta:   84.643 for phase no.    1 -> Fixing to HG=1.0e-10
 => Square of FWHM(G) < 0 at 2theta:   84.670 for phase no.    1 -> Fixing to HG=1.0e-10
 => Square of FWHM(G) < 0 at 2theta:   85.164 for phase no.    1 -> Fixing to HG=1.0e-10
 => Square of FWHM(G) < 0 at 2theta:   85.257 for phase no.    1 -> Fixing to HG=1.0e-10
 => Square of FWHM(G) < 0 at 2theta:   85.640 for phase no.    1 -> Fixing to HG=1.0e-10
 => Square of FWHM(G) < 0 at 2theta:   86.456 for phase no.    1 -> Fixing to HG=1.0e-10
 => Square of FWHM(G) < 0 at 2theta:   86.519 for phase no.    1 -> Fixing to HG=1.0e-10
 => Square of FWHM(G) < 0 at 2theta:   86.572 for phase no.    1 -> Fixing to HG=1.0e-10


   Standard deviations have to be multiplied by: 4.4881
   (correlated residuals) See references:
  -J.F.Berar & P.Lelann, J. Appl. Cryst. 24, 1-5 (1991) 
  -J.F.Berar, Acc. in Pow. Diff. II,NIST Sp.Pub. 846, 63(1992) 

 ++++++++++++++++++++++++++++++++++++++++++++++++++++++++++++++++++++++++++++++++++++++++++++++++++++++++++++++++++++++++

 => CYCLE No.:    1
 =>  Convergence reached at this CYCLE !!!!
 =>  Parameter shifts set to zero
 ---------------------------------------------------------------------------------------
 => Phase  1 Name: PbSO4                                                                 
 ---------------------------------------------------------------------------------------
 => New parameters, shifts, and standard deviations

 Atom        x       dx      sx       y       dy      sy       z       dz      sz       B       dB      sB      occ.    docc.   socc.

 Pb       0.18788 0.00000 0.00000  0.25000 0.00000 0.00000  0.16749 0.00000 0.00000  1.78522 0.00000 0.00000  0.50000 0.00000 0.00000
 S        0.06302 0.00000 0.00000  0.25000 0.00000 0.00000  0.68446 0.00000 0.00000  0.85413 0.00000 0.00000  0.50000 0.00000 0.00000
 O1       0.91235 0.00000 0.00000  0.25000 0.00000 0.00000  0.59346 0.00000 0.00000  1.33362 0.00000 0.00000  0.50000 0.00000 0.00000
 O2       0.18443 0.00000 0.00000  0.25000 0.00000 0.00000  0.53434 0.00000 0.00000  1.57511 0.00000 0.00000  0.50000 0.00000 0.00000
 O3       0.07573 0.00000 0.00000  0.01951 0.00000 0.00000  0.81594 0.00000 0.00000  1.32792 0.00000 0.00000  1.00000 0.00000 0.00000

 ==> PROFILE PARAMETERS FOR PATTERN#  1

 => Overall scale factor:      0.000469335     0.000000000     0.000000000
 => Eta(p-Voigt) or m(Pearson VII):   0.000000  0.000000  0.000000
 => Overall tem. factor:     0.000000    0.000000    0.000000
 => Halfwidth parameters: 
         0.048457    0.000000    0.000000
        -0.083053    0.000000    0.000000
         0.035188    0.000000    0.000000
 => Cell parameters: 
        8.479832    0.000000    0.000000
        5.397758    0.000000    0.000000
        6.959324    0.000000    0.000000
       90.000000    0.000000    0.000000
       90.000000    0.000000    0.000000
       90.000000    0.000000    0.000000
 => Preferred orientation: 
         0.000000    0.000000    0.000000
         0.000000    0.000000    0.000000
 => Asymmetry parameters: 
         0.000000    0.000000    0.000000
         0.000000    0.000000    0.000000
         0.000000    0.000000    0.000000
         0.000000    0.000000    0.000000
 => X and Y parameters: 
         0.000000    0.000000    0.000000
         0.049268    0.000000    0.000000
 => Strain parameters: 
         0.000000    0.000000    0.000000
         0.000000    0.000000    0.000000
         0.000000    0.000000    0.000000
 => Size   parameters (G,L): 
         0.000000    0.000000    0.000000
         0.000000    0.000000    0.000000
 => Further shape parameters (S_L and D_L): 
       0.000000  0.000000  0.000000
       0.000000  0.000000  0.000000

 ==> GLOBAL PARAMETERS FOR PATTERN#  1


 => Zero-point:    -0.0482    0.0000    0.0000
 => Background Polynomial Parameters ==>
       154.32      0.0000      0.0000    
       100.00      0.0000      0.0000    
      -92.329      0.0000      0.0000    
      -95.599      0.0000      0.0000    
       126.68      0.0000      0.0000    
      -31.804      0.0000      0.0000    

 => Cos( theta)-shift parameter :   0.0000  0.0000  0.0000
 => Sin(2theta)-shift parameter :   0.0000  0.0000  0.0000

 ==> RELIABILITY FACTORS WITH ALL NON-EXCLUDED POINTS FOR PATTERN:  1

 => R-Factors:   25.9      32.3     Chi2:  43.0     DW-Stat.:  0.1472   Patt#:  1
 => Expected :            4.92                                1.9182
 => Deviance : 0.398E+06     Dev*:   69.02    
 => GoF-index:  6.6         Sqrt(Residual/N)
 => N-P+C:  5760

 =>    SumYdif       SumYobs      SumYcal      SumwYobsSQ     Residual    Condition
     0.6177E+06    0.2381E+07    0.1895E+07    0.2381E+07    0.2478E+06     0.000    


 => Conventional Rietveld Rp,Rwp,Re and Chi2:   42.6      45.8      6.98      43.02    
 => (Values obtained using Ynet, but true sigma(y))
 =>  SumYnet, Sum(w Ynet**2):     0.1451E+07    0.1181E+07

 => N-sigma of the GoF:     2255.192

 ==> RELIABILITY FACTORS FOR POINTS WITH BRAGG CONTRIBUTIONS FOR PATTERN:  1

 => R-Factors:   25.9      32.3     Chi2:  43.0     DW-Stat.:  0.1472   Patt#:
 => Expected :            4.92                                1.9182
 => Deviance : 0.398E+06     Dev*:   69.02    
 => GoF-index:  6.6         Sqrt(Residual/N)
 => N-P+C:  5760

 =>    SumYdif       SumYobs      SumYcal      SumwYobsSQ     Residual    Condition
     0.6177E+06    0.2381E+07    0.1895E+07    0.2381E+07    0.2478E+06     0.000    


 => Conventional Rietveld Rp,Rwp,Re and Chi2:   42.6      45.8      6.98      43.02    
 => (Values obtained using Ynet, but true sigma(y))
 =>  SumYnet, Sum(w Ynet**2):     0.1451E+07    0.1181E+07

 => N-sigma of the GoF:     2255.192

 => Global user-weigthed Chi2 (Bragg contrib.):   43.0    

 => ---------> Pattern#  1
 => Phase:  1
 =>    Bragg R-factor:  34.6    
 =>    RF-factor     :  20.8    

 --------------------------------------------------------------------------------------------------------------
 Pattern#  1 Phase No.:   1 Phase name: PbSO4                         
 --------------------------------------------------------------------------------------------------------------

   No.  Code     H   K   L  Mult     Hw         2theta      Icalc       Iobs      Sigma      HwG     HwL       ETA       d-hkl        CORR

      1   1      1   0   1     4  0.183092      16.464       40.0       32.4      2.538  0.155520  0.049781  0.338369  5.379598    171.086136
      2   1      0   1   1     4  0.174743      20.809     1376.8     2019.8      7.084  0.146874  0.050092  0.354990  4.265198    105.928795
      3   1      2   0   0     2  0.174502      20.934      448.7      699.9      3.046  0.146622  0.050102  0.355500  4.239916     52.312965
      4   1      1   1   1     8  0.169881      23.326      896.1     1469.6      6.231  0.141807  0.050307  0.365562  3.810354    167.362274
      5   1      2   0   1     4  0.167477      24.565      368.8      532.1      3.731  0.139294  0.050422  0.371049  3.620850     75.157478
      6   1      0   0   2     2  0.165507      25.579      487.5      744.0      4.355  0.137230  0.050521  0.375681  3.479662     34.546288
      7   1      2   1   0     4  0.163295      26.714     1487.9     2307.1      7.586  0.134906  0.050638  0.381034  3.334277     63.102688
      8   1      1   0   2     4  0.161392      27.688     1152.0     1719.7      6.577  0.132904  0.050742  0.385769  3.219173     58.544403
      9   1      2   1   1     8  0.157474      29.685     1828.4     2733.2      8.480  0.128769  0.050969  0.395914  3.006972    101.136604
     10   1      1   1   2     8  0.152205      32.353      688.4     1022.5      5.181  0.123179  0.051299  0.410455  2.764811     84.292046
     11   1      0   2   0     2  0.150591      33.166      825.0     1380.9      5.844  0.121460  0.051406  0.415127  2.698879     19.989548
     12   1      2   0   2     4  0.150362      33.282       31.7       76.5      0.548  0.121216  0.051422  0.415799  2.689799     39.684910
     13   1      3   0   1     4  0.148512      34.211      159.6      233.7      2.700  0.119240  0.051548  0.421305  2.618841     37.421467
     14   1      1   2   1     8  0.142432      37.243        3.0        3.0      0.050  0.112716  0.051990  0.440449  2.412320     62.387367
     15   1      2   1   2     8  0.142274      37.321      307.3      443.6      3.833  0.112546  0.052002  0.440968  2.407447     62.106487
     16   1      3   1   1     8  0.140570      38.164       36.3       35.9      1.343  0.110708  0.052133  0.446649  2.356171     59.187485
     17   1      2   2   0     4  0.137759      39.549      341.9      558.0      4.038  0.107666  0.052355  0.456338  2.276758     27.399635
     18   1      1   0   3     4  0.136287      40.272       95.6      135.5      2.024  0.106067  0.052475  0.461571  2.237559     26.346457
     19   1      3   0   2     4  0.134578      41.108      112.3      164.3      2.128  0.104208  0.052618  0.467790  2.193962     25.198408
     20   1      2   2   1     8  0.133354      41.706      493.7      813.0      4.566  0.102872  0.052721  0.472344  2.163901     48.842346
     21   1      0   2   2     4  0.132035      42.347       97.7      150.3      1.919  0.101431  0.052835  0.477338  2.132599     23.624378
     22   1      0   1   3     4  0.131979      42.374        3.8        6.5      0.089  0.101370  0.052840  0.477554  2.131286     23.591238
     23   1      4   0   0     2  0.131490      42.612        3.0        7.1      0.273  0.100834  0.052882  0.479433  2.119958     11.653112
     24   1      1   2   2     8  0.129176      43.732      815.2     1171.0      3.693  0.098295  0.053087  0.488517  2.068197     44.050915
     25   1      1   1   3     8  0.129121      43.759      897.1     1480.6      4.598  0.098234  0.053092  0.488737  2.067000     43.992481
     26   1      2   0   3     4  0.127622      44.482        5.9        7.2      0.050  0.096585  0.053228  0.494794  2.035087     21.224741
     27   1      3   1   2     8  0.127498      44.542      595.4      778.1      3.426  0.096447  0.053240  0.495304  2.032485     42.324852
     28   1      4   0   1     4  0.127280      44.646      600.9     1150.4      4.617  0.096207  0.053259  0.496198  2.027954     21.054146
     29   1      4   1   0     4  0.124553      45.954      394.0      603.6      4.163  0.093192  0.053514  0.507639  1.973227     19.767994
     30   1      2   2   2     8  0.120898      47.696       71.5       90.1      1.850  0.089125  0.053867  0.523745  1.905177     36.450344
     31   1      2   1   3     8  0.120845      47.721        2.1        3.2      0.064  0.089067  0.053872  0.523983  1.904241     36.408783
     32   1      4   1   1     8  0.120516      47.877        1.5        4.9      0.206  0.088699  0.053905  0.525481  1.898393     36.149681
     33   1      3   2   1     8  0.119433      48.390      127.6      172.3      2.624  0.087487  0.054013  0.530463  1.879459     35.317204
     34   1      4   0   2     4  0.115246      50.361        0.0        0.0      0.005  0.082775  0.054441  0.550535  1.810425     16.183273
     35   1      3   0   3     4  0.114139      50.879      324.8      404.6      3.994  0.081522  0.054558  0.556070  1.793199     15.825594
     36   1      0   3   1     4  0.110684      52.487      138.0      180.2      2.249  0.077589  0.054930  0.573989  1.741976     14.787118
     37   1      0   0   4     2  0.110534      52.557       37.0       76.7      1.001  0.077418  0.054947  0.574791  1.739831      7.372235
     38   1      1   2   3     8  0.109306      53.125        7.7        7.6      0.548  0.076011  0.055082  0.581423  1.722547     28.806377
     39   1      4   1   2     8  0.108866      53.329       44.4       54.0      1.252  0.075505  0.055131  0.583835  1.716451     28.567753
     40   1      1   3   1     8  0.108127      53.670       78.8       87.7      1.031  0.074654  0.055214  0.587923  1.706344     28.174503
     41   1      1   0   4     4  0.107978      53.738      161.0      195.5      1.627  0.074483  0.055231  0.588752  1.704328     14.048219
     42   1      3   2   2     8  0.107837      53.804       18.5       28.1      0.226  0.074320  0.055247  0.589541  1.702418     28.022560
     43   1      3   1   3     8  0.107787      53.826      146.3      254.6      2.171  0.074263  0.055252  0.589818  1.701750     27.996748
     44   1      4   2   0     4  0.105151      55.037        0.0        0.0      0.002  0.071213  0.055553  0.604896  1.667139     13.338963
     45   1      2   3   0     4  0.104296      55.429      139.9      176.9      2.433  0.070217  0.055653  0.609934  1.656289     13.135971
     46   1      5   0   1     4  0.103612      55.741       44.4       67.0      1.408  0.069420  0.055733  0.614015  1.647744     12.977361
     47   1      1   1   4     8  0.101767      56.582       74.6       83.4      1.261  0.067258  0.055951  0.625269  1.625237     25.129976
     48   1      2   2   3     8  0.101740      56.594        0.3        0.3      0.005  0.067225  0.055955  0.625440  1.624906     25.117950
     49   1      4   2   1     8  0.101435      56.733      319.1      470.1      3.329  0.066867  0.055991  0.627334  1.621268     24.986145
     50   1      2   3   1     8  0.100590      57.117      213.1      338.5      2.869  0.065871  0.056093  0.632639  1.611284     24.626554
     51   1      2   0   4     4  0.100445      57.182       15.4       35.3      0.413  0.065700  0.056110  0.633557  1.609587     12.282858
     52   1      5   1   1     8  0.097487      58.520       13.9       13.2      0.785  0.062186  0.056473  0.652804  1.575950     23.379215
     53   1      1   3   2     8  0.097000      58.739      115.6      138.7      2.270  0.061603  0.056534  0.656071  1.570583     23.193230
     54   1      4   0   3     4  0.096481      58.973        9.0       22.2      0.794  0.060981  0.056599  0.659583  1.564919     11.498993
     55   1      2   1   4     8  0.094375      59.918       26.4       13.1      1.459  0.058442  0.056866  0.674172  1.542468     22.234394
     56   1      5   0   2     4  0.092635      60.697       16.4        0.0      1.137  0.056323  0.057091  0.686662  1.524528     10.818097
     57   1      4   2   2     8  0.090524      61.638        1.0        0.0      0.135  0.053728  0.057369  0.702353  1.503486     20.948423
     58   1      4   1   3     8  0.090477      61.659        0.6        0.0      0.072  0.053670  0.057375  0.702710  1.503026     20.933554
     59   1      2   3   2     8  0.089704      62.003       49.3       58.6      0.819  0.052711  0.057479  0.708617  1.495513     20.691803
     60   1      3   2   3     8  0.089503      62.092      347.5      462.1      3.698  0.052461  0.057506  0.710166  1.493576     20.629782

   No.  Code     H   K   L  Mult     Hw         2theta      Icalc       Iobs      Sigma      HwG     HwL       ETA       d-hkl        CORR

     61   1      3   3   1     8  0.088392      62.586       12.1       15.8      0.627  0.051072  0.057656  0.718846  1.482977     20.292730
     62   1      3   0   4     4  0.088252      62.648        9.3       11.6      0.550  0.050897  0.057675  0.719954  1.481653     10.125457
     63   1      5   1   2     8  0.086693      63.340      152.1      194.7      2.447  0.048929  0.057888  0.732482  1.467133     19.796310
     64   1      0   2   4     4  0.086167      63.573       34.4       84.1      1.448  0.048259  0.057961  0.736795  1.462315      9.823560
     65   1      1   2   4     8  0.083791      64.624      229.7      300.7      3.111  0.045202  0.058295  0.756832  1.441045     18.998571
     66   1      3   1   4     8  0.082384      65.246      125.3      175.1      2.366  0.043360  0.058497  0.769154  1.428802     18.632816
     67   1      0   3   3     4  0.081559      65.611        0.8        1.5      0.180  0.042267  0.058617  0.776551  1.421733      9.212083
     68   1      6   0   0     2  0.080562      66.052       11.2       10.3      0.784  0.040933  0.058763  0.785651  1.413305      4.544480
     69   1      5   2   1     8  0.079729      66.421       67.3       80.8      1.444  0.039807  0.058886  0.793397  1.406354     17.976858
     70   1      1   3   3     8  0.079223      66.645      193.7      279.2      2.679  0.039116  0.058962  0.798177  1.402162     17.856506
     71   1      3   3   2     8  0.077888      67.237      139.3      199.9      2.326  0.037270  0.059164  0.811025  1.391241     17.546202
     72   1      6   0   1     4  0.077119      67.579       24.3       45.8      1.028  0.036190  0.059282  0.818590  1.385033      8.685962
     73   1      2   2   4     8  0.076791      67.725       19.2       30.1      0.924  0.035726  0.059332  0.821852  1.382405     17.298615
     74   1      1   0   5     4  0.075671      68.225        4.4        6.7      0.205  0.034116  0.059507  0.833192  1.373486      8.525929
     75   1      4   3   0     4  0.075456      68.321      107.4      128.6      1.692  0.033803  0.059541  0.835400  1.371787      8.502605
     76   1      5   0   3     4  0.075115      68.474      102.1      162.4      1.674  0.033304  0.059595  0.838925  1.369098      8.465826
     77   1      6   1   0     4  0.074876      68.582       88.6      173.3      1.884  0.032951  0.059633  0.841416  1.367217      8.440175
     78   1      4   2   3     8  0.073154      69.358        3.5        3.4      0.347  0.030355  0.059911  0.859739  1.353797     16.518705
     79   1      0   4   0     2  0.072590      69.614      106.5      121.9      1.670  0.029478  0.060004  0.865905  1.349440      4.100721
     80   1      2   3   3     8  0.072399      69.701        0.4        0.5      0.007  0.029178  0.060036  0.868011  1.347968     16.363966
     81   1      0   1   5     4  0.072375      69.712       71.2      108.9      1.424  0.029139  0.060040  0.868284  1.347778      8.179469
     82   1      4   3   1     8  0.072129      69.824        0.1        0.3      0.007  0.028750  0.060081  0.871007  1.345889     16.309128
     83   1      4   0   4     4  0.072000      69.883        0.1        0.3      0.007  0.028545  0.060102  0.872441  1.344899      8.141541
     84   1      6   1   1     8  0.071567      70.082      119.0      192.5      2.349  0.027848  0.060175  0.877305  1.341572     16.195848
     85   1      1   1   5     8  0.070194      70.717       26.3       27.8      1.071  0.025565  0.060411  0.893057  1.331070     15.923645
     86   1      5   2   2     8  0.069712      70.943        5.5        7.0      0.159  0.024732  0.060496  0.898716  1.327392     15.829448
     87   1      5   1   3     8  0.069671      70.962       56.4       68.0      1.465  0.024660  0.060503  0.899206  1.327075     15.821366
     88   1      2   0   5     4  0.069063      71.249       25.6       41.7      1.350  0.023578  0.060611  0.906460  1.322431      7.851678
     89   1      6   0   2     4  0.067365      72.067        2.4        0.0      0.410  0.020344  0.060925  0.927347  1.309420      7.688951
     90   1      1   4   1     8  0.067296      72.101        1.5        0.0      0.246  0.020204  0.060938  0.928217  1.308888     15.364753
     91   1      4   1   4     8  0.066794      72.350       38.8       26.6      1.640  0.019161  0.061034  0.934609  1.305002     15.269141
     92   1      3   2   4     8  0.065998      72.750        0.4        0.0      0.228  0.017407  0.061191  0.944919  1.298802     15.118064
     93   1      2   4   0     4  0.064379      73.601       23.8       21.2      0.827  0.013234  0.061529  0.966717  1.285883      7.404531
     94   1      2   1   5     8  0.064204      73.697       83.8       95.1      1.965  0.012705  0.061568  0.969156  1.284445     14.775167
     95   1      4   3   2     8  0.063217      74.253       18.8       16.5      0.966  0.009216  0.061793  0.983145  1.276195     14.582657
     96   1      6   1   2     8  0.062789      74.504       28.3       34.0      1.026  0.007215  0.061896  0.989372  1.272513     14.497813
     97   1      3   3   3     8  0.062514      74.668       58.3       74.8      1.541  0.005577  0.061964  0.993425  1.270118     14.442995
     98   1      2   4   1     8  0.062125      75.059       29.1       36.5      1.268  0.000000  0.062125  1.000000  1.264479     14.315057
     99   1      0   4   2     4  0.062311      75.503       31.1       30.1      1.293  0.000000  0.062311  1.000000  1.258143      7.086622
    100   1      6   2   0     4  0.062495      75.937       33.9       32.8      1.226  0.000000  0.062495  1.000000  1.252025      7.019148
    101   1      3   0   5     4  0.062597      76.176       19.2       29.3      0.978  0.000000  0.062597  1.000000  1.248687      6.982749
    102   1      1   4   2     8  0.062727      76.477       96.3      128.5      2.079  0.000000  0.062727  1.000000  1.244519     13.875421
    103   1      1   3   4     8  0.062955      77.002       34.8       39.6      1.309  0.000000  0.062955  1.000000  1.237340     13.722456
    104   1      6   2   1     8  0.063120      77.380       39.0       44.1      1.458  0.000000  0.063120  1.000000  1.232243     13.615582
    105   1      1   2   5     8  0.063393      77.992        0.1        0.1      0.013  0.000000  0.063393  1.000000  1.224090     13.447643
    106   1      5   2   3     8  0.063499      78.229      178.3      212.9      2.771  0.000000  0.063499  1.000000  1.220981     13.384593
    107   1      3   1   5     8  0.063652      78.568       21.4       48.1      1.088  0.000000  0.063652  1.000000  1.216559     13.295890
    108   1      5   3   1     8  0.063701      78.675        6.5        8.8      0.471  0.000000  0.063701  1.000000  1.215170     13.268244
    109   1      5   0   4     4  0.063727      78.731        2.7        3.9      0.324  0.000000  0.063727  1.000000  1.214441      6.626900
    110   1      6   0   3     4  0.063995      79.316        0.0        0.0      0.002  0.000000  0.063995  1.000000  1.206950      6.553535
    111   1      2   4   2     8  0.064024      79.378        5.4        0.0      0.771  0.000000  0.064024  1.000000  1.206160     13.091785
    112   1      4   2   4     8  0.064114      79.571        0.0        0.0      0.019  0.000000  0.064114  1.000000  1.203723     13.044902
    113   1      2   3   4     8  0.064267      79.898       10.0        5.8      0.486  0.000000  0.064267  1.000000  1.199620     12.966762
    114   1      3   4   1     8  0.064269      79.903       22.5       13.2      1.094  0.000000  0.064269  1.000000  1.199554     12.965508
    115   1      7   0   1     4  0.064501      80.394        0.9        0.0      0.334  0.000000  0.064501  1.000000  1.193459      6.425685
    116   1      2   2   5     8  0.064733      80.878       46.1       30.8      1.361  0.000000  0.064733  1.000000  1.187534     12.742677
    117   1      5   1   4     8  0.064841      81.102       68.8       84.7      1.863  0.000000  0.064841  1.000000  1.184823     12.693687
    118   1      4   3   3     8  0.065004      81.438        0.2        0.6      0.084  0.000000  0.065004  1.000000  1.180782     12.621556
    119   1      6   2   2     8  0.065115      81.664       12.3        3.4      1.033  0.000000  0.065115  1.000000  1.178085     12.574011
    120   1      6   1   3     8  0.065124      81.682        0.1        0.0      0.009  0.000000  0.065124  1.000000  1.177864     12.570132

   No.  Code     H   K   L  Mult     Hw         2theta      Icalc       Iobs      Sigma      HwG     HwL       ETA       d-hkl        CORR

    121   1      7   1   1     8  0.065657      82.753       13.0        9.6      0.659  0.000000  0.065657  1.000000  1.165314     12.355515
    122   1      4   0   5     4  0.065737      82.910       64.0       59.7      1.187  0.000000  0.065737  1.000000  1.163504      6.162724
    123   1      5   3   2     8  0.065753      82.942       53.9       51.5      1.007  0.000000  0.065753  1.000000  1.163139     12.319419
    124   1      0   0   6     2  0.065898      83.226       40.9       70.1      1.519  0.000000  0.065898  1.000000  1.159887      3.066519
    125   1      1   4   3     8  0.066094      83.608       10.9        7.5      0.895  0.000000  0.066094  1.000000  1.155559     12.196239
    126   1      3   4   2     8  0.066378      84.157       13.1        1.9      0.905  0.000000  0.066378  1.000000  1.149423     12.099581
    127   1      1   0   6     4  0.066389      84.178        0.6        0.1      0.045  0.000000  0.066389  1.000000  1.149187      6.047961
    128   1      7   0   2     4  0.066634      84.643       44.9       52.1      1.141  0.000000  0.066634  1.000000  1.144057      6.008669
    129   1      3   3   4     8  0.066649      84.670       49.7       58.3      1.272  0.000000  0.066649  1.000000  1.143759     12.012841
    130   1      4   4   0     4  0.066912      85.164        0.3        0.0      0.131  0.000000  0.066912  1.000000  1.138379      5.966351
    131   1      4   1   5     8  0.066962      85.257        0.0        0.0      0.000  0.000000  0.066962  1.000000  1.137381     11.918083
    132   1      3   2   5     8  0.067169      85.640       29.8       14.2      1.420  0.000000  0.067169  1.000000  1.133269     11.858688
    133   1      2   4   3     8  0.067617      86.456        0.8        1.2      0.057  0.000000  0.067617  1.000000  1.124656     11.738650
    134   1      1   1   6     8  0.067652      86.519        1.4        1.8      0.045  0.000000  0.067652  1.000000  1.123996     11.729699
    135   1      4   4   1     8  0.067681      86.572      120.3      130.2      2.301  0.000000  0.067681  1.000000  1.123448     11.722298
    136   1      7   1   2     8  0.068067      86.983       25.8       46.0      1.029  0.002874  0.067911  0.998294  1.119194     11.665702
    137   1      2   0   6     4  0.068184      87.023       16.6       26.1      0.708  0.003771  0.067934  0.997260  1.118780      5.830133
    138   1      6   3   0     4  0.070281      87.745       37.4       34.5      1.634  0.011364  0.068344  0.979347  1.111426      5.783169
    139   1      5   2   4     8  0.071478      88.138        0.2        0.3      0.135  0.014080  0.068570  0.969440  1.107483     11.517935
    140   1      6   2   3     8  0.073301      88.712        0.0        0.0      0.001  0.017545  0.068905  0.954776  1.101794     11.450562
    141   1      0   3   5     4  0.073595      88.802       32.8       23.8      1.309  0.018054  0.068958  0.952460  1.100908      5.720170
    142   1      6   3   1     8  0.074743      89.149       47.2       54.6      1.279  0.019956  0.069164  0.943530  1.097518     11.401906
    143   1      6   0   4     4  0.074929      89.205        2.7        3.6      0.102  0.020251  0.069197  0.942107  1.096981      5.697958
    144   1      2   1   6     8  0.075447      89.358       70.7       94.7      1.704  0.021061  0.069288  0.938159  1.095496     11.379497
    145   1      1   3   5     8  0.076787      89.748       10.5       20.5      0.814  0.023067  0.069523  0.928131  1.091746     11.338974
    146   1      7   2   1     8  0.076875      89.773        0.1        0.2      0.009  0.023196  0.069538  0.927475  1.091501     11.336381
    147   1      5   3   3     8  0.077597      89.979       30.7       34.4      1.370  0.024228  0.069663  0.922195  1.089538     11.315763
    148   1      4   4   2     8  0.080498      90.785        0.0        0.0      0.000  0.028152  0.070158  0.901679  1.081951     11.239703
    149   1      3   4   3     8  0.081983      91.186       88.6       90.0      1.851  0.030052  0.070408  0.891620  1.078240     11.204658
    150   1      4   3   4     8  0.082397      91.296       18.6       24.7      0.632  0.030571  0.070477  0.888864  1.077223     11.195304
    151   1      5   0   5     4  0.082933      91.438        6.8       19.5      0.537  0.031237  0.070567  0.885332  1.075920      5.591739
    152   1      6   1   4     8  0.083312      91.538        9.8       26.3      0.747  0.031704  0.070630  0.882856  1.075006     11.175294
    153   1      7   0   3     4  0.083812      91.670        4.8       11.6      0.552  0.032317  0.070713  0.879610  1.073806      5.582347
    154   1      3   0   6     4  0.084127      91.752        0.0        0.2      0.011  0.032700  0.070766  0.877585  1.073058      5.579078
    155   1      4   2   5     8  0.086106      92.263       75.1       91.1      1.679  0.035063  0.071094  0.865133  1.068446     11.119224
    156   1      0   5   1     4  0.086831      92.448       13.8       22.9      0.484  0.035913  0.071213  0.860684  1.066793      5.552923
    157   1      0   4   4     4  0.087048      92.504       10.7       18.3      0.311  0.036167  0.071249  0.859359  1.066300      5.550957
    158   1      0   2   6     4  0.087340      92.577       43.0       68.3      0.928  0.036506  0.071297  0.857595  1.065643      5.548362
    159   1      2   3   5     8  0.087371      92.585       38.8       62.1      0.864  0.036542  0.071302  0.857408  1.065573     11.096174
    160   1      8   0   0     2  0.089909      93.220       37.7       53.6      1.178  0.039443  0.071719  0.842446  1.059979      2.763499
    161   1      6   3   2     8  0.090488      93.363       13.8       19.5      0.390  0.040096  0.071814  0.839126  1.058731     11.045093
    162   1      1   5   1     8  0.090619      93.395       13.8       18.4      0.316  0.040243  0.071835  0.838379  1.058450     11.043109
    163   1      1   4   4     8  0.090845      93.450       54.1       72.8      1.181  0.040495  0.071872  0.837099  1.057968     11.039735
    164   1      1   2   6     8  0.091146      93.524        2.3        4.7      0.121  0.040832  0.071921  0.835399  1.057327     11.035291
    165   1      5   1   5     8  0.092172      93.775       10.1       25.9      0.657  0.041972  0.072089  0.829670  1.055162     11.020640
    166   1      7   2   2     8  0.093054      93.988       61.8       99.2      1.230  0.042944  0.072233  0.824832  1.053327     11.008671
    167   1      7   1   3     8  0.093131      94.007       61.3       99.1      1.252  0.043028  0.072245  0.824416  1.053169     11.007658
    168   1      3   1   6     8  0.093473      94.089        0.1        0.2      0.004  0.043404  0.072301  0.822559  1.052462     11.003176
    169   1      8   0   1     4  0.095728      94.627        0.0        0.0      0.006  0.045855  0.072668  0.810611  1.047894      5.487840
    170   1      2   5   0     4  0.096596      94.832       30.6       35.7      1.313  0.046788  0.072809  0.806139  1.046173      5.483005
    171   1      5   4   1     8  0.097700      95.090       16.1       27.1      1.161  0.047969  0.072989  0.800542  1.044009     10.954395
    172   1      8   1   0     4  0.099728      95.560        0.0        0.0      0.029  0.050119  0.073318  0.790535  1.040114      5.467521
    173   1      2   5   1     8  0.102715      96.242       46.4       48.8      1.374  0.053249  0.073803  0.776398  1.034549     10.910954
    174   1      2   4   4     8  0.102961      96.298        6.0        6.8      0.166  0.053505  0.073843  0.775264  1.034099     10.909196
    175   1      2   2   6     8  0.103290      96.372       35.0       48.2      1.191  0.053846  0.073897  0.773756  1.033500     10.906898
    176   1      8   1   1     8  0.105980      96.973       31.0       45.1      1.444  0.056624  0.074333  0.761721  1.028688     10.890292
    177   1      3   3   5     8  0.107609      97.332       15.1       27.4      1.119  0.058294  0.074598  0.754683  1.025846     10.882069
    178   1      1   5   2     8  0.108959      97.627       16.3       17.0      1.116  0.059670  0.074817  0.748989  1.023531     10.876263
    179   1      4   4   3     8  0.109887      97.829        2.7        1.2      0.553  0.060613  0.074968  0.745141  1.021959     10.872786
    180   1      4   0   6     4  0.112546      98.401        0.0        0.0      0.002  0.063302  0.075401  0.734422  1.017544      5.432536

   No.  Code     H   K   L  Mult     Hw         2theta      Icalc       Iobs      Sigma      HwG     HwL       ETA       d-hkl        CORR

    181   1      6   2   4     8  0.113345      98.571        5.0        0.2      0.835  0.064105  0.075531  0.731288  1.016242     10.863387
    182   1      8   0   2     4  0.114752      98.869       14.9        9.5      1.215  0.065517  0.075760  0.725857  1.013977      5.430553
    183   1      5   4   2     8  0.116981      99.336        4.9        1.4      0.814  0.067745  0.076123  0.717484  1.010456     10.859243
    184   1      5   3   4     8  0.119483      99.855       33.9       29.0      1.578  0.070232  0.076532  0.708410  1.006602     10.859612
    185   1      6   3   3     8  0.122338     100.438        0.0        0.0      0.002  0.073056  0.076998  0.698453  1.002324     10.863062
    186   1      2   5   2     8  0.122645     100.500       15.4       16.3      0.954  0.073358  0.077049  0.697406  1.001871     10.863617
    187   1      4   1   6     8  0.123971     100.768       42.9       55.6      1.215  0.074665  0.077266  0.692935  0.999931     10.866429
    188   1      5   2   5     8  0.124318     100.837       20.5       27.2      0.677  0.075005  0.077323  0.691782  0.999429     10.867269
    189   1      3   5   1     8  0.125257     101.025        2.1        5.6      0.223  0.075928  0.077477  0.688681  0.998076     10.869769
    190   1      7   2   3     8  0.125495     101.073        1.0        3.1      0.114  0.076161  0.077516  0.687902  0.997735     10.870454
    191   1      3   4   4     8  0.125539     101.082        2.6        8.7      0.314  0.076205  0.077523  0.687758  0.997672     10.870582
    192   1      3   2   6     8  0.125916     101.157        2.2        8.0      0.352  0.076574  0.077585  0.686531  0.997134     10.871709
    193   1      8   1   2     8  0.126330     101.239        0.2        0.5      0.037  0.076980  0.077653  0.685191  0.996546     10.873010
    194   1      7   3   1     8  0.127742     101.519        7.9       12.5      0.473  0.078362  0.077884  0.680673  0.994557     10.877891
    195   1      7   0   4     4  0.128028     101.575       22.9       31.3      1.091  0.078641  0.077931  0.679769  0.994157      5.439482
    196   1      6   0   5     4  0.129812     101.925       10.3       22.2      1.092  0.080382  0.078224  0.674210  0.991691      5.443140
    197   1      1   0   7     4  0.132972     102.537        1.7        2.4      0.166  0.083455  0.078745  0.664689  0.987426      5.450902
    198   1      8   2   0     4  0.133585     102.655       45.8       62.1      1.951  0.084050  0.078846  0.662888  0.986614      5.452592
    199   1      0   5   3     4  0.139704     103.812        0.0        0.0      0.002  0.089962  0.079857  0.645683  0.978758      5.472578
    200   1      0   1   7     4  0.140521     103.963       13.9       12.8      0.663  0.090748  0.079992  0.643488  0.977743      5.475656
    201   1      7   1   4     8  0.140546     103.968       15.0       13.8      0.703  0.090772  0.079996  0.643422  0.977712     10.951501
    202   1      4   3   5     8  0.141106     104.072        0.0        0.0      0.000  0.091311  0.080089  0.641931  0.977021     10.955833
    203   1      8   2   1     8  0.141248     104.098        0.8        0.9      0.060  0.091448  0.080112  0.641553  0.976846     10.956948
    204   1      6   4   0     4  0.141943     104.226        6.0        8.4      0.336  0.092115  0.080227  0.639722  0.975995      5.481235
    205   1      6   1   5     8  0.142459     104.321       30.6       44.8      1.248  0.092611  0.080313  0.638371  0.975366     10.966656
    206   1      1   5   3     8  0.145009     104.787       53.2       71.0      1.533  0.095056  0.080736  0.631825  0.972302     10.988382
    207   1      1   1   7     8  0.145849     104.940       11.6       19.0      0.644  0.095861  0.080876  0.629712  0.971308     10.995920
    208   1      3   5   2     8  0.148138     105.352       36.5       53.8      1.346  0.098049  0.081257  0.624070  0.968639     11.017342
    209   1      1   3   6     8  0.148260     105.374        1.5        2.1      0.056  0.098166  0.081278  0.623773  0.968498     11.018522
    210   1      2   0   7     4  0.148749     105.461        2.9        4.2      0.184  0.098632  0.081359  0.622590  0.967936      5.511639
    211   1      6   4   1     8  0.149974     105.679       12.6       24.1      0.824  0.099801  0.081563  0.619655  0.966536     11.035466
    212   1      7   3   2     8  0.150961     105.854       19.5       32.7      1.084  0.100742  0.081728  0.617322  0.965421     11.045545
    213   1      8   0   3     4  0.152140     106.062        0.2        0.6      0.046  0.101865  0.081925  0.614572  0.964101      5.528942
    214   1      1   4   5     8  0.153508     106.302        1.3        2.6      0.115  0.103166  0.082153  0.611430  0.962587     11.072600
    215   1      4   5   0     4  0.154041     106.395       20.9       31.8      0.865  0.103673  0.082242  0.610218  0.962001      5.539229
    216   1      5   4   3     8  0.154892     106.543       59.0       83.4      1.811  0.104482  0.082385  0.608300  0.961073     11.087933
    217   1      5   0   6     4  0.158324     107.135        0.1        0.1      0.033  0.107738  0.082960  0.600757  0.957398      5.563882
    218   1      2   5   3     8  0.161906     107.743        0.3        0.2      0.046  0.111128  0.083562  0.593197  0.953677     11.171988
    219   1      4   5   1     8  0.162629     107.864        0.2        0.2      0.009  0.111811  0.083683  0.591708  0.952940     11.181230
    220   1      2   1   7     8  0.162827     107.897       31.0       30.7      1.459  0.111998  0.083717  0.591302  0.952739     11.183786
    221   1      4   4   4     8  0.162975     107.922        0.0        0.0      0.001  0.112138  0.083741  0.590999  0.952589     11.185694
    222   1      4   2   6     8  0.163438     108.000        0.3        0.3      0.021  0.112575  0.083819  0.590057  0.952120     11.191697
    223   1      2   3   6     8  0.165470     108.338       43.2       61.3      1.498  0.114494  0.084162  0.585972  0.950086     11.218559
    224   1      8   2   2     8  0.166370     108.487       17.1       27.8      0.942  0.115342  0.084314  0.584193  0.949197     11.230700
    225   1      8   1   3     8  0.166488     108.506        0.0        0.0      0.000  0.115453  0.084333  0.583962  0.949081     11.232301
    226   1      2   4   5     8  0.171233     109.281       15.5       13.8      1.401  0.119920  0.085135  0.574878  0.944504     11.298914
    227   1      5   1   6     8  0.173173     109.594        0.1        0.3      0.098  0.121743  0.085464  0.571297  0.942684     11.327309
    228   1      6   4   2     8  0.176391     110.106        1.7        0.0      0.637  0.124762  0.086010  0.565518  0.939730     11.375806
    229   1      3   0   7     4  0.178462     110.432        5.0        3.2      0.822  0.126703  0.086362  0.561901  0.937868      5.703960
    230   1      6   3   4     8  0.179863     110.651        6.7        4.4      0.899  0.128015  0.086600  0.559498  0.936627     11.430032
    231   1      9   0   1     4  0.183248     111.175        0.3        0.4      0.042  0.131180  0.087177  0.553836  0.933685      5.742347
    232   1      7   2   4     8  0.184192     111.319       36.1       41.5      1.619  0.132062  0.087338  0.552291  0.932879     11.500247
    233   1      6   2   5     8  0.186611     111.688       19.8       34.6      1.386  0.134321  0.087751  0.548399  0.930840     11.540695
    234   1      1   2   7     8  0.190910     112.333        4.4        6.6      0.581  0.138330  0.088487  0.541710  0.927311     11.614625
    235   1      4   5   2     8  0.191024     112.350        3.8        5.3      0.482  0.138436  0.088507  0.541537  0.927219     11.616618
    236   1      3   5   3     8  0.193958     112.784       15.2       16.3      1.072  0.141167  0.089010  0.537138  0.924880     11.668534
    237   1      3   1   7     8  0.195049     112.944        1.6        1.8      0.122  0.142182  0.089198  0.535534  0.924024     11.688125
    238   1      5   3   5     8  0.195831     113.058        9.2       11.7      0.633  0.142909  0.089332  0.534395  0.923415     11.702262
    239   1      7   3   3     8  0.197563     113.310       44.1       62.4      1.607  0.144520  0.089630  0.531901  0.922078     11.733853
    240   1      3   3   6     8  0.198183     113.399        0.0        0.0      0.002  0.145096  0.089737  0.531019  0.921604     11.745246

   No.  Code     H   K   L  Mult     Hw         2theta      Icalc       Iobs      Sigma      HwG     HwL       ETA       d-hkl        CORR

    241   1      9   1   1     8  0.200271     113.700       10.6       30.6      1.196  0.147035  0.090097  0.528084  0.920023     11.783976
    242   1      3   4   5     8  0.205039     114.376       15.1       15.4      1.405  0.151458  0.090920  0.521597  0.916506     11.874304
    243   1      7   0   5     4  0.208858     114.908        0.8        1.6      0.330  0.154996  0.091580  0.516604  0.913779      5.974246
    244   1      8   3   0     4  0.209571     115.007        0.1        0.2      0.043  0.155656  0.091704  0.515690  0.913278      5.981262
    245   1      1   5   4     8  0.211422     115.261        9.9        9.8      0.883  0.157369  0.092025  0.513348  0.911991     11.999169
    246   1      2   2   7     8  0.212701     115.436       12.8       13.4      0.883  0.158552  0.092247  0.511752  0.911112     12.024705
    247   1      9   0   2     4  0.215145     115.767       15.9       30.1      1.342  0.160812  0.092672  0.508751  0.909453      6.036992
    248   1      8   2   3     8  0.217459     116.078        0.1        0.3      0.035  0.162950  0.093074  0.505971  0.907911     12.121146
    249   1      8   3   1     8  0.221133     116.566       25.4       41.9      1.436  0.166342  0.093714  0.501670  0.905514     12.197101
    250   1      8   0   4     4  0.221603     116.628        6.5       10.4      0.402  0.166775  0.093796  0.501130  0.905213      6.103445
    251   1      5   5   1     8  0.225088     117.083        2.3        8.8      0.453  0.169989  0.094405  0.497191  0.903004     12.280224
    252   1      5   4   4     8  0.225567     117.145        1.5        4.7      0.257  0.170430  0.094489  0.496659  0.902705     12.290380
    253   1      5   2   6     8  0.226207     117.228        1.2        2.7      0.190  0.171020  0.094601  0.495951  0.902307     12.303994
    254   1      7   1   5     8  0.228393     117.509        9.7       16.3      0.626  0.173034  0.094983  0.493563  0.900960     12.350729
    255   1      4   0   7     4  0.229770     117.685       38.5       56.0      1.203  0.174302  0.095224  0.492081  0.900123      6.190183
    256   1      0   6   0     2  0.230592     117.790       21.2       31.4      0.849  0.175059  0.095368  0.491204  0.899626      3.099536
    257   1      6   4   3     8  0.230609     117.792        0.0        0.0      0.001  0.175075  0.095371  0.491186  0.899616     12.398518
    258   1      9   1   2     8  0.235344     118.388       11.2       26.0      0.823  0.179431  0.096202  0.486253  0.896813     12.501945
    259   1      6   0   6     4  0.235711     118.434        8.3       16.9      0.605  0.179769  0.096267  0.485879  0.896600      6.255016
    260   1      2   5   4     8  0.235764     118.441        4.7        9.6      0.353  0.179818  0.096276  0.485824  0.896568     12.511224
    261   1      7   4   1     8  0.240280     118.999        0.6        3.3      0.392  0.183968  0.097071  0.481310  0.893987     12.611595
    262   1      8   1   4     8  0.242502     119.270        0.0        0.1      0.030  0.186009  0.097462  0.479149  0.892746     12.661538
    263   1      4   5   3     8  0.250135     120.184        0.0        0.1      0.027  0.193013  0.098810  0.472008  0.888622     12.835709
    264   1      4   1   7     8  0.251584     120.354        0.0        0.0      0.002  0.194342  0.099067  0.470700  0.887862     12.869214
    265   1      1   6   1     8  0.252657     120.480        0.1        0.1      0.016  0.195325  0.099257  0.469741  0.887305     12.894102
    266   1      3   2   7     8  0.255391     120.798        8.9       12.7      0.396  0.197830  0.099741  0.467334  0.885902     12.957828
    267   1      4   3   6     8  0.255761     120.841       37.4       52.3      1.406  0.198169  0.099807  0.467012  0.885714     12.966496
    268   1      6   1   6     8  0.258213     121.123       38.2       71.2      1.542  0.200415  0.100242  0.464900  0.884481     13.024109
    269   1      8   3   2     8  0.260477     121.381        0.0        0.1      0.005  0.202487  0.100645  0.462986  0.883359     13.077611
    270   1      9   2   1     8  0.262493     121.610        0.2        0.9      0.030  0.204332  0.101003  0.461308  0.882374     13.125496
    271   1      4   4   5     8  0.264959     121.887       60.7       99.6      1.496  0.206589  0.101442  0.459289  0.881187     13.184406
    272   1      5   5   2     8  0.265291     121.924       29.7       46.3      0.675  0.206893  0.101501  0.459020  0.881028     13.192364
    273   1      2   6   0     4  0.267391     122.157       10.2       17.6      0.305  0.208812  0.101876  0.457335  0.880035      6.621395
    274   1      0   4   6     4  0.268291     122.257       39.9       87.5      1.584  0.209635  0.102036  0.456620  0.879613      6.632242
    275   1      1   4   6     8  0.278668     123.382        0.7        1.9      0.179  0.219115  0.103891  0.448709  0.874918     13.517583
    276   1      2   6   1     8  0.282920     123.831       16.4       26.6      0.600  0.222995  0.104653  0.445632  0.873082     13.622770
    277   1      9   0   3     4  0.283237     123.864        1.6        2.5      0.050  0.223284  0.104710  0.445407  0.872947      6.815319
    278   1      7   4   2     8  0.283942     123.938       45.7       69.8      1.185  0.223927  0.104837  0.444907  0.872648     13.648162
    279   1      3   5   4     8  0.284254     123.970       26.0       39.7      0.685  0.224212  0.104893  0.444686  0.872516     13.655926
    280   1      0   6   2     4  0.287910     124.349        7.7       19.7      0.459  0.227545  0.105549  0.442137  0.870988      6.873612
    281   1      0   3   7     4  0.289868     124.551       13.4       30.9      0.547  0.229331  0.105902  0.440798  0.870183      6.898185
    282   1      7   3   4     8  0.289921     124.556       16.7       38.2      0.677  0.229379  0.105911  0.440762  0.870162     13.797699
    283   1      0   0   8     2  0.290525     124.618       10.4       22.4      0.427  0.229930  0.106020  0.440353  0.869916      3.453222
    284   1      6   3   5     8  0.294028     124.973       24.7       57.2      1.366  0.233121  0.106650  0.438012  0.868506     13.901262
    285   1      1   6   2     8  0.299329     125.503       42.0       78.1      1.508  0.237950  0.107607  0.434572  0.866429     14.035933
    286   1      1   3   7     8  0.301396     125.707       10.5       20.1      0.402  0.239831  0.107980  0.433264  0.865637     14.088740
    287   1      7   2   5     8  0.301716     125.738        0.1        0.3      0.006  0.240123  0.108038  0.433063  0.865516     14.096928
    288   1      1   0   8     4  0.302090     125.775       20.2       43.7      0.981  0.240463  0.108105  0.432829  0.865374      7.053246
    289   1      9   2   2     8  0.311685     126.701       45.2       93.0      1.217  0.249192  0.109842  0.427008  0.861837     14.353806
    290   1      9   1   3     8  0.311927     126.724       44.4       90.8      1.158  0.249412  0.109886  0.426866  0.861750     14.360087
    291   1      2   4   6     8  0.313265     126.850       18.0       41.1      0.665  0.250628  0.110129  0.426084  0.861273     14.394839
    292   1      8   2   4     8  0.322073     127.670       12.0       35.0      0.708  0.258632  0.111729  0.421097  0.858226     14.624961
    293   1      6   5   0     4  0.323026     127.757       23.8       59.6      1.220  0.259498  0.111902  0.420574  0.857905      7.325004
    294   1      5   0   7     4  0.323684     127.817        4.3       10.9      0.260  0.260096  0.112022  0.420214  0.857685      7.333658
    295   1      1   1   8     8  0.333599     128.706        5.7       13.6      0.346  0.269097  0.113829  0.414969  0.854463     14.929548
    296   1      4   2   7     8  0.335439     128.868       53.1       96.4      1.652  0.270766  0.114166  0.414030  0.853884     14.978510
    297   1      2   6   2     8  0.337731     129.069        3.9        6.4      0.109  0.272846  0.114584  0.412875  0.853172     15.039611
    298   1      0   5   5     4  0.338160     129.106       16.5       27.4      0.473  0.273235  0.114663  0.412660  0.853040      7.525537
    299   1      2   3   7     8  0.340197     129.282       26.9       50.0      0.831  0.275083  0.115035  0.411649  0.852416     15.105514
    300   1      2   0   8     4  0.341026     129.354        0.8        1.5      0.024  0.275834  0.115187  0.411242  0.852164      7.563836

   No.  Code     H   K   L  Mult     Hw         2theta      Icalc       Iobs      Sigma      HwG     HwL       ETA       d-hkl        CORR

    301   1      6   5   1     8  0.343365     129.555       38.4       77.9      1.067  0.277955  0.115615  0.410101  0.851460     15.190362
    302   1      6   4   4     8  0.344205     129.626        3.4        7.1      0.097  0.278717  0.115769  0.409695  0.851209     15.212898
    303   1      6   2   6     8  0.345330     129.722       28.4       62.9      0.991  0.279737  0.115975  0.409155  0.850875     15.243117
    304   1      3   6   1     8  0.345500     129.736       10.8       24.3      0.396  0.279891  0.116006  0.409074  0.850824     15.247693
    305   1      8   3   3     8  0.349021     130.034        0.0        0.0      0.000  0.283083  0.116652  0.407407  0.849793     15.342478
    306   1      1   5   5     8  0.352632     130.335        8.0       34.6      0.844  0.286355  0.117314  0.405732  0.848756     15.439962
    307   1     10   0   0     2  0.355369     130.561        5.8       17.3      0.414  0.288835  0.117817  0.404486  0.847983      3.878511
    308   1      5   5   3     8  0.356320     130.639       16.1       46.2      1.254  0.289696  0.117992  0.404058  0.847717     15.539809
    309   1      5   1   7     8  0.358700     130.834        1.0        3.7      0.176  0.291852  0.118429  0.402995  0.847058     15.604412
    310   1      5   3   6     8  0.365604     131.390        0.0        0.2      0.014  0.298103  0.119700  0.399993  0.845192     15.792418
    311   1      8   0   5     4  0.372936     131.967        0.0        0.2      0.018  0.304739  0.121052  0.396928  0.843284      7.996553
    312   1      4   5   4     8  0.378524     132.399       11.7       21.9      0.705  0.309794  0.122084  0.394673  0.841878     16.146687
    313   1     10   0   1     4  0.379011     132.436        3.6        6.6      0.196  0.310234  0.122174  0.394479  0.841757      8.080047
    314   1      2   1   8     8  0.379085     132.441       17.2       31.5      0.926  0.310301  0.122188  0.394450  0.841739     16.162146
    315   1      5   4   5     8  0.381051     132.591       10.2       19.3      0.606  0.312079  0.122552  0.393675  0.841255     16.216322
    316   1      7   4   3     8  0.385227     132.906        4.9       18.7      0.770  0.315856  0.123324  0.392055  0.840244     16.331631
    317   1      3   4   6     8  0.386731     133.019        0.2        1.1      0.046  0.317215  0.123603  0.391480  0.839885     16.373211
    318   1      7   0   6     4  0.395771     133.684        0.5        1.0      0.036  0.325386  0.125279  0.388120  0.837785      8.311969
    319   1     10   1   0     4  0.396107     133.709       21.6       46.3      1.559  0.325689  0.125341  0.387998  0.837709      8.316634
    320   1      2   5   5     8  0.402503     134.168       30.0       55.1      1.654  0.331468  0.126529  0.385717  0.836282     16.811409
    321   1      1   6   3     8  0.409893     134.688        0.9        2.3      0.091  0.338142  0.127904  0.383173  0.834689     17.017927
    322   1      8   4   0     4  0.415251     135.058       54.5       97.8      1.558  0.342979  0.128902  0.381385  0.833569      8.584036
    323   1      8   1   5     8  0.417161     135.189       35.9       61.9      0.899  0.344703  0.129258  0.380760  0.833177     17.221693
    324   1      6   5   2     8  0.418217     135.261       11.7       20.4      0.314  0.345656  0.129455  0.380416  0.832962     17.251350
    325   1      3   6   2     8  0.421164     135.460        1.8        3.8      0.068  0.348316  0.130005  0.379467  0.832367     17.334183
    326   1     10   1   1     8  0.424497     135.684       31.8       94.2      1.669  0.351323  0.130627  0.378410  0.831705     17.427986
    327   1      3   3   7     8  0.424699     135.697        1.3        3.9      0.070  0.351506  0.130665  0.378346  0.831665     17.433691
    328   1      3   0   8     4  0.425889     135.776        2.2        7.6      0.149  0.352579  0.130887  0.377973  0.831431      8.733602
    329   1      9   2   3     8  0.430279     136.066        1.3        6.3      0.209  0.356540  0.131707  0.376616  0.830580     17.591022
    330   1      9   3   1     8  0.440077     136.700        9.9       26.1      0.660  0.365376  0.133541  0.373686  0.828744     17.868040
    331   1      9   0   4     4  0.441343     136.781       19.3       45.9      1.094  0.366518  0.133778  0.373317  0.828513      8.951961
    332   1      4   6   0     4  0.443376     136.909        0.0        0.0      0.000  0.368351  0.134159  0.372729  0.828144      8.980775
    333   1      0   2   8     4  0.444357     136.971       12.8       30.1      0.942  0.369235  0.134343  0.372447  0.827968      8.994681
    334   1      7   1   6     8  0.444889     137.005        1.1        2.6      0.087  0.369716  0.134442  0.372295  0.827873     18.004463
    335   1      8   4   1     8  0.446116     137.082        0.0        0.0      0.002  0.370821  0.134672  0.371945  0.827654     18.039259
    336   1      1   2   8     8  0.467361     138.376       46.2       76.7      2.069  0.389965  0.138663  0.366191  0.824049     18.644106
    337   1     10   0   2     4  0.468462     138.441        1.5        2.4      0.061  0.390957  0.138871  0.365907  0.823872      9.337770
    338   1      2   6   3     8  0.475126     138.830        0.1        0.2      0.005  0.396959  0.140126  0.364219  0.822816     18.866055
    339   1      4   6   1     8  0.478181     139.006       56.3       99.2      1.649  0.399709  0.140701  0.363462  0.822343     18.953474
    340   1      3   1   8     8  0.482127     139.231       39.5       80.9      1.529  0.403262  0.141446  0.362499  0.821740     19.066490
    341   1      9   1   4     8  0.501547     140.306       15.9       49.9      1.745  0.420741  0.145115  0.357984  0.818922     19.624210
    342   1      5   2   7     8  0.512741     140.901        8.0       16.5      0.918  0.430811  0.147234  0.355542  0.817402     19.946640
    343   1      3   5   5     8  0.518393     141.195        9.1       19.1      1.125  0.435894  0.148306  0.354351  0.816661     20.109695
    344   1      7   3   5     8  0.533782     141.973       11.3       19.6      0.976  0.449731  0.151227  0.351239  0.814729     20.554369
    345   1     10   1   2     8  0.536177     142.092       12.8       22.3      1.039  0.451883  0.151682  0.350772  0.814440     20.623682
    346   1      6   0   7     4  0.547116     142.624        5.7       11.7      0.658  0.461715  0.153763  0.348690  0.813151     10.470257
    347   1      2   2   8     8  0.551785     142.847        5.3       12.2      0.578  0.465911  0.154652  0.347828  0.812619     21.075878
    348   1      4   4   6     8  0.553255     142.916        0.0        0.0      0.001  0.467232  0.154932  0.347559  0.812453     21.118509
    349   1      9   3   2     8  0.560425     143.252       14.7       27.5      1.096  0.473673  0.156299  0.346271  0.811659     21.326548
    350   1      8   4   2     8  0.569983     143.691       28.7       51.2      1.763  0.482259  0.158122  0.344606  0.810634     21.604195
    351   1     10   2   0     4  0.586095     144.407       13.0       34.5      1.485  0.496729  0.161200  0.341928  0.808991     11.036405
    352   1      8   3   4     8  0.589668     144.563        0.0        0.1      0.006  0.499937  0.161883  0.341354  0.808640     22.176840
    353   1      5   5   4     8  0.608679     145.367       39.7       67.1      2.295  0.517002  0.165522  0.338422  0.806851     22.730833
    354   1      4   6   2     8  0.622329     145.923        0.1        0.2      0.010  0.529251  0.168140  0.336431  0.805642     23.129099
    355   1      4   3   7     8  0.629805     146.220        0.0        0.1      0.003  0.535959  0.169575  0.335379  0.805005     23.347416
    356   1      8   2   5     8  0.630973     146.266        0.1        0.1      0.003  0.537007  0.169799  0.335217  0.804907     23.381502
    357   1      4   0   8     4  0.632339     146.319        0.0        0.1      0.002  0.538232  0.170061  0.335028  0.804793     11.710707
    358   1      6   5   3     8  0.634153     146.390        0.2        0.3      0.009  0.539860  0.170410  0.334779  0.804643     23.474424
    359   1      3   6   3     8  0.640711     146.644       75.9      109.1      1.809  0.545743  0.171670  0.333890  0.804107     23.666042
    360   1      6   1   7     8  0.641056     146.657       33.8       48.7      0.794  0.546052  0.171736  0.333844  0.804079     23.676144

   No.  Code     H   K   L  Mult     Hw         2theta      Icalc       Iobs      Sigma      HwG     HwL       ETA       d-hkl        CORR

    361   1     10   2   1     8  0.647309     146.896       21.5       31.4      0.503  0.551661  0.172938  0.333014  0.803580     23.858923
    362   1      6   3   6     8  0.661566     147.427       48.4      110.2      1.999  0.564447  0.175681  0.331185  0.802482     24.275883
    363   1      7   5   1     8  0.687682     148.358        8.0       17.2      0.340  0.587861  0.180715  0.328040  0.800608     25.040428
    364   1      7   4   4     8  0.690736     148.464       50.4      105.0      2.010  0.590599  0.181304  0.327688  0.800399     25.129860
    365   1      7   2   6     8  0.694853     148.605        0.8        1.5      0.030  0.594290  0.182098  0.327220  0.800121     25.250504
    366   1      0   6   4     4  0.710226     149.121        9.0       21.3      0.573  0.608067  0.185067  0.325519  0.799118     12.850501
    367   1      6   4   5     8  0.710341     149.125       22.0       52.5      1.415  0.608170  0.185089  0.325507  0.799110     25.704403
    368   1      1   4   7     8  0.747676     150.312        4.2       11.7      0.558  0.641620  0.192313  0.321683  0.796874     26.799368
    369   1     10   0   3     4  0.755476     150.549        0.4        0.7      0.029  0.648607  0.193824  0.320934  0.796440     13.514132
    370   1      4   1   8     8  0.763672     150.794        6.8       10.6      0.335  0.655948  0.195413  0.320164  0.795994     27.268835
    371   1      1   6   4     8  0.771254     151.017       64.4       92.3      2.601  0.662738  0.196883  0.319468  0.795593     27.491386
    372   1      3   2   8     8  0.791168     151.586        4.3        9.8      0.487  0.680570  0.200748  0.317704  0.794581     28.076080
    373   1      9   2   4     8  0.847355     153.081       80.7      133.5      3.245  0.730866  0.211674  0.313197  0.792033     29.726479
    374   1      4   5   5     8  0.863484     153.482        0.0        0.0      0.000  0.745300  0.214816  0.312016  0.791375     30.200420

     -----------------------------------------------------
     BRAGG R-Factors and weight fractions for Pattern #  1
     -----------------------------------------------------

 => Phase:  1     PbSO4
 => Bragg R-factor:   34.6       Vol:  318.543( 0.000)  Fract(%):  100.00( 0.00)
 => Rf-factor=  21.4             ATZ:        1213.030   Brindley:  1.0000

     -----------------------------------------------------------------
      SYMBOLIC NAMES AND FINAL VALUES AND SIGMA OF REFINED PARAMETERS:
     -----------------------------------------------------------------


 ------------------------------------------------------------------
 => Number of bytes for floating point variables: 4
 => Dimensions of dynamic allocated arrays in this run of FullProf:
 ------------------------------------------------------------------

 => Total approximate array memory (dynamic + static): 127459053 bytes

    MaxPOINT=    80000 Max.num. of points(+int. Inten.)/diffraction pattern       
    MaxREFLT=    25000 Max.num. of reflections/diffraction pattern               
    MaxPARAM=      500 Max.num. of refinable parameters                          
    MaxOVERL=     9000 Max.num. of overlapping reflections                       

 ----------------------------------------------------------
 => Number of bytes for floating point arrays: 4
 => Dimensions of fixed arrays in this release of FullProf:
 ----------------------------------------------------------

    NPATT   =       80 Max.num. of powder diffraction patterns                    
    NATS    =      830 Max.num. of atoms (all kind) in asymmetric unit            
    MPAR    =     1800 Max.num. of non atomic parameters/phase                    
    IEXCL   =       30 Max.num. of excluded regions                               
    IBACP   =      377 Max.num. of background points for interpolation            
    NPHT    =       16 Max.num. of phases                                         
    NMAGM   =        8 Max.num. of rotation-matrices sets for magnetic structure  
    NBASIS  =       12 Max.num. of basis functions associated to a single atom    
    NIREPS  =        9 Max.num. of irreducible representations to be combined     
    N_EQ    =      384 Max.num. of user-supplied symmetry operators/propagation vectors
    NGL     =      400 Max.num. of global parameters/diffraction pattern          
    N_LINC  =       50 Max.num. of global linear restraints                        
    NAT_P   =       80 Max.num. of atomic parameters per atom                     
    NCONST  =      500 Max.num. of slack constraints per phase                    
    N_SPE   =       30 Max.num. of different chemical species                     
    N_FORM  =       60 Max.num. of scattering factor values in a table            
    NPR     =      150 Max.num. of points defining a numerical profile            
    INPR    =       25 Max.num. of different numerical peak shapes                
    NPRC    =      150 Max.num. of terms in the table for correcting intensities  
    NSOL    =       10 Max.num. of solutions to be stored in Montecarlo searchs   

 
              CPU Time:     0.328 seconds
                            0.005 minutes

 => Run finished at:     Date: 17/06/2026  Time: 22:34:36.148                              
