

        **********************************************************
        ** PROGRAM FullProf.2k (Version 7.95 - Jan2023-ILL JRC) **
        **********************************************************
                       M U L T I -- P A T T E R N                 
            Rietveld, Profile Matching & Integrated Intensity     
                 Refinement of X-ray and/or Neutron Data


    Date: 17/06/2026  Time: 22:57:13.953                              

 => PCR file code: pbsox_single_unpolarized
 => DAT file code: pbsox_single_unpolar -> Relative contribution: 1.0000                                                            

 ==> CONDITIONS OF THIS RUN FOR PATTERN No.:  1

 => Global Refinement of X-ray powder diffraction data                                                                              
 => Global Refinement of X-ray powder diffraction data                                                                              
    Bragg-Brentano(X-rays) or Debye-Scherrer geometry(Neutrons)
 => Title: PbSO4 XrayDif single wavelength unpolarized Wdt48

 => Number of phases:    1
 => Number of excluded regions:    2
 => Number of scattering factors supplied:    0
 => Conventional weights: w=1.0/Variance(yobs)
 => Asymmetry correction as in J.Appl.Cryst. 26,128(1993)
 => Background refined by polynomial function
 => The    7th default profile function was selected
 => T-C-H Pseudo-Voigt function 
    This function is convoluted with asymmetry due to axial 
    divergence as formulated by: 
    van Laar and Yelon, J. Appl. Cryst. 17, 47(1984).
    and using the method of:
    Finger, Cox and Jephcoat, J. Appl. Cryst. 27, 892 (1994).
    Fortran 90 module adapted from function PROFVAL (in F77) : 
    L.W. Finger, J. Appl. Cryst. 31, 111 (1998).


 ==> INPUT/OUTPUT OPTIONS:

 => Generate bacground file *.bac
 => Generate file *.PRF for plot
 => Output Integrated Intensities
 => Generate new input file *.PCR

 => Data supplied in free format for pattern:  1
 => Plot pattern at each cycle
 => Wavelengths:  1.54056 1.54056
 => Alpha2/Alpha1 ratio:   0.0000
 => Cos(Monochromator angle)=   0.0000
 => Asymmetry correction for angles lower than  160.000 degrees
 => Absorption correction (AC), muR-eff =   0.0000  0.0000
 => Base of peaks: 2.0*HW*   48.00

 => Number of cycles:   30
 => Relaxation factors ==>    for coordinates:  0.10
 => for anisotropic temperature factors:  0.10
 => for halfwidth/strain/size parameters:  0.10
 => for lattice constants and propagation vectors:  0.10
 => EPS-value for convergence:    0.1

 => Excluded regions for Pattern#  1
    From     to
      0.0000     10.0000
    154.0000    180.0000

 => Number of Least-Squares parameters varied:     0

 =>--------------------------->
 =>------->  PATTERN number:  1
 =>--------------------------->
 => Global parameters and codes ==>
 => Zero-point:    -0.0482    0.0000
 => Background parameters and codes ==>
 => Origin of polynomial at 2theta/TOF/E(KeV):   50.000  
  154.32      100.00     -92.329     -95.599      126.68     -31.804    
        0.00        0.00        0.00        0.00        0.00        0.00
 => Displacement peak-shift parameter and code:     0.00    0.00
 => Transparency peak-shift parameter and code:     0.00    0.00

 => Reading Intensity data  =>>

 ==> Angular range, step and number of points:
     2Thmin:      10.000000  2Thmax:     160.000000  Step:       0.025000  No. of points:   6001
 --------------------------------------------------------------------------------
 => Phase  No. 1
      PbSO4                                                                 
 --------------------------------------------------------------------------------
 =>-------> Pattern#  1
 => Crystal Structure Refinement
 => Preferred orientation vector:   0.0000  0.0000  1.0000

 =>-------> Data for PHASE: 1
 => Number of atoms:    5
 => Number of distance  constraints:    0
 => Number of angle     constraints:    0

 => Symmetry information on space group: P n m a             
 -> The multiplicity of the general position is:   8
 -> The space group is Centric (-1 at origin)   
 -> Lattice type  P: { 000 }                                       
 -> Reduced set of symmetry operators:

  No.  IT   Symmetry symbol    Rotation part     Associated Translation
   1: ( 1)   1            -->     ( x, y, z) + {  0.0000  0.0000  0.0000}
   2: ( 4)   2 ( x, 0, 0) -->     ( x,-y,-z) + {  0.5000  0.5000  0.5000}
   3: ( 3)   2 ( 0, y, 0) -->     (-x, y,-z) + {  0.0000  0.5000  0.0000}
   4: ( 2)   2 ( 0, 0, z) -->     (-x,-y, z) + {  0.5000  0.0000  0.5000}


        Information on Space Group: 
        --------------------------- 

 =>   Number of Space group:  62
 =>  Hermann-Mauguin Symbol: P n m a
 =>             Hall Symbol: -P 2ac 2n
 =>            Setting Type: IT (Generated from Hermann-Mauguin symbol)
 =>          Crystal System: Orthorhombic
 =>              Laue Class: mmm
 =>             Point Group: mmm
 =>         Bravais Lattice: P
 =>          Lattice Symbol: oP
 =>  Reduced Number of S.O.:   4
 =>    General multiplicity:   8
 =>          Centrosymmetry: Centric (-1 at origin)
 =>  Generators (exc. -1&L):   2
 =>         Asymmetric unit:  0.000 <= x <=  0.500
                              0.000 <= y <=  0.250
                              0.000 <= z <=  1.000
 => Centring vectors:  0
                                                                                                    

 => List of all Symmetry Operators and Symmetry Symbols

 => SYMM(  1): x,y,z                             Symbol: 1
 => SYMM(  2): x+1/2,-y+1/2,-z+1/2               Symbol: 2 (1/2,0,0) x,1/4,1/4
 => SYMM(  3): -x,y+1/2,-z                       Symbol: 2 (0,1/2,0) 0,y,0
 => SYMM(  4): -x+1/2,-y,z+1/2                   Symbol: 2 (0,0,1/2) 1/4,0,z
 => SYMM(  5): -x,-y,-z                          Symbol: -1 0,0,0
 => SYMM(  6): -x+1/2,y+1/2,z+1/2                Symbol: n (0,1/2,1/2) 1/4,y,z
 => SYMM(  7): x,-y+1/2,z                        Symbol: m x,1/4,z
 => SYMM(  8): x+1/2,y,-z+1/2                    Symbol: a x,y,1/4

 => Special Wyckoff Positions for P n m a
 
    Multp     Site        Representative Coordinates (centring translations excluded)
      4       c              x,1/4,z             x+1/2,1/4,-z+1/2    -x,3/4,-z                               
                             -x+1/2,3/4,z+1/2                                                                
 
      4       b              0,0,1/2             1/2,1/2,0           0,1/2,1/2                               
                             1/2,0,0                                                                         
 
      4       a              0,0,0               1/2,1/2,1/2         0,1/2,0                                 
                             1/2,0,1/2                                                                       
 

 => Initial parameters ==>
 Atom    Ntyp                  X         Y         Z         B         occ.         in  fin  Spc  Mult
                             B11       B22       B33       B12       B13       B23
 Pb     PB                 0.18788   0.25000   0.16749   1.78522   0.50000           0    0    0    4
                 Codes:    0.00000   0.00000   0.00000   0.00000   0.00000
 S      S                  0.06302   0.25000   0.68446   0.85413   0.50000           0    0    0    4
                 Codes:    0.00000   0.00000   0.00000   0.00000   0.00000
 O1     O                  0.91235   0.25000   0.59346   1.33362   0.50000           0    0    0    4
                 Codes:    0.00000   0.00000   0.00000   0.00000   0.00000
 O2     O                  0.18443   0.25000   0.53434   1.57511   0.50000           0    0    0    4
                 Codes:    0.00000   0.00000   0.00000   0.00000   0.00000
 O3     O                  0.07573   0.01951   0.81594   1.32792   1.00000           0    0    0    8
                 Codes:    0.00000   0.00000   0.00000   0.00000   0.00000

 => IT IS ASSUMED THAT THE FIRST GIVEN SITE IS FULLY OCCUPIED 
    OR THE FIRST AND SECOND ATOMS ARE IN THE SAME SITE WITH TOTAL FULL OCCUPATION
  (if this is not the case, change the order of atoms to obtain correct values for the content of the unit cell)
    The given occupation factors have been obtained mutiplying m/M by   1.0000
      -> Atom: PB  ,  Chemical element: PB  Atomic Mass:   207.2000
      -> Atom: S   ,  Chemical element: S   Atomic Mass:    32.0600
      -> Atom: O   ,  Chemical element: O   Atomic Mass:    15.9994
      -> Atom: O   ,  Chemical element: O   Atomic Mass:    15.9994
      -> Atom: O   ,  Chemical element: O   Atomic Mass:    15.9994
 => The given value of ATZ is       1213.03 the program has calculated:        1213.03
    The value of ATZ given in the input PCR file will be used for quantitative analysis
 => The chemical content of the unit cell is: 
       4.0000 PB   +   4.0000 S    +   4.0000 O    +   4.0000 O    +   8.0000 O      
 => The normalized site occupation numbers in % are: 
     100.0000 Pb     :      100.0000 S      :      100.0000 O1     :      100.0000 O2     :      100.0000 O3       
 => The density (volumic mass) of the compound is:    6.324 g/cm3

 =>-------> PROFILE PARAMETERS FOR PATTERN:  1

 => Overall scale factor:   0.469335E-03
 => ETA (p-Voigt) OR M (Pearson VII):   0.0000
 => Overall temperature factor:      0.00000
 => Halfwidth U,V,W:      0.04846    -0.08305     0.03519
 => X and Y parameters:       0.0000      0.0493
 => Direct cell parameters:    8.4798   5.3978   6.9593  90.0000  90.0000  90.0000
 => Preferred orientation parameters:   0.0000  0.0000
 => Asymmetry parameters     :      0.00000     0.00000     0.00000     0.00000
 => Strain parameters        :      0.00000     0.00000     0.00000
 => Size   parameters        :      0.00000     0.00000
 => Further shape parameters (S_L and D_L):   0.00000   0.00000
    S_L is source width/detector distance
    D_L is detector width/detector distance

 ==> CODEWORDS FOR PROFILE PARAMETERS of PATTERN#  1

 => Overall scale factor:    0.000
 => ETA (p-Voigt) OR M (Pearson VII):    0.000
 => Overall temperature factor:    0.000
 => Halfwidth U,V,W:    0.000   0.000   0.000
 => X and Y parameters:    0.000   0.000
 => Direct cell parameters:    0.000   0.000   0.000   0.000   0.000   0.000
 => Preferred orientation parameters:    0.000   0.000
 => Asymmetry parameters     :    0.000   0.000   0.000   0.000
 => Strain parameters        :    0.000   0.000   0.000
 => Size   parameters        :    0.000   0.000

 => Cell constraints according to Laue symmetry: mmm  

        Metric information:
        -------------------

 => Direct cell parameters:

         a =       8.4798      b =       5.3978      c =       6.9593
     alpha =       90.000   beta =       90.000  gamma =       90.000
                        Direct Cell Volume =     318.5428

 => Reciprocal cell parameters:

         a*=     0.117927      b*=     0.185262      c*=     0.143692
     alpha*=       90.000   beta*=       90.000  gamma*=       90.000
                    Reciprocal Cell Volume =   0.00313930

 => Direct and Reciprocal Metric Tensors:

                   GD                                       GR
     71.9075      0.0000      0.0000          0.013907    0.000000    0.000000
      0.0000     29.1358      0.0000          0.000000    0.034322    0.000000
      0.0000      0.0000     48.4322          0.000000    0.000000    0.020647

 =>  Cartesian frame: x // a; z is along c*; y is within the ab-plane   

     Crystal_to_Orthonormal_Matrix              Orthonormal_to_Crystal Matrix
              Cr_Orth_cel                               Orth_Cr_cel  
      8.4798      0.0000      0.0000          0.117927   -0.000000   -0.000000
      0.0000      5.3978      0.0000          0.000000    0.185262   -0.000000
      0.0000      0.0000      6.9593          0.000000    0.000000    0.143692

     Busing-Levy B-matrix: Hc=B.H            Inverse of the Busing-Levy B-matrix
                BL_M                                      BL_Minv  
    0.117927    0.000000    0.000000            8.4798     -0.0000     -0.0000
    0.000000    0.185262   -0.000000            0.0000      5.3978      0.0000
    0.000000    0.000000    0.143692            0.0000      0.0000      6.9593

 => Laue symmetry mmm   will be used to generate HKL for pattern#   1
 => Reflections generated between S(1/d)min:  0.1131 A-1 and S(1/d)max:  1.2925 A-1
 =>                                    dmax:  8.8380 A   and      dmin:  0.7737 A
 => The number of reflections generated is:    394
 => The max. scatt. variable (gen.ref.) is:       169.2613
 => Scattering coefficients from internal table


 => X-ray scattering coeff. (A1, B1, A2,...C, f(0), Z, Dfp,Dfpp)

 PB     31.0617   0.6902  13.0637   2.3576  18.4420   8.6180   5.9696  47.2579  13.4118  81.9488  82.0000  -4.8180   8.5050
 S       6.9053   1.4679   5.2034  22.2151   1.4379   0.2536   1.5863  56.1720   0.8669  15.9998  16.0000   0.3190   0.5570
 O       3.0485  13.2771   2.2868   5.7011   1.5463   0.3239   0.8670  32.9089   0.2508   7.9994   8.0000   0.0470   0.0320
  
 
 => No optimization for routine tasks
 => Square of FWHM(G) < 0 at 2theta:   75.059 for phase no.    1 -> Fixing to HG=1.0e-10
 => Square of FWHM(G) < 0 at 2theta:   75.503 for phase no.    1 -> Fixing to HG=1.0e-10
 => Square of FWHM(G) < 0 at 2theta:   75.937 for phase no.    1 -> Fixing to HG=1.0e-10
 => Square of FWHM(G) < 0 at 2theta:   76.176 for phase no.    1 -> Fixing to HG=1.0e-10
 => Square of FWHM(G) < 0 at 2theta:   76.477 for phase no.    1 -> Fixing to HG=1.0e-10
 => Square of FWHM(G) < 0 at 2theta:   77.002 for phase no.    1 -> Fixing to HG=1.0e-10
 => Square of FWHM(G) < 0 at 2theta:   77.380 for phase no.    1 -> Fixing to HG=1.0e-10
 => Square of FWHM(G) < 0 at 2theta:   77.992 for phase no.    1 -> Fixing to HG=1.0e-10
 => Square of FWHM(G) < 0 at 2theta:   78.229 for phase no.    1 -> Fixing to HG=1.0e-10
 => Square of FWHM(G) < 0 at 2theta:   78.568 for phase no.    1 -> Fixing to HG=1.0e-10
 => Square of FWHM(G) < 0 at 2theta:   78.675 for phase no.    1 -> Fixing to HG=1.0e-10
 => Square of FWHM(G) < 0 at 2theta:   78.731 for phase no.    1 -> Fixing to HG=1.0e-10
 => Square of FWHM(G) < 0 at 2theta:   79.316 for phase no.    1 -> Fixing to HG=1.0e-10
 => Square of FWHM(G) < 0 at 2theta:   79.378 for phase no.    1 -> Fixing to HG=1.0e-10
 => Square of FWHM(G) < 0 at 2theta:   79.571 for phase no.    1 -> Fixing to HG=1.0e-10
 => Square of FWHM(G) < 0 at 2theta:   79.898 for phase no.    1 -> Fixing to HG=1.0e-10
 => Square of FWHM(G) < 0 at 2theta:   79.903 for phase no.    1 -> Fixing to HG=1.0e-10
 => Square of FWHM(G) < 0 at 2theta:   80.394 for phase no.    1 -> Fixing to HG=1.0e-10
 => Square of FWHM(G) < 0 at 2theta:   80.878 for phase no.    1 -> Fixing to HG=1.0e-10
 => Square of FWHM(G) < 0 at 2theta:   81.102 for phase no.    1 -> Fixing to HG=1.0e-10
 => Square of FWHM(G) < 0 at 2theta:   81.438 for phase no.    1 -> Fixing to HG=1.0e-10
 => Square of FWHM(G) < 0 at 2theta:   81.664 for phase no.    1 -> Fixing to HG=1.0e-10
 => Square of FWHM(G) < 0 at 2theta:   81.682 for phase no.    1 -> Fixing to HG=1.0e-10
 => Square of FWHM(G) < 0 at 2theta:   82.753 for phase no.    1 -> Fixing to HG=1.0e-10
 => Square of FWHM(G) < 0 at 2theta:   82.910 for phase no.    1 -> Fixing to HG=1.0e-10
 => Square of FWHM(G) < 0 at 2theta:   82.942 for phase no.    1 -> Fixing to HG=1.0e-10
 => Square of FWHM(G) < 0 at 2theta:   83.226 for phase no.    1 -> Fixing to HG=1.0e-10
 => Square of FWHM(G) < 0 at 2theta:   83.608 for phase no.    1 -> Fixing to HG=1.0e-10
 => Square of FWHM(G) < 0 at 2theta:   84.157 for phase no.    1 -> Fixing to HG=1.0e-10
 => Square of FWHM(G) < 0 at 2theta:   84.178 for phase no.    1 -> Fixing to HG=1.0e-10
 => Square of FWHM(G) < 0 at 2theta:   84.643 for phase no.    1 -> Fixing to HG=1.0e-10
 => Square of FWHM(G) < 0 at 2theta:   84.670 for phase no.    1 -> Fixing to HG=1.0e-10
 => Square of FWHM(G) < 0 at 2theta:   85.164 for phase no.    1 -> Fixing to HG=1.0e-10
 => Square of FWHM(G) < 0 at 2theta:   85.257 for phase no.    1 -> Fixing to HG=1.0e-10
 => Square of FWHM(G) < 0 at 2theta:   85.640 for phase no.    1 -> Fixing to HG=1.0e-10
 => Square of FWHM(G) < 0 at 2theta:   86.456 for phase no.    1 -> Fixing to HG=1.0e-10
 => Square of FWHM(G) < 0 at 2theta:   86.519 for phase no.    1 -> Fixing to HG=1.0e-10
 => Square of FWHM(G) < 0 at 2theta:   86.572 for phase no.    1 -> Fixing to HG=1.0e-10


   Standard deviations have to be multiplied by: 7.5715
   (correlated residuals) See references:
  -J.F.Berar & P.Lelann, J. Appl. Cryst. 24, 1-5 (1991) 
  -J.F.Berar, Acc. in Pow. Diff. II,NIST Sp.Pub. 846, 63(1992) 

 ++++++++++++++++++++++++++++++++++++++++++++++++++++++++++++++++++++++++++++++++++++++++++++++++++++++++++++++++++++++++

 => CYCLE No.:    1
 =>  Convergence reached at this CYCLE !!!!
 =>  Parameter shifts set to zero
 ---------------------------------------------------------------------------------------
 => Phase  1 Name: PbSO4                                                                 
 ---------------------------------------------------------------------------------------
 => New parameters, shifts, and standard deviations

 Atom        x       dx      sx       y       dy      sy       z       dz      sz       B       dB      sB      occ.    docc.   socc.

 Pb       0.18788 0.00000 0.00000  0.25000 0.00000 0.00000  0.16749 0.00000 0.00000  1.78522 0.00000 0.00000  0.50000 0.00000 0.00000
 S        0.06302 0.00000 0.00000  0.25000 0.00000 0.00000  0.68446 0.00000 0.00000  0.85413 0.00000 0.00000  0.50000 0.00000 0.00000
 O1       0.91235 0.00000 0.00000  0.25000 0.00000 0.00000  0.59346 0.00000 0.00000  1.33362 0.00000 0.00000  0.50000 0.00000 0.00000
 O2       0.18443 0.00000 0.00000  0.25000 0.00000 0.00000  0.53434 0.00000 0.00000  1.57511 0.00000 0.00000  0.50000 0.00000 0.00000
 O3       0.07573 0.00000 0.00000  0.01951 0.00000 0.00000  0.81594 0.00000 0.00000  1.32792 0.00000 0.00000  1.00000 0.00000 0.00000

 ==> PROFILE PARAMETERS FOR PATTERN#  1

 => Overall scale factor:      0.000469335     0.000000000     0.000000000
 => Eta(p-Voigt) or m(Pearson VII):   0.000000  0.000000  0.000000
 => Overall tem. factor:     0.000000    0.000000    0.000000
 => Halfwidth parameters: 
         0.048457    0.000000    0.000000
        -0.083053    0.000000    0.000000
         0.035188    0.000000    0.000000
 => Cell parameters: 
        8.479832    0.000000    0.000000
        5.397758    0.000000    0.000000
        6.959324    0.000000    0.000000
       90.000000    0.000000    0.000000
       90.000000    0.000000    0.000000
       90.000000    0.000000    0.000000
 => Preferred orientation: 
         0.000000    0.000000    0.000000
         0.000000    0.000000    0.000000
 => Asymmetry parameters: 
         0.000000    0.000000    0.000000
         0.000000    0.000000    0.000000
         0.000000    0.000000    0.000000
         0.000000    0.000000    0.000000
 => X and Y parameters: 
         0.000000    0.000000    0.000000
         0.049268    0.000000    0.000000
 => Strain parameters: 
         0.000000    0.000000    0.000000
         0.000000    0.000000    0.000000
         0.000000    0.000000    0.000000
 => Size   parameters (G,L): 
         0.000000    0.000000    0.000000
         0.000000    0.000000    0.000000
 => Further shape parameters (S_L and D_L): 
       0.000000  0.000000  0.000000
       0.000000  0.000000  0.000000

 ==> GLOBAL PARAMETERS FOR PATTERN#  1


 => Zero-point:    -0.0482    0.0000    0.0000
 => Background Polynomial Parameters ==>
       154.32      0.0000      0.0000    
       100.00      0.0000      0.0000    
      -92.329      0.0000      0.0000    
      -95.599      0.0000      0.0000    
       126.68      0.0000      0.0000    
      -31.804      0.0000      0.0000    

 => Cos( theta)-shift parameter :   0.0000  0.0000  0.0000
 => Sin(2theta)-shift parameter :   0.0000  0.0000  0.0000

 ==> RELIABILITY FACTORS WITH ALL NON-EXCLUDED POINTS FOR PATTERN:  1

 => R-Factors:   35.3      42.1     Chi2:  73.2     DW-Stat.:  0.0821   Patt#:  1
 => Expected :            4.92                                1.9182
 => Deviance : 0.766E+06     Dev*:   132.8    
 => GoF-index:  8.6         Sqrt(Residual/N)
 => N-P+C:  5760

 =>    SumYdif       SumYobs      SumYcal      SumwYobsSQ     Residual    Condition
     0.8398E+06    0.2381E+07    0.1632E+07    0.2381E+07    0.4214E+06     0.000    


 => Conventional Rietveld Rp,Rwp,Re and Chi2:   57.9      59.7      6.98      73.17    
 => (Values obtained using Ynet, but true sigma(y))
 =>  SumYnet, Sum(w Ynet**2):     0.1451E+07    0.1181E+07

 => N-sigma of the GoF:     3872.818

 ==> RELIABILITY FACTORS FOR POINTS WITH BRAGG CONTRIBUTIONS FOR PATTERN:  1

 => R-Factors:   35.3      42.1     Chi2:  73.2     DW-Stat.:  0.0821   Patt#:
 => Expected :            4.92                                1.9182
 => Deviance : 0.766E+06     Dev*:   132.8    
 => GoF-index:  8.6         Sqrt(Residual/N)
 => N-P+C:  5760

 =>    SumYdif       SumYobs      SumYcal      SumwYobsSQ     Residual    Condition
     0.8398E+06    0.2381E+07    0.1632E+07    0.2381E+07    0.4214E+06     0.000    


 => Conventional Rietveld Rp,Rwp,Re and Chi2:   57.9      59.7      6.98      73.17    
 => (Values obtained using Ynet, but true sigma(y))
 =>  SumYnet, Sum(w Ynet**2):     0.1451E+07    0.1181E+07

 => N-sigma of the GoF:     3872.818

 => Global user-weigthed Chi2 (Bragg contrib.):   73.2    

 => ---------> Pattern#  1
 => Phase:  1
 =>    Bragg R-factor:  52.6    
 =>    RF-factor     :  28.3    

 --------------------------------------------------------------------------------------------------------------
 Pattern#  1 Phase No.:   1 Phase name: PbSO4                         
 --------------------------------------------------------------------------------------------------------------

   No.  Code     H   K   L  Mult     Hw         2theta      Icalc       Iobs      Sigma      HwG     HwL       ETA       d-hkl        CORR

      1   1      1   0   1     4  0.183092      16.464       23.1       30.9      1.876  0.155520  0.049781  0.338369  5.379598     98.566765
      2   1      0   1   1     4  0.174743      20.809      810.4     2019.1      7.083  0.146874  0.050092  0.354990  4.265198     62.346424
      3   1      2   0   0     2  0.174502      20.934      264.3      699.9      3.047  0.146622  0.050102  0.355500  4.239916     30.810951
      4   1      1   1   1     8  0.169881      23.326      535.1     1469.3      6.231  0.141807  0.050307  0.365562  3.810354     99.943336
      5   1      2   0   1     4  0.167477      24.565      221.9      532.0      3.730  0.139294  0.050422  0.371049  3.620850     45.228321
      6   1      0   0   2     2  0.165507      25.579      295.3      743.9      4.355  0.137230  0.050521  0.375681  3.479662     20.926054
      7   1      2   1   0     4  0.163295      26.714      908.2     2306.9      7.585  0.134906  0.050638  0.381034  3.334277     38.516426
      8   1      1   0   2     4  0.161392      27.688      707.9     1719.9      6.577  0.132904  0.050742  0.385769  3.219173     35.976936
      9   1      2   1   1     8  0.157474      29.685     1140.0     2733.6      8.481  0.128769  0.050969  0.395914  3.006972     63.060841
     10   1      1   1   2     8  0.152205      32.353      438.2     1022.5      5.181  0.123179  0.051299  0.410455  2.764811     53.658474
     11   1      0   2   0     2  0.150591      33.166      528.6     1381.2      5.844  0.121460  0.051406  0.415127  2.698879     12.809137
     12   1      2   0   2     4  0.150362      33.282       20.4       76.6      0.549  0.121216  0.051422  0.415799  2.689799     25.453815
     13   1      3   0   1     4  0.148512      34.211      103.2      233.8      2.702  0.119240  0.051548  0.421305  2.618841     24.187981
     14   1      1   2   1     8  0.142432      37.243        2.0        3.0      0.050  0.112716  0.051990  0.440449  2.412320     41.398491
     15   1      2   1   2     8  0.142274      37.321      204.1      443.3      3.835  0.112546  0.052002  0.440968  2.407447     41.240898
     16   1      3   1   1     8  0.140570      38.164       24.3       35.9      1.342  0.110708  0.052133  0.446649  2.356171     39.602306
     17   1      2   2   0     4  0.137759      39.549      231.7      557.7      4.037  0.107666  0.052355  0.456338  2.276758     18.567904
     18   1      1   0   3     4  0.136287      40.272       65.3      135.4      2.023  0.106067  0.052475  0.461571  2.237559     17.975153
     19   1      3   0   2     4  0.134578      41.108       77.3      164.1      2.127  0.104208  0.052618  0.467790  2.193962     17.328329
     20   1      2   2   1     8  0.133354      41.706      341.4      812.7      4.565  0.102872  0.052721  0.472344  2.163901     33.779957
     21   1      0   2   2     4  0.132035      42.347       68.0      150.2      1.918  0.101431  0.052835  0.477338  2.132599     16.440178
     22   1      0   1   3     4  0.131979      42.374        2.7        6.5      0.089  0.101370  0.052840  0.477554  2.131286     16.421461
     23   1      4   0   0     2  0.131490      42.612        2.1        7.0      0.272  0.100834  0.052882  0.479433  2.119958      8.130225
     24   1      1   2   2     8  0.129176      43.732      575.1     1170.7      3.692  0.098295  0.053087  0.488517  2.068197     31.072241
     25   1      1   1   3     8  0.129121      43.759      633.0     1480.6      4.598  0.098234  0.053092  0.488737  2.067000     31.039162
     26   1      2   0   3     4  0.127622      44.482        4.2        7.2      0.050  0.096585  0.053228  0.494794  2.035087     15.082550
     27   1      3   1   2     8  0.127498      44.542      423.4      778.2      3.426  0.096447  0.053240  0.495304  2.032485     30.094450
     28   1      4   0   1     4  0.127280      44.646      427.7     1151.1      4.618  0.096207  0.053259  0.496198  2.027954     14.985835
     29   1      4   1   0     4  0.124553      45.954      284.1      604.2      4.167  0.093192  0.053514  0.507639  1.973227     14.255675
     30   1      2   2   2     8  0.120898      47.696       52.5       90.1      1.852  0.089125  0.053867  0.523745  1.905177     26.754173
     31   1      2   1   3     8  0.120845      47.721        1.6        3.2      0.064  0.089067  0.053872  0.523983  1.904241     26.730457
     32   1      4   1   1     8  0.120516      47.877        1.1        4.9      0.206  0.088699  0.053905  0.525481  1.898393     26.582586
     33   1      3   2   1     8  0.119433      48.390       94.3      172.5      2.626  0.087487  0.054013  0.530463  1.879459     26.107117
     34   1      4   0   2     4  0.115246      50.361        0.0        0.0      0.005  0.082775  0.054441  0.550535  1.810425     12.208388
     35   1      3   0   3     4  0.114139      50.879      246.4      404.4      3.995  0.081522  0.054558  0.556070  1.793199     12.002806
     36   1      0   3   1     4  0.110684      52.487      106.4      180.1      2.249  0.077589  0.054930  0.573989  1.741976     11.404123
     37   1      0   0   4     2  0.110534      52.557       28.6       76.6      1.001  0.077418  0.054947  0.574791  1.739831      5.689737
     38   1      1   2   3     8  0.109306      53.125        5.9        7.6      0.548  0.076011  0.055082  0.581423  1.722547     22.364052
     39   1      4   1   2     8  0.108866      53.329       34.6       54.0      1.252  0.075505  0.055131  0.583835  1.716451     22.225824
     40   1      1   3   1     8  0.108127      53.670       61.5       87.7      1.030  0.074654  0.055214  0.587923  1.706344     21.997824
     41   1      1   0   4     4  0.107978      53.738      125.8      195.5      1.627  0.074483  0.055231  0.588752  1.704328     10.976266
     42   1      3   2   2     8  0.107837      53.804       14.4       28.1      0.226  0.074320  0.055247  0.589541  1.702418     21.909660
     43   1      3   1   3     8  0.107787      53.826      114.4      254.6      2.171  0.074263  0.055252  0.589818  1.701750     21.894680
     44   1      4   2   0     4  0.105151      55.037        0.0        0.0      0.002  0.071213  0.055553  0.604896  1.667139     10.563817
     45   1      2   3   0     4  0.104296      55.429      111.2      176.8      2.433  0.070217  0.055653  0.609934  1.656289     10.445414
     46   1      5   0   1     4  0.103612      55.741       35.4       67.0      1.408  0.069420  0.055733  0.614015  1.647744     10.352777
     47   1      1   1   4     8  0.101767      56.582       60.0       83.4      1.260  0.067258  0.055951  0.625269  1.625237     20.222803
     48   1      2   2   3     8  0.101740      56.594        0.2        0.3      0.005  0.067225  0.055955  0.625440  1.624906     20.215752
     49   1      4   2   1     8  0.101435      56.733      257.2      470.1      3.328  0.066867  0.055991  0.627334  1.621268     20.138449
     50   1      2   3   1     8  0.100590      57.117      172.4      338.8      2.870  0.065871  0.056093  0.632639  1.611284     19.927326
     51   1      2   0   4     4  0.100445      57.182       12.5       35.3      0.414  0.065700  0.056110  0.633557  1.609587      9.945787
     52   1      5   1   1     8  0.097487      58.520       11.4       13.2      0.785  0.062186  0.056473  0.652804  1.575950     19.192268
     53   1      1   3   2     8  0.097000      58.739       95.1      138.7      2.271  0.061603  0.056534  0.656071  1.570583     19.082273
     54   1      4   0   3     4  0.096481      58.973        7.4       22.2      0.795  0.060981  0.056599  0.659583  1.564919      9.483342
     55   1      2   1   4     8  0.094375      59.918       22.0       13.1      1.459  0.058442  0.056866  0.674172  1.542468     18.513382
     56   1      5   0   2     4  0.092635      60.697       13.8        0.0      1.136  0.056323  0.057091  0.686662  1.524528      9.078385
     57   1      4   2   2     8  0.090524      61.638        0.8        0.0      0.134  0.053728  0.057369  0.702353  1.503486     17.744957
     58   1      4   1   3     8  0.090477      61.659        0.5        0.0      0.072  0.053670  0.057375  0.702710  1.503026     17.736031
     59   1      2   3   2     8  0.089704      62.003       41.9       58.5      0.819  0.052711  0.057479  0.708617  1.495513     17.590763
     60   1      3   2   3     8  0.089503      62.092      295.7      461.9      3.699  0.052461  0.057506  0.710166  1.493576     17.553450

   No.  Code     H   K   L  Mult     Hw         2theta      Icalc       Iobs      Sigma      HwG     HwL       ETA       d-hkl        CORR

     61   1      3   3   1     8  0.088392      62.586       10.4       15.8      0.628  0.051072  0.057656  0.718846  1.482977     17.350342
     62   1      3   0   4     4  0.088252      62.648        7.9       11.7      0.551  0.050897  0.057675  0.719954  1.481653      8.662552
     63   1      5   1   2     8  0.086693      63.340      131.0      194.6      2.447  0.048929  0.057888  0.732482  1.467133     17.050127
     64   1      0   2   4     4  0.086167      63.573       29.7       84.1      1.448  0.048259  0.057961  0.736795  1.462315      8.479819
     65   1      1   2   4     8  0.083791      64.624      200.3      300.5      3.111  0.045202  0.058295  0.756832  1.441045     16.564720
     66   1      3   1   4     8  0.082384      65.246      109.9      175.1      2.366  0.043360  0.058497  0.769154  1.428802     16.340799
     67   1      0   3   3     4  0.081559      65.611        0.7        1.5      0.180  0.042267  0.058617  0.776551  1.421733      8.106318
     68   1      6   0   0     2  0.080562      66.052        9.9       10.3      0.784  0.040933  0.058763  0.785651  1.413305      4.015241
     69   1      5   2   1     8  0.079729      66.421       59.6       80.8      1.444  0.039807  0.058886  0.793397  1.406354     15.936765
     70   1      1   3   3     8  0.079223      66.645      172.1      279.2      2.679  0.039116  0.058962  0.798177  1.402162     15.862263
     71   1      3   3   2     8  0.077888      67.237      124.4      199.9      2.326  0.037270  0.059164  0.811025  1.391241     15.669597
     72   1      6   0   1     4  0.077119      67.579       21.8       45.8      1.028  0.036190  0.059282  0.818590  1.385033      7.780503
     73   1      2   2   4     8  0.076791      67.725       17.2       30.1      0.924  0.035726  0.059332  0.821852  1.382405     15.515242
     74   1      1   0   5     4  0.075671      68.225        4.0        6.7      0.205  0.034116  0.059507  0.833192  1.373486      7.680404
     75   1      4   3   0     4  0.075456      68.321       96.8      128.6      1.692  0.033803  0.059541  0.835400  1.371787      7.665771
     76   1      5   0   3     4  0.075115      68.474       92.2      162.4      1.674  0.033304  0.059595  0.838925  1.369098      7.642673
     77   1      6   1   0     4  0.074876      68.582       80.1      173.4      1.884  0.032951  0.059633  0.841416  1.367217      7.626548
     78   1      4   2   3     8  0.073154      69.358        3.2        3.4      0.347  0.030355  0.059911  0.859739  1.353797     15.024903
     79   1      0   4   0     2  0.072590      69.614       97.1      121.9      1.670  0.029478  0.060004  0.865905  1.349440      3.737875
     80   1      2   3   3     8  0.072399      69.701        0.3        0.5      0.007  0.029178  0.060036  0.868011  1.347968     14.926792
     81   1      0   1   5     4  0.072375      69.712       64.9      108.9      1.424  0.029139  0.060040  0.868284  1.347778      7.461800
     82   1      4   3   1     8  0.072129      69.824        0.1        0.3      0.007  0.028750  0.060081  0.871007  1.345889     14.891951
     83   1      4   0   4     4  0.072000      69.883        0.1        0.3      0.007  0.028545  0.060102  0.872441  1.344899      7.437695
     84   1      6   1   1     8  0.071567      70.082      108.9      192.6      2.350  0.027848  0.060175  0.877305  1.341572     14.819856
     85   1      1   1   5     8  0.070194      70.717       24.2       27.8      1.072  0.025565  0.060411  0.893057  1.331070     14.645908
     86   1      5   2   2     8  0.069712      70.943        5.0        7.0      0.159  0.024732  0.060496  0.898716  1.327392     14.585467
     87   1      5   1   3     8  0.069671      70.962       52.0       68.0      1.465  0.024660  0.060503  0.899206  1.327075     14.580276
     88   1      2   0   5     4  0.069063      71.249       23.6       41.8      1.351  0.023578  0.060611  0.906460  1.322431      7.252178
     89   1      6   0   2     4  0.067365      72.067        2.2        0.0      0.410  0.020344  0.060925  0.927347  1.309420      7.146916
     90   1      1   4   1     8  0.067296      72.101        1.4        0.0      0.246  0.020204  0.060938  0.928217  1.308888     14.285290
     91   1      4   1   4     8  0.066794      72.350       36.1       26.6      1.641  0.019161  0.061034  0.934609  1.305002     14.223080
     92   1      3   2   4     8  0.065998      72.750        0.4        0.0      0.228  0.017407  0.061191  0.944919  1.298802     14.124444
     93   1      2   4   0     4  0.064379      73.601       22.3       21.2      0.827  0.013234  0.061529  0.966717  1.285883      6.960661
     94   1      2   1   5     8  0.064204      73.697       78.9       95.1      1.965  0.012705  0.061568  0.969156  1.284445     13.898921
     95   1      4   3   2     8  0.063217      74.253       17.7       16.5      0.966  0.009216  0.061793  0.983145  1.276195     13.771208
     96   1      6   1   2     8  0.062789      74.504       26.8       34.0      1.025  0.007215  0.061896  0.989372  1.272513     13.714649
     97   1      3   3   3     8  0.062514      74.668       55.2       74.8      1.541  0.005577  0.061964  0.993425  1.270118     13.678013
     98   1      2   4   1     8  0.062125      75.059       27.7       36.5      1.268  0.000000  0.062125  1.000000  1.264479     13.592214
     99   1      0   4   2     4  0.062311      75.503       29.6       30.1      1.293  0.000000  0.062311  1.000000  1.258143      6.748302
    100   1      6   2   0     4  0.062495      75.937       32.4       32.8      1.226  0.000000  0.062495  1.000000  1.252025      6.702549
    101   1      3   0   5     4  0.062597      76.176       18.4       29.3      0.978  0.000000  0.062597  1.000000  1.248687      6.677753
    102   1      1   4   2     8  0.062727      76.477       92.3      128.5      2.079  0.000000  0.062727  1.000000  1.244519     13.293919
    103   1      1   3   4     8  0.062955      77.002       33.5       39.6      1.309  0.000000  0.062955  1.000000  1.237340     13.188718
    104   1      6   2   1     8  0.063120      77.380       37.6       44.1      1.458  0.000000  0.063120  1.000000  1.232243     13.114728
    105   1      1   2   5     8  0.063393      77.992        0.1        0.1      0.013  0.000000  0.063393  1.000000  1.224090     12.997589
    106   1      5   2   3     8  0.063499      78.229      172.6      212.9      2.771  0.000000  0.063499  1.000000  1.220981     12.953315
    107   1      3   1   5     8  0.063652      78.568       20.8       48.2      1.089  0.000000  0.063652  1.000000  1.216559     12.890738
    108   1      5   3   1     8  0.063701      78.675        6.3        8.8      0.472  0.000000  0.063701  1.000000  1.215170     12.871163
    109   1      5   0   4     4  0.063727      78.731        2.7        3.9      0.324  0.000000  0.063727  1.000000  1.214441      6.430460
    110   1      6   0   3     4  0.063995      79.316        0.0        0.0      0.002  0.000000  0.063995  1.000000  1.206950      6.378160
    111   1      2   4   2     8  0.064024      79.378        5.3        0.0      0.771  0.000000  0.064024  1.000000  1.206160     12.745361
    112   1      4   2   4     8  0.064114      79.571        0.0        0.0      0.019  0.000000  0.064114  1.000000  1.203723     12.711674
    113   1      2   3   4     8  0.064267      79.898        9.7        5.8      0.486  0.000000  0.064267  1.000000  1.199620     12.655264
    114   1      3   4   1     8  0.064269      79.903       22.0       13.2      1.094  0.000000  0.064269  1.000000  1.199554     12.654356
    115   1      7   0   1     4  0.064501      80.394        0.9        0.0      0.334  0.000000  0.064501  1.000000  1.193459      6.285663
    116   1      2   2   5     8  0.064733      80.878       45.2       30.8      1.361  0.000000  0.064733  1.000000  1.187534     12.491508
    117   1      5   1   4     8  0.064841      81.102       67.5       84.7      1.863  0.000000  0.064841  1.000000  1.184823     12.455280
    118   1      4   3   3     8  0.065004      81.438        0.2        0.6      0.084  0.000000  0.065004  1.000000  1.180782     12.401629
    119   1      6   2   2     8  0.065115      81.664       12.1        3.4      1.033  0.000000  0.065115  1.000000  1.178085     12.366057
    120   1      6   1   3     8  0.065124      81.682        0.1        0.0      0.009  0.000000  0.065124  1.000000  1.177864     12.363149

   No.  Code     H   K   L  Mult     Hw         2theta      Icalc       Iobs      Sigma      HwG     HwL       ETA       d-hkl        CORR

    121   1      7   1   1     8  0.065657      82.753       12.8        9.6      0.659  0.000000  0.065657  1.000000  1.165314     12.200214
    122   1      4   0   5     4  0.065737      82.910       63.2       59.7      1.187  0.000000  0.065737  1.000000  1.163504      6.088530
    123   1      5   3   2     8  0.065753      82.942       53.2       51.5      1.007  0.000000  0.065753  1.000000  1.163139     12.172404
    124   1      0   0   6     2  0.065898      83.226       40.4       70.1      1.519  0.000000  0.065898  1.000000  1.159887      3.032768
    125   1      1   4   3     8  0.066094      83.608       10.8        7.6      0.895  0.000000  0.066094  1.000000  1.155559     12.076507
    126   1      3   4   2     8  0.066378      84.157       13.0        1.9      0.905  0.000000  0.066378  1.000000  1.149423     12.000071
    127   1      1   0   6     4  0.066389      84.178        0.6        0.1      0.045  0.000000  0.066389  1.000000  1.149187      5.998578
    128   1      7   0   2     4  0.066634      84.643       44.6       52.1      1.141  0.000000  0.066634  1.000000  1.144057      5.967056
    129   1      3   3   4     8  0.066649      84.670       49.3       58.3      1.272  0.000000  0.066649  1.000000  1.143759     11.930480
    130   1      4   4   0     4  0.066912      85.164        0.3        0.0      0.131  0.000000  0.066912  1.000000  1.138379      5.932623
    131   1      4   1   5     8  0.066962      85.257        0.0        0.0      0.000  0.000000  0.066962  1.000000  1.137381     11.853243
    132   1      3   2   5     8  0.067169      85.640       29.6       14.2      1.420  0.000000  0.067169  1.000000  1.133269     11.804111
    133   1      2   4   3     8  0.067617      86.456        0.8        1.2      0.057  0.000000  0.067617  1.000000  1.124656     11.702874
    134   1      1   1   6     8  0.067652      86.519        1.4        1.8      0.045  0.000000  0.067652  1.000000  1.123996     11.695210
    135   1      4   4   1     8  0.067681      86.572      119.9      130.2      2.301  0.000000  0.067681  1.000000  1.123448     11.688861
    136   1      7   1   2     8  0.068067      86.983       25.8       46.0      1.029  0.002874  0.067911  0.998294  1.119194     11.639901
    137   1      2   0   6     4  0.068184      87.023       16.6       26.1      0.708  0.003771  0.067934  0.997260  1.118780      5.817580
    138   1      6   3   0     4  0.070281      87.745       37.4       34.5      1.634  0.011364  0.068344  0.979347  1.111426      5.776015
    139   1      5   2   4     8  0.071478      88.138        0.2        0.3      0.135  0.014080  0.068570  0.969440  1.107483     11.508214
    140   1      6   2   3     8  0.073301      88.712        0.0        0.0      0.001  0.017545  0.068905  0.954776  1.101794     11.445935
    141   1      0   3   5     4  0.073595      88.802       32.8       23.8      1.310  0.018054  0.068958  0.952460  1.100908      5.718172
    142   1      6   3   1     8  0.074743      89.149       47.2       54.6      1.279  0.019956  0.069164  0.943530  1.097518     11.399896
    143   1      6   0   4     4  0.074929      89.205        2.7        3.6      0.102  0.020251  0.069197  0.942107  1.096981      5.697080
    144   1      2   1   6     8  0.075447      89.358       70.7       94.7      1.704  0.021061  0.069288  0.938159  1.095496     11.378353
    145   1      1   3   5     8  0.076787      89.748       10.5       20.5      0.814  0.023067  0.069523  0.928131  1.091746     11.338799
    146   1      7   2   1     8  0.076875      89.773        0.1        0.2      0.009  0.023196  0.069538  0.927475  1.091501     11.336239
    147   1      5   3   3     8  0.077597      89.979       30.7       34.4      1.371  0.024228  0.069663  0.922195  1.089538     11.315763
    148   1      4   4   2     8  0.080498      90.785        0.0        0.0      0.000  0.028152  0.070158  0.901679  1.081951     11.238014
    149   1      3   4   3     8  0.081983      91.186       88.6       90.1      1.851  0.030052  0.070408  0.891620  1.078240     11.200820
    150   1      4   3   4     8  0.082397      91.296       18.6       24.7      0.632  0.030571  0.070477  0.888864  1.077223     11.190722
    151   1      5   0   5     4  0.082933      91.438        6.8       19.5      0.537  0.031237  0.070567  0.885332  1.075920      5.588922
    152   1      6   1   4     8  0.083312      91.538        9.8       26.3      0.747  0.031704  0.070630  0.882856  1.075006     11.168854
    153   1      7   0   3     4  0.083812      91.670        4.8       11.6      0.552  0.032317  0.070713  0.879610  1.073806      5.578557
    154   1      3   0   6     4  0.084127      91.752        0.0        0.2      0.011  0.032700  0.070766  0.877585  1.073058      5.574907
    155   1      4   2   5     8  0.086106      92.263       75.0       91.1      1.679  0.035063  0.071094  0.865133  1.068446     11.105366
    156   1      0   5   1     4  0.086831      92.448       13.8       22.9      0.484  0.035913  0.071213  0.860684  1.066793      5.544827
    157   1      0   4   4     4  0.087048      92.504       10.7       18.3      0.311  0.036167  0.071249  0.859359  1.066300      5.542496
    158   1      0   2   6     4  0.087340      92.577       42.9       68.3      0.928  0.036506  0.071297  0.857595  1.065643      5.539400
    159   1      2   3   5     8  0.087371      92.585       38.7       62.1      0.864  0.036542  0.071302  0.857408  1.065573     11.078142
    160   1      8   0   0     2  0.089909      93.220       37.6       53.6      1.178  0.039443  0.071719  0.842446  1.059979      2.756543
    161   1      6   3   2     8  0.090488      93.363       13.8       19.5      0.390  0.040096  0.071814  0.839126  1.058731     11.014772
    162   1      1   5   1     8  0.090619      93.395       13.8       18.4      0.316  0.040243  0.071835  0.838379  1.058450     11.012212
    163   1      1   4   4     8  0.090845      93.450       53.9       72.8      1.181  0.040495  0.071872  0.837099  1.057968     11.007835
    164   1      1   2   6     8  0.091146      93.524        2.3        4.7      0.121  0.040832  0.071921  0.835399  1.057327     11.002031
    165   1      5   1   5     8  0.092172      93.775       10.1       25.9      0.657  0.041972  0.072089  0.829670  1.055162     10.982563
    166   1      7   2   2     8  0.093054      93.988       61.6       99.2      1.230  0.042944  0.072233  0.824832  1.053327     10.966235
    167   1      7   1   3     8  0.093131      94.007       61.1       99.1      1.252  0.043028  0.072245  0.824416  1.053169     10.964834
    168   1      3   1   6     8  0.093473      94.089        0.1        0.2      0.004  0.043404  0.072301  0.822559  1.052462     10.958598
    169   1      8   0   1     4  0.095728      94.627        0.0        0.0      0.006  0.045855  0.072668  0.810611  1.047894      5.459418
    170   1      2   5   0     4  0.096596      94.832       30.4       35.7      1.313  0.046788  0.072809  0.806139  1.046173      5.452062
    171   1      5   4   1     8  0.097700      95.090       16.0       27.1      1.161  0.047969  0.072989  0.800542  1.044009     10.885839
    172   1      8   1   0     4  0.099728      95.560        0.0        0.0      0.029  0.050119  0.073318  0.790535  1.040114      5.426761
    173   1      2   5   1     8  0.102715      96.242       46.0       48.8      1.374  0.053249  0.073803  0.776398  1.034549     10.808730
    174   1      2   4   4     8  0.102961      96.298        5.9        6.8      0.166  0.053505  0.073843  0.775264  1.034099     10.805183
    175   1      2   2   6     8  0.103290      96.372       34.6       48.2      1.191  0.053846  0.073897  0.773756  1.033500     10.800478
    176   1      8   1   1     8  0.105980      96.973       30.6       45.1      1.444  0.056624  0.074333  0.761721  1.028688     10.763392
    177   1      3   3   5     8  0.107609      97.332       14.9       27.4      1.119  0.058294  0.074598  0.754683  1.025846     10.742105
    178   1      1   5   2     8  0.108959      97.627       16.1       17.0      1.116  0.059670  0.074817  0.748989  1.023531     10.725115
    179   1      4   4   3     8  0.109887      97.829        2.7        1.2      0.553  0.060613  0.074968  0.745141  1.021959     10.713755
    180   1      4   0   6     4  0.112546      98.401        0.0        0.0      0.002  0.063302  0.075401  0.734422  1.017544      5.341330

   No.  Code     H   K   L  Mult     Hw         2theta      Icalc       Iobs      Sigma      HwG     HwL       ETA       d-hkl        CORR

    181   1      6   2   4     8  0.113345      98.571        4.9        0.2      0.835  0.064105  0.075531  0.731288  1.016242     10.673728
    182   1      8   0   2     4  0.114752      98.869       14.7        9.5      1.215  0.065517  0.075760  0.725857  1.013977      5.329216
    183   1      5   4   2     8  0.116981      99.336        4.8        1.4      0.814  0.067745  0.076123  0.717484  1.010456     10.635317
    184   1      5   3   4     8  0.119483      99.855       33.1       29.0      1.579  0.070232  0.076532  0.708410  1.006602     10.610961
    185   1      6   3   3     8  0.122338     100.438        0.0        0.0      0.002  0.073056  0.076998  0.698453  1.002324     10.585129
    186   1      2   5   2     8  0.122645     100.500       15.0       16.3      0.955  0.073358  0.077049  0.697406  1.001871     10.582469
    187   1      4   1   6     8  0.123971     100.768       41.7       55.6      1.215  0.074665  0.077266  0.692935  0.999931     10.571248
    188   1      5   2   5     8  0.124318     100.837       20.0       27.2      0.677  0.075005  0.077323  0.691782  0.999429     10.568387
    189   1      3   5   1     8  0.125257     101.025        2.0        5.6      0.223  0.075928  0.077477  0.688681  0.998076     10.560772
    190   1      7   2   3     8  0.125495     101.073        0.9        3.1      0.114  0.076161  0.077516  0.687902  0.997735     10.558876
    191   1      3   4   4     8  0.125539     101.082        2.5        8.7      0.314  0.076205  0.077523  0.687758  0.997672     10.558526
    192   1      3   2   6     8  0.125916     101.157        2.1        8.0      0.352  0.076574  0.077585  0.686531  0.997134     10.555552
    193   1      8   1   2     8  0.126330     101.239        0.2        0.5      0.037  0.076980  0.077653  0.685191  0.996546     10.552329
    194   1      7   3   1     8  0.127742     101.519        7.6       12.5      0.473  0.078362  0.077884  0.680673  0.994557     10.541612
    195   1      7   0   4     4  0.128028     101.575       22.2       31.3      1.091  0.078641  0.077931  0.679769  0.994157      5.269748
    196   1      6   0   5     4  0.129812     101.925       10.0       22.2      1.092  0.080382  0.078224  0.674210  0.991691      5.263356
    197   1      1   0   7     4  0.132972     102.537        1.6        2.4      0.166  0.083455  0.078745  0.664689  0.987426      5.252879
    198   1      8   2   0     4  0.133585     102.655       44.1       62.1      1.952  0.084050  0.078846  0.662888  0.986614      5.250968
    199   1      0   5   3     4  0.139704     103.812        0.0        0.0      0.002  0.089962  0.079857  0.645683  0.978758      5.233942
    200   1      0   1   7     4  0.140521     103.963       13.3       12.8      0.663  0.090748  0.079992  0.643488  0.977743      5.231943
    201   1      7   1   4     8  0.140546     103.968       14.3       13.8      0.704  0.090772  0.079996  0.643422  0.977712     10.463765
    202   1      4   3   5     8  0.141106     104.072        0.0        0.0      0.000  0.091311  0.080089  0.641931  0.977021     10.461098
    203   1      8   2   1     8  0.141248     104.098        0.7        0.9      0.060  0.091448  0.080112  0.641553  0.976846     10.460428
    204   1      6   4   0     4  0.141943     104.226        5.7        8.4      0.336  0.092115  0.080227  0.639722  0.975995      5.228610
    205   1      6   1   5     8  0.142459     104.321       29.2       44.9      1.248  0.092611  0.080313  0.638371  0.975366     10.454889
    206   1      1   5   3     8  0.145009     104.787       50.6       71.0      1.533  0.095056  0.080736  0.631825  0.972302     10.444085
    207   1      1   1   7     8  0.145849     104.940       11.0       19.0      0.644  0.095861  0.080876  0.629712  0.971308     10.440772
    208   1      3   5   2     8  0.148138     105.352       34.6       53.8      1.346  0.098049  0.081257  0.624070  0.968639     10.432371
    209   1      1   3   6     8  0.148260     105.374        1.5        2.1      0.056  0.098166  0.081278  0.623773  0.968498     10.431946
    210   1      2   0   7     4  0.148749     105.461        2.8        4.2      0.184  0.098632  0.081359  0.622590  0.967936      5.215137
    211   1      6   4   1     8  0.149974     105.679       11.9       24.1      0.824  0.099801  0.081563  0.619655  0.966536     10.426259
    212   1      7   3   2     8  0.150961     105.854       18.4       32.7      1.084  0.100742  0.081728  0.617322  0.965421     10.423203
    213   1      8   0   3     4  0.152140     106.062        0.2        0.6      0.046  0.101865  0.081925  0.614572  0.964101      5.209879
    214   1      1   4   5     8  0.153508     106.302        1.2        2.6      0.115  0.103166  0.082153  0.611430  0.962587     10.416037
    215   1      4   5   0     4  0.154041     106.395       19.6       31.8      0.865  0.103673  0.082242  0.610218  0.962001      5.207334
    216   1      5   4   3     8  0.154892     106.543       55.4       83.4      1.811  0.104482  0.082385  0.608300  0.961073     10.412566
    217   1      5   0   6     4  0.158324     107.135        0.1        0.1      0.033  0.107738  0.082960  0.600757  0.957398      5.202608
    218   1      2   5   3     8  0.161906     107.743        0.3        0.2      0.046  0.111128  0.083562  0.593197  0.953677     10.399377
    219   1      4   5   1     8  0.162629     107.864        0.1        0.2      0.009  0.111811  0.083683  0.591708  0.952940     10.398419
    220   1      2   1   7     8  0.162827     107.897       28.8       30.7      1.459  0.111998  0.083717  0.591302  0.952739     10.398170
    221   1      4   4   4     8  0.162975     107.922        0.0        0.0      0.001  0.112138  0.083741  0.590999  0.952589     10.397985
    222   1      4   2   6     8  0.163438     108.000        0.3        0.3      0.021  0.112575  0.083819  0.590057  0.952120     10.397432
    223   1      2   3   6     8  0.165470     108.338       40.0       61.3      1.499  0.114494  0.084162  0.585972  0.950086     10.395348
    224   1      8   2   2     8  0.166370     108.487       15.8       27.8      0.942  0.115342  0.084314  0.584193  0.949197     10.394601
    225   1      8   1   3     8  0.166488     108.506        0.0        0.0      0.000  0.115453  0.084333  0.583962  0.949081     10.394511
    226   1      2   4   5     8  0.171233     109.281       14.2       13.8      1.402  0.119920  0.085135  0.574878  0.944504     10.392390
    227   1      5   1   6     8  0.173173     109.594        0.1        0.3      0.098  0.121743  0.085464  0.571297  0.942684     10.392340
    228   1      6   4   2     8  0.176391     110.106        1.5        0.0      0.638  0.124762  0.086010  0.565518  0.939730     10.393263
    229   1      3   0   7     4  0.178462     110.432        4.5        3.2      0.823  0.126703  0.086362  0.561901  0.937868      5.197251
    230   1      6   3   4     8  0.179863     110.651        6.1        4.4      0.900  0.128015  0.086600  0.559498  0.936627     10.395618
    231   1      9   0   1     4  0.183248     111.175        0.3        0.4      0.043  0.131180  0.087177  0.553836  0.933685      5.199611
    232   1      7   2   4     8  0.184192     111.319       32.6       41.5      1.620  0.132062  0.087338  0.552291  0.932879     10.400451
    233   1      6   2   5     8  0.186611     111.688       17.8       34.6      1.387  0.134321  0.087751  0.548399  0.930840     10.404033
    234   1      1   2   7     8  0.190910     112.333        4.0        6.6      0.581  0.138330  0.088487  0.541710  0.927311     10.411894
    235   1      4   5   2     8  0.191024     112.350        3.4        5.3      0.483  0.138436  0.088507  0.541537  0.927219     10.412128
    236   1      3   5   3     8  0.193958     112.784       13.5       16.3      1.073  0.141167  0.089010  0.537138  0.924880     10.418586
    237   1      3   1   7     8  0.195049     112.944        1.4        1.8      0.122  0.142182  0.089198  0.535534  0.924024     10.421201
    238   1      5   3   5     8  0.195831     113.058        8.2       11.7      0.633  0.142909  0.089332  0.534395  0.923415     10.423143
    239   1      7   3   3     8  0.197563     113.310       39.2       62.4      1.607  0.144520  0.089630  0.531901  0.922078     10.427654
    240   1      3   3   6     8  0.198183     113.399        0.0        0.0      0.002  0.145096  0.089737  0.531019  0.921604     10.429336

   No.  Code     H   K   L  Mult     Hw         2theta      Icalc       Iobs      Sigma      HwG     HwL       ETA       d-hkl        CORR

    241   1      9   1   1     8  0.200271     113.700        9.4       30.6      1.197  0.147035  0.090097  0.528084  0.920023     10.435261
    242   1      3   4   5     8  0.205039     114.376       13.3       15.4      1.406  0.151458  0.090920  0.521597  0.916506     10.450241
    243   1      7   0   5     4  0.208858     114.908        0.7        1.6      0.331  0.154996  0.091580  0.516604  0.913779      5.231824
    244   1      8   3   0     4  0.209571     115.007        0.1        0.2      0.043  0.155656  0.091704  0.515690  0.913278      5.233144
    245   1      1   5   4     8  0.211422     115.261        8.6        9.8      0.884  0.157369  0.092025  0.513348  0.911991     10.473326
    246   1      2   2   7     8  0.212701     115.436       11.1       13.5      0.884  0.158552  0.092247  0.511752  0.911112     10.478352
    247   1      9   0   2     4  0.215145     115.767       13.8       30.2      1.344  0.160812  0.092672  0.508751  0.909453      5.244159
    248   1      8   2   3     8  0.217459     116.078        0.1        0.3      0.035  0.162950  0.093074  0.505971  0.907911     10.498175
    249   1      8   3   1     8  0.221133     116.566       21.9       42.0      1.438  0.166342  0.093714  0.501670  0.905514     10.514652
    250   1      8   0   4     4  0.221603     116.628        5.6       10.4      0.402  0.166775  0.093796  0.501130  0.905213      5.258414
    251   1      5   5   1     8  0.225088     117.083        1.9        8.8      0.454  0.169989  0.094405  0.497191  0.903004     10.533487
    252   1      5   4   4     8  0.225567     117.145        1.3        4.7      0.257  0.170430  0.094489  0.496659  0.902705     10.535842
    253   1      5   2   6     8  0.226207     117.228        1.0        2.7      0.191  0.171020  0.094601  0.495951  0.902307     10.539018
    254   1      7   1   5     8  0.228393     117.509        8.3       16.3      0.626  0.173034  0.094983  0.493563  0.900960     10.550069
    255   1      4   0   7     4  0.229770     117.685       32.8       56.1      1.204  0.174302  0.095224  0.492081  0.900123      5.278597
    256   1      0   6   0     2  0.230592     117.790       18.0       31.5      0.850  0.175059  0.095368  0.491204  0.899626      2.640378
    257   1      6   4   3     8  0.230609     117.792        0.0        0.0      0.001  0.175075  0.095371  0.491186  0.899616     10.561603
    258   1      9   1   2     8  0.235344     118.388        9.5       26.0      0.824  0.179431  0.096202  0.486253  0.896813     10.587335
    259   1      6   0   6     4  0.235711     118.434        7.0       16.9      0.606  0.179769  0.096267  0.485879  0.896600      5.294694
    260   1      2   5   4     8  0.235764     118.441        4.0        9.6      0.354  0.179818  0.096276  0.485824  0.896568     10.589692
    261   1      7   4   1     8  0.240280     118.999        0.5        3.3      0.394  0.183968  0.097071  0.481310  0.893987     10.615676
    262   1      8   1   4     8  0.242502     119.270        0.0        0.1      0.030  0.186009  0.097462  0.479149  0.892746     10.628922
    263   1      4   5   3     8  0.250135     120.184        0.0        0.1      0.027  0.193013  0.098810  0.472008  0.888622     10.676632
    264   1      4   1   7     8  0.251584     120.354        0.0        0.0      0.002  0.194342  0.099067  0.470700  0.887862     10.686064
    265   1      1   6   1     8  0.252657     120.480        0.0        0.1      0.016  0.195325  0.099257  0.469741  0.887305     10.693120
    266   1      3   2   7     8  0.255391     120.798        7.4       12.8      0.397  0.197830  0.099741  0.467334  0.885902     10.711377
    267   1      4   3   6     8  0.255761     120.841       30.9       52.4      1.408  0.198169  0.099807  0.467012  0.885714     10.713881
    268   1      6   1   6     8  0.258213     121.123       31.5       71.4      1.543  0.200415  0.100242  0.464900  0.884481     10.730648
    269   1      8   3   2     8  0.260477     121.381        0.0        0.1      0.005  0.202487  0.100645  0.462986  0.883359     10.746402
    270   1      9   2   1     8  0.262493     121.610        0.2        0.9      0.030  0.204332  0.101003  0.461308  0.882374     10.760649
    271   1      4   4   5     8  0.264959     121.887       49.6       99.7      1.497  0.206589  0.101442  0.459289  0.881187     10.778361
    272   1      5   5   2     8  0.265291     121.924       24.3       46.4      0.676  0.206893  0.101501  0.459020  0.881028     10.780768
    273   1      2   6   0     4  0.267391     122.157        8.3       17.7      0.306  0.208812  0.101876  0.457335  0.880035      5.398055
    274   1      0   4   6     4  0.268291     122.257       32.5       87.6      1.585  0.209635  0.102036  0.456620  0.879613      5.401375
    275   1      1   4   6     8  0.278668     123.382        0.5        1.9      0.180  0.219115  0.103891  0.448709  0.874918     10.882052
    276   1      2   6   1     8  0.282920     123.831       13.1       26.7      0.601  0.222995  0.104653  0.445632  0.873082     10.915927
    277   1      9   0   3     4  0.283237     123.864        1.3        2.5      0.050  0.223284  0.104710  0.445407  0.872947      5.459241
    278   1      7   4   2     8  0.283942     123.938       36.6       69.8      1.185  0.223927  0.104837  0.444907  0.872648     10.924180
    279   1      3   5   4     8  0.284254     123.970       20.8       39.8      0.685  0.224212  0.104893  0.444686  0.872516     10.926710
    280   1      0   6   2     4  0.287910     124.349        6.1       19.7      0.459  0.227545  0.105549  0.442137  0.870988      5.478324
    281   1      0   3   7     4  0.289868     124.551       10.7       30.9      0.547  0.229331  0.105902  0.440798  0.870183      5.486455
    282   1      7   3   4     8  0.289921     124.556       13.3       38.2      0.677  0.229379  0.105911  0.440762  0.870162     10.973352
    283   1      0   0   8     2  0.290525     124.618        8.3       22.4      0.427  0.229930  0.106020  0.440353  0.869916      2.744600
    284   1      6   3   5     8  0.294028     124.973       19.6       57.3      1.367  0.233121  0.106650  0.438012  0.868506     11.007955
    285   1      1   6   2     8  0.299329     125.503       33.1       78.2      1.508  0.237950  0.107607  0.434572  0.866429     11.053585
    286   1      1   3   7     8  0.301396     125.707        8.2       20.2      0.402  0.239831  0.107980  0.433264  0.865637     11.071665
    287   1      7   2   5     8  0.301716     125.738        0.1        0.3      0.006  0.240123  0.108038  0.433063  0.865516     11.074476
    288   1      1   0   8     4  0.302090     125.775       15.9       43.7      0.982  0.240463  0.108105  0.432829  0.865374      5.538882
    289   1      9   2   2     8  0.311685     126.701       35.1       93.1      1.218  0.249192  0.109842  0.427008  0.861837     11.163918
    290   1      9   1   3     8  0.311927     126.724       34.5       90.8      1.159  0.249412  0.109886  0.426866  0.861750     11.166135
    291   1      2   4   6     8  0.313265     126.850       14.0       41.1      0.665  0.250628  0.110129  0.426084  0.861273     11.178413
    292   1      8   2   4     8  0.322073     127.670        9.3       35.0      0.708  0.258632  0.111729  0.421097  0.858226     11.260701
    293   1      6   5   0     4  0.323026     127.757       18.3       59.6      1.221  0.259498  0.111902  0.420574  0.857905      5.634878
    294   1      5   0   7     4  0.323684     127.817        3.3       10.9      0.260  0.260096  0.112022  0.420214  0.857685      5.638011
    295   1      1   1   8     8  0.333599     128.706        4.4       13.6      0.347  0.269097  0.113829  0.414969  0.854463     11.372045
    296   1      4   2   7     8  0.335439     128.868       40.4       96.5      1.652  0.270766  0.114166  0.414030  0.853884     11.390184
    297   1      2   6   2     8  0.337731     129.069        2.9        6.4      0.109  0.272846  0.114584  0.412875  0.853172     11.412912
    298   1      0   5   5     4  0.338160     129.106       12.5       27.4      0.473  0.273235  0.114663  0.412660  0.853040      5.708594
    299   1      2   3   7     8  0.340197     129.282       20.4       50.0      0.831  0.275083  0.115035  0.411649  0.852416     11.437537
    300   1      2   0   8     4  0.341026     129.354        0.6        1.5      0.024  0.275834  0.115187  0.411242  0.852164      5.722920

   No.  Code     H   K   L  Mult     Hw         2theta      Icalc       Iobs      Sigma      HwG     HwL       ETA       d-hkl        CORR

    301   1      6   5   1     8  0.343365     129.555       29.0       77.9      1.067  0.277955  0.115615  0.410101  0.851460     11.469402
    302   1      6   4   4     8  0.344205     129.626        2.6        7.1      0.097  0.278717  0.115769  0.409695  0.851209     11.477898
    303   1      6   2   6     8  0.345330     129.722       21.4       62.9      0.991  0.279737  0.115975  0.409155  0.850875     11.489308
    304   1      3   6   1     8  0.345500     129.736        8.1       24.3      0.396  0.279891  0.116006  0.409074  0.850824     11.491038
    305   1      8   3   3     8  0.349021     130.034        0.0        0.0      0.000  0.283083  0.116652  0.407407  0.849793     11.526982
    306   1      1   5   5     8  0.352632     130.335        6.0       34.6      0.844  0.286355  0.117314  0.405732  0.848756     11.564178
    307   1     10   0   0     2  0.355369     130.561        4.3       17.3      0.414  0.288835  0.117817  0.404486  0.847983      2.898148
    308   1      5   5   3     8  0.356320     130.639       12.0       46.1      1.254  0.289696  0.117992  0.404058  0.847717     11.602505
    309   1      5   1   7     8  0.358700     130.834        0.7        3.7      0.175  0.291852  0.118429  0.402995  0.847058     11.627423
    310   1      5   3   6     8  0.365604     131.390        0.0        0.2      0.014  0.298103  0.119700  0.399993  0.845192     11.700466
    311   1      8   0   5     4  0.372936     131.967        0.0        0.2      0.018  0.304739  0.121052  0.396928  0.843284      5.889633
    312   1      4   5   4     8  0.378524     132.399        8.6       21.9      0.705  0.309794  0.122084  0.394673  0.841878     11.840121
    313   1     10   0   1     4  0.379011     132.436        2.6        6.6      0.196  0.310234  0.122174  0.394479  0.841757      5.922728
    314   1      2   1   8     8  0.379085     132.441       12.6       31.5      0.926  0.310301  0.122188  0.394450  0.841739     11.846272
    315   1      5   4   5     8  0.381051     132.591        7.5       19.3      0.606  0.312079  0.122552  0.393675  0.841255     11.867864
    316   1      7   4   3     8  0.385227     132.906        3.6       18.7      0.771  0.315856  0.123324  0.392055  0.840244     11.914010
    317   1      3   4   6     8  0.386731     133.019        0.2        1.1      0.047  0.317215  0.123603  0.391480  0.839885     11.930711
    318   1      7   0   6     4  0.395771     133.684        0.3        1.0      0.036  0.325386  0.125279  0.388120  0.837785      6.016042
    319   1     10   1   0     4  0.396107     133.709       15.6       46.3      1.560  0.325689  0.125341  0.387998  0.837709      6.017938
    320   1      2   5   5     8  0.402503     134.168       21.6       55.1      1.655  0.331468  0.126529  0.385717  0.836282     12.108599
    321   1      1   6   3     8  0.409893     134.688        0.6        2.3      0.091  0.338142  0.127904  0.383173  0.834689     12.193568
    322   1      8   4   0     4  0.415251     135.058       38.9       97.8      1.558  0.342979  0.128902  0.381385  0.833569      6.127888
    323   1      8   1   5     8  0.417161     135.189       25.6       61.9      0.899  0.344703  0.129258  0.380760  0.833177     12.278078
    324   1      6   5   2     8  0.418217     135.261        8.4       20.4      0.314  0.345656  0.129455  0.380416  0.832962     12.290431
    325   1      3   6   2     8  0.421164     135.460        1.3        3.8      0.068  0.348316  0.130005  0.379467  0.832367     12.325006
    326   1     10   1   1     8  0.424497     135.684       22.6       94.2      1.669  0.351323  0.130627  0.378410  0.831705     12.364283
    327   1      3   3   7     8  0.424699     135.697        0.9        3.9      0.070  0.351506  0.130665  0.378346  0.831665     12.366676
    328   1      3   0   8     4  0.425889     135.776        1.6        7.6      0.149  0.352579  0.130887  0.377973  0.831431      6.190371
    329   1      9   2   3     8  0.430279     136.066        0.9        6.3      0.209  0.356540  0.131707  0.376616  0.830580     12.432858
    330   1      9   3   1     8  0.440077     136.700        7.0       26.1      0.660  0.365376  0.133541  0.373686  0.828744     12.550239
    331   1      9   0   4     4  0.441343     136.781       13.5       45.9      1.094  0.366518  0.133778  0.373317  0.828513      6.282760
    332   1      4   6   0     4  0.443376     136.909        0.0        0.0      0.000  0.368351  0.134159  0.372729  0.828144      6.295049
    333   1      0   2   8     4  0.444357     136.971        9.0       30.1      0.943  0.369235  0.134343  0.372447  0.827968      6.300988
    334   1      7   1   6     8  0.444889     137.005        0.7        2.6      0.087  0.369716  0.134442  0.372295  0.827873     12.608431
    335   1      8   4   1     8  0.446116     137.082        0.0        0.0      0.002  0.370821  0.134672  0.371945  0.827654     12.623312
    336   1      1   2   8     8  0.467361     138.376       32.0       76.6      2.069  0.389965  0.138663  0.366191  0.824049     12.884459
    337   1     10   0   2     4  0.468462     138.441        1.0        2.4      0.061  0.390957  0.138871  0.365907  0.823872      6.449077
    338   1      2   6   3     8  0.475126     138.830        0.1        0.2      0.005  0.396959  0.140126  0.364219  0.822816     12.981395
    339   1      4   6   1     8  0.478181     139.006       38.7       99.2      1.649  0.399709  0.140701  0.363462  0.822343     13.019732
    340   1      3   1   8     8  0.482127     139.231       27.1       80.8      1.529  0.403262  0.141446  0.362499  0.821740     13.069420
    341   1      9   1   4     8  0.501547     140.306       10.8       49.8      1.744  0.420741  0.145115  0.357984  0.818922     13.316637
    342   1      5   2   7     8  0.512741     140.901        5.4       16.5      0.918  0.430811  0.147234  0.355542  0.817402     13.461009
    343   1      3   5   5     8  0.518393     141.195        6.1       19.0      1.125  0.435894  0.148306  0.354351  0.816661     13.534404
    344   1      7   3   5     8  0.533782     141.973        7.6       19.6      0.976  0.449731  0.151227  0.351239  0.814729     13.735810
    345   1     10   1   2     8  0.536177     142.092        8.6       22.2      1.039  0.451883  0.151682  0.350772  0.814440     13.767363
    346   1      6   0   7     4  0.547116     142.624        3.8       11.7      0.659  0.461715  0.153763  0.348690  0.813151      6.956061
    347   1      2   2   8     8  0.551785     142.847        3.5       12.2      0.579  0.465911  0.154652  0.347828  0.812619     13.974229
    348   1      4   4   6     8  0.553255     142.916        0.0        0.0      0.001  0.467232  0.154932  0.347559  0.812453     13.993817
    349   1      9   3   2     8  0.560425     143.252        9.7       27.5      1.097  0.473673  0.156299  0.346271  0.811659     14.089628
    350   1      8   4   2     8  0.569983     143.691       18.9       51.2      1.763  0.482259  0.158122  0.344606  0.810634     14.218028
    351   1     10   2   0     4  0.586095     144.407        8.5       34.5      1.486  0.496729  0.161200  0.341928  0.808991      7.218032
    352   1      8   3   4     8  0.589668     144.563        0.0        0.1      0.006  0.499937  0.161883  0.341354  0.808640     14.484688
    353   1      5   5   4     8  0.608679     145.367       25.7       67.1      2.297  0.517002  0.165522  0.338422  0.806851     14.744875
    354   1      4   6   2     8  0.622329     145.923        0.1        0.2      0.010  0.529251  0.168140  0.336431  0.805642     14.933185
    355   1      4   3   7     8  0.629805     146.220        0.0        0.1      0.003  0.535959  0.169575  0.335379  0.805005     15.036838
    356   1      8   2   5     8  0.630973     146.266        0.0        0.1      0.003  0.537007  0.169799  0.335217  0.804907     15.053049
    357   1      4   0   8     4  0.632339     146.319        0.0        0.1      0.002  0.538232  0.170061  0.335028  0.804793      7.536018
    358   1      6   5   3     8  0.634153     146.390        0.1        0.3      0.009  0.539860  0.170410  0.334779  0.804643     15.097275
    359   1      3   6   3     8  0.640711     146.644       48.7      109.1      1.809  0.545743  0.171670  0.333890  0.804107     15.188640
    360   1      6   1   7     8  0.641056     146.657       21.7       48.6      0.795  0.546052  0.171736  0.333844  0.804079     15.193461

   No.  Code     H   K   L  Mult     Hw         2theta      Icalc       Iobs      Sigma      HwG     HwL       ETA       d-hkl        CORR

    361   1     10   2   1     8  0.647309     146.896       13.7       31.4      0.502  0.551661  0.172938  0.333014  0.803580     15.280826
    362   1      6   3   6     8  0.661566     147.427       30.9      110.1      1.999  0.564447  0.175681  0.331185  0.802482     15.480839
    363   1      7   5   1     8  0.687682     148.358        5.1       17.2      0.340  0.587861  0.180715  0.328040  0.800608     15.850044
    364   1      7   4   4     8  0.690736     148.464       31.9      104.8      2.009  0.590599  0.181304  0.327688  0.800399     15.893428
    365   1      7   2   6     8  0.694853     148.605        0.5        1.5      0.030  0.594290  0.182098  0.327220  0.800121     15.952018
    366   1      0   6   4     4  0.710226     149.121        5.6       21.3      0.573  0.608067  0.185067  0.325519  0.799118      8.085716
    367   1      6   4   5     8  0.710341     149.125       13.9       52.5      1.415  0.608170  0.185089  0.325507  0.799110     16.173092
    368   1      1   4   7     8  0.747676     150.312        2.6       11.6      0.558  0.641620  0.192313  0.321683  0.796874     16.710314
    369   1     10   0   3     4  0.755476     150.549        0.2        0.7      0.029  0.648607  0.193824  0.320934  0.796440      8.411636
    370   1      4   1   8     8  0.763672     150.794        4.2       10.6      0.335  0.655948  0.195413  0.320164  0.795994     16.942225
    371   1      1   6   4     8  0.771254     151.017       40.0       92.1      2.600  0.662738  0.196883  0.319468  0.795593     17.052477
    372   1      3   2   8     8  0.791168     151.586        2.6        9.8      0.487  0.680570  0.200748  0.317704  0.794581     17.343046
    373   1      9   2   4     8  0.847355     153.081       49.3      133.1      3.243  0.730866  0.211674  0.313197  0.792033     18.169849
    374   1      4   5   5     8  0.863484     153.482        0.0        0.0      0.000  0.745300  0.214816  0.312016  0.791375     18.408941

     -----------------------------------------------------
     BRAGG R-Factors and weight fractions for Pattern #  1
     -----------------------------------------------------

 => Phase:  1     PbSO4
 => Bragg R-factor:   52.5       Vol:  318.543( 0.000)  Fract(%):  100.00( 0.00)
 => Rf-factor=  28.9             ATZ:        1213.030   Brindley:  1.0000

     -----------------------------------------------------------------
      SYMBOLIC NAMES AND FINAL VALUES AND SIGMA OF REFINED PARAMETERS:
     -----------------------------------------------------------------


 ------------------------------------------------------------------
 => Number of bytes for floating point variables: 4
 => Dimensions of dynamic allocated arrays in this run of FullProf:
 ------------------------------------------------------------------

 => Total approximate array memory (dynamic + static): 127459053 bytes

    MaxPOINT=    80000 Max.num. of points(+int. Inten.)/diffraction pattern       
    MaxREFLT=    25000 Max.num. of reflections/diffraction pattern               
    MaxPARAM=      500 Max.num. of refinable parameters                          
    MaxOVERL=     9000 Max.num. of overlapping reflections                       

 ----------------------------------------------------------
 => Number of bytes for floating point arrays: 4
 => Dimensions of fixed arrays in this release of FullProf:
 ----------------------------------------------------------

    NPATT   =       80 Max.num. of powder diffraction patterns                    
    NATS    =      830 Max.num. of atoms (all kind) in asymmetric unit            
    MPAR    =     1800 Max.num. of non atomic parameters/phase                    
    IEXCL   =       30 Max.num. of excluded regions                               
    IBACP   =      377 Max.num. of background points for interpolation            
    NPHT    =       16 Max.num. of phases                                         
    NMAGM   =        8 Max.num. of rotation-matrices sets for magnetic structure  
    NBASIS  =       12 Max.num. of basis functions associated to a single atom    
    NIREPS  =        9 Max.num. of irreducible representations to be combined     
    N_EQ    =      384 Max.num. of user-supplied symmetry operators/propagation vectors
    NGL     =      400 Max.num. of global parameters/diffraction pattern          
    N_LINC  =       50 Max.num. of global linear restraints                        
    NAT_P   =       80 Max.num. of atomic parameters per atom                     
    NCONST  =      500 Max.num. of slack constraints per phase                    
    N_SPE   =       30 Max.num. of different chemical species                     
    N_FORM  =       60 Max.num. of scattering factor values in a table            
    NPR     =      150 Max.num. of points defining a numerical profile            
    INPR    =       25 Max.num. of different numerical peak shapes                
    NPRC    =      150 Max.num. of terms in the table for correcting intensities  
    NSOL    =       10 Max.num. of solutions to be stored in Montecarlo searchs   

 
              CPU Time:     0.422 seconds
                            0.007 minutes

 => Run finished at:     Date: 17/06/2026  Time: 22:57:14.372                              
