

        **********************************************************
        ** PROGRAM FullProf.2k (Version 8.40 - Feb2026-ILL JRC) **
        **********************************************************
                       M U L T I -- P A T T E R N                 
            Rietveld, Profile Matching & Integrated Intensity     
                 Refinement of X-ray and/or Neutron Data


    Date: 09/06/2026  Time: 12:49:24.047                              

 => PCR file code: pbso4
 => DAT file code: pbso4                -> Relative contribution: 1.0000                                                            

 ==> CONDITIONS OF THIS RUN FOR PATTERN No.:  1

 => Global Refinement of neutron powder data                                                                                        
 => Title: PbSO4 D1A(ILL),Rietveld Round Robin, R.J. Hill,JApC 25,589(1992)

 => Number of phases:    1
 => Number of excluded regions:    2
 => Number of scattering factors supplied:    0
 => Conventional weights: w=1.0/Variance(yobs)
 => Asymmetry correction as in J.Appl.Cryst. 26,128(1993)
 => Background linearly interpolated between the    8 points given
 => The    7th default profile function was selected
 => T-C-H Pseudo-Voigt function 
    This function is convoluted with asymmetry due to axial 
    divergence as formulated by: 
    van Laar and Yelon, J. Appl. Cryst. 17, 47(1984).
    and using the method of:
    Finger, Cox and Jephcoat, J. Appl. Cryst. 27, 892 (1994).
    Fortran 90 module adapted from function PROFVAL (in F77) : 
    L.W. Finger, J. Appl. Cryst. 31, 111 (1998).


 ==> INPUT/OUTPUT OPTIONS:

 => Output Obs and Calc intensities on last cycle
 => Generate bacground file *.bac
 => Generate file *.PRF for plot
 => Output Integrated Intensities
 => Generate new input file *.PCR

 => Data in D1A,D2B format as prepared by D1A(D2B)SUM for pattern:  1
 => Plot pattern at each cycle
 => Wavelengths:  1.91200 1.91200
 => Alpha2/Alpha1 ratio:   1.0000
 => Cos(Monochromator angle)=   0.0000
 => Asymmetry correction for angles lower than  160.000 degrees
 => Absorption correction (AC), muR-eff =   0.0000  0.0000
 => Base of peaks: 2.0*HW*   30.00

 => Number of cycles:  500
 => Relaxation factors ==>    for coordinates:  0.20
 => for anisotropic temperature factors:  0.20
 => for halfwidth/strain/size/further parameters:  0.20
 => for lattice constants and propagation vectors:  0.20
 => EPS-value for convergence:    0.1
 => Background ==> 
    Position   Intensity
       11.00      210.06        0.00
       15.00      196.60        0.00
       20.00      196.31        0.00
       30.00      189.61        0.00
       50.00      207.98        0.00
       70.00      202.09        0.00
      120.00      246.03        0.00
      153.00      224.74        0.00

 

 => Excluded regions for Pattern#  1
    From     to
      0.0000     10.0000
    155.4500    180.0000

 => Number of Least-Squares parameters varied:     0

 =>--------------------------->
 =>------->  PATTERN number:  1
 =>--------------------------->
 => Global parameters and codes ==>
 => Zero-point:    -0.1436    0.0000
 => Perpendicular Displacement parameter and code:     0.00    0.00
 => Parallel      Displacement parameter and code:     0.00    0.00

 => Reading Intensity data  =>>

 -> Heading of input data:

   ->   Title:  PbSO4 D1A(ILL)(Rietveld Refinement Round Robin, R.J. Hill, JApC 25, 589 (1992)                                                     

   ->    Step:  0.050
   ->   Thmin:   10.000
   -> Monitors:   10000.  10000.
 ==> Angular range, step and number of points:
     2Thmin:      10.000000  2Thmax:     155.449997  Step:       0.050000  No. of points:   2910
 --------------------------------------------------------------------------------
 => Phase  No. 1
      PbSO4                                                                 
 --------------------------------------------------------------------------------
 =>-------> Pattern#  1
 => Crystal Structure Refinement
 => Preferred orientation vector:   0.0000  0.0000  1.0000

 =>-------> Data for PHASE: 1
 => Number of atoms:    5
 => Number of distance  constraints:    0
 => Number of angle     constraints:    0

 => Symmetry information on space group: P n m a             
 -> The multiplicity of the general position is:   8
 -> The space group is Centric (-1 at origin)   
 -> Lattice type  P: { 000 }                                       
 -> Reduced set of symmetry operators:

  No.  IT   Symmetry symbol    Rotation part     Associated Translation
   1: ( 1)   1            -->     ( x, y, z) + {  0.0000  0.0000  0.0000}
   2: ( 4)   2 ( x, 0, 0) -->     ( x,-y,-z) + {  0.5000  0.5000  0.5000}
   3: ( 3)   2 ( 0, y, 0) -->     (-x, y,-z) + {  0.0000  0.5000  0.0000}
   4: ( 2)   2 ( 0, 0, z) -->     (-x,-y, z) + {  0.5000  0.0000  0.5000}


        Information on Space Group: 
        --------------------------- 

 =>   Number of Space group:  62
 =>  Hermann-Mauguin Symbol: P n m a
 =>             Hall Symbol: -P 2ac 2n
 =>            Setting Type: IT (Generated from Hermann-Mauguin symbol)
 =>          Crystal System: Orthorhombic
 =>              Laue Class: mmm
 =>             Point Group: mmm
 =>         Bravais Lattice: P
 =>          Lattice Symbol: oP
 =>  Reduced Number of S.O.:   4
 =>    General multiplicity:   8
 =>          Centrosymmetry: Centric (-1 at origin)
 =>  Generators (exc. -1&L):   2
 =>         Asymmetric unit:  0.000 <= x <=  0.500
                              0.000 <= y <=  0.250
                              0.000 <= z <=  1.000
 => Centring vectors:  0
                                                                                                    

 => List of all Symmetry Operators and Symmetry Symbols

 => SYMM(  1): x,y,z                             Symbol: 1
 => SYMM(  2): x+1/2,-y+1/2,-z+1/2               Symbol: 2 (1/2,0,0) x,1/4,1/4
 => SYMM(  3): -x,y+1/2,-z                       Symbol: 2 (0,1/2,0) 0,y,0
 => SYMM(  4): -x+1/2,-y,z+1/2                   Symbol: 2 (0,0,1/2) 1/4,0,z
 => SYMM(  5): -x,-y,-z                          Symbol: -1 0,0,0
 => SYMM(  6): -x+1/2,y+1/2,z+1/2                Symbol: n (0,1/2,1/2) 1/4,y,z
 => SYMM(  7): x,-y+1/2,z                        Symbol: m x,1/4,z
 => SYMM(  8): x+1/2,y,-z+1/2                    Symbol: a x,y,1/4

 => Special Wyckoff Positions for P n m a
 
    Multp     Site        Representative Coordinates (centring translations excluded)
      4       c              x,1/4,z             x+1/2,1/4,-z+1/2    -x,3/4,-z                               
                             -x+1/2,3/4,z+1/2                                                                
 
      4       b              0,0,1/2             1/2,1/2,0           0,1/2,1/2                               
                             1/2,0,0                                                                         
 
      4       a              0,0,0               1/2,1/2,1/2         0,1/2,0                                 
                             1/2,0,1/2                                                                       
 

 => Initial parameters ==>
 Atom    Ntyp                  X         Y         Z         B         occ.         in  fin  Spc  Mult
                             B11       B22       B33       B12       B13       B23
 Pb     PB                 0.18754   0.25000   0.16709   1.38058   0.50000           0    0    1    4
                 Codes:    0.00000   0.00000   0.00000   0.00000   0.00000
 S      S                  0.06532   0.25000   0.68401   0.36192   0.50000           0    0    2    4
                 Codes:    0.00000   0.00000   0.00000   0.00000   0.00000
 O1     O                  0.90822   0.25000   0.59542   2.03661   0.50000           0    0    3    4
                 Codes:    0.00000   0.00000   0.00000   0.00000   0.00000
 O2     O                  0.19390   0.25000   0.54359   1.50417   0.50000           0    0    3    4
                 Codes:    0.00000   0.00000   0.00000   0.00000   0.00000
 O3     O                  0.08114   0.02713   0.80863   1.34347   1.00000           0    0    3    8
                 Codes:    0.00000   0.00000   0.00000   0.00000   0.00000

 => It is assumed that THE FIRST GIVEN SITE plus all the other atoms 
    occupying THE SAME POSITION have a total full occupation (no vacancies!)
  (if this is not the case, change the order of atoms to obtain correct values for the content of the unit cell)
    The given occupation factors have been obtained mutiplying m/M by   0.5000
      -> Atom: PB  ,  Chemical element: PB  Atomic Mass:   207.2000
      -> Atom: S   ,  Chemical element: S   Atomic Mass:    32.0600
      -> Atom: O   ,  Chemical element: O   Atomic Mass:    15.9994
      -> Atom: O   ,  Chemical element: O   Atomic Mass:    15.9994
      -> Atom: O   ,  Chemical element: O   Atomic Mass:    15.9994
 => The given value of ATZ is       1213.03 the program has calculated:        1213.03
    The value of ATZ given in the input PCR file will be used for quantitative analysis
 => The chemical content of the unit cell is: 
       4.0000 PB   +   4.0000 S    +   4.0000 O    +   4.0000 O    +   8.0000 O      
 => The normalized site occupation numbers in % are: 
     100.0000 Pb     :      100.0000 S      :      100.0000 O1     :      100.0000 O2     :      100.0000 O3       
 => The density (volumic mass) of the compound is:    6.328 g/cm3

 =>-------> PROFILE PARAMETERS FOR PATTERN:  1

 => Overall scale factor:    1.46790    
 => ETA (p-Voigt) OR M (Pearson VII):   0.0000
 => Overall temperature factor:      0.00000
 => Halfwidth U,V,W:      0.13949    -0.41407     0.38820
 => X and Y parameters:       0.0000      0.0864
 => Direct cell parameters:    8.4780   5.3965   6.9577  90.0000  90.0000  90.0000
 => Preferred orientation parameters:   0.0000  0.0000
 => Asymmetry parameters     :      0.00000     0.00000     0.00000     0.00000
 => Strain parameters        :      0.00000     0.00000     0.00000
 => Size   parameters        :      0.00000     0.00000
 => Further shape parameters (S_L and D_L):   0.00000   0.00000
    S_L is source width/detector distance
    D_L is detector width/detector distance

 ==> CODEWORDS FOR PROFILE PARAMETERS of PATTERN#  1

 => Overall scale factor:    0.000
 => ETA (p-Voigt) OR M (Pearson VII):    0.000
 => Overall temperature factor:    0.000
 => Halfwidth U,V,W:    0.000   0.000   0.000
 => X and Y parameters:    0.000   0.000
 => Direct cell parameters:    0.000   0.000   0.000   0.000   0.000   0.000
 => Preferred orientation parameters:    0.000   0.000
 => Asymmetry parameters     :    0.000   0.000   0.000   0.000
 => Strain parameters        :    0.000   0.000   0.000
 => Size   parameters        :    0.000   0.000

 => Cell constraints according to Laue symmetry: mmm  

        Metric information:
        -------------------

 => Direct cell parameters:

         a =       8.4780      b =       5.3965      c =       6.9577
     alpha =       90.000   beta =       90.000  gamma =       90.000
                        Direct Cell Volume =     318.3247

 => Reciprocal cell parameters:

         a*=     0.117952      b*=     0.185306      c*=     0.143725
     alpha*=       90.000   beta*=       90.000  gamma*=       90.000
                    Reciprocal Cell Volume =   0.00314145

 => Direct and Reciprocal Metric Tensors:

                   GD                                       GR
     71.8764      0.0000      0.0000          0.013913    0.000000    0.000000
      0.0000     29.1220      0.0000          0.000000    0.034338    0.000000
      0.0000      0.0000     48.4098          0.000000    0.000000    0.020657

 =>  Cartesian frame: x // a; z is along c*; y is within the ab-plane   

     Crystal_to_Orthonormal_Matrix              Orthonormal_to_Crystal Matrix
              Cr_Orth_cel                               Orth_Cr_cel  
      8.4780      0.0000      0.0000          0.117952   -0.000000   -0.000000
      0.0000      5.3965      0.0000          0.000000    0.185306   -0.000000
      0.0000      0.0000      6.9577          0.000000    0.000000    0.143725

     Busing-Levy B-matrix: Hc=B.H            Inverse of the Busing-Levy B-matrix
                BL_M                                      BL_Minv  
    0.117952    0.000000    0.000000            8.4780     -0.0000     -0.0000
    0.000000    0.185306   -0.000000            0.0000      5.3965      0.0000
    0.000000    0.000000    0.143725            0.0000      0.0000      6.9577

 => Laue symmetry mmm   will be used to generate HKL for pattern#   1
 => Reflections generated between S(1/d)min:  0.0912 A-1 and S(1/d)max:  1.0460 A-1
 =>                                    dmax: 10.9689 A   and      dmin:  0.9560 A
 => The number of reflections generated is:    217
 => The max. scatt. variable (gen.ref.) is:       179.0000
 => Scattering coefficients from internal table

 => Scattering lengths:

 PB     0.9405
 S      0.2847
 O      0.5803
  
 
 => Optimizations for routine tasks applied:
 => Calculation mode for patter#:   1  CM_PSEUDO_VOIGT
 


   Standard deviations have to be multiplied by: 2.8388
   (correlated residuals) See references:
  -J.F.Berar & P.Lelann, J. Appl. Cryst. 24, 1-5 (1991) 
  -J.F.Berar, Acc. in Pow. Diff. II,NIST Sp.Pub. 846, 63(1992) 

 ++++++++++++++++++++++++++++++++++++++++++++++++++++++++++++++++++++++++++++++++++++++++++++++++++++++++++++++++++++++++++++++++++++

 => CYCLE No.:    1
 =>  Convergence reached at this CYCLE !!!!
 =>  Parameter shifts set to zero
 ------------------------------------------------------------------------------------------------------------------------------------
 => Phase  1 Name: PbSO4
 ------------------------------------------------------------------------------------------------------------------------------------
 => New parameters, shifts, and standard deviations

 Atom        x       dx      sx       y       dy      sy       z       dz      sz       B       dB      sB      occ.    docc.   socc.

 Pb       0.18754 0.00000 0.00000  0.25000 0.00000 0.00000  0.16709 0.00000 0.00000  1.38058 0.00000 0.00000  0.50000 0.00000 0.00000
 S        0.06532 0.00000 0.00000  0.25000 0.00000 0.00000  0.68401 0.00000 0.00000  0.36192 0.00000 0.00000  0.50000 0.00000 0.00000
 O1       0.90822 0.00000 0.00000  0.25000 0.00000 0.00000  0.59542 0.00000 0.00000  2.03661 0.00000 0.00000  0.50000 0.00000 0.00000
 O2       0.19390 0.00000 0.00000  0.25000 0.00000 0.00000  0.54359 0.00000 0.00000  1.50417 0.00000 0.00000  0.50000 0.00000 0.00000
 O3       0.08114 0.00000 0.00000  0.02713 0.00000 0.00000  0.80863 0.00000 0.00000  1.34347 0.00000 0.00000  1.00000 0.00000 0.00000

 ==> PROFILE PARAMETERS FOR PATTERN#  1

 => Overall scale factor:      1.467900038     0.000000000     0.000000000
 => Eta(p-Voigt) or m(Pearson VII):   0.000000  0.000000  0.000000
 => Overall tem. factor:     0.000000    0.000000    0.000000
 => Halfwidth parameters: 
         0.139488    0.000000    0.000000
        -0.414074    0.000000    0.000000
         0.388200    0.000000    0.000000
 => Cell parameters: 
        8.477992    0.000000    0.000000
        5.396482    0.000000    0.000000
        6.957715    0.000000    0.000000
       90.000000    0.000000    0.000000
       90.000000    0.000000    0.000000
       90.000000    0.000000    0.000000
 => Preferred orientation: 
         0.000000    0.000000    0.000000
         0.000000    0.000000    0.000000
 => Asymmetry parameters: 
         0.000000    0.000000    0.000000
         0.000000    0.000000    0.000000
         0.000000    0.000000    0.000000
         0.000000    0.000000    0.000000
 => X and Y parameters: 
         0.000000    0.000000    0.000000
         0.086383    0.000000    0.000000
 => Strain parameters: 
         0.000000    0.000000    0.000000
         0.000000    0.000000    0.000000
         0.000000    0.000000    0.000000
 => Size   parameters (G,L): 
         0.000000    0.000000    0.000000
         0.000000    0.000000    0.000000
 => Further shape parameters (S_L and D_L): 
       0.000000  0.000000  0.000000
       0.000000  0.000000  0.000000

 ==> GLOBAL PARAMETERS FOR PATTERN#  1


 => Zero-point:    -0.1436    0.0000    0.0000

 => Cos(2theta)-shift parameter :   0.0000  0.0000  0.0000
 => Sin(2theta)-shift parameter :   0.0000  0.0000  0.0000

 ==> RELIABILITY FACTORS WITH ALL NON-EXCLUDED POINTS FOR PATTERN:  1

 => R-Factors:   3.47      4.24     Chi2:  4.72     DW-Stat.:  0.3065   Patt#:  1
 => Expected :            1.95                                1.8848
 => Deviance : 0.233E+04     Dev*:  0.7989    
 => GoF-index:  2.2         Sqrt(Residual/N)
 => N-P+C:  2909

 =>    SumYdif       SumYobs      SumYcal      SumwYobsSQ     Residual    Condition
     0.3789E+05    0.1093E+07    0.1091E+07    0.7642E+07    0.1372E+05     0.000    


 => Conventional Rietveld Rp,Rwp,Re and Chi2:   8.18      7.90      3.64      4.717    
 => (Values obtained using Ynet, but true sigma(y))
 =>  SumYnet, Sum(w Ynet**2):     0.4630E+06    0.2198E+07

 => N-sigma of the GoF:      141.756

 ==> RELIABILITY FACTORS FOR POINTS WITH BRAGG CONTRIBUTIONS FOR PATTERN:  1

 => R-Factors:   3.47      4.24     Chi2:  4.72     DW-Stat.:  0.3065   Patt#:
 => Expected :            1.95                                1.8848
 => Deviance : 0.233E+04     Dev*:  0.7989    
 => GoF-index:  2.2         Sqrt(Residual/N)
 => N-P+C:  2909

 =>    SumYdif       SumYobs      SumYcal      SumwYobsSQ     Residual    Condition
     0.3789E+05    0.1093E+07    0.1091E+07    0.7642E+07    0.1372E+05     0.000    


 => Conventional Rietveld Rp,Rwp,Re and Chi2:   8.18      7.90      3.64      4.717    
 => (Values obtained using Ynet, but true sigma(y))
 =>  SumYnet, Sum(w Ynet**2):     0.4630E+06    0.2198E+07

 => N-sigma of the GoF:      141.756

 => Global user-weigthed Chi2 (Bragg contrib.):   4.72    

 --------------------------------------------------------------------------------------------------------------------------------------------------------
 Pattern#  1 Phase No.:   1 Phase name: PbSO4
 --------------------------------------------------------------------------------------------------------------------------------------------------------

   No.  Code     H   K   L  Mult     Hw         2theta      Icalc       Iobs      Sigma      HwG     HwL       ETA       d-hkl        CORR

      1   1      1   0   1     4  0.611105      20.477       35.0       35.0      5.494  0.563878  0.087781  0.186704  5.378385     64.326416
      2   1      0   1   1     4  0.595742      25.911       11.9       15.0      1.618  0.548019  0.088639  0.193051  4.264198     40.830727
      3   1      2   0   0     2  0.595299      26.068        2.1        2.6      0.344  0.547559  0.088667  0.193245  4.238997     20.181131
      4   1      1   1   1     8  0.586796      29.068       35.5       41.3      1.913  0.538727  0.089239  0.197098  3.809474     65.614418
      5   1      2   0   1     4  0.582374      30.625       79.5       82.6      1.811  0.534118  0.089563  0.199198  3.620051     29.733200
      6   1      0   0   2     2  0.578747      31.901      209.6      219.2      2.265  0.530329  0.089842  0.200972  3.478858     13.772349
      7   1      2   1   0     4  0.574672      33.331      450.9      458.4      2.835  0.526065  0.090171  0.203022  3.333529     25.383963
      8   1      1   0   2     4  0.571166      34.560      104.4      100.8      1.609  0.522387  0.090466  0.204834  3.218436     23.738964
      9   1      2   1   1     8  0.563941      37.084      681.4      672.7      3.113  0.514789  0.091113  0.208714  3.006294     41.721226
     10   1      1   1   2     8  0.554207      40.468      676.3      653.7      2.809  0.504503  0.092064  0.214265  2.764172     35.640034
     11   1      0   2   0     2  0.551221      41.502      300.0      270.2      1.597  0.501336  0.092375  0.216045  2.698241      8.518709
     12   1      2   0   2     4  0.550798      41.648      106.3       93.1      0.672  0.500888  0.092420  0.216300  2.689192     16.931532
     13   1      3   0   1     4  0.547372      42.831        3.7        1.8      0.337  0.497247  0.092789  0.218395  2.618268     16.114332
     14   1      1   2   1     8  0.536087      46.706      424.3      410.9      1.951  0.485203  0.094091  0.225659  2.411755     27.728693
     15   1      2   1   2     8  0.535794      46.805      129.6      122.6      0.599  0.484890  0.094126  0.225854  2.406899     27.627548
     16   1      3   1   1     8  0.532626      47.887      143.2      140.0      1.403  0.481494  0.094516  0.228001  2.355647     26.573181
     17   1      2   2   0     4  0.527388      49.668      398.2      392.7      1.878  0.475864  0.095185  0.231656  2.276232     12.493596
     18   1      1   0   3     4  0.524641      50.599      265.2      269.9      1.491  0.472905  0.095547  0.233625  2.237044     12.113046
     19   1      3   0   2     4  0.521451      51.677      568.0      600.4      1.990  0.469461  0.095978  0.235959  2.193474     11.698345
     20   1      2   2   1     8  0.519160      52.450      949.5      963.6      2.463  0.466984  0.096295  0.237667  2.163402     22.834639
     21   1      0   2   2     4  0.516693      53.280      154.0      158.9      0.710  0.464312  0.096642  0.239536  2.132099     11.129325
     22   1      0   1   3     4  0.516588      53.315      139.5      143.5      0.643  0.464198  0.096657  0.239616  2.130792     11.117400
     23   1      4   0   0     2  0.515675      53.622       76.0       75.0      0.544  0.463208  0.096788  0.240317  2.119498      5.507351
     24   1      1   2   2     8  0.511334      55.077      602.2      614.3      1.341  0.458494  0.097421  0.243707  2.067715     21.103239
     25   1      1   1   3     8  0.511231      55.112      686.0      697.6      1.508  0.458381  0.097436  0.243789  2.066522     21.082212
     26   1      2   0   3     4  0.508419      56.051      109.7      110.8      0.294  0.455320  0.097858  0.246041  2.034623     10.262437
     27   1      3   1   2     8  0.508186      56.129      426.2      430.0      1.043  0.455065  0.097893  0.246230  2.032028     20.479971
     28   1      4   0   1     4  0.507777      56.265      565.8      565.4      1.450  0.454620  0.097956  0.246561  2.027512     10.200981
     29   1      4   1   0     4  0.502650      57.971      397.1      429.0      1.926  0.449019  0.098753  0.250800  1.972794      9.736405
     30   1      2   2   2     8  0.495759      60.252       38.3       44.8      0.596  0.441461  0.099874  0.256738  1.904737     18.358511
     31   1      2   1   3     8  0.495660      60.285       17.3       20.1      0.253  0.441352  0.099890  0.256825  1.903805     18.343573
     32   1      4   1   1     8  0.495040      60.489       29.4       33.6      0.532  0.440670  0.099994  0.257373  1.897975     18.250340
     33   1      3   2   1     8  0.492993      61.164        1.5        1.9      0.186  0.438416  0.100340  0.259201  1.879032     17.949785
     34   1      4   0   2     4  0.485075      63.764       19.3       17.2      0.586  0.429663  0.101730  0.266522  1.810026      8.443156
     35   1      3   0   3     4  0.482976      64.450      243.1      249.2      1.632  0.427334  0.102112  0.268531  1.792795      8.314294
     36   1      0   3   1     4  0.476421      66.588       53.0       52.6      0.760  0.420033  0.103345  0.275001  1.741564      7.940649
     37   1      0   0   4     2  0.476137      66.680       19.8       19.7      0.264  0.419716  0.103400  0.275288  1.739429      3.962694
     38   1      1   2   3     8  0.473804      67.438      156.2      152.7      1.016  0.417107  0.103855  0.277668  1.722146     15.605629
     39   1      4   1   2     8  0.472970      67.709       70.9       72.2      0.563  0.416173  0.104019  0.278529  1.716070     15.520238
     40   1      1   3   1     8  0.471562      68.166        0.0        0.0      0.000  0.414595  0.104299  0.279994  1.705943     15.378855
     41   1      1   0   4     4  0.471281      68.257        0.2        0.2      0.002  0.414279  0.104355  0.280288  1.703935      7.675487
     42   1      3   2   2     8  0.471012      68.344        0.0        0.0      0.000  0.413978  0.104409  0.280570  1.702030     15.324547
     43   1      3   1   3     8  0.470919      68.375       79.8       73.2      1.028  0.413873  0.104428  0.280668  1.701364     15.315331
     44   1      4   2   0     4  0.465907      69.999        5.4        5.8      0.495  0.408235  0.105453  0.286029  1.666765      7.421549
     45   1      2   3   0     4  0.464278      70.526       10.5       11.3      0.684  0.406396  0.105795  0.287815  1.655902      7.348880
     46   1      5   0   1     4  0.462981      70.945        0.2        0.3      0.037  0.404931  0.106070  0.289252  1.647385      7.292398
     47   1      1   1   4     8  0.459466      72.081        0.8        1.0      0.052  0.400949  0.106830  0.293215  1.624862     14.290354
     48   1      2   2   3     8  0.459414      72.098        4.9        5.8      0.285  0.400889  0.106842  0.293275  1.624531     14.286075
     49   1      4   2   1     8  0.458836      72.285        9.5       10.6      0.359  0.400233  0.106969  0.293937  1.620904     14.239264
     50   1      2   3   1     8  0.457225      72.805       63.6       61.4      1.006  0.398402  0.107326  0.295797  1.610908     14.111112
     51   1      2   0   4     4  0.456950      72.894        0.0        0.0      0.000  0.398089  0.107387  0.296116  1.609218      7.044783
     52   1      5   1   1     8  0.451326      74.710        0.2        0.2      0.003  0.391669  0.108673  0.302805  1.575605     13.668811
     53   1      1   3   2     8  0.450395      75.010      462.0      449.0      1.706  0.390602  0.108891  0.303940  1.570214     13.602729
     54   1      4   0   3     4  0.449412      75.328      228.0      240.4      1.082  0.389474  0.109124  0.305148  1.564569      6.766971
     55   1      2   1   4     8  0.445410      76.622        9.7       10.3      0.481  0.384869  0.110090  0.310162  1.542114     13.264671
     56   1      5   0   2     4  0.442109      77.690       59.6       58.0      1.001  0.381054  0.110912  0.314418  1.524193      6.527448
     57   1      4   2   2     8  0.438109      78.988       36.4       33.3      0.522  0.376406  0.111940  0.319732  1.503147     12.814577
     58   1      4   1   3     8  0.438020      79.017       12.6       11.5      0.169  0.376303  0.111963  0.319852  1.502688     12.809418
     59   1      2   3   2     8  0.436555      79.493        0.0        0.0      0.000  0.374595  0.112349  0.321843  1.495165     12.725194
     60   1      3   2   3     8  0.436177      79.617      386.0      373.7      1.618  0.374153  0.112450  0.322362  1.493235     12.703728

   No.  Code     H   K   L  Mult     Hw         2theta      Icalc       Iobs      Sigma      HwG     HwL       ETA       d-hkl        CORR

     61   1      3   3   1     8  0.434077      80.301        8.9        8.7      0.136  0.371696  0.113015  0.325270  1.482635     12.586893
     62   1      3   0   4     4  0.433813      80.387       34.1       33.0      0.567  0.371387  0.113086  0.325638  1.481316      6.286244
     63   1      5   1   2     8  0.430875      81.348       66.0       65.8      0.773  0.367934  0.113897  0.329805  1.466809     12.415841
     64   1      0   2   4     4  0.429881      81.674       55.9       56.7      0.719  0.366762  0.114177  0.331239  1.461975      6.182207
     65   1      1   2   4     8  0.425421      83.144      264.6      255.5      1.542  0.361478  0.115466  0.337833  1.440711     12.142985
     66   1      3   1   4     8  0.422789      84.018        5.0        5.1      0.171  0.358340  0.116256  0.341853  1.428477     12.019242
     67   1      0   3   3     4  0.421246      84.532      120.1      110.1      1.032  0.356492  0.116729  0.344258  1.421399      5.974460
     68   1      6   0   0     2  0.419393      85.153       45.4       45.9      0.595  0.354266  0.117309  0.347191  1.412999      2.966673
     69   1      5   2   1     8  0.417843      85.675       97.5       96.4      0.681  0.352397  0.117803  0.349688  1.406041     11.799627
     70   1      1   3   3     8  0.416899      85.995      167.0      161.3      0.980  0.351255  0.118109  0.351228  1.401834     11.759551
     71   1      3   3   2     8  0.414425      86.836      187.9      181.5      1.209  0.348251  0.118926  0.355335  1.390920     11.657266
     72   1      6   0   1     4  0.413008      87.321        0.5        0.6      0.013  0.346523  0.119406  0.357736  1.384732      5.800196
     73   1      2   2   4     8  0.412400      87.531        2.1        2.2      0.060  0.345778  0.119615  0.358779  1.382086     11.576322
     74   1      1   0   5     4  0.410334      88.246      158.8      154.7      0.594  0.343242  0.120336  0.362370  1.373169      5.748171
     75   1      4   3   0     4  0.409939      88.383      403.5      404.6      1.203  0.342756  0.120476  0.363066  1.371474      5.740669
     76   1      5   0   3     4  0.409314      88.602       38.6       39.9      0.131  0.341984  0.120700  0.364175  1.368795      5.728880
     77   1      6   1   0     4  0.408875      88.755      220.0      230.8      0.980  0.341442  0.120858  0.364959  1.366918      5.720675
     78   1      4   2   3     8  0.405713      89.873       39.7       36.4      0.327  0.337512  0.122029  0.370724  1.353491     11.326309
     79   1      0   4   0     2  0.404676      90.244      484.5      460.3      1.426  0.336215  0.122425  0.372663  1.349120      2.822454
     80   1      2   3   3     8  0.404328      90.369        0.5        0.5      0.002  0.335778  0.122559  0.373320  1.347655     11.277678
     81   1      0   1   5     4  0.404283      90.385      137.0      133.8      0.440  0.335722  0.122577  0.373405  1.347466      5.638061
     82   1      4   3   1     8  0.403835      90.547        0.3        0.3      0.001  0.335158  0.122751  0.374256  1.345582     11.260612
     83   1      4   0   4     4  0.403600      90.632        5.8        5.9      0.027  0.334863  0.122843  0.374704  1.344596      5.626267
     84   1      6   1   1     8  0.402809      90.919      256.6      274.4      1.296  0.333867  0.123155  0.376221  1.341279     11.225535
     85   1      1   1   5     8  0.400294      91.843        0.2        0.2      0.005  0.330677  0.124177  0.381158  1.330763     11.141851
     86   1      5   2   2     8  0.399415      92.170        3.2        4.1      0.046  0.329554  0.124545  0.382925  1.327095     11.113370
     87   1      5   1   3     8  0.399340      92.198       59.0       76.2      0.819  0.329457  0.124577  0.383078  1.326780     11.110940
     88   1      2   0   5     4  0.398224      92.618       20.2       26.6      0.501  0.328025  0.125054  0.385357  1.322128      5.537695
     89   1      6   0   2     4  0.395109      93.815       50.9       49.4      0.671  0.323986  0.126443  0.391931  1.309134      5.489714
     90   1      1   4   1     8  0.394976      93.867        7.8        7.5      0.095  0.323812  0.126504  0.392218  1.308580     10.975451
     91   1      4   1   4     8  0.394051      94.232       39.3       37.4      0.449  0.322598  0.126937  0.394243  1.304707     10.947897
     92   1      3   2   4     8  0.392573      94.823      484.4      486.8      1.823  0.320646  0.127648  0.397543  1.298505     10.904756
     93   1      2   4   0     4  0.389524      96.084        2.9        2.8      0.026  0.316556  0.129202  0.404658  1.285581      5.409463
     94   1      2   1   5     8  0.389189      96.226      202.4      203.6      1.342  0.316101  0.129381  0.405466  1.284149     10.809772
     95   1      4   3   2     8  0.387281      97.055        0.0        0.0      0.000  0.313484  0.130436  0.410197  1.275904     10.758471
     96   1      6   1   2     8  0.386442      97.430        0.0        0.0      0.000  0.312319  0.130921  0.412345  1.272233     10.736443
     97   1      3   3   3     8  0.385897      97.677      252.0      259.3      1.497  0.311555  0.131245  0.413769  1.269825     10.722264
     98   1      2   4   1     8  0.384633      98.264        6.3        8.0      0.216  0.309770  0.132020  0.417147  1.264183     10.689939
     99   1      0   4   2     4  0.383244      98.934       39.0       43.4      0.709  0.307774  0.132920  0.421013  1.257846      5.327584
    100   1      6   2   0     4  0.381942      99.589      134.7      134.1      1.063  0.305866  0.133816  0.424804  1.251749      5.311650
    101   1      3   0   5     4  0.381245      99.953       18.2       17.8      0.289  0.304826  0.134322  0.426913  1.248402      5.303249
    102   1      1   4   2     8  0.380393     100.412       50.5       46.6      0.755  0.303538  0.134967  0.429572  1.244227     10.586244
    103   1      1   3   4     8  0.378983     101.213       65.7       69.3      0.901  0.301353  0.136113  0.434210  1.237051     10.553344
    104   1      6   2   1     8  0.378033     101.790        9.4       10.2      0.303  0.299833  0.136955  0.437543  1.231970     10.531567
    105   1      1   2   5     8  0.376605     102.736       59.6       59.0      0.435  0.297451  0.138364  0.442977  1.223806     10.499361
    106   1      5   2   3     8  0.376099     103.100      835.2      847.9      2.332  0.296569  0.138918  0.445062  1.220706     10.488071
    107   1      3   1   5     8  0.375414     103.627       80.7       84.4      0.621  0.295336  0.139728  0.448058  1.216281     10.472896
    108   1      5   3   1     8  0.375209     103.793        6.2        6.2      0.067  0.294957  0.139986  0.449001  1.214895     10.468372
    109   1      5   0   4     4  0.375104     103.881       17.4       17.0      0.247  0.294759  0.140123  0.449495  1.214169      5.233025
    110   1      6   0   3     4  0.374106     104.793       12.6       12.5      0.243  0.292784  0.141567  0.454616  1.206684      5.221978
    111   1      2   4   2     8  0.374008     104.893       32.9       33.2      0.550  0.292579  0.141727  0.455170  1.205877     10.441784
    112   1      4   2   4     8  0.373727     105.194       18.3       18.9      0.480  0.291969  0.142214  0.456840  1.203449     10.435494
    113   1      2   3   4     8  0.373297     105.709        2.2        3.1      0.171  0.290970  0.143056  0.459669  1.199342     10.425734
    114   1      3   4   1     8  0.373290     105.717        1.0        1.3      0.074  0.290955  0.143069  0.459715  1.199275     10.425586
    115   1      7   0   1     4  0.372770     106.491        2.4        2.6      0.178  0.289565  0.144360  0.463902  1.193199      5.206647
    116   1      2   2   5     8  0.372411     107.262      147.5      153.2      1.227  0.288322  0.145676  0.467985  1.187260     10.403848
    117   1      5   1   4     8  0.372302     107.618       54.6       60.0      0.645  0.287798  0.146293  0.469835  1.184557     10.400434
    118   1      4   3   3     8  0.372207     108.156       21.3       19.1      0.368  0.287070  0.147240  0.472590  1.180512     10.396399
    119   1      6   2   2     8  0.372193     108.518      118.3      119.0      1.230  0.286625  0.147885  0.474409  1.177824     10.394457
    120   1      6   1   3     8  0.372193     108.548        1.0        1.0      0.011  0.286590  0.147939  0.474557  1.177603     10.394324

   No.  Code     H   K   L  Mult     Hw         2theta      Icalc       Iobs      Sigma      HwG     HwL       ETA       d-hkl        CORR

    121   1      7   1   1     8  0.372738     110.281       22.4       22.6      0.287  0.285013  0.151135  0.482843  1.165060     10.393866
    122   1      4   0   5     4  0.372909     110.539      251.1      261.7      1.519  0.284860  0.151625  0.484010  1.163240      5.197510
    123   1      5   3   2     8  0.372946     110.591        2.9        3.0      0.018  0.284832  0.151724  0.484242  1.162876     10.395290
    124   1      0   0   6     2  0.373326     111.057       72.1       70.7      0.777  0.284622  0.152621  0.486296  1.159619      2.599574
    125   1      1   4   3     8  0.373972     111.685       93.8       92.6      1.010  0.284460  0.153853  0.488962  1.155288     10.404009
    126   1      3   4   2     8  0.375184     112.592      242.7      231.8      1.459  0.284488  0.155672  0.492583  1.149155     10.415617
    127   1      1   0   6     4  0.375238     112.627        6.2        5.9      0.038  0.284496  0.155744  0.492718  1.148922      5.208072
    128   1      7   0   2     4  0.376561     113.400      219.0      235.9      1.502  0.284789  0.157339  0.495568  1.143807      5.214671
    129   1      3   3   4     8  0.376652     113.447        2.2        2.4      0.016  0.284815  0.157438  0.495737  1.143495     10.430250
    130   1      4   4   0     4  0.378394     114.277       33.7       29.1      0.774  0.285429  0.159199  0.498532  1.138116      5.223955
    131   1      4   1   5     8  0.378756     114.432        0.8        0.7      0.026  0.285578  0.159534  0.499025  1.137122     10.451592
    132   1      3   2   5     8  0.380398     115.081       46.6       43.6      0.990  0.286321  0.160951  0.500976  1.133009     10.468307
    133   1      2   4   3     8  0.384659     116.475       52.7       55.1      0.435  0.288606  0.164101  0.504551  1.124393     10.511478
    134   1      1   1   6     8  0.385034     116.583        0.7        0.7      0.004  0.288825  0.164352  0.504792  1.123736     10.515256
    135   1      4   4   1     8  0.385352     116.674      330.7      330.3      1.750  0.289012  0.164562  0.504989  1.123189     10.518456
    136   1      7   1   2     8  0.388000     117.381      120.0      128.6      1.199  0.290631  0.166230  0.506398  1.118949     10.544974
    137   1      2   0   6     4  0.388286     117.453        5.0        5.3      0.057  0.290810  0.166402  0.506527  1.118522      5.273910
    138   1      6   3   0     4  0.393779     118.712      155.5      151.3      1.420  0.294430  0.169477  0.508390  1.111176      5.301046
    139   1      5   2   4     8  0.397221     119.404       89.0       93.6      1.125  0.296818  0.171226  0.509077  1.107233     10.635646
    140   1      6   2   3     8  0.402861     120.424       33.2       34.9      0.392  0.300878  0.173882  0.509643  1.101547     10.689973
    141   1      0   3   5     4  0.403829     120.587      142.4      143.8      1.272  0.301590  0.174316  0.509684  1.100651      5.349609
    142   1      6   3   1     8  0.407683     121.209       33.5       33.5      0.418  0.304460  0.175992  0.509714  1.097271     10.735840
    143   1      6   0   4     4  0.408324     121.308        0.4        0.4      0.004  0.304942  0.176263  0.509700  1.096737      5.370949
    144   1      2   1   6     8  0.410159     121.587      261.0      271.6      1.693  0.306331  0.177028  0.509634  1.095243     10.759205
    145   1      1   3   5     8  0.415083     122.295       15.1       15.4      0.132  0.310107  0.179012  0.509287  1.091491     10.805335
    146   1      7   2   1     8  0.415401     122.339      119.5      122.2      0.992  0.310352  0.179137  0.509257  1.091261     10.808297
    147   1      5   3   3     8  0.418191     122.717      137.2      140.3      1.296  0.312521  0.180217  0.508958  1.089290     10.834235
    148   1      4   4   2     8  0.430271     124.207       10.7        8.8      0.395  0.322096  0.184627  0.507078  1.081701     10.945268
    149   1      3   4   3     8  0.437026     124.957      226.8      201.4      1.563  0.327553  0.186942  0.505719  1.077989     11.006580
    150   1      4   3   4     8  0.438975     125.164       22.8       21.0      0.166  0.329139  0.187594  0.505295  1.076976     11.024191
    151   1      5   0   5     4  0.441543     125.431       62.7       62.8      0.587  0.331235  0.188442  0.504720  1.075677      5.523664
    152   1      6   1   4     8  0.443392     125.620        8.2        8.4      0.078  0.332749  0.189046  0.504294  1.074766     11.063948
    153   1      7   0   3     4  0.445878     125.869       95.4       96.3      0.861  0.334791  0.189849  0.503706  1.073570      5.543127
    154   1      3   0   6     4  0.447491     126.028       45.3       44.1      0.502  0.336119  0.190365  0.503317  1.072812      5.550350
    155   1      4   2   5     8  0.457939     127.007      247.0      263.5      1.791  0.344779  0.193622  0.500669  1.068202     11.193795
    156   1      0   5   1     4  0.461987     127.366       42.2       38.9      0.304  0.348158  0.194848  0.499594  1.066541      5.614833
    157   1      0   4   4     4  0.463213     127.473       19.0       16.6      0.138  0.349184  0.195216  0.499264  1.066050      5.620259
    158   1      0   2   6     4  0.464868     127.616        0.4        0.3      0.003  0.350570  0.195710  0.498817  1.065396      5.627571
    159   1      2   3   5     8  0.465047     127.631      143.3      116.5      1.174  0.350721  0.195763  0.498768  1.065326     11.256723
    160   1      8   0   0     2  0.480260     128.871      238.1      252.2      1.781  0.363545  0.200180  0.494529  1.059749      2.847626
    161   1      6   3   2     8  0.483966     129.156        0.0        0.0      0.000  0.366689  0.201227  0.493472  1.058493     11.422949
    162   1      1   5   1     8  0.484846     129.223        8.7        8.9      0.064  0.367437  0.201474  0.493220  1.058200     11.430644
    163   1      1   4   4     8  0.486300     129.332        4.3        4.3      0.031  0.368673  0.201881  0.492804  1.057720     11.443353
    164   1      1   2   6     8  0.488261     129.479      201.4      200.0      1.449  0.370341  0.202427  0.492241  1.057082     11.460474
    165   1      5   1   5     8  0.495108     129.978       30.6       29.8      0.303  0.376178  0.204315  0.490266  1.054924     11.520179
    166   1      7   2   2     8  0.501190     130.406      177.6      179.8      1.168  0.381379  0.205968  0.488504  1.053094     11.573084
    167   1      7   1   3     8  0.501726     130.444      122.0      122.3      0.814  0.381838  0.206112  0.488349  1.052937     11.577743
    168   1      3   1   6     8  0.504184     130.613       23.6       22.2      0.214  0.383945  0.206773  0.487636  1.052221     11.599097
    169   1      8   0   1     4  0.520843     131.708       35.1       33.2      0.583  0.398271  0.211171  0.482811  1.047666      5.871724
    170   1      2   5   0     4  0.527693     132.134      184.8      172.3      1.969  0.404185  0.212942  0.480839  1.045927      5.901327
    171   1      5   4   1     8  0.536586     132.671        1.3        1.2      0.061  0.411880  0.215213  0.478295  1.043770     11.879417
    172   1      8   1   0     4  0.553806     133.657        0.8        0.9      0.081  0.426828  0.219532  0.473442  1.039887      6.013906
    173   1      2   5   1     8  0.581599     135.124      227.8      226.4      2.014  0.451061  0.226319  0.465859  1.034305     12.266905
    174   1      2   4   4     8  0.584000     135.244        0.0        0.0      0.000  0.453160  0.226896  0.465220  1.033857     12.287541
    175   1      2   2   6     8  0.587238     135.405      140.3      127.0      1.291  0.455991  0.227673  0.464362  1.033261     12.315381
    176   1      8   1   1     8  0.615151     136.727        6.5        8.0      0.244  0.480448  0.234279  0.457177  1.028464     12.555335
    177   1      3   3   5     8  0.633481     137.538      331.1      336.9      2.546  0.496548  0.238543  0.452663  1.025609     12.712981
    178   1      1   5   2     8  0.649425     138.212       43.3       41.5      0.486  0.510574  0.242212  0.448869  1.023290     12.850200
    179   1      4   4   3     8  0.660780     138.675      245.4      243.3      2.623  0.520572  0.244805  0.446241  1.021723     12.947987
    180   1      4   0   6     4  0.695517     140.013        0.1        0.2      0.012  0.551207  0.252646  0.438572  1.017312      6.623794

   No.  Code     H   K   L  Mult     Hw         2theta      Icalc       Iobs      Sigma      HwG     HwL       ETA       d-hkl        CORR

    181   1      6   2   4     8  0.706590     140.417       13.0       18.1      0.785  0.560983  0.255121  0.436242  1.016014     13.343240
    182   1      8   0   2     4  0.726894     141.133       46.4       52.8      1.648  0.578924  0.259632  0.432105  1.013756      6.759432
    183   1      5   4   2     8  0.761538     142.285       56.2       57.9      1.959  0.609566  0.267258  0.425435  1.010225     13.819198
    184   1      5   3   4     8  0.803980     143.591        0.5        0.7      0.059  0.647148  0.276503  0.417881  1.006373     14.188378
    185   1      6   3   3     8  0.857903     145.107       27.8       30.2      0.570  0.694945  0.288125  0.409165  1.002098     14.659422
    186   1      2   5   2     8  0.864226     145.276      147.6      153.8      2.434  0.700552  0.289480  0.408202  1.001636     14.714799
    187   1      4   1   6     8  0.891857     145.992        5.4        5.3      0.068  0.725063  0.295387  0.404128  0.999703     14.957161
    188   1      5   2   5     8  0.899342     146.180      140.2      139.1      1.621  0.731704  0.296983  0.403060  0.999202     15.022912
    189   1      3   5   1     8  0.920402     146.698       78.4       77.5      0.725  0.750393  0.301465  0.400137  0.997842     15.208146
    190   1      7   2   3     8  0.925669     146.824       87.6       85.9      0.808  0.755067  0.302584  0.399424  0.997513     15.254514
    191   1      3   4   4     8  0.926844     146.852       15.8       15.5      0.147  0.756111  0.302833  0.399265  0.997440     15.264868
    192   1      3   2   6     8  0.935578     147.060      188.6      181.1      1.939  0.763863  0.304687  0.398100  0.996905     15.341825
    193   1      8   1   2     8  0.945192     147.285        5.8        5.5      0.075  0.772397  0.306725  0.396839  0.996328     15.426618
    194   1      7   3   1     8  0.980206     148.077       12.4       12.7      0.318  0.803483  0.314131  0.392427  0.994335     15.735888
    195   1      7   0   4     4  0.987546     148.238       43.1       45.1      1.160  0.810000  0.315680  0.391537  0.993937      7.900422
    196   1      6   0   5     4  1.035974     149.257       80.4       84.4      2.419  0.853010  0.325876  0.385941  0.991468      8.115125
    197   1      1   0   7     4  1.133723     151.115        0.1        0.1      0.002  0.939852  0.346347  0.375950  0.987198      8.550773
    198   1      8   2   0     4  1.154423     151.478      149.3      175.9      5.080  0.958246  0.350667  0.374030  0.986397      8.643394
    199   1      0   5   3     4  1.415727     155.364       10.0       12.4      0.464  1.190489  0.404913  0.354264  0.978527      9.821816

     -----------------------------------------------------
     BRAGG R-Factors and weight fractions for Pattern #  1
     -----------------------------------------------------

 => Phase:  1     PbSO4
 => Bragg R-factor:   3.62       Vol:  318.325( 0.000)  Fract(%):  100.00( 0.00)
 => Rf-factor=  2.32             ATZ:        1213.030   Brindley:  1.0000

     -----------------------------------------------------------------
      SYMBOLIC NAMES AND FINAL VALUES AND SIGMA OF REFINED PARAMETERS:
     -----------------------------------------------------------------


 ------------------------------------------------------------------
 => Number of bytes for floating point variables: 4
 => Dimensions of dynamic allocated arrays in this run of FullProf:
 ------------------------------------------------------------------

 => Total approximate array memory (dynamic + static): 132451053 bytes

    MaxPOINT=    80000 Max.num. of points(+int. Inten.)/diffraction pattern       
    MaxREFLT=    25000 Max.num. of reflections/diffraction pattern               
    MaxPARAM=      500 Max.num. of refinable parameters                          
    MaxOVERL=     9000 Max.num. of overlapping reflections                       

 ----------------------------------------------------------
 => Number of bytes for floating point arrays: 4
 => Dimensions of fixed arrays in this release of FullProf:
 ----------------------------------------------------------

    NPATT   =       80 Max.num. of powder diffraction patterns                    
    NATS    =      830 Max.num. of atoms (all kind) in asymmetric unit            
    MPAR    =     1800 Max.num. of non atomic parameters/phase                    
    IEXCL   =       30 Max.num. of excluded regions                               
    IBACP   =      377 Max.num. of background points for interpolation            
    NPHT    =       16 Max.num. of phases                                         
    NMAGM   =        8 Max.num. of rotation-matrices sets for magnetic structure  
    NBASIS  =       12 Max.num. of basis functions associated to a single atom    
    NIREPS  =        9 Max.num. of irreducible representations to be combined     
    N_EQ    =      384 Max.num. of user-supplied symmetry operators/propagation vectors
    NGL     =      400 Max.num. of global parameters/diffraction pattern          
    N_LINC  =       50 Max.num. of global linear restraints                        
    NAT_P   =       80 Max.num. of atomic parameters per atom                     
    NCONST  =     3500 Max.num. of slack constraints per phase                    
    N_SPE   =       30 Max.num. of different chemical species                     
    N_FORM  =       60 Max.num. of scattering factor values in a table            
    NPR     =      150 Max.num. of points defining a numerical profile            
    INPR    =       25 Max.num. of different numerical peak shapes                
    NPRC    =      150 Max.num. of terms in the table for correcting intensities  
    NSOL    =       10 Max.num. of solutions to be stored in Montecarlo searchs   

 
              CPU Time:     0.289 seconds
                            0.005 minutes

 => Run finished at:     Date: 09/06/2026  Time: 12:49:24.338                              
