

        **********************************************************
        ** PROGRAM FullProf.2k (Version 8.40 - Feb2026-ILL JRC) **
        **********************************************************
                       M U L T I -- P A T T E R N                 
            Rietveld, Profile Matching & Integrated Intensity     
                 Refinement of X-ray and/or Neutron Data


    Date: 09/06/2026  Time: 12:42:03.584                              

 => PCR file code: arg_si
 => DAT file code: arg_si               -> Relative contribution: 1.0000                                                            

 ==> CONDITIONS OF THIS RUN FOR PATTERN No.:  1

 => Global Refinement of neutron powder data                                                                                        
 => Neutron Time-Of-Flight data                                                                                                     
 => Abcisa variable is T.O.F. in microsecs
 => Title:  Backscattering Bank (2theta= 144.845)  Si- Argonne

 => Number of phases:    1
 => Number of excluded regions:    2
 => Number of scattering factors supplied:    0
 => Conventional weights: w=1.0/Variance(yobs)
 => Asymmetry correction as in J.Appl.Cryst. 26,128(1993)
 => Background adjusted by 12/18-terms cosine Fourier series 
 => The    9th default profile function was selected
 => T.O.F Profile Function #1 
    Decay double Exponential convoluted with pseudo-Voigt:
    Omega(DT) = (1-eta)N {Exp(u).Erfc(y)+ Exp(v).Erfc(z)} +  
                2N eta/pi{-Im[Exp(p)E1(p)]-Im[Exp(q)E1(q)]}  

 ==> INPUT/OUTPUT OPTIONS:

 => Output Obs and Calc intensities on last cycle
 => Generate file *.PRF for plot
 => Output Integrated Intensities
 => Generate new input file *.PCR

 => Data read from GSAS file for pattern:  1
 => Plot pattern at each cycle
 => Absorption correction type: 2
 => Base of peaks: 2.0*HW*   30.00

 => Number of cycles:   50
 => Relaxation factors ==>    for coordinates:  0.02
 => for anisotropic temperature factors:  0.02
 => for halfwidth/strain/size/further parameters:  0.02
 => for lattice constants and propagation vectors:  0.02
 => EPS-value for convergence:    0.1

 => Excluded regions for Pattern#  1
    From     to
   1000.1000   2000.0000
  29999.0000  40000.0000

 => Number of Least-Squares parameters varied:     0

 =>--------------------------->
 =>------->  PATTERN number:  1
 =>--------------------------->
 => Global parameters and codes ==>
 => Zero-point:    -8.5673    0.0000
 => Background parameters and codes for cosine Fourier series ==>
  154.32      1.3400      37.000      12.332      17.706      4.7850    
        0.00        0.00        0.00        0.00        0.00        0.00
  6.8080      0.0000      0.0000      0.0000      0.0000      0.0000    
        0.00        0.00        0.00        0.00        0.00        0.00
  0.0000      0.0000      0.0000      0.0000      0.0000      0.0000    
        0.00        0.00        0.00        0.00        0.00        0.00
 => D-spacing to T.O.F. coefficient dtt1 and code:   7476.910     0.000
 => D-spacing to T.O.F. coefficient dtt2 and code:     -1.540     0.000
 => D-spacing to T.O.F. coefficient dtt_1OverD and code:      0.000     0.000
 => T.O.F. 2theta average detector angle      :    144.845

 => Reading Intensity data  =>>


 => Heading of GSAS file:
     Si Std                                                                         
    BANK 1  5600 1400 CONST   2000.     5.     0.     0. ALT                        
 => Number of items read in BANK line:  9
 -> IBANK,NCHAN,NREC:     1 5600 1400
 -> BINTYP          : CONST   
 -> COEFFS          :       2000.000         5.000         0.000         0.000
 -> DATTYP          : ALT     
 ==> T.O.F. range, and number of points:
    TOFmin:    2000.000000  TOFmax:   29995.000000
    No. of points:   5600
 --------------------------------------------------------------------------------
 => Phase  No. 1
      Standard-Si                                                           
 --------------------------------------------------------------------------------
 =>-------> Pattern#  1
 => Crystal Structure Refinement
 => Preferred orientation vector:   0.0000  0.0000  1.0000

 =>-------> Data for PHASE: 1
 => Number of atoms:    1
 => Number of distance  constraints:    0
 => Number of angle     constraints:    0

 => Symmetry information on space group: F d -3 m            
 -> The multiplicity of the general position is: 192
 -> The space group is Centric (-1 at origin)   
 -> Lattice type  F: { 000;  0  1/2 1/2; 1/2  0  1/2; 1/2 1/2  0 }+
 -> Reduced set of symmetry operators:

  No.  IT   Symmetry symbol    Rotation part     Associated Translation
   1: ( 1)   1            -->     ( x, y, z) + {  0.0000  0.0000  0.0000}
   2: ( 4)   2 ( x, 0, 0) -->     ( x,-y,-z) + {  0.0000  0.2500  0.2500}
   3: ( 3)   2 ( 0, y, 0) -->     (-x, y,-z) + {  0.2500  0.0000  0.2500}
   4: ( 2)   2 ( 0, 0, z) -->     (-x,-y, z) + {  0.2500  0.2500  0.0000}
   5: ( 9)  3- ( x, x, x) -->     ( y, z, x) + {  0.0000  0.0000  0.0000}
   6: (12)  3- (-x, x,-x) -->     (-y,-z, x) + {  0.2500  0.2500  0.0000}
   7: (11)  3- (-x,-x, x) -->     ( y,-z,-x) + {  0.0000  0.2500  0.2500}
   8: (10)  3- ( x,-x,-x) -->     (-y, z,-x) + {  0.2500  0.0000  0.2500}
   9: ( 5)  3+ ( x, x, x) -->     ( z, x, y) + {  0.0000  0.0000  0.0000}
  10: ( 8)  3+ (-x,-x, x) -->     (-z, x,-y) + {  0.2500  0.0000  0.2500}
  11: ( 7)  3+ ( x,-x,-x) -->     (-z,-x, y) + {  0.2500  0.2500  0.0000}
  12: ( 6)  3+ (-x, x,-x) -->     ( z,-x,-y) + {  0.0000  0.2500  0.2500}
  13: (14)   2 ( x,-x, 0) -->     (-y,-x,-z) + {  0.0000  0.0000  0.0000}
  14: (15)  4- ( 0, 0, z) -->     ( y,-x, z) + {  0.7500  0.0000  0.7500}
  15: (16)  4+ ( 0, 0, z) -->     (-y, x, z) + {  0.0000  0.7500  0.7500}
  16: (13)   2 ( x, x, 0) -->     ( y, x,-z) + {  0.7500  0.7500  0.0000}
  17: (24)   2 (-x, 0, x) -->     (-z,-y,-x) + {  0.0000  0.0000  0.0000}
  18: (21)  4+ ( 0, y, 0) -->     ( z, y,-x) + {  0.7500  0.7500  0.0000}
  19: (22)   2 ( x, 0, x) -->     ( z,-y, x) + {  0.7500  0.0000  0.7500}
  20: (23)  4- ( 0, y, 0) -->     (-z, y, x) + {  0.0000  0.7500  0.7500}
  21: (19)   2 ( 0, y,-y) -->     (-x,-z,-y) + {  0.0000  0.0000  0.0000}
  22: (18)   2 ( 0, y, y) -->     (-x, z, y) + {  0.0000  0.7500  0.7500}
  23: (17)  4- ( x, 0, 0) -->     ( x, z,-y) + {  0.7500  0.7500  0.0000}
  24: (20)  4+ ( x, 0, 0) -->     ( x,-z, y) + {  0.7500  0.0000  0.7500}


        Information on Space Group: 
        --------------------------- 

 =>   Number of Space group: 227
 =>  Hermann-Mauguin Symbol: F d -3 m
 =>             Hall Symbol: -F 4vw 2vw 3
 =>            Setting Type: IT (Generated from Hermann-Mauguin symbol)
 =>          Crystal System: Cubic
 =>              Laue Class: m-3m
 =>             Point Group: m-3m
 =>         Bravais Lattice: F
 =>          Lattice Symbol: cF
 =>  Reduced Number of S.O.:  24
 =>    General multiplicity: 192
 =>          Centrosymmetry: Centric (-1 at origin)
 =>  Generators (exc. -1&L):   3
 =>         Asymmetric unit: -0.125 <= x <=  0.375
                             -0.125 <= y <=  0.000
                             -0.250 <= z <=  0.000
 => Centring vectors:  3
 => Latt( 1): (1/2,1/2,0)                          => Latt( 2): (1/2,0,1/2)                         
 => Latt( 3): (0,1/2,1/2)                                                                           

 => List of all Symmetry Operators and Symmetry Symbols

 => SYMM(  1): x,y,z                             Symbol: 1
 => SYMM(  2): x,-y+1/4,-z+1/4                   Symbol: 2 x,1/8,1/8
 => SYMM(  3): -x+1/4,y,-z+1/4                   Symbol: 2 1/8,y,1/8
 => SYMM(  4): -x+1/4,-y+1/4,z                   Symbol: 2 1/8,1/8,z
 => SYMM(  5): y,z,x                             Symbol: 3- x,x,x
 => SYMM(  6): -y+1/4,-z+1/4,x                   Symbol: 3+ x,-x+1/4,x
 => SYMM(  7): y,-z+1/4,-x+1/4                   Symbol: 3+ x,x,-x+1/4
 => SYMM(  8): -y+1/4,z,-x+1/4                   Symbol: 3- x,-x+1/4,-x+1/4
 => SYMM(  9): z,x,y                             Symbol: 3+ x,x,x
 => SYMM( 10): -z+1/4,x,-y+1/4                   Symbol: 3- x,x,-x+1/4
 => SYMM( 11): -z+1/4,-x+1/4,y                   Symbol: 3+ x,-x+1/4,-x+1/4
 => SYMM( 12): z,-x+1/4,-y+1/4                   Symbol: 3- x,-x+1/4,x
 => SYMM( 13): y,x,z                             Symbol: m x,x,z
 => SYMM( 14): -y+1/4,x,-z+1/4                   Symbol: -4- 1/8,1/8,z; 1/8,1/8,1/8
 => SYMM( 15): y,-x+1/4,-z+1/4                   Symbol: -4+ 1/8,1/8,z; 1/8,1/8,1/8
 => SYMM( 16): -y+1/4,-x+1/4,z                   Symbol: m x,-x+1/4,z
 => SYMM( 17): z,y,x                             Symbol: m x,y,x
 => SYMM( 18): -z+1/4,-y+1/4,x                   Symbol: -4+ 1/8,y,1/8; 1/8,1/8,1/8
 => SYMM( 19): -z+1/4,y,-x+1/4                   Symbol: m x,y,-x+1/4
 => SYMM( 20): z,-y+1/4,-x+1/4                   Symbol: -4- 1/8,y,1/8; 1/8,1/8,1/8
 => SYMM( 21): x,z,y                             Symbol: m x,y,y
 => SYMM( 22): x,-z+1/4,-y+1/4                   Symbol: m x,y,-y+1/4
 => SYMM( 23): -x+1/4,-z+1/4,y                   Symbol: -4- x,1/8,1/8; 1/8,1/8,1/8
 => SYMM( 24): -x+1/4,z,-y+1/4                   Symbol: -4+ x,1/8,1/8; 1/8,1/8,1/8
 => SYMM( 25): -x,-y,-z                          Symbol: -1 0,0,0
 => SYMM( 26): -x,y+3/4,z+3/4                    Symbol: g (0,3/4,3/4) 0,y,z
 => SYMM( 27): x+3/4,-y,z+3/4                    Symbol: g (3/4,0,3/4) x,0,z
 => SYMM( 28): x+3/4,y+3/4,-z                    Symbol: g (3/4,3/4,0) x,y,0
 => SYMM( 29): -y,-z,-x                          Symbol: -3- x,x,x; 0,0,0
 => SYMM( 30): y+3/4,z+3/4,-x                    Symbol: -3+ x,-x+3/4,x-3/2; 3/4,0,-3/4
 => SYMM( 31): -y,z+3/4,x+3/4                    Symbol: -3+ x,x+3/2,-x-3/4; -3/4,3/4,0
 => SYMM( 32): y+3/4,-z,x+3/4                    Symbol: -3- x,-x-3/4,-x+3/4; 0,-3/4,3/4
 => SYMM( 33): -z,-x,-y                          Symbol: -3+ x,x,x; 0,0,0
 => SYMM( 34): z+3/4,-x,y+3/4                    Symbol: -3- x,x-3/2,-x+3/4; 3/4,-3/4,0
 => SYMM( 35): z+3/4,x+3/4,-y                    Symbol: -3+ x,-x+3/4,-x-3/4; 0,3/4,-3/4
 => SYMM( 36): -z,x+3/4,y+3/4                    Symbol: -3- x,-x-3/4,x+3/2; -3/4,0,3/4
 => SYMM( 37): -y,-x,-z                          Symbol: 2 x,-x,0
 => SYMM( 38): y+3/4,-x,z+3/4                    Symbol: 4- (0,0,3/4) 3/8,-3/8,z
 => SYMM( 39): -y,x+3/4,z+3/4                    Symbol: 4+ (0,0,3/4) -3/8,3/8,z
 => SYMM( 40): y+3/4,x+3/4,-z                    Symbol: 2 (3/4,3/4,0) x,x,0
 => SYMM( 41): -z,-y,-x                          Symbol: 2 x,0,-x
 => SYMM( 42): z+3/4,y+3/4,-x                    Symbol: 4+ (0,3/4,0) 3/8,y,-3/8
 => SYMM( 43): z+3/4,-y,x+3/4                    Symbol: 2 (3/4,0,3/4) x,0,x
 => SYMM( 44): -z,y+3/4,x+3/4                    Symbol: 4- (0,3/4,0) -3/8,y,3/8
 => SYMM( 45): -x,-z,-y                          Symbol: 2 0,y,-y
 => SYMM( 46): -x,z+3/4,y+3/4                    Symbol: 2 (0,3/4,3/4) 0,y,y
 => SYMM( 47): x+3/4,z+3/4,-y                    Symbol: 4- (3/4,0,0) x,3/8,-3/8
 => SYMM( 48): x+3/4,-z,y+3/4                    Symbol: 4+ (3/4,0,0) x,-3/8,3/8
 => SYMM( 49): x+1/2,y+1/2,z                     Symbol: t (1/2,1/2,0)
 => SYMM( 50): x+1/2,-y+3/4,-z+1/4               Symbol: 2 (1/2,0,0) x,3/8,1/8
 => SYMM( 51): -x+3/4,y+1/2,-z+1/4               Symbol: 2 (0,1/2,0) 3/8,y,1/8
 => SYMM( 52): -x+3/4,-y+3/4,z                   Symbol: 2 3/8,3/8,z
 => SYMM( 53): y+1/2,z+1/2,x                     Symbol: 3- (1/3,1/3,1/3) x,x-1/6,x-1/3
 => SYMM( 54): -y+3/4,-z+3/4,x                   Symbol: 3+ x,-x+3/4,x
 => SYMM( 55): y+1/2,-z+3/4,-x+1/4               Symbol: 3+ (1/3,1/3,-1/3) x,x-1/6,-x+7/12
 => SYMM( 56): -y+3/4,z+1/2,-x+1/4               Symbol: 3- x,-x+3/4,-x+1/4
 => SYMM( 57): z+1/2,x+1/2,y                     Symbol: 3+ (1/3,1/3,1/3) x,x+1/6,x-1/6
 => SYMM( 58): -z+3/4,x+1/2,-y+1/4               Symbol: 3- (1/3,1/3,-1/3) x,x+1/6,-x+5/12
 => SYMM( 59): -z+3/4,-x+3/4,y                   Symbol: 3+ x,-x+3/4,-x+3/4
 => SYMM( 60): z+1/2,-x+3/4,-y+1/4               Symbol: 3- x,-x+3/4,x-1/2
 => SYMM( 61): y+1/2,x+1/2,z                     Symbol: n (1/2,1/2,0) x,x,z
 => SYMM( 62): -y+3/4,x+1/2,-z+1/4               Symbol: -4- 1/8,5/8,z; 1/8,5/8,1/8
 => SYMM( 63): y+1/2,-x+3/4,-z+1/4               Symbol: -4+ 5/8,1/8,z; 5/8,1/8,1/8
 => SYMM( 64): -y+3/4,-x+3/4,z                   Symbol: m x,-x+3/4,z
 => SYMM( 65): z+1/2,y+1/2,x                     Symbol: g (1/4,1/2,1/4) x,y,x-1/4
 => SYMM( 66): -z+3/4,-y+3/4,x                   Symbol: -4+ 3/8,y,3/8; 3/8,3/8,3/8
 => SYMM( 67): -z+3/4,y+1/2,-x+1/4               Symbol: g (1/4,1/2,-1/4) x,y,-x+1/2
 => SYMM( 68): z+1/2,-y+3/4,-x+1/4               Symbol: -4- 3/8,y,-1/8; 3/8,3/8,-1/8
 => SYMM( 69): x+1/2,z+1/2,y                     Symbol: g (1/2,1/4,1/4) x,y,y-1/4
 => SYMM( 70): x+1/2,-z+3/4,-y+1/4               Symbol: g (1/2,1/4,-1/4) x,y,-y+1/2
 => SYMM( 71): -x+3/4,-z+3/4,y                   Symbol: -4- x,3/8,3/8; 3/8,3/8,3/8
 => SYMM( 72): -x+3/4,z+1/2,-y+1/4               Symbol: -4+ x,3/8,-1/8; 3/8,3/8,-1/8
 => SYMM( 73): -x+1/2,-y+1/2,-z                  Symbol: -1 1/4,1/4,0
 => SYMM( 74): -x+1/2,y+1/4,z+3/4                Symbol: d (0,1/4,3/4) 1/4,y,z
 => SYMM( 75): x+1/4,-y+1/2,z+3/4                Symbol: g (1/4,0,3/4) x,1/4,z
 => SYMM( 76): x+1/4,y+1/4,-z                    Symbol: d (1/4,1/4,0) x,y,0
 => SYMM( 77): -y+1/2,-z+1/2,-x                  Symbol: -3- x,x+1/2,x; 0,1/2,0
 => SYMM( 78): y+1/4,z+1/4,-x                    Symbol: -3+ x,-x+1/4,x-1/2; 1/4,0,-1/4
 => SYMM( 79): -y+1/2,z+1/4,x+3/4                Symbol: -3+ x,x+1,-x+1/4; -1/4,3/4,1/2
 => SYMM( 80): y+1/4,-z+1/2,x+3/4                Symbol: -3- x,-x-1/4,-x+3/4; 0,-1/4,3/4
 => SYMM( 81): -z+1/2,-x+1/2,-y                  Symbol: -3+ x,x-1/2,x-1/2; 1/2,0,0
 => SYMM( 82): z+1/4,-x+1/2,y+3/4                Symbol: -3- x,x-1,-x+5/4; 3/4,-1/4,1/2
 => SYMM( 83): z+1/4,x+1/4,-y                    Symbol: -3+ x,-x+1/4,-x-1/4; 0,1/4,-1/4
 => SYMM( 84): -z+1/2,x+1/4,y+3/4                Symbol: -3- x,-x-1/4,x+1; -1/4,0,3/4
 => SYMM( 85): -y+1/2,-x+1/2,-z                  Symbol: 2 x,-x+1/2,0
 => SYMM( 86): y+1/4,-x+1/2,z+3/4                Symbol: 4- (0,0,3/4) 3/8,1/8,z
 => SYMM( 87): -y+1/2,x+1/4,z+3/4                Symbol: 4+ (0,0,3/4) 1/8,3/8,z
 => SYMM( 88): y+1/4,x+1/4,-z                    Symbol: 2 (1/4,1/4,0) x,x,0
 => SYMM( 89): -z+1/2,-y+1/2,-x                  Symbol: 2 (1/4,0,-1/4) x,1/4,-x+1/4
 => SYMM( 90): z+1/4,y+1/4,-x                    Symbol: 4+ (0,1/4,0) 1/8,y,-1/8
 => SYMM( 91): z+1/4,-y+1/2,x+3/4                Symbol: 2 (1/2,0,1/2) x,1/4,x+1/4
 => SYMM( 92): -z+1/2,y+1/4,x+3/4                Symbol: 4- (0,1/4,0) -1/8,y,5/8
 => SYMM( 93): -x+1/2,-z+1/2,-y                  Symbol: 2 (0,1/4,-1/4) 1/4,y,-y+1/4
 => SYMM( 94): -x+1/2,z+1/4,y+3/4                Symbol: 2 (0,1/2,1/2) 1/4,y,y+1/4
 => SYMM( 95): x+1/4,z+1/4,-y                    Symbol: 4- (1/4,0,0) x,1/8,-1/8
 => SYMM( 96): x+1/4,-z+1/2,y+3/4                Symbol: 4+ (1/4,0,0) x,-1/8,5/8
 => SYMM( 97): x+1/2,y,z+1/2                     Symbol: t (1/2,0,1/2)
 => SYMM( 98): x+1/2,-y+1/4,-z+3/4               Symbol: 2 (1/2,0,0) x,1/8,3/8
 => SYMM( 99): -x+3/4,y,-z+3/4                   Symbol: 2 3/8,y,3/8
 => SYMM(100): -x+3/4,-y+1/4,z+1/2               Symbol: 2 (0,0,1/2) 3/8,1/8,z
 => SYMM(101): y+1/2,z,x+1/2                     Symbol: 3- (1/3,1/3,1/3) x,x-1/6,x+1/6
 => SYMM(102): -y+3/4,-z+1/4,x+1/2               Symbol: 3+ (1/3,-1/3,1/3) x,-x+5/12,x+1/6
 => SYMM(103): y+1/2,-z+1/4,-x+3/4               Symbol: 3+ x,x-1/2,-x+3/4
 => SYMM(104): -y+3/4,z,-x+3/4                   Symbol: 3- x,-x+3/4,-x+3/4
 => SYMM(105): z+1/2,x,y+1/2                     Symbol: 3+ (1/3,1/3,1/3) x,x-1/3,x-1/6
 => SYMM(106): -z+3/4,x,-y+3/4                   Symbol: 3- x,x,-x+3/4
 => SYMM(107): -z+3/4,-x+1/4,y+1/2               Symbol: 3+ x,-x+1/4,-x+3/4
 => SYMM(108): z+1/2,-x+1/4,-y+3/4               Symbol: 3- (1/3,-1/3,1/3) x,-x+7/12,x-1/6
 => SYMM(109): y+1/2,x,z+1/2                     Symbol: g (1/4,1/4,1/2) x,x-1/4,z
 => SYMM(110): -y+3/4,x,-z+3/4                   Symbol: -4- 3/8,3/8,z; 3/8,3/8,3/8
 => SYMM(111): y+1/2,-x+1/4,-z+3/4               Symbol: -4+ 3/8,-1/8,z; 3/8,-1/8,3/8
 => SYMM(112): -y+3/4,-x+1/4,z+1/2               Symbol: g (1/4,-1/4,1/2) x,-x+1/2,z
 => SYMM(113): z+1/2,y,x+1/2                     Symbol: n (1/2,0,1/2) x,y,x
 => SYMM(114): -z+3/4,-y+1/4,x+1/2               Symbol: -4+ 1/8,y,5/8; 1/8,1/8,5/8
 => SYMM(115): -z+3/4,y,-x+3/4                   Symbol: m x,y,-x+3/4
 => SYMM(116): z+1/2,-y+1/4,-x+3/4               Symbol: -4- 5/8,y,1/8; 5/8,1/8,1/8
 => SYMM(117): x+1/2,z,y+1/2                     Symbol: g (1/2,1/4,1/4) x,y,y+1/4
 => SYMM(118): x+1/2,-z+1/4,-y+3/4               Symbol: g (1/2,-1/4,1/4) x,y,-y+1/2
 => SYMM(119): -x+3/4,-z+1/4,y+1/2               Symbol: -4- x,-1/8,3/8; 3/8,-1/8,3/8
 => SYMM(120): -x+3/4,z,-y+3/4                   Symbol: -4+ x,3/8,3/8; 3/8,3/8,3/8
 => SYMM(121): -x+1/2,-y,-z+1/2                  Symbol: -1 1/4,0,1/4
 => SYMM(122): -x+1/2,y+3/4,z+1/4                Symbol: g (0,3/4,1/4) 1/4,y,z
 => SYMM(123): x+1/4,-y,z+1/4                    Symbol: d (1/4,0,1/4) x,0,z
 => SYMM(124): x+1/4,y+3/4,-z+1/2                Symbol: d (1/4,3/4,0) x,y,1/4
 => SYMM(125): -y+1/2,-z,-x+1/2                  Symbol: -3- x,x-1/2,x-1/2; 1/2,0,0
 => SYMM(126): y+1/4,z+3/4,-x+1/2                Symbol: -3+ x,-x+5/4,x-1; 3/4,1/2,-1/4
 => SYMM(127): -y+1/2,z+3/4,x+1/4                Symbol: -3+ x,x+1,-x-1/4; -1/4,3/4,0
 => SYMM(128): y+1/4,-z,x+1/4                    Symbol: -3- x,-x-1/4,-x+1/4; 0,-1/4,1/4
 => SYMM(129): -z+1/2,-x,-y+1/2                  Symbol: -3+ x,x,x+1/2; 0,0,1/2
 => SYMM(130): z+1/4,-x,y+1/4                    Symbol: -3- x,x-1/2,-x+1/4; 1/4,-1/4,0
 => SYMM(131): z+1/4,x+3/4,-y+1/2                Symbol: -3+ x,-x+3/4,-x-1/4; 0,3/4,-1/4
 => SYMM(132): -z+1/2,x+3/4,y+1/4                Symbol: -3- x,-x+1/4,x+1; -1/4,1/2,3/4
 => SYMM(133): -y+1/2,-x,-z+1/2                  Symbol: 2 (1/4,-1/4,0) x,-x+1/4,1/4
 => SYMM(134): y+1/4,-x,z+1/4                    Symbol: 4- (0,0,1/4) 1/8,-1/8,z
 => SYMM(135): -y+1/2,x+3/4,z+1/4                Symbol: 4+ (0,0,1/4) -1/8,5/8,z
 => SYMM(136): y+1/4,x+3/4,-z+1/2                Symbol: 2 (1/2,1/2,0) x,x+1/4,1/4
 => SYMM(137): -z+1/2,-y,-x+1/2                  Symbol: 2 x,0,-x+1/2
 => SYMM(138): z+1/4,y+3/4,-x+1/2                Symbol: 4+ (0,3/4,0) 3/8,y,1/8
 => SYMM(139): z+1/4,-y,x+1/4                    Symbol: 2 (1/4,0,1/4) x,0,x
 => SYMM(140): -z+1/2,y+3/4,x+1/4                Symbol: 4- (0,3/4,0) 1/8,y,3/8
 => SYMM(141): -x+1/2,-z,-y+1/2                  Symbol: 2 (0,-1/4,1/4) 1/4,y,-y+1/4
 => SYMM(142): -x+1/2,z+3/4,y+1/4                Symbol: 2 (0,1/2,1/2) 1/4,y,y-1/4
 => SYMM(143): x+1/4,z+3/4,-y+1/2                Symbol: 4- (1/4,0,0) x,5/8,-1/8
 => SYMM(144): x+1/4,-z,y+1/4                    Symbol: 4+ (1/4,0,0) x,-1/8,1/8
 => SYMM(145): x,y+1/2,z+1/2                     Symbol: t (0,1/2,1/2)
 => SYMM(146): x,-y+3/4,-z+3/4                   Symbol: 2 x,3/8,3/8
 => SYMM(147): -x+1/4,y+1/2,-z+3/4               Symbol: 2 (0,1/2,0) 1/8,y,3/8
 => SYMM(148): -x+1/4,-y+3/4,z+1/2               Symbol: 2 (0,0,1/2) 1/8,3/8,z
 => SYMM(149): y,z+1/2,x+1/2                     Symbol: 3- (1/3,1/3,1/3) x,x+1/3,x+1/6
 => SYMM(150): -y+1/4,-z+3/4,x+1/2               Symbol: 3+ x,-x+1/4,x+1/2
 => SYMM(151): y,-z+3/4,-x+3/4                   Symbol: 3+ x,x,-x+3/4
 => SYMM(152): -y+1/4,z+1/2,-x+3/4               Symbol: 3- (-1/3,1/3,1/3) x,-x+7/12,-x+5/12
 => SYMM(153): z,x+1/2,y+1/2                     Symbol: 3+ (1/3,1/3,1/3) x,x+1/6,x+1/3
 => SYMM(154): -z+1/4,x+1/2,-y+3/4               Symbol: 3- x,x+1/2,-x+1/4
 => SYMM(155): -z+1/4,-x+3/4,y+1/2               Symbol: 3+ (-1/3,1/3,1/3) x,-x+5/12,-x+7/12
 => SYMM(156): z,-x+3/4,-y+3/4                   Symbol: 3- x,-x+3/4,x
 => SYMM(157): y,x+1/2,z+1/2                     Symbol: g (1/4,1/4,1/2) x,x+1/4,z
 => SYMM(158): -y+1/4,x+1/2,-z+3/4               Symbol: -4- -1/8,3/8,z; -1/8,3/8,3/8
 => SYMM(159): y,-x+3/4,-z+3/4                   Symbol: -4+ 3/8,3/8,z; 3/8,3/8,3/8
 => SYMM(160): -y+1/4,-x+3/4,z+1/2               Symbol: g (-1/4,1/4,1/2) x,-x+1/2,z
 => SYMM(161): z,y+1/2,x+1/2                     Symbol: g (1/4,1/2,1/4) x,y,x+1/4
 => SYMM(162): -z+1/4,-y+3/4,x+1/2               Symbol: -4+ -1/8,y,3/8; -1/8,3/8,3/8
 => SYMM(163): -z+1/4,y+1/2,-x+3/4               Symbol: g (-1/4,1/2,1/4) x,y,-x+1/2
 => SYMM(164): z,-y+3/4,-x+3/4                   Symbol: -4- 3/8,y,3/8; 3/8,3/8,3/8
 => SYMM(165): x,z+1/2,y+1/2                     Symbol: n (0,1/2,1/2) x,y,y
 => SYMM(166): x,-z+3/4,-y+3/4                   Symbol: m x,y,-y+3/4
 => SYMM(167): -x+1/4,-z+3/4,y+1/2               Symbol: -4- x,1/8,5/8; 1/8,1/8,5/8
 => SYMM(168): -x+1/4,z+1/2,-y+3/4               Symbol: -4+ x,5/8,1/8; 1/8,5/8,1/8
 => SYMM(169): -x,-y+1/2,-z+1/2                  Symbol: -1 0,1/4,1/4
 => SYMM(170): -x,y+1/4,z+1/4                    Symbol: d (0,1/4,1/4) 0,y,z
 => SYMM(171): x+3/4,-y+1/2,z+1/4                Symbol: d (3/4,0,1/4) x,1/4,z
 => SYMM(172): x+3/4,y+1/4,-z+1/2                Symbol: g (3/4,1/4,0) x,y,1/4
 => SYMM(173): -y,-z+1/2,-x+1/2                  Symbol: -3- x,x,x+1/2; 0,0,1/2
 => SYMM(174): y+3/4,z+1/4,-x+1/2                Symbol: -3+ x,-x+3/4,x-1; 3/4,0,-1/4
 => SYMM(175): -y,z+1/4,x+1/4                    Symbol: -3+ x,x+1/2,-x-1/4; -1/4,1/4,0
 => SYMM(176): y+3/4,-z+1/2,x+1/4                Symbol: -3- x,-x+1/4,-x+5/4; 1/2,-1/4,3/4
 => SYMM(177): -z,-x+1/2,-y+1/2                  Symbol: -3+ x,x+1/2,x; 0,1/2,0
 => SYMM(178): z+3/4,-x+1/2,y+1/4                Symbol: -3- x,x-1,-x+3/4; 3/4,-1/4,0
 => SYMM(179): z+3/4,x+1/4,-y+1/2                Symbol: -3+ x,-x+5/4,-x+1/4; 1/2,3/4,-1/4
 => SYMM(180): -z,x+1/4,y+1/4                    Symbol: -3- x,-x-1/4,x+1/2; -1/4,0,1/4
 => SYMM(181): -y,-x+1/2,-z+1/2                  Symbol: 2 (-1/4,1/4,0) x,-x+1/4,1/4
 => SYMM(182): y+3/4,-x+1/2,z+1/4                Symbol: 4- (0,0,1/4) 5/8,-1/8,z
 => SYMM(183): -y,x+1/4,z+1/4                    Symbol: 4+ (0,0,1/4) -1/8,1/8,z
 => SYMM(184): y+3/4,x+1/4,-z+1/2                Symbol: 2 (1/2,1/2,0) x,x-1/4,1/4
 => SYMM(185): -z,-y+1/2,-x+1/2                  Symbol: 2 (-1/4,0,1/4) x,1/4,-x+1/4
 => SYMM(186): z+3/4,y+1/4,-x+1/2                Symbol: 4+ (0,1/4,0) 5/8,y,-1/8
 => SYMM(187): z+3/4,-y+1/2,x+1/4                Symbol: 2 (1/2,0,1/2) x,1/4,x-1/4
 => SYMM(188): -z,y+1/4,x+1/4                    Symbol: 4- (0,1/4,0) -1/8,y,1/8
 => SYMM(189): -x,-z+1/2,-y+1/2                  Symbol: 2 0,y,-y+1/2
 => SYMM(190): -x,z+1/4,y+1/4                    Symbol: 2 (0,1/4,1/4) 0,y,y
 => SYMM(191): x+3/4,z+1/4,-y+1/2                Symbol: 4- (3/4,0,0) x,3/8,1/8
 => SYMM(192): x+3/4,-z+1/2,y+1/4                Symbol: 4+ (3/4,0,0) x,1/8,3/8

 => Special Wyckoff Positions for F d -3 m
 
    Multp     Site        Representative Coordinates (centring translations excluded)
     96       h              0,y,-y              0,-y+1/4,y+1/4      1/4,y,y+1/4                             
                             1/4,-y+1/4,-y       y,-y,0              -y+1/4,y+1/4,0                          
                             y,y+1/4,1/4         -y+1/4,-y,1/4       -y,0,y                                  
                             y+1/4,0,-y+1/4      y+1/4,1/4,y         -y,1/4,-y+1/4                           
                             y,0,-y              -y+1/4,0,y+1/4      y,1/4,y+1/4                             
                             -y+1/4,1/4,-y       -y,y,0              y+1/4,-y+1/4,0                          
                             y+1/4,y,1/4         -y,-y+1/4,1/4       0,-y,y                                  
                             0,y+1/4,-y+1/4      1/4,y+1/4,y         1/4,-y,-y+1/4                           
 
     96       g              x,x,z               x,-x+1/4,-z+1/4     -x+1/4,x,-z+1/4                         
                             -x+1/4,-x+1/4,z     x,z,x               -x+1/4,-z+1/4,x                         
                             x,-z+1/4,-x+1/4     -x+1/4,z,-x+1/4     z,x,x                                   
                             -z+1/4,x,-x+1/4     -z+1/4,-x+1/4,x     z,-x+1/4,-x+1/4                         
                             -x,-x,-z            -x,x+3/4,z+3/4      x+3/4,-x,z+3/4                          
                             x+3/4,x+3/4,-z      -x,-z,-x            x+3/4,z+3/4,-x                          
                             -x,z+3/4,x+3/4      x+3/4,-z,x+3/4      -z,-x,-x                                
                             z+3/4,-x,x+3/4      z+3/4,x+3/4,-x      -z,x+3/4,x+3/4                          
 
     48       f              x,1/8,1/8           -x+1/4,1/8,1/8      1/8,1/8,x                               
                             1/8,1/8,-x+1/4      1/8,x,1/8           1/8,-x+1/4,1/8                          
                             -x,7/8,7/8          x+3/4,7/8,7/8       7/8,7/8,-x                              
                             7/8,7/8,x+3/4       7/8,-x,7/8          7/8,x+3/4,7/8                           
 
     32       e              x,x,x               x,-x+1/4,-x+1/4     -x+1/4,x,-x+1/4                         
                             -x+1/4,-x+1/4,x     -x,-x,-x            -x,x+3/4,x+3/4                          
                             x+3/4,-x,x+3/4      x+3/4,x+3/4,-x                                              
 
     16       d              1/2,1/2,1/2         1/2,3/4,3/4         3/4,1/2,3/4                             
                             3/4,3/4,1/2                                                                     
 
     16       c              0,0,0               0,1/4,1/4           1/4,0,1/4                               
                             1/4,1/4,0                                                                       
 
      8       b              3/8,3/8,3/8         5/8,5/8,5/8                                                 
 
      8       a              1/8,1/8,1/8         7/8,7/8,7/8                                                 
 

 => Initial parameters ==>
 Atom    Ntyp                  X         Y         Z         B         occ.         in  fin  Spc  Mult
                             B11       B22       B33       B12       B13       B23
 Si     SI                 0.12500   0.12500   0.12500   0.54095   1.00000           0    0    0    8
                 Codes:    0.00000   0.00000   0.00000   0.00000   0.00000

 => It is assumed that THE FIRST GIVEN SITE plus all the other atoms 
    occupying THE SAME POSITION have a total full occupation (no vacancies!)
  (if this is not the case, change the order of atoms to obtain correct values for the content of the unit cell)
    The given occupation factors have been obtained mutiplying m/M by   1.0000
      -> Atom: SI  ,  Chemical element: SI  Atomic Mass:    28.0860
 => The given value of ATZ is     129420.29 the program has calculated:      129420.29
    The value of ATZ given in the input PCR file will be used for quantitative analysis
 => The chemical content of the unit cell is: 
       8.0000 SI     
 => The normalized site occupation numbers in % are: 
     100.0000 Si       
 => The density (volumic mass) of the compound is:    2.327 g/cm3

 =>-------> PROFILE PARAMETERS FOR PATTERN:  1

 => Overall scale factor:   0.662006    
 => T.O.F. Extinction parameter:   0.0000
 => Overall temperature factor:      0.00000
 => T.O.F. Gaussian variances Sig-2, Sig-1, Sig-0, Sig-Q:      0.00000    29.64920     5.07900     0.00000
 => T.O.F. Isotropic Gaussian strain parameter (G-strain):       0.0000
 => T.O.F. Iso-Gaussian and Aniso-Lor (platelets/needles) Size parameters (G-Size,Ani-LorSiz)  :      0.00000     0.00000
 => T.O.F. Lorentzian FWHM Gam-2, Gam-1, Gam-0:      0.00000     0.00000     0.00000
 => T.O.F. Isotropic Lorentzian strain and size parameters (LStr,LSiz):      0.00000     0.00000
 => Direct cell parameters:    5.4324   5.4324   5.4324  90.0000  90.0000  90.0000
 => Preferred orientation parameters:   0.0000  0.0000
 => T.O.F. Peak shape parameter alpha0,beta0,alpha1,beta1/kappa,alpha-q,beta-Q:      0.00000     0.03802     0.23542     0.01090     0.00000     0.00000
 => Model-dependent Strain parameters s2,s1,s0:      0.00000     0.00000     0.00000


 ==> CODEWORDS FOR PROFILE PARAMETERS of PATTERN#  1

 => Codeword -Overall scale factor:   0.00000    
 => Codeword  - T.O.F. Extinction parameter:   0.0000
 => Codeword  - Overall temperature factor:      0.00000
 => Codewords - T.O.F. Gaussian variances Sig-2, Sig-1, Sig-0, Sig-Q:      0.00000     0.00000     0.00000     0.00000
 => Codewords - T.O.F. Isotropic Gaussian strain parameter (G-strain):       0.0000
 => Codewords - T.O.F. Iso-Gaussian and Aniso-Lor (platelets/needles) Size parameters (G-Size,Ani-LorSize)  :      0.00000     0.00000
 => Codewords - T.O.F. Lorentzian FWHM Gam-2, Gam-1, Gam-0:      0.00000     0.00000     0.00000
 => Codewords - T.O.F. Isotropic Lorentzian strain and size parameters (LStr,LSiz):      0.00000     0.00000
 => Codewords - Direct cell parameters:    0.0000   0.0000   0.0000   0.0000   0.0000   0.0000
 => Codewords - Preferred orientation parameters:   0.0000  0.0000
 => Codewords - T.O.F. Peak shape parameter alpha0,beta0,alpha1,beta1/kappa,alpha-q,beta-Q:      0.00000     0.00000     0.00000     0.00000     0.00000     0.00000
=> Codewords - Model-dependent Strain parameters s2,s1,s0:      0.00000     0.00000     0.00000


 => Cell constraints according to Laue symmetry: m-3m 

        Metric information:
        -------------------

 => Direct cell parameters:

         a =       5.4324      b =       5.4324      c =       5.4324
     alpha =       90.000   beta =       90.000  gamma =       90.000
                        Direct Cell Volume =     160.3138

 => Reciprocal cell parameters:

         a*=     0.184081      b*=     0.184081      c*=     0.184081
     alpha*=       90.000   beta*=       90.000  gamma*=       90.000
                    Reciprocal Cell Volume =   0.00623777

 => Direct and Reciprocal Metric Tensors:

                   GD                                       GR
     29.5108      0.0000      0.0000          0.033886    0.000000    0.000000
      0.0000     29.5108      0.0000          0.000000    0.033886    0.000000
      0.0000      0.0000     29.5108          0.000000    0.000000    0.033886

 =>  Cartesian frame: x // a; z is along c*; y is within the ab-plane   

     Crystal_to_Orthonormal_Matrix              Orthonormal_to_Crystal Matrix
              Cr_Orth_cel                               Orth_Cr_cel  
      5.4324      0.0000      0.0000          0.184081   -0.000000   -0.000000
      0.0000      5.4324      0.0000          0.000000    0.184081   -0.000000
      0.0000      0.0000      5.4324          0.000000    0.000000    0.184081

     Busing-Levy B-matrix: Hc=B.H            Inverse of the Busing-Levy B-matrix
                BL_M                                      BL_Minv  
    0.184081    0.000000    0.000000            5.4324     -0.0000     -0.0000
    0.000000    0.184081   -0.000000            0.0000      5.4324      0.0000
    0.000000    0.000000    0.184081            0.0000      0.0000      5.4324

 => Laue symmetry m-3m  will be used to generate HKL for pattern#   1
 => Reflections generated between S(1/d)min:  0.2493 A-1 and S(1/d)max:  4.5979 A-1
 =>                                    dmax:  4.0117 A   and      dmin:  0.2175 A
 => The number of reflections generated is:    435
 => The max. scatt. variable (gen.ref.) is:     29995.0000
 => Scattering coefficients from internal table

 => Scattering lengths:

 SI     0.4149
  
 
 => No optimization for routine tasks
 ++++++++++++++++++++++++++++++++++++++++++++++++++++++++++++++++++++++++++++++++++++++++++++++++++++++++++++++++++++++++++++++++++++

 => CYCLE No.:    1
 ------------------------------------------------------------------------------------------------------------------------------------
 => Phase  1 Name: Standard-Si
 ------------------------------------------------------------------------------------------------------------------------------------
 => New parameters, shifts, and standard deviations

 Atom        x       dx      sx       y       dy      sy       z       dz      sz       B       dB      sB      occ.    docc.   socc.

 Si       0.12500 0.00000 0.00000  0.12500 0.00000 0.00000  0.12500 0.00000 0.00000  0.54095 0.00000 0.00000  1.00000 0.00000 0.00000

 ==> PROFILE PARAMETERS FOR PATTERN#  1

 => Overall scale factor       :      0.662005782     0.000000000     0.000000000
 => T.O.F. Extinction parameter:     0.000000    0.000000    0.000000
 => Overall temperature  factor:     0.000000    0.000000    0.000000
 => T.O.F. Gaussian variances Sig-2, Sig-1, Sig-0: 
         0.000000    0.000000    0.000000
        29.649200    0.000000    0.000000
         5.079000    0.000000    0.000000

 => T.O.F. Gaussian variance Sig-Q:     0.000000    0.000000    0.000000
 => T.O.F. Isotropic Gaussian strain parameter (G-strain)::      0.00000     0.00000     0.00000
 => T.O.F. Isotropic Gaussian  Size  parameter (G-size)  ::      0.00000     0.00000     0.00000
 => T.O.F. Anisotropic Lorentzian  Size  parameter (Ani-LorSize)  ::      0.00000     0.00000     0.00000
 => T.O.F. Lorentzian FWHM Gam-2, Gam-1, Gam-0: 
         0.000000    0.000000    0.000000
         0.000000    0.000000    0.000000
         0.000000    0.000000    0.000000

 => T.O.F. Isotropic Lorentzian strain and size parameters (LStr,LSiz): 
         0.000000    0.000000    0.000000
         0.000000    0.000000    0.000000

 => Model-dependent Strain parameters s2,s1,s0: 
         0.000000    0.000000    0.000000
         0.000000    0.000000    0.000000
         0.000000    0.000000    0.000000

 => Direct cell parameters: 
        5.432382    0.000000    0.000000
        5.432382    0.000000    0.000000
        5.432382    0.000000    0.000000
       90.000000    0.000000    0.000000
       90.000000    0.000000    0.000000
       90.000000    0.000000    0.000000

 => Preferred orientation parameters: 
         0.000000    0.000000    0.000000
         0.000000    0.000000    0.000000

 => T.O.F. Peak shape parameter a0,b0,a1,b1/kappa: 
        0.000000    0.000000    0.000000
        0.038020    0.000000    0.000000
        0.235422    0.000000    0.000000
        0.010902    0.000000    0.000000

 => Absorption parameters: 
       0.000000  0.000000  0.000000
       0.000000  0.000000  0.000000

 ==> GLOBAL PARAMETERS FOR PATTERN#  1


 => Zero-point:    -8.5673    0.0000    0.0000
 =>  Cosine Fourier Background Parameters ==>
       154.32      0.0000      0.0000    
       1.3400      0.0000      0.0000    
       37.000      0.0000      0.0000    
       12.332      0.0000      0.0000    
       17.706      0.0000      0.0000    
       4.7850      0.0000      0.0000    
       6.8080      0.0000      0.0000    
       0.0000      0.0000      0.0000    
       0.0000      0.0000      0.0000    
       0.0000      0.0000      0.0000    
       0.0000      0.0000      0.0000    
       0.0000      0.0000      0.0000    
       0.0000      0.0000      0.0000    
       0.0000      0.0000      0.0000    
       0.0000      0.0000      0.0000    
       0.0000      0.0000      0.0000    
       0.0000      0.0000      0.0000    
       0.0000      0.0000      0.0000    

 => T.O.F.- dtt1       (    TOFo=dtt1*dsp     ):   7476.91      0.00      0.00
 => T.O.F.- dtt2       (TOF=TOFo+dtt2*dsp*dsp ):     -1.54      0.00      0.00
 => T.O.F.- dtt_1OverD (TOF=TOF+dtt_1overD/dsp):      0.00      0.00      0.00

 ==> RELIABILITY FACTORS WITH ALL NON-EXCLUDED POINTS FOR PATTERN:  1

 => R-Factors:   8.73      6.36     Chi2:  3.02     DW-Stat.:  0.9734   Patt#:  1
 => Expected :            3.66                                1.9171
 => Deviance : 0.322E+05     Dev*:   5.740    
 => GoF-index:  1.7         Sqrt(Residual/N)
 => N-P+C:  5600

 =>    SumYdif       SumYobs      SumYcal      SumwYobsSQ     Residual    Condition
     0.1289E+06    0.1477E+07    0.1455E+07    0.4176E+07    0.1691E+05     0.000    


 => Conventional Rietveld Rp,Rwp,Re and Chi2:   20.1      12.4      7.16      3.019    
 => (Values obtained using Ynet, but true sigma(y))
 =>  SumYnet, Sum(w Ynet**2):     0.6424E+06    0.1092E+07


 ==> RELIABILITY FACTORS FOR POINTS WITH BRAGG CONTRIBUTIONS FOR PATTERN:  1

 => R-Factors:   5.93      5.83     Chi2:  4.39     DW-Stat.:  1.2000   Patt#:
 => Expected :            2.78                                1.8888
 => Deviance : 0.130E+05     Dev*:   4.152    
 => GoF-index:  2.1         Sqrt(Residual/N)
 => N-P+C:  3124

 =>    SumYdif       SumYobs      SumYcal      SumwYobsSQ     Residual    Condition
     0.6418E+05    0.1083E+07    0.1069E+07    0.4042E+07    0.1372E+05     0.000    


 => Conventional Rietveld Rp,Rwp,Re and Chi2:   10.1      11.2      5.36      4.391    
 => (Values obtained using Ynet, but true sigma(y))
 =>  SumYnet, Sum(w Ynet**2):     0.6343E+06    0.1089E+07


 => Global user-weigthed Chi2 (Bragg contrib.):   4.39    

 => ---------> Pattern#  1
 => Phase:  1
 =>    Bragg R-factor:  2.04    
 =>    RF-factor     :  13.5    


   Standard deviations have to be multiplied by: 2.6189
   (correlated residuals) See references:
  -J.F.Berar & P.Lelann, J. Appl. Cryst. 24, 1-5 (1991) 
  -J.F.Berar, Acc. in Pow. Diff. II,NIST Sp.Pub. 846, 63(1992) 

 ++++++++++++++++++++++++++++++++++++++++++++++++++++++++++++++++++++++++++++++++++++++++++++++++++++++++++++++++++++++++++++++++++++

 => CYCLE No.:    1
 =>  Convergence reached at this CYCLE !!!!
 =>  Parameter shifts set to zero
 ------------------------------------------------------------------------------------------------------------------------------------
 => Phase  1 Name: Standard-Si
 ------------------------------------------------------------------------------------------------------------------------------------
 => New parameters, shifts, and standard deviations

 Atom        x       dx      sx       y       dy      sy       z       dz      sz       B       dB      sB      occ.    docc.   socc.

 Si       0.12500 0.00000 0.00000  0.12500 0.00000 0.00000  0.12500 0.00000 0.00000  0.54095 0.00000 0.00000  1.00000 0.00000 0.00000

 ==> PROFILE PARAMETERS FOR PATTERN#  1

 => Overall scale factor       :      0.662005782     0.000000000     0.000000000
 => T.O.F. Extinction parameter:     0.000000    0.000000    0.000000
 => Overall temperature  factor:     0.000000    0.000000    0.000000
 => T.O.F. Gaussian variances Sig-2, Sig-1, Sig-0: 
         0.000000    0.000000    0.000000
        29.649200    0.000000    0.000000
         5.079000    0.000000    0.000000

 => T.O.F. Gaussian variance Sig-Q:     0.000000    0.000000    0.000000
 => T.O.F. Isotropic Gaussian strain parameter (G-strain)::      0.00000     0.00000     0.00000
 => T.O.F. Isotropic Gaussian  Size  parameter (G-size)  ::      0.00000     0.00000     0.00000
 => T.O.F. Anisotropic Lorentzian  Size  parameter (Ani-LorSize)  ::      0.00000     0.00000     0.00000
 => T.O.F. Lorentzian FWHM Gam-2, Gam-1, Gam-0: 
         0.000000    0.000000    0.000000
         0.000000    0.000000    0.000000
         0.000000    0.000000    0.000000

 => T.O.F. Isotropic Lorentzian strain and size parameters (LStr,LSiz): 
         0.000000    0.000000    0.000000
         0.000000    0.000000    0.000000

 => Model-dependent Strain parameters s2,s1,s0: 
         0.000000    0.000000    0.000000
         0.000000    0.000000    0.000000
         0.000000    0.000000    0.000000

 => Direct cell parameters: 
        5.432382    0.000000    0.000000
        5.432382    0.000000    0.000000
        5.432382    0.000000    0.000000
       90.000000    0.000000    0.000000
       90.000000    0.000000    0.000000
       90.000000    0.000000    0.000000

 => Preferred orientation parameters: 
         0.000000    0.000000    0.000000
         0.000000    0.000000    0.000000

 => T.O.F. Peak shape parameter a0,b0,a1,b1/kappa: 
        0.000000    0.000000    0.000000
        0.038020    0.000000    0.000000
        0.235422    0.000000    0.000000
        0.010902    0.000000    0.000000

 => Absorption parameters: 
       0.000000  0.000000  0.000000
       0.000000  0.000000  0.000000

 ==> GLOBAL PARAMETERS FOR PATTERN#  1


 => Zero-point:    -8.5673    0.0000    0.0000
 =>  Cosine Fourier Background Parameters ==>
       154.32      0.0000      0.0000    
       1.3400      0.0000      0.0000    
       37.000      0.0000      0.0000    
       12.332      0.0000      0.0000    
       17.706      0.0000      0.0000    
       4.7850      0.0000      0.0000    
       6.8080      0.0000      0.0000    
       0.0000      0.0000      0.0000    
       0.0000      0.0000      0.0000    
       0.0000      0.0000      0.0000    
       0.0000      0.0000      0.0000    
       0.0000      0.0000      0.0000    
       0.0000      0.0000      0.0000    
       0.0000      0.0000      0.0000    
       0.0000      0.0000      0.0000    
       0.0000      0.0000      0.0000    
       0.0000      0.0000      0.0000    
       0.0000      0.0000      0.0000    

 => T.O.F.- dtt1       (    TOFo=dtt1*dsp     ):   7476.91      0.00      0.00
 => T.O.F.- dtt2       (TOF=TOFo+dtt2*dsp*dsp ):     -1.54      0.00      0.00
 => T.O.F.- dtt_1OverD (TOF=TOF+dtt_1overD/dsp):      0.00      0.00      0.00

 ==> RELIABILITY FACTORS WITH ALL NON-EXCLUDED POINTS FOR PATTERN:  1

 => R-Factors:   8.73      6.36     Chi2:  3.02     DW-Stat.:  0.9734   Patt#:  1
 => Expected :            3.66                                1.9171
 => Deviance : 0.322E+05     Dev*:   5.740    
 => GoF-index:  1.7         Sqrt(Residual/N)
 => N-P+C:  5600

 =>    SumYdif       SumYobs      SumYcal      SumwYobsSQ     Residual    Condition
     0.1289E+06    0.1477E+07    0.1455E+07    0.4176E+07    0.1691E+05     0.000    


 => Conventional Rietveld Rp,Rwp,Re and Chi2:   20.1      12.4      7.16      3.019    
 => (Values obtained using Ynet, but true sigma(y))
 =>  SumYnet, Sum(w Ynet**2):     0.6424E+06    0.1092E+07

 => N-sigma of the GoF:      106.860

 ==> RELIABILITY FACTORS FOR POINTS WITH BRAGG CONTRIBUTIONS FOR PATTERN:  1

 => R-Factors:   5.93      5.83     Chi2:  4.39     DW-Stat.:  1.2000   Patt#:
 => Expected :            2.78                                1.8888
 => Deviance : 0.130E+05     Dev*:   4.152    
 => GoF-index:  2.1         Sqrt(Residual/N)
 => N-P+C:  3124

 =>    SumYdif       SumYobs      SumYcal      SumwYobsSQ     Residual    Condition
     0.6418E+05    0.1083E+07    0.1069E+07    0.4042E+07    0.1372E+05     0.000    


 => Conventional Rietveld Rp,Rwp,Re and Chi2:   10.1      11.2      5.36      4.391    
 => (Values obtained using Ynet, but true sigma(y))
 =>  SumYnet, Sum(w Ynet**2):     0.6343E+06    0.1089E+07

 => N-sigma of the GoF:      134.008

 => Global user-weigthed Chi2 (Bragg contrib.):   5.41    

 => ---------> Pattern#  1
 => Phase:  1
 =>    Bragg R-factor:  2.04    
 =>    RF-factor     :  13.5    

 --------------------------------------------------------------------------------------------------------------------------------------------------------
 Pattern#  1 Phase No.:   1 Phase name: Standard-Si
 --------------------------------------------------------------------------------------------------------------------------------------------------------

   No.  Code     H   K   L  Mult     Hw     2theta/TOF      Icalc       Iobs      Sigma    HwG     HwL     ETA     d-hkl  TOF_alpha  TOF_beta     CORR

      1   1     14  14   4    24     6.329    2010.863       11.2        0.0      9.865   6.329   0.000   0.000  0.268943  0.875360  2.121864  1.000000
      2   1     20   2   2    24     6.329    2010.863       11.2        0.0      9.865   6.329   0.000   0.000  0.268943  0.875360  2.121864  1.000000
      3   1     16  12   2    48     6.338    2020.793        0.0        0.0      0.000   6.338   0.000   0.000  0.270271  0.871059  2.081204  1.000000
      4   1     18   8   4    48     6.338    2020.793        0.0        0.0      0.000   6.338   0.000   0.000  0.270271  0.871059  2.081204  1.000000
      5   1     14  12   8    48     6.338    2020.793        0.0        0.0      0.000   6.338   0.000   0.000  0.270271  0.871059  2.081204  1.000000
      6   1     15  13   3    48     6.341    2023.298       12.8        0.0     21.384   6.341   0.000   0.000  0.270606  0.869980  2.071103  1.000000
      7   1     16  12   0    24     6.348    2030.871       13.4        0.0     17.134   6.348   0.000   0.000  0.271619  0.866736  2.040947  1.000000
      8   1     20   0   0     6     6.348    2030.871        3.3        0.0      4.283   6.348   0.000   0.000  0.271619  0.866736  2.040947  1.000000
      9   1     14  14   2    24     6.357    2041.103        0.0        0.0      0.000   6.357   0.000   0.000  0.272987  0.862391  2.001088  1.000000
     10   1     14  10  10    24     6.357    2041.103        0.0        0.0      0.000   6.357   0.000   0.000  0.272987  0.862391  2.001088  1.000000
     11   1     18   6   6    24     6.357    2041.103        0.0        0.0      0.000   6.357   0.000   0.000  0.272987  0.862391  2.001088  1.000000
     12   1     15  11   7    48     6.360    2043.685       14.4        0.0      5.650   6.360   0.000   0.000  0.273333  0.861302  1.991186  1.000000
     13   1     15  13   1    48     6.360    2043.685       14.4        0.0      5.650   6.360   0.000   0.000  0.273333  0.861302  1.991186  1.000000
     14   1     17   9   5    48     6.360    2043.685       14.4        0.0      5.650   6.360   0.000   0.000  0.273333  0.861302  1.991186  1.000000
     15   1     19   5   3    48     6.360    2043.685       14.4        0.0      5.650   6.360   0.000   0.000  0.273333  0.861302  1.991186  1.000000
     16   1     14  14   0    12     6.367    2051.490        7.5        4.1      2.457   6.367   0.000   0.000  0.274377  0.858025  1.961631  1.000000
     17   1     16  10   6    48     6.367    2051.490       29.9       16.5      9.828   6.367   0.000   0.000  0.274377  0.858025  1.961631  1.000000
     18   1     18   8   2    48     6.367    2051.490       29.9       16.5      9.828   6.367   0.000   0.000  0.274377  0.858025  1.961631  1.000000
     19   1     12  12  10    24     6.377    2062.038        0.0        0.0      0.000   6.377   0.000   0.000  0.275787  0.853636  1.922573  1.000000
     20   1     13  13   7    24     6.380    2064.700        8.1        2.9      4.677   6.380   0.000   0.000  0.276143  0.852535  1.912872  1.000000
     21   1     15   9   9    24     6.380    2064.700        8.1        2.9      4.677   6.380   0.000   0.000  0.276143  0.852535  1.912872  1.000000
     22   1     17   7   7    24     6.380    2064.700        8.1        2.9      4.677   6.380   0.000   0.000  0.276143  0.852535  1.912872  1.000000
     23   1     19   5   1    48     6.380    2064.700       16.1        5.8      9.354   6.380   0.000   0.000  0.276143  0.852535  1.912872  1.000000
     24   1     16   8   8    24     6.387    2072.750       16.8       23.4     19.496   6.387   0.000   0.000  0.277220  0.849224  1.883917  1.000000
     25   1     17   9   3    48     6.400    2086.377       18.0        3.0     13.725   6.400   0.000   0.000  0.279043  0.843677  1.836159  1.000000
     26   1     19   3   3    24     6.400    2086.377        9.0        1.5      6.863   6.400   0.000   0.000  0.279043  0.843677  1.836159  1.000000
     27   1     18   6   4    48     6.408    2094.684       37.8       34.1     12.360   6.408   0.000   0.000  0.280154  0.840332  1.807806  1.000000
     28   1     14  12   6    48     6.408    2094.684       37.8       34.1     12.360   6.408   0.000   0.000  0.280154  0.840331  1.807806  1.000000
     29   1     16  10   4    48     6.419    2105.916        0.0        0.0      0.000   6.419   0.000   0.000  0.281656  0.835850  1.770351  1.000000
     30   1     13  11   9    48     6.422    2108.752       20.3       41.5      8.054   6.422   0.000   0.000  0.282035  0.834725  1.761050  1.000000
     31   1     15  11   5    48     6.422    2108.752       20.3       41.5      8.054   6.422   0.000   0.000  0.282035  0.834725  1.761050  1.000000
     32   1     17   9   1    48     6.422    2108.752       20.3       41.5      8.054   6.422   0.000   0.000  0.282035  0.834725  1.761050  1.000000
     33   1     19   3   1    48     6.422    2108.752       20.3       41.5      8.054   6.422   0.000   0.000  0.282035  0.834725  1.761050  1.000000
     34   1     18   6   2    48     6.442    2128.932        0.0        0.0      0.000   6.442   0.000   0.000  0.284734  0.826813  1.696644  1.000000
     35   1     11  11  11     8     6.444    2131.862        3.8        4.2      2.100   6.444   0.000   0.000  0.285126  0.825677  1.687542  1.000000
     36   1     13  13   5    24     6.444    2131.862       11.4       12.6      6.300   6.444   0.000   0.000  0.285126  0.825677  1.687542  1.000000
     37   1     17   7   5    48     6.444    2131.862       22.8       25.2     12.599   6.444   0.000   0.000  0.285126  0.825677  1.687542  1.000000
     38   1     19   1   1    24     6.444    2131.862       11.4       12.6      6.300   6.444   0.000   0.000  0.285126  0.825677  1.687542  1.000000
     39   1     14  10   8    48     6.453    2140.727       47.6       78.5     10.088   6.453   0.000   0.000  0.286312  0.822258  1.660391  1.000000
     40   1     16  10   2    48     6.453    2140.727       47.6       78.5     10.088   6.453   0.000   0.000  0.286312  0.822258  1.660391  1.000000
     41   1     18   6   0    24     6.453    2140.727       23.8       39.3      5.044   6.453   0.000   0.000  0.286312  0.822258  1.660391  1.000000
     42   1     18   4   4    24     6.465    2152.720        0.0        0.0      0.000   6.465   0.000   0.000  0.287916  0.817677  1.624538  1.000000
     43   1     14  12   4    48     6.465    2152.720        0.0        0.0      0.000   6.465   0.000   0.000  0.287916  0.817677  1.624538  1.000000
     44   1     16   8   6    48     6.465    2152.720        0.0        0.0      0.000   6.465   0.000   0.000  0.287916  0.817677  1.624538  1.000000
     45   1     15   9   7    48     6.468    2155.749       25.6       56.2     12.877   6.468   0.000   0.000  0.288321  0.816528  1.615638  1.000000
     46   1     15  11   3    48     6.468    2155.750       25.6       56.2     12.876   6.468   0.000   0.000  0.288321  0.816528  1.615637  1.000000
     47   1     12  12   8    24     6.477    2164.917       26.8       63.4     23.503   6.477   0.000   0.000  0.289547  0.813070  1.589086  1.000000
     48   1     13  13   3    24     6.492    2180.458       14.4       16.7      5.100   6.492   0.000   0.000  0.291626  0.807275  1.545335  1.000000
     49   1     17   7   3    48     6.492    2180.458       28.9       33.5     10.201   6.492   0.000   0.000  0.291626  0.807275  1.545335  1.000000
     50   1     15  11   1    48     6.492    2180.458       28.9       33.5     10.201   6.492   0.000   0.000  0.291626  0.807275  1.545335  1.000000
     51   1     18   4   2    48     6.501    2189.945       60.5       74.6     10.374   6.501   0.000   0.000  0.292894  0.803778  1.519385  1.000000
     52   1     12  10  10    24     6.501    2189.945       30.2       37.3      5.187   6.501   0.000   0.000  0.292894  0.803778  1.519385  1.000000
     53   1     14  12   2    48     6.501    2189.945       60.5       74.6     10.374   6.501   0.000   0.000  0.292894  0.803778  1.519385  1.000000
     54   1     13  11   7    48     6.517    2206.036       32.5       42.8      9.117   6.517   0.000   0.000  0.295046  0.797915  1.476634  1.000000
     55   1     13  13   1    24     6.517    2206.036       16.3       21.4      4.558   6.517   0.000   0.000  0.295046  0.797915  1.476634  1.000000
     56   1     17   5   5    24     6.517    2206.036       16.3       21.4      4.558   6.517   0.000   0.000  0.295046  0.797915  1.476634  1.000000
     57   1     17   7   1    48     6.517    2206.036       32.5       42.8      9.117   6.517   0.000   0.000  0.295046  0.797915  1.476634  1.000000
     58   1     16   8   4    48     6.527    2215.863       68.1       78.5     25.086   6.527   0.000   0.000  0.296361  0.794376  1.451285  1.000000
     59   1     14  10   6    48     6.540    2229.171        0.0        0.0      0.000   6.540   0.000   0.000  0.298141  0.789634  1.417836  1.000000
     60   1     18   2   2    24     6.540    2229.171        0.0        0.0      0.000   6.540   0.000   0.000  0.298141  0.789634  1.417836  1.000000

   No.  Code     H   K   L  Mult     Hw     2theta/TOF      Icalc       Iobs      Sigma    HwG     HwL     ETA     d-hkl  TOF_alpha  TOF_beta     CORR

     61   1     13   9   9    24     6.544    2232.536       18.4       12.6      8.554   6.544   0.000   0.000  0.298591  0.788444  1.409536  1.000000
     62   1     15   9   5    48     6.544    2232.536       36.8       25.3     17.109   6.544   0.000   0.000  0.298591  0.788444  1.409536  1.000000
     63   1     16   6   6    24     6.554    2242.722       38.5       11.1     13.906   6.554   0.000   0.000  0.299953  0.784863  1.384788  1.000000
     64   1     18   2   0    24     6.554    2242.722       38.5       11.1     13.906   6.554   0.000   0.000  0.299953  0.784863  1.384788  1.000000
     65   1     12  12   6    24     6.568    2256.524        0.0        0.0      0.000   6.568   0.000   0.000  0.301799  0.780062  1.352140  1.000000
     66   1     14   8   8    24     6.568    2256.524        0.0        0.0      0.000   6.568   0.000   0.000  0.301799  0.780062  1.352140  1.000000
     67   1     16   8   2    48     6.568    2256.524        0.0        0.0      0.000   6.568   0.000   0.000  0.301799  0.780062  1.352140  1.000000
     68   1     15   7   7    24     6.572    2260.014       20.8        0.0      7.033   6.572   0.000   0.000  0.302266  0.778857  1.344041  1.000000
     69   1     11  11   9    24     6.572    2260.014       20.8        0.0      7.033   6.572   0.000   0.000  0.302266  0.778857  1.344040  1.000000
     70   1     17   5   3    48     6.572    2260.014       41.6        0.0     14.066   6.572   0.000   0.000  0.302266  0.778857  1.344040  1.000000
     71   1     16   8   0    24     6.582    2270.583       43.5        7.7     24.551   6.582   0.000   0.000  0.303679  0.775232  1.319893  1.000000
     72   1     15   9   3    48     6.601    2288.533       47.1       26.9      9.672   6.601   0.000   0.000  0.306080  0.769152  1.280147  1.000000
     73   1     13  11   5    48     6.601    2288.533       47.1       26.9      9.672   6.601   0.000   0.000  0.306080  0.769152  1.280147  1.000000
     74   1     17   5   1    48     6.601    2288.533       47.1       26.9      9.672   6.601   0.000   0.000  0.306080  0.769152  1.280147  1.000000
     75   1     14  10   4    48     6.612    2299.509       98.6      110.9     26.498   6.612   0.000   0.000  0.307548  0.765480  1.256601  1.000000
     76   1     12  10   8    48     6.627    2314.393        0.0        0.0      0.000   6.627   0.000   0.000  0.309539  0.760558  1.225555  1.000000
     77   1     16   6   4    48     6.627    2314.393        0.0        0.0      0.000   6.627   0.000   0.000  0.309539  0.760558  1.225555  1.000000
     78   1     15   9   1    48     6.631    2318.159       53.3       63.0     19.106   6.631   0.000   0.000  0.310042  0.759322  1.217856  1.000000
     79   1     17   3   3    24     6.631    2318.159       26.7       31.5      9.553   6.631   0.000   0.000  0.310042  0.759322  1.217856  1.000000
     80   1     12  12   4    24     6.643    2329.569       55.9      104.3     26.312   6.643   0.000   0.000  0.311568  0.755603  1.194910  1.000000
     81   1     10  10  10     8     6.659    2345.049        0.0        0.0      0.000   6.659   0.000   0.000  0.313639  0.750615  1.164666  1.000000
     82   1     14  10   2    48     6.659    2345.049        0.0        0.0      0.000   6.659   0.000   0.000  0.313639  0.750615  1.164666  1.000000
     83   1     13   9   7    48     6.663    2348.967       60.5       82.6      7.901   6.663   0.000   0.000  0.314163  0.749363  1.157168  1.000000
     84   1     13  11   3    48     6.663    2348.967       60.5       82.6      7.901   6.663   0.000   0.000  0.314163  0.749363  1.157168  1.000000
     85   1     15   7   5    48     6.663    2348.967       60.5       82.6      7.901   6.663   0.000   0.000  0.314163  0.749363  1.157168  1.000000
     86   1     17   3   1    48     6.663    2348.967       60.5       82.6      7.901   6.663   0.000   0.000  0.314163  0.749363  1.157168  1.000000
     87   1     14   8   6    48     6.675    2360.840      126.6      235.2     12.907   6.675   0.000   0.000  0.315751  0.745594  1.134823  1.000000
     88   1     14  10   0    24     6.675    2360.840       63.3      117.6      6.453   6.675   0.000   0.000  0.315751  0.745594  1.134823  1.000000
     89   1     16   6   2    48     6.675    2360.840      126.6      235.2     12.907   6.675   0.000   0.000  0.315751  0.745594  1.134823  1.000000
     90   1     12  12   2    24     6.692    2376.955        0.0        0.0      0.000   6.692   0.000   0.000  0.317906  0.740539  1.105380  1.000000
     91   1     11  11   7    24     6.696    2381.036       34.3       75.1      7.715   6.696   0.000   0.000  0.318452  0.739270  1.098081  1.000000
     92   1     13  11   1    48     6.696    2381.036       68.6      150.2     15.431   6.696   0.000   0.000  0.318452  0.739270  1.098081  1.000000
     93   1     17   1   1    24     6.696    2381.036       34.3       75.1      7.715   6.696   0.000   0.000  0.318452  0.739270  1.098081  1.000000
     94   1     16   4   4    24     6.709    2393.405       72.1      144.9     20.252   6.709   0.000   0.000  0.320106  0.735450  1.076338  1.000000
     95   1     12  12   0    12     6.709    2393.405       36.1       72.5     10.127   6.709   0.000   0.000  0.320106  0.735450  1.076337  1.000000
     96   1     15   7   3    48     6.731    2414.456       78.2      130.3     21.343   6.731   0.000   0.000  0.322922  0.729038  1.040597  1.000000
     97   1     11   9   9    24     6.731    2414.456       39.1       65.1     10.671   6.731   0.000   0.000  0.322922  0.729038  1.040597  1.000000
     98   1     12  10   6    48     6.745    2427.356      164.0      306.2     31.440   6.745   0.000   0.000  0.324647  0.725163  1.019454  1.000000
     99   1     14   8   4    48     6.763    2444.882        0.0        0.0      0.000   6.763   0.000   0.000  0.326991  0.719965  0.991613  1.000000
    100   1     16   4   2    48     6.763    2444.882        0.0        0.0      0.000   6.763   0.000   0.000  0.326991  0.719965  0.991613  1.000000
    101   1     15   7   1    48     6.768    2449.323       89.1      118.9     13.768   6.768   0.000   0.000  0.327585  0.718659  0.984716  1.000000
    102   1     13   9   5    48     6.768    2449.323       89.1      118.9     13.768   6.768   0.000   0.000  0.327585  0.718659  0.984716  1.000000
    103   1     15   5   5    24     6.768    2449.323       44.5       59.5      6.884   6.768   0.000   0.000  0.327585  0.718659  0.984716  1.000000
    104   1     16   4   0    24     6.782    2462.793       93.5      170.4     16.533   6.782   0.000   0.000  0.329387  0.714729  0.964173  1.000000
    105   1     12   8   8    24     6.782    2462.794       93.5      170.4     16.534   6.782   0.000   0.000  0.329387  0.714729  0.964173  1.000000
    106   1     14   6   6    24     6.802    2481.104        0.0        0.0      0.000   6.802   0.000   0.000  0.331836  0.709454  0.937134  1.000000
    107   1     13   7   7    24     6.807    2485.746       50.8       91.0     15.739   6.807   0.000   0.000  0.332456  0.708129  0.930437  1.000000
    108   1     11  11   5    24     6.807    2485.747       50.8       91.0     15.739   6.807   0.000   0.000  0.332456  0.708129  0.930436  1.000000
    109   1     10  10   8    24     6.822    2499.830      106.9      141.3      9.254   6.822   0.000   0.000  0.334340  0.704139  0.910495  1.000000
    110   1     14   8   2    48     6.822    2499.830      213.7      282.7     18.508   6.822   0.000   0.000  0.334340  0.704139  0.910495  1.000000
    111   1     16   2   2    24     6.822    2499.830      106.9      141.3      9.254   6.822   0.000   0.000  0.334340  0.704139  0.910495  1.000000
    112   1     12  10   4    48     6.843    2518.986        0.0        0.0      0.000   6.843   0.000   0.000  0.336902  0.698785  0.884256  1.000000
    113   1     13   9   3    48     6.848    2523.844      116.3      179.8     18.300   6.848   0.000   0.000  0.337552  0.697440  0.877760  1.000000
    114   1     15   5   3    48     6.848    2523.844      116.3      179.8     18.300   6.848   0.000   0.000  0.337552  0.697440  0.877760  1.000000
    115   1     16   0   0     6     6.864    2538.590       30.6       77.4     30.173   6.864   0.000   0.000  0.339524  0.693389  0.858419  1.000000
    116   1     11   9   7    48     6.892    2563.750      133.2      150.4     10.968   6.892   0.000   0.000  0.342889  0.686584  0.826685  1.000000
    117   1     11  11   3    24     6.892    2563.750       66.6       75.2      5.484   6.892   0.000   0.000  0.342889  0.686584  0.826685  1.000000
    118   1     13   9   1    48     6.892    2563.750      133.2      150.4     10.968   6.892   0.000   0.000  0.342889  0.686584  0.826685  1.000000
    119   1     15   5   1    48     6.892    2563.750      133.2      150.4     10.968   6.892   0.000   0.000  0.342889  0.686584  0.826685  1.000000
    120   1     12  10   2    48     6.909    2579.209      280.5      400.5     19.354   6.909   0.000   0.000  0.344957  0.682468  0.807945  1.000000

   No.  Code     H   K   L  Mult     Hw     2theta/TOF      Icalc       Iobs      Sigma    HwG     HwL     ETA     d-hkl  TOF_alpha  TOF_beta     CORR

    121   1     14   6   4    48     6.909    2579.209      280.5      400.5     19.354   6.909   0.000   0.000  0.344957  0.682468  0.807945  1.000000
    122   1     12   8   6    48     6.932    2600.264        0.0        0.0      0.000   6.932   0.000   0.000  0.347773  0.676942  0.783309  1.000000
    123   1      9   9   9     8     6.938    2605.609       25.5       32.6      3.424   6.938   0.000   0.000  0.348487  0.675554  0.777213  1.000000
    124   1     11  11   1    24     6.938    2605.609       76.4       97.7     10.271   6.938   0.000   0.000  0.348487  0.675554  0.777213  1.000000
    125   1     13   7   5    48     6.938    2605.609      152.8      195.4     20.542   6.938   0.000   0.000  0.348487  0.675554  0.777213  1.000000
    126   1     15   3   3    24     6.938    2605.609       76.4       97.7     10.271   6.938   0.000   0.000  0.348487  0.675554  0.777213  1.000000
    127   1     10  10   6    24     6.980    2643.969        0.0        0.0      0.000   6.980   0.000   0.000  0.353618  0.665752  0.735239  1.000000
    128   1     14   6   2    48     6.980    2643.969        0.0        0.0      0.000   6.980   0.000   0.000  0.353618  0.665752  0.735239  1.000000
    129   1     15   3   1    48     6.986    2649.589      175.9       38.4     36.242   6.986   0.000   0.000  0.354369  0.664340  0.729343  1.000000
    130   1     14   6   0    24     7.006    2666.665      185.4      172.1     38.035   7.006   0.000   0.000  0.356653  0.660086  0.711805  1.000000
    131   1     10   8   8    24     7.032    2689.955        0.0        0.0      0.000   7.032   0.000   0.000  0.359768  0.654371  0.688771  1.000000
    132   1     14   4   4    24     7.032    2689.955        0.0        0.0      0.000   7.032   0.000   0.000  0.359768  0.654371  0.688771  1.000000
    133   1     11   9   5    48     7.038    2695.874      202.8      215.2     16.274   7.038   0.000   0.000  0.360560  0.652935  0.683075  1.000000
    134   1     13   7   3    48     7.038    2695.874      202.8      215.2     16.274   7.038   0.000   0.000  0.360560  0.652935  0.683075  1.000000
    135   1     15   1   1    24     7.038    2695.874      101.4      107.6      8.137   7.038   0.000   0.000  0.360560  0.652935  0.683075  1.000000
    136   1     12   8   4    48     7.059    2713.866      428.4      741.5     40.805   7.059   0.000   0.000  0.362966  0.648606  0.666138  1.000000
    137   1     11   7   7    24     7.094    2744.672      117.3      167.5     10.090   7.094   0.000   0.000  0.367086  0.641326  0.638410  1.000000
    138   1     13   5   5    24     7.094    2744.671      117.3      167.5     10.090   7.094   0.000   0.000  0.367086  0.641326  0.638410  1.000000
    139   1     13   7   1    48     7.094    2744.672      234.5      335.0     20.179   7.094   0.000   0.000  0.367086  0.641326  0.638410  1.000000
    140   1     10  10   4    24     7.115    2763.666      247.9      364.5     11.664   7.115   0.000   0.000  0.369627  0.636918  0.622073  1.000000
    141   1     12   6   6    24     7.115    2763.666      247.9      364.5     11.664   7.115   0.000   0.000  0.369627  0.636918  0.622073  1.000000
    142   1     14   4   2    48     7.115    2763.666      495.7      728.9     23.328   7.115   0.000   0.000  0.369627  0.636918  0.622073  1.000000
    143   1     12   8   2    48     7.145    2789.617        0.0        0.0      0.000   7.145   0.000   0.000  0.373098  0.630993  0.600642  1.000000
    144   1      9   9   7    24     7.153    2796.219      135.9      235.7     14.396   7.153   0.000   0.000  0.373981  0.629503  0.595347  1.000000
    145   1     11   9   3    48     7.153    2796.219      271.8      471.5     28.792   7.153   0.000   0.000  0.373981  0.629503  0.595347  1.000000
    146   1     12   8   0    24     7.176    2816.312      287.5      489.5     42.687   7.176   0.000   0.000  0.376668  0.625012  0.579611  1.000000
    147   1     10  10   2    24     7.207    2843.789        0.0        0.0      0.000   7.207   0.000   0.000  0.380343  0.618973  0.558981  1.000000
    148   1     14   2   2    24     7.207    2843.789        0.0        0.0      0.000   7.207   0.000   0.000  0.380343  0.618973  0.558981  1.000000
    149   1     13   5   3    48     7.216    2850.784      316.0      374.9     22.581   7.216   0.000   0.000  0.381278  0.617454  0.553886  1.000000
    150   1     11   9   1    48     7.216    2850.785      316.0      374.9     22.580   7.216   0.000   0.000  0.381278  0.617454  0.553886  1.000000
    151   1     10   8   6    48     7.240    2872.086      669.3      887.4     28.617   7.240   0.000   0.000  0.384127  0.612875  0.538752  1.000000
    152   1     10  10   0    12     7.240    2872.086      167.3      221.8      7.154   7.240   0.000   0.000  0.384127  0.612875  0.538752  1.000000
    153   1     14   2   0    24     7.240    2872.086      334.6      443.7     14.309   7.240   0.000   0.000  0.384127  0.612875  0.538752  1.000000
    154   1     12   6   4    48     7.275    2901.245        0.0        0.0      0.000   7.275   0.000   0.000  0.388027  0.606715  0.518922  1.000000
    155   1     11   7   5    48     7.283    2908.675      368.6      382.7     23.826   7.283   0.000   0.000  0.389021  0.605165  0.514028  1.000000
    156   1     13   5   1    48     7.283    2908.675      368.6      382.7     23.826   7.283   0.000   0.000  0.389021  0.605165  0.514028  1.000000
    157   1      8   8   8     8     7.310    2931.311      130.2      131.8     44.361   7.310   0.000   0.000  0.392048  0.600492  0.499494  1.000000
    158   1      9   9   5    24     7.356    2970.241      215.6       48.0     23.112   7.356   0.000   0.000  0.397255  0.592622  0.475772  1.000000
    159   1     13   3   3    24     7.356    2970.241      215.6       48.0     23.112   7.356   0.000   0.000  0.397255  0.592622  0.475772  1.000000
    160   1     12   6   2    48     7.385    2994.356      915.8      797.5     51.566   7.385   0.000   0.000  0.400480  0.587849  0.461839  1.000000
    161   1     10   8   4    48     7.424    3027.445        0.0        0.0      0.000   7.424   0.000   0.000  0.404906  0.581424  0.443613  1.000000
    162   1      9   7   7    24     7.434    3035.889      253.2      223.7     10.582   7.434   0.000   0.000  0.406035  0.579807  0.439119  1.000000
    163   1     11   7   3    48     7.434    3035.889      506.4      447.4     21.163   7.434   0.000   0.000  0.406035  0.579807  0.439119  1.000000
    164   1     13   3   1    48     7.434    3035.889      506.4      447.4     21.163   7.434   0.000   0.000  0.406035  0.579807  0.439119  1.000000
    165   1     12   4   4    24     7.465    3061.654      538.4      619.9     51.417   7.465   0.000   0.000  0.409481  0.574927  0.425786  1.000000
    166   1     10   6   6    24     7.508    3097.050        0.0        0.0      0.000   7.508   0.000   0.000  0.414215  0.568357  0.408361  1.000000
    167   1      9   9   3    24     7.519    3106.093      298.6      298.7     11.155   7.519   0.000   0.000  0.415425  0.566702  0.404067  1.000000
    168   1     11   5   5    24     7.519    3106.093      298.6      298.7     11.155   7.519   0.000   0.000  0.415425  0.566702  0.404067  1.000000
    169   1     11   7   1    48     7.519    3106.093      597.1      597.4     22.310   7.519   0.000   0.000  0.415425  0.566702  0.404067  1.000000
    170   1     13   1   1    24     7.519    3106.093      298.6      298.7     11.155   7.519   0.000   0.000  0.415425  0.566702  0.404067  1.000000
    171   1     10   8   2    48     7.553    3133.703     1272.0     1457.5     58.734   7.553   0.000   0.000  0.419117  0.561709  0.391336  1.000000
    172   1      8   8   6    24     7.599    3171.688        0.0        0.0      0.000   7.599   0.000   0.000  0.424198  0.554982  0.374712  1.000000
    173   1     12   4   2    48     7.599    3171.688        0.0        0.0      0.000   7.599   0.000   0.000  0.424198  0.554982  0.374712  1.000000
    174   1      9   9   1    24     7.611    3181.403      353.6      130.0     50.763   7.611   0.000   0.000  0.425497  0.553287  0.370619  1.000000
    175   1     12   4   0    24     7.648    3211.090      754.4      686.8     56.780   7.648   0.000   0.000  0.429467  0.548172  0.358488  1.000000
    176   1      9   7   5    48     7.711    3262.470      841.6      915.4     30.364   7.711   0.000   0.000  0.436339  0.539539  0.338772  1.000000
    177   1     11   5   3    48     7.711    3262.470      841.6      915.4     30.364   7.711   0.000   0.000  0.436339  0.539539  0.338772  1.000000
    178   1     12   2   2    24     7.751    3294.509      899.6     1013.8     23.287   7.751   0.000   0.000  0.440624  0.534292  0.327243  1.000000
    179   1     10   6   4    48     7.751    3294.509     1799.2     2027.7     46.575   7.751   0.000   0.000  0.440624  0.534292  0.327243  1.000000
    180   1      7   7   7     8     7.821    3350.069      167.8      158.9      8.603   7.821   0.000   0.000  0.448055  0.525431  0.308528  1.000000

   No.  Code     H   K   L  Mult     Hw     2theta/TOF      Icalc       Iobs      Sigma    HwG     HwL     ETA     d-hkl  TOF_alpha  TOF_beta     CORR

    181   1     11   5   1    48     7.821    3350.069     1006.9      953.5     51.617   7.821   0.000   0.000  0.448055  0.525431  0.308528  1.000000
    182   1      8   8   4    24     7.865    3384.786     1078.6     1031.3     51.683   7.865   0.000   0.000  0.452698  0.520041  0.297599  1.000000
    183   1     12   0   0     6     7.865    3384.786      269.6      257.8     12.921   7.865   0.000   0.000  0.452698  0.520041  0.297599  1.000000
    184   1     10   6   2    48     7.926    3432.800        0.0        0.0      0.000   7.926   0.000   0.000  0.459120  0.512768  0.283378  1.000000
    185   1      9   7   3    48     7.942    3445.126     1211.8     1163.1     44.026   7.942   0.000   0.000  0.460769  0.510933  0.279886  1.000000
    186   1     11   3   3    24     7.942    3445.126      605.9      581.5     22.013   7.942   0.000   0.000  0.460769  0.510933  0.279886  1.000000
    187   1      8   6   6    24     7.990    3482.916     1301.2     1342.2     37.530   7.990   0.000   0.000  0.465823  0.505389  0.269558  1.000000
    188   1     10   6   0    24     7.990    3482.916     1301.2     1342.2     37.530   7.990   0.000   0.000  0.465823  0.505389  0.269558  1.000000
    189   1      8   8   2    24     8.057    3535.293        0.0        0.0      0.000   8.057   0.000   0.000  0.472828  0.497902  0.256139  1.000000
    190   1     10   4   4    24     8.057    3535.293        0.0        0.0      0.000   8.057   0.000   0.000  0.472828  0.497902  0.256139  1.000000
    191   1      9   5   5    24     8.075    3548.761      734.1      680.9     15.185   8.075   0.000   0.000  0.474629  0.496012  0.252846  1.000000
    192   1      9   7   1    48     8.075    3548.761     1468.2     1361.8     30.371   8.075   0.000   0.000  0.474629  0.496012  0.252846  1.000000
    193   1     11   3   1    48     8.075    3548.762     1468.2     1361.9     30.370   8.075   0.000   0.000  0.474629  0.496012  0.252846  1.000000
    194   1      8   8   0    12     8.128    3590.108      790.3      382.8     65.815   8.128   0.000   0.000  0.480159  0.490300  0.243120  1.000000
    195   1      7   7   5    24     8.223    3662.350      896.0      640.8     34.456   8.223   0.000   0.000  0.489821  0.480628  0.227409  1.000000
    196   1     11   1   1    24     8.223    3662.350      896.0      640.8     34.456   8.223   0.000   0.000  0.489821  0.480628  0.227409  1.000000
    197   1     10   4   2    48     8.282    3707.847     3870.6     3648.1     86.212   8.282   0.000   0.000  0.495906  0.474731  0.218283  1.000000
    198   1      8   6   4    48     8.366    3771.234        0.0        0.0      0.000   8.366   0.000   0.000  0.504384  0.466752  0.206466  1.000000
    199   1      9   5   3    48     8.388    3787.595     2206.0     1544.7     85.669   8.388   0.000   0.000  0.506572  0.464735  0.203574  1.000000
    200   1     10   2   2    24     8.549    3908.414        0.0        0.0      0.000   8.549   0.000   0.000  0.522731  0.450369  0.184033  1.000000
    201   1      6   6   6     8     8.549    3908.414        0.0        0.0      0.000   8.549   0.000   0.000  0.522731  0.450369  0.184033  1.000000
    202   1      7   7   3    24     8.574    3926.635     1371.0     1370.6     29.086   8.574   0.000   0.000  0.525168  0.448279  0.181342  1.000000
    203   1      9   5   1    48     8.574    3926.635     2742.1     2741.2     58.173   8.574   0.000   0.000  0.525168  0.448279  0.181342  1.000000
    204   1      8   6   2    48     8.650    3982.867     5967.0     6359.8     74.636   8.650   0.000   0.000  0.532689  0.441950  0.173418  1.000000
    205   1     10   2   0    24     8.650    3982.867     2983.5     3179.9     37.318   8.650   0.000   0.000  0.532689  0.441950  0.173418  1.000000
    206   1      7   7   1    24     8.785    4082.205     1723.4     1693.6     31.796   8.785   0.000   0.000  0.545975  0.431196  0.160712  1.000000
    207   1      7   5   5    24     8.785    4082.205     1723.4     1693.6     31.796   8.785   0.000   0.000  0.545975  0.431196  0.160712  1.000000
    208   1      9   3   3    24     8.785    4082.205     1723.4     1693.6     31.796   8.785   0.000   0.000  0.545975  0.431196  0.160712  1.000000
    209   1      8   4   4    24     8.872    4145.499     3767.8     3657.6     98.609   8.872   0.000   0.000  0.554440  0.424612  0.153389  1.000000
    210   1      9   3   1    48     9.027    4257.863     4389.9     3961.4     96.491   9.027   0.000   0.000  0.569468  0.413407  0.141684  1.000000
    211   1      6   6   4    24     9.127    4329.833     4825.2     4152.6    106.610   9.127   0.000   0.000  0.579094  0.406535  0.134962  1.000000
    212   1      8   4   2    48     9.270    4431.725        0.0        0.0      0.000   9.270   0.000   0.000  0.592721  0.397188  0.126349  1.000000
    213   1      7   5   3    48     9.307    4458.342     5678.4     5743.6     77.526   9.307   0.000   0.000  0.596281  0.394817  0.124258  1.000000
    214   1      9   1   1    24     9.307    4458.342     2839.2     2871.8     38.763   9.307   0.000   0.000  0.596281  0.394817  0.124258  1.000000
    215   1      8   4   0    24     9.424    4541.167     6282.6     5711.8    114.949   9.424   0.000   0.000  0.607359  0.387616  0.118137  1.000000
    216   1      6   6   2    24     9.592    4659.139        0.0        0.0      0.000   9.592   0.000   0.000  0.623137  0.377801  0.110326  1.000000
    217   1      5   5   5     8     9.636    4690.097     1247.2     1182.8     17.263   9.636   0.000   0.000  0.627277  0.375308  0.108435  1.000000
    218   1      7   5   1    48     9.636    4690.097     7483.4     7096.9    103.581   9.636   0.000   0.000  0.627277  0.375308  0.108435  1.000000
    219   1      8   2   2    24     9.775    4786.810     8346.4     8149.8     92.328   9.775   0.000   0.000  0.640212  0.367725  0.102915  1.000000
    220   1      6   6   0    12     9.775    4786.810     4173.2     4074.9     46.164   9.775   0.000   0.000  0.640212  0.367725  0.102915  1.000000
    221   1      6   4   4    24     9.976    4925.587        0.0        0.0      0.000   9.976   0.000   0.000  0.658773  0.357364  0.095905  1.000000
    222   1      7   3   3    24    10.029    4962.209     5045.3     4302.2    116.027  10.029   0.000   0.000  0.663671  0.354727  0.094215  1.000000
    223   1      8   0   0     6    10.197    5077.179     2841.8     2694.3    115.506  10.197   0.000   0.000  0.679048  0.346694  0.089295  1.000000
    224   1      5   5   3    24    10.507    5287.939     7001.3     7370.8     53.716  10.507   0.000   0.000  0.707236  0.332876  0.081596  1.000000
    225   1      7   3   1    48    10.507    5287.939    14002.6    14741.7    107.432  10.507   0.000   0.000  0.707236  0.332876  0.081596  1.000000
    226   1      6   4   2    48    10.715    5427.732    31952.7    33349.6    188.679  10.715   0.000   0.000  0.725933  0.324303  0.077277  1.000000
    227   1      5   5   1    24    11.104    5687.578    10082.9    10524.6     83.300  11.104   0.000   0.000  0.760686  0.309487  0.070580  1.000000
    228   1      7   1   1    24    11.104    5687.578    10082.9    10524.6     83.300  11.104   0.000   0.000  0.760686  0.309487  0.070580  1.000000
    229   1      4   4   4     8    11.369    5862.621     7800.0     7252.4    138.648  11.369   0.000   0.000  0.784097  0.300246  0.066862  1.000000
    230   1      6   2   2    24    11.766    6123.308        0.0        0.0      0.000  11.766   0.000   0.000  0.818962  0.287464  0.062255  1.000000
    231   1      5   3   3    24    11.874    6194.101    15262.7    15733.2    163.478  11.874   0.000   0.000  0.828431  0.284178  0.061166  1.000000
    232   1      6   2   0    24    12.225    6422.179    36259.3    38815.7    205.409  12.225   0.000   0.000  0.858935  0.274086  0.058049  1.000000
    233   1      4   4   2    24    12.765    6769.572        0.0        0.0      0.000  12.765   0.000   0.000  0.905397  0.260021  0.054244  1.000000
    234   1      5   3   1    48    12.915    6865.599    49579.9    51350.2    230.476  12.915   0.000   0.000  0.918240  0.256384  0.053355  1.000000
    235   1      4   4   0    12    13.408    7180.215    30482.7    32623.2    204.560  13.408   0.000   0.000  0.960319  0.245150  0.050839  1.000000
    236   1      5   1   1    24    14.417    7816.828    44825.8    46307.9    196.667  14.417   0.000   0.000  1.045462  0.225185  0.047146  1.000000
    237   1      3   3   3     8    14.417    7816.828    14941.9    15436.0     65.556  14.417   0.000   0.000  1.045462  0.225185  0.047146  1.000000
    238   1      4   2   2    24    15.176    8290.998   116628.4   119892.7    349.085  15.176   0.000   0.000  1.108880  0.212306  0.045231  1.000000
    239   1      3   3   1    24    16.838    9318.277    97407.4    98408.5    363.997  16.838   0.000   0.000  1.246274  0.188901  0.042539  1.000000
    240   1      4   0   0     6    18.205   10154.358    70594.4    70164.3    356.530  18.205   0.000   0.000  1.358096  0.173347  0.041225  1.000000

   No.  Code     H   K   L  Mult     Hw     2theta/TOF      Icalc       Iobs      Sigma    HwG     HwL     ETA     d-hkl  TOF_alpha  TOF_beta     CORR

    241   1      2   2   2     8    20.796   11725.242        0.0        0.0      0.000  20.796   0.000   0.000  1.568194  0.150123  0.039823  1.000000
    242   1      3   1   1    24    21.662   12246.616   312721.0   312049.3    854.915  21.662   0.000   0.000  1.637925  0.143732  0.039535  1.000000
    243   1      2   2   0    12    25.192   14360.431   607720.4   601662.9   1585.621  25.192   0.000   0.000  1.920637  0.122575  0.038821  1.000000
    244   1      1   1   1     8    40.564   23450.484  1508071.9  1534575.9   7018.346  40.564   0.000   0.000  3.136387  0.075062  0.038133  1.000000

     -----------------------------------------------------
     BRAGG R-Factors and weight fractions for Pattern #  1
     -----------------------------------------------------

 => Phase:  1     Standard-Si
 => Bragg R-factor:   2.04       Vol:  160.314( 0.000)  Fract(%):  100.00( 0.00)
 => Rf-factor=  13.9             ATZ:      129420.289   Brindley:  1.0000

     -----------------------------------------------------------------
      SYMBOLIC NAMES AND FINAL VALUES AND SIGMA OF REFINED PARAMETERS:
     -----------------------------------------------------------------


 ------------------------------------------------------------------
 => Number of bytes for floating point variables: 4
 => Dimensions of dynamic allocated arrays in this run of FullProf:
 ------------------------------------------------------------------

 => Total approximate array memory (dynamic + static): 132451053 bytes

    MaxPOINT=    80000 Max.num. of points(+int. Inten.)/diffraction pattern       
    MaxREFLT=    25000 Max.num. of reflections/diffraction pattern               
    MaxPARAM=      500 Max.num. of refinable parameters                          
    MaxOVERL=     9000 Max.num. of overlapping reflections                       

 ----------------------------------------------------------
 => Number of bytes for floating point arrays: 4
 => Dimensions of fixed arrays in this release of FullProf:
 ----------------------------------------------------------

    NPATT   =       80 Max.num. of powder diffraction patterns                    
    NATS    =      830 Max.num. of atoms (all kind) in asymmetric unit            
    MPAR    =     1800 Max.num. of non atomic parameters/phase                    
    IEXCL   =       30 Max.num. of excluded regions                               
    IBACP   =      377 Max.num. of background points for interpolation            
    NPHT    =       16 Max.num. of phases                                         
    NMAGM   =        8 Max.num. of rotation-matrices sets for magnetic structure  
    NBASIS  =       12 Max.num. of basis functions associated to a single atom    
    NIREPS  =        9 Max.num. of irreducible representations to be combined     
    N_EQ    =      384 Max.num. of user-supplied symmetry operators/propagation vectors
    NGL     =      400 Max.num. of global parameters/diffraction pattern          
    N_LINC  =       50 Max.num. of global linear restraints                        
    NAT_P   =       80 Max.num. of atomic parameters per atom                     
    NCONST  =     3500 Max.num. of slack constraints per phase                    
    N_SPE   =       30 Max.num. of different chemical species                     
    N_FORM  =       60 Max.num. of scattering factor values in a table            
    NPR     =      150 Max.num. of points defining a numerical profile            
    INPR    =       25 Max.num. of different numerical peak shapes                
    NPRC    =      150 Max.num. of terms in the table for correcting intensities  
    NSOL    =       10 Max.num. of solutions to be stored in Montecarlo searchs   

 
              CPU Time:     0.258 seconds
                            0.004 minutes

 => Run finished at:     Date: 09/06/2026  Time: 12:42:03.842                              
