

        **********************************************************
        ** PROGRAM FullProf.2k (Version 8.40 - Feb2026-ILL JRC) **
        **********************************************************
                       M U L T I -- P A T T E R N                 
            Rietveld, Profile Matching & Integrated Intensity     
                 Refinement of X-ray and/or Neutron Data


    Date: 09/06/2026  Time: 12:42:05.090                              

 => PCR file code: prnio
 => DAT file code: prnio                -> Relative contribution: 1.0000                                                            

 ==> CONDITIONS OF THIS RUN FOR PATTERN No.:  1

 => Refinement/Calculation of Neutron integrated intensity(Laue or monochromatic) data or Flipping Ratios                           

 ==> INPUT/OUTPUT OPTIONS:

 => Generate new input file *.PCR

 => Number of cycles:    5
 => Relaxation factors ==>    for coordinates:  1.00
 => for anisotropic temperature factors:  1.00
 => EPS-value for convergence:    0.2
 => Number of Least-Squares parameters varied:     0
 --------------------------------------------------------------------------------
 => Phase  No. 1
      Pr2NiO4:Sr                                                            
 --------------------------------------------------------------------------------
 =>-------> Pattern#  1
 => Integrated intensities or Flipping Ratios as observations for phase: 1
 => Crystal Structure Refinement

 =>-------> Data for PHASE: 1
 => Number of atoms:    6
 => Number of distance  constraints:    0
 => Number of angle     constraints:    0

 => Symmetry information on space group: F m m m             
 -> The multiplicity of the general position is:  32
 -> The space group is Centric (-1 at origin)   
 -> Lattice type  F: { 000;  0  1/2 1/2; 1/2  0  1/2; 1/2 1/2  0 }+
 -> Reduced set of symmetry operators:

  No.  IT   Symmetry symbol    Rotation part     Associated Translation
   1: ( 1)   1            -->     ( x, y, z) + {  0.0000  0.0000  0.0000}
   2: ( 4)   2 ( x, 0, 0) -->     ( x,-y,-z) + {  0.0000  0.0000  0.0000}
   3: ( 3)   2 ( 0, y, 0) -->     (-x, y,-z) + {  0.0000  0.0000  0.0000}
   4: ( 2)   2 ( 0, 0, z) -->     (-x,-y, z) + {  0.0000  0.0000  0.0000}


        Information on Space Group: 
        --------------------------- 

 =>   Number of Space group:  69
 =>  Hermann-Mauguin Symbol: F m m m
 =>             Hall Symbol: -F 2 2
 =>            Setting Type: IT (Generated from Hermann-Mauguin symbol)
 =>          Crystal System: Orthorhombic
 =>              Laue Class: mmm
 =>             Point Group: mmm
 =>         Bravais Lattice: F
 =>          Lattice Symbol: oF
 =>  Reduced Number of S.O.:   4
 =>    General multiplicity:  32
 =>          Centrosymmetry: Centric (-1 at origin)
 =>  Generators (exc. -1&L):   2
 =>         Asymmetric unit:  0.000 <= x <=  0.250
                              0.000 <= y <=  0.250
                              0.000 <= z <=  0.500
 => Centring vectors:  3
 => Latt( 1): (1/2,1/2,0)                          => Latt( 2): (1/2,0,1/2)                         
 => Latt( 3): (0,1/2,1/2)                                                                           

 => List of all Symmetry Operators and Symmetry Symbols

 => SYMM(  1): x,y,z                             Symbol: 1
 => SYMM(  2): x,-y,-z                           Symbol: 2 x,0,0
 => SYMM(  3): -x,y,-z                           Symbol: 2 0,y,0
 => SYMM(  4): -x,-y,z                           Symbol: 2 0,0,z
 => SYMM(  5): -x,-y,-z                          Symbol: -1 0,0,0
 => SYMM(  6): -x,y,z                            Symbol: m 0,y,z
 => SYMM(  7): x,-y,z                            Symbol: m x,0,z
 => SYMM(  8): x,y,-z                            Symbol: m x,y,0
 => SYMM(  9): x+1/2,y+1/2,z                     Symbol: t (1/2,1/2,0)
 => SYMM( 10): x+1/2,-y+1/2,-z                   Symbol: 2 (1/2,0,0) x,1/4,0
 => SYMM( 11): -x+1/2,y+1/2,-z                   Symbol: 2 (0,1/2,0) 1/4,y,0
 => SYMM( 12): -x+1/2,-y+1/2,z                   Symbol: 2 1/4,1/4,z
 => SYMM( 13): -x+1/2,-y+1/2,-z                  Symbol: -1 1/4,1/4,0
 => SYMM( 14): -x+1/2,y+1/2,z                    Symbol: b 1/4,y,z
 => SYMM( 15): x+1/2,-y+1/2,z                    Symbol: a x,1/4,z
 => SYMM( 16): x+1/2,y+1/2,-z                    Symbol: n (1/2,1/2,0) x,y,0
 => SYMM( 17): x+1/2,y,z+1/2                     Symbol: t (1/2,0,1/2)
 => SYMM( 18): x+1/2,-y,-z+1/2                   Symbol: 2 (1/2,0,0) x,0,1/4
 => SYMM( 19): -x+1/2,y,-z+1/2                   Symbol: 2 1/4,y,1/4
 => SYMM( 20): -x+1/2,-y,z+1/2                   Symbol: 2 (0,0,1/2) 1/4,0,z
 => SYMM( 21): -x+1/2,-y,-z+1/2                  Symbol: -1 1/4,0,1/4
 => SYMM( 22): -x+1/2,y,z+1/2                    Symbol: c 1/4,y,z
 => SYMM( 23): x+1/2,-y,z+1/2                    Symbol: n (1/2,0,1/2) x,0,z
 => SYMM( 24): x+1/2,y,-z+1/2                    Symbol: a x,y,1/4
 => SYMM( 25): x,y+1/2,z+1/2                     Symbol: t (0,1/2,1/2)
 => SYMM( 26): x,-y+1/2,-z+1/2                   Symbol: 2 x,1/4,1/4
 => SYMM( 27): -x,y+1/2,-z+1/2                   Symbol: 2 (0,1/2,0) 0,y,1/4
 => SYMM( 28): -x,-y+1/2,z+1/2                   Symbol: 2 (0,0,1/2) 0,1/4,z
 => SYMM( 29): -x,-y+1/2,-z+1/2                  Symbol: -1 0,1/4,1/4
 => SYMM( 30): -x,y+1/2,z+1/2                    Symbol: n (0,1/2,1/2) 0,y,z
 => SYMM( 31): x,-y+1/2,z+1/2                    Symbol: c x,1/4,z
 => SYMM( 32): x,y+1/2,-z+1/2                    Symbol: b x,y,1/4

 => Special Wyckoff Positions for F m m m
 
    Multp     Site        Representative Coordinates (centring translations excluded)
     16       o              x,y,0               x,-y,0              -x,y,0                                  
                             -x,-y,0                                                                         
 
     16       n              x,0,z               x,0,-z              -x,0,-z                                 
                             -x,0,z                                                                          
 
     16       m              0,y,z               0,-y,-z             0,y,-z                                  
                             0,-y,z                                                                          
 
     16       l              x,1/4,1/4           -x,1/4,3/4          -x,3/4,3/4                              
                             x,3/4,1/4                                                                       
 
     16       k              1/4,y,1/4           1/4,-y,3/4          3/4,-y,3/4                              
                             3/4,y,1/4                                                                       
 
     16       j              1/4,1/4,z           1/4,3/4,-z          3/4,3/4,-z                              
                             3/4,1/4,z                                                                       
 
      8       i              0,0,z               0,0,-z                                                      
 
      8       h              0,y,0               0,-y,0                                                      
 
      8       g              x,0,0               -x,0,0                                                      
 
      8       f              1/4,1/4,1/4         3/4,3/4,3/4                                                 
 
      8       e              1/4,1/4,0           1/4,3/4,0                                                   
 
      8       d              1/4,0,1/4           1/4,0,3/4                                                   
 
      8       c              0,1/4,1/4           0,1/4,3/4                                                   
 
      4       b              0,0,1/2                                                                         
 
      4       a              0,0,0                                                                           
 

 => Initial parameters ==>
 Atom    Ntyp                  X         Y         Z         B         occ.         in  fin  Spc  Mult
                             B11       B22       B33       B12       B13       B23
 Pr     PR                 0.50000   0.50000   0.35973   0.00000   2.00000           0    0    0    8
                 Codes:    0.00000   0.00000   0.00000   0.00000   0.00000
                 Betas:    0.00710   0.00710   0.00084   0.00000   0.00000   0.00000
                 Codes:    0.00000   0.00000   0.00000   0.00000   0.00000   0.00000
 Ni     NI                 0.00000   0.00000   0.00000   0.00000   1.00000           0    0    0    4
                 Codes:    0.00000   0.00000   0.00000   0.00000   0.00000
                 Betas:    0.00280   0.00280   0.00151   0.00000   0.00000   0.00000
                 Codes:    0.00000   0.00000   0.00000   0.00000   0.00000   0.00000
 O1     O                  0.25000   0.25000   0.00000   0.00000   2.00000           0    0    0    8
                 Codes:    0.00000   0.00000   0.00000   0.00000   0.00000
                 Betas:    0.00500   0.00500   0.00413  -0.00140   0.00000   0.00000
                 Codes:    0.00000   0.00000   0.00000   0.00000   0.00000   0.00000
 O2     O                  0.00000   0.00000   0.17385   0.00000   1.44593           0    0    0    8
                 Codes:    0.00000   0.00000   0.00000   0.00000   0.00000
                 Betas:    0.01716   0.01716   0.00045   0.00000   0.00000   0.00000
                 Codes:    0.00000   0.00000   0.00000   0.00000   0.00000   0.00000
 Oi     O                  0.25000   0.25000   0.25000   0.00000   0.14931           0    0    0    8
                 Codes:    0.00000   0.00000   0.00000   0.00000   0.00000
                 Betas:    0.01033   0.01176   0.00100   0.00000   0.00000   0.00000
                 Codes:    0.00000   0.00000   0.00000   0.00000   0.00000   0.00000
 Od     O                  0.07347   0.07347   0.17349   2.31435   0.59723           0    0    0   32
                 Codes:    0.00000   0.00000   0.00000   0.00000   0.00000

 => It is assumed that THE FIRST GIVEN SITE plus all the other atoms 
    occupying THE SAME POSITION have a total full occupation (no vacancies!)
  (if this is not the case, change the order of atoms to obtain correct values for the content of the unit cell)
    The phase contains sites partially occupied
      -> Atom: PR  ,  Chemical element: PR  Atomic Mass:   140.9077
      -> Atom: NI  ,  Chemical element: NI  Atomic Mass:    58.7000
      -> Atom: O   ,  Chemical element: O   Atomic Mass:    15.9994
      -> Atom: O   ,  Chemical element: O   Atomic Mass:    15.9994
      -> Atom: O   ,  Chemical element: O   Atomic Mass:    15.9994
      -> Atom: O   ,  Chemical element: O   Atomic Mass:    15.9994
 => The given value of ATZ is     104343.66 the program has calculated:      104343.66
    The value of ATZ given in the input PCR file will be used for quantitative analysis
 => The chemical content of the unit cell is: 
       8.0000 PR   +   4.0000 NI   +   8.0000 O    +   5.7837 O    +   0.5972 O    +   2.3889 O      
 => The normalized site occupation numbers in % are: 
     100.0000 Pr     :      100.0000 Ni     :      100.0000 O1     :       72.2965 O2     :        7.4655 Oi     :        7.4654 Od       
 => The density (volumic mass) of the compound is:    7.393 g/cm3

 =>-------> SCALE FACTORS, EXTINCTION AND CELL PARAMETERS FOR PATTERN:  1

 => Scale factors ( 1: 6) :   0.629800E-01   0.00000       0.00000       0.00000       0.00000       0.00000    

 => Extinction  parameters:         0.0001        0.0000        0.0000        0.0000        0.0000        0.0000        0.0000
 => Direct cell parameters:         5.4178        5.4146       12.4834       90.0000       90.0000       90.0000
 => Lambda/2    parameters:         0.0000


 ==> CODEWORDS FOR Scale and Extinction PARAMETERS for Pattern  1

 => Scale factors ( 1: 6):    0.000   0.000   0.000   0.000   0.000   0.000

 => Extinction parameters:    0.000   0.000   0.000   0.000   0.000   0.000   0.000


 => Cell constraints according to Laue symmetry: mmm  

        Metric information:
        -------------------

 => Direct cell parameters:

         a =       5.4178      b =       5.4146      c =      12.4834
     alpha =       90.000   beta =       90.000  gamma =       90.000
                        Direct Cell Volume =     366.2032

 => Reciprocal cell parameters:

         a*=     0.184577      b*=     0.184686      c*=     0.080106
     alpha*=       90.000   beta*=       90.000  gamma*=       90.000
                    Reciprocal Cell Volume =   0.00273072

 => Direct and Reciprocal Metric Tensors:

                   GD                                       GR
     29.3525      0.0000      0.0000          0.034069    0.000000    0.000000
      0.0000     29.3179      0.0000          0.000000    0.034109    0.000000
      0.0000      0.0000    155.8353          0.000000    0.000000    0.006417

 =>  Cartesian frame: x // a; z is along c*; y is within the ab-plane   

     Crystal_to_Orthonormal_Matrix              Orthonormal_to_Crystal Matrix
              Cr_Orth_cel                               Orth_Cr_cel  
      5.4178      0.0000      0.0000          0.184577   -0.000000   -0.000000
      0.0000      5.4146      0.0000          0.000000    0.184686   -0.000000
      0.0000      0.0000     12.4834          0.000000    0.000000    0.080106

     Busing-Levy B-matrix: Hc=B.H            Inverse of the Busing-Levy B-matrix
                BL_M                                      BL_Minv  
    0.184577    0.000000    0.000000            5.4178     -0.0000     -0.0000
    0.000000    0.184686   -0.000000            0.0000      5.4146      0.0000
    0.000000    0.000000    0.080106            0.0000      0.0000     12.4834
 => Header of the Integrated Intensity file:
 -> Title: Single crystal data of Pr2NiO4:Sr                                                                                       
 -> Format of data: (3i4,2f12.4,i4,3f8.0)                                       
 -> Wavelength (Angstr.):   0.8302
 -> Type of data:  F2 and Sig(F2) have been input                                                                                         
 -> Reflections included only when F2> 0.0* sF2
 -> Nobserv (I>n*sigma):    198 -> Total Number of reflections:        198
 -> SumF:      1661.1 SumF2:     21017.6 SumF2w:    941668.1

 => Weighting Scheme:
 => Conventional weight: w(H)=1.0/Variance(GobsH)

 => Scattering coefficients from internal table

 => Scattering lengths:

 PR     0.4580
 NI     1.0300
 O      0.5803
  
 
 => No optimization for routine tasks
 ++++++++++++++++++++++++++++++++++++++++++++++++++++++++++++++++++++++++++++++++++++++++++++++++++++++++++++++++++++++++++++++++++++

 => CYCLE No.:    1
 ------------------------------------------------------------------------------------------------------------------------------------
 => Phase  1 Name: Pr2NiO4:Sr
 ------------------------------------------------------------------------------------------------------------------------------------
 => New parameters, shifts, and standard deviations

 Atom        x       dx      sx       y       dy      sy       z       dz      sz       B       dB      sB      occ.    docc.   socc.

 Pr       0.50000 0.00000 0.00000  0.50000 0.00000 0.00000  0.35973 0.00000 0.00000  0.00000 0.00000 0.00000  2.00000 0.00000 0.00000
 Ni       0.00000 0.00000 0.00000  0.00000 0.00000 0.00000  0.00000 0.00000 0.00000  0.00000 0.00000 0.00000  1.00000 0.00000 0.00000
 O1       0.25000 0.00000 0.00000  0.25000 0.00000 0.00000  0.00000 0.00000 0.00000  0.00000 0.00000 0.00000  2.00000 0.00000 0.00000
 O2       0.00000 0.00000 0.00000  0.00000 0.00000 0.00000  0.17385 0.00000 0.00000  0.00000 0.00000 0.00000  1.44593 0.00000 0.00000
 Oi       0.25000 0.00000 0.00000  0.25000 0.00000 0.00000  0.25000 0.00000 0.00000  0.00000 0.00000 0.00000  0.14931 0.00000 0.00000
 Od       0.07347 0.00000 0.00000  0.07347 0.00000 0.00000  0.17349 0.00000 0.00000  2.31435 0.00000 0.00000  0.59723 0.00000 0.00000

 Atom         B11      DB11      SB11       B22      DB22      SB22       B33      DB33      SB33
              B12      DB12      SB12       B13      DB13      SB13       B23      DB23      SB23
 Pr      0.007100  0.000000  0.000000  0.007100  0.000000  0.000000  0.000840  0.000000  0.000000
         0.000000  0.000000  0.000000  0.000000  0.000000  0.000000  0.000000  0.000000  0.000000
 Ni      0.002800  0.000000  0.000000  0.002800  0.000000  0.000000  0.001510  0.000000  0.000000
         0.000000  0.000000  0.000000  0.000000  0.000000  0.000000  0.000000  0.000000  0.000000
 O1      0.005000  0.000000  0.000000  0.005000  0.000000  0.000000  0.004130  0.000000  0.000000
        -0.001400  0.000000  0.000000  0.000000  0.000000  0.000000  0.000000  0.000000  0.000000
 O2      0.017160  0.000000  0.000000  0.017160  0.000000  0.000000  0.000450  0.000000  0.000000
         0.000000  0.000000  0.000000  0.000000  0.000000  0.000000  0.000000  0.000000  0.000000
 Oi      0.010330  0.000000  0.000000  0.011760  0.000000  0.000000  0.001000  0.000000  0.000000
         0.000000  0.000000  0.000000  0.000000  0.000000  0.000000  0.000000  0.000000  0.000000
 Od      0.000000  0.000000  0.000000  0.000000  0.000000  0.000000  0.000000  0.000000  0.000000
         0.000000  0.000000  0.000000  0.000000  0.000000  0.000000  0.000000  0.000000  0.000000

 ==> SCALE, EXTINCTION, CELL PARAMETERS FOR PATTERN#  1

 => Scale factors ( 1: 6): 
             0.062980        0.000000        0.000000
             0.000000        0.000000        0.000000
             0.000000        0.000000        0.000000
             0.000000        0.000000        0.000000
             0.000000        0.000000        0.000000
             0.000000        0.000000        0.000000


 => Extinction Parameters: 
             0.000105        0.000000        0.000000
             0.000000        0.000000        0.000000
             0.000000        0.000000        0.000000
             0.000000        0.000000        0.000000
             0.000000        0.000000        0.000000
             0.000000        0.000000        0.000000
             0.000000        0.000000        0.000000


 => Lambda/2 param: 
              0.000000        0.000000        0.000000

 => Global user-weigthed Chi2 (Bragg contrib.):   10.9    

 => ---------> Pattern#  1
 => Phase:  1
 =>    RF2 -factor :   3.21    
 =>    RF2w-factor :   4.78    
 =>    RF  -factor :   2.26    
 =>    Chi2(Intens):   10.9    
 =>  N_eff Reflect.:    198 with I >  0.00 sigma
 ++++++++++++++++++++++++++++++++++++++++++++++++++++++++++++++++++++++++++++++++++++++++++++++++++++++++++++++++++++++++++++++++++++

 => CYCLE No.:    1
 =>  Convergence reached at this CYCLE !!!!
 =>  Parameter shifts set to zero
 ------------------------------------------------------------------------------------------------------------------------------------
 => Phase  1 Name: Pr2NiO4:Sr
 ------------------------------------------------------------------------------------------------------------------------------------
 => New parameters, shifts, and standard deviations

 Atom        x       dx      sx       y       dy      sy       z       dz      sz       B       dB      sB      occ.    docc.   socc.

 Pr       0.50000 0.00000 0.00000  0.50000 0.00000 0.00000  0.35973 0.00000 0.00000  0.00000 0.00000 0.00000  2.00000 0.00000 0.00000
 Ni       0.00000 0.00000 0.00000  0.00000 0.00000 0.00000  0.00000 0.00000 0.00000  0.00000 0.00000 0.00000  1.00000 0.00000 0.00000
 O1       0.25000 0.00000 0.00000  0.25000 0.00000 0.00000  0.00000 0.00000 0.00000  0.00000 0.00000 0.00000  2.00000 0.00000 0.00000
 O2       0.00000 0.00000 0.00000  0.00000 0.00000 0.00000  0.17385 0.00000 0.00000  0.00000 0.00000 0.00000  1.44593 0.00000 0.00000
 Oi       0.25000 0.00000 0.00000  0.25000 0.00000 0.00000  0.25000 0.00000 0.00000  0.00000 0.00000 0.00000  0.14931 0.00000 0.00000
 Od       0.07347 0.00000 0.00000  0.07347 0.00000 0.00000  0.17349 0.00000 0.00000  2.31435 0.00000 0.00000  0.59723 0.00000 0.00000

 Atom         B11      DB11      SB11       B22      DB22      SB22       B33      DB33      SB33
              B12      DB12      SB12       B13      DB13      SB13       B23      DB23      SB23
 Pr      0.007100  0.000000  0.000000  0.007100  0.000000  0.000000  0.000840  0.000000  0.000000
         0.000000  0.000000  0.000000  0.000000  0.000000  0.000000  0.000000  0.000000  0.000000

    U-Eigen Value (A**2) ----      Eigen vector(Orth. syst.)
        0.01056          ----    1.00000    0.00000    0.00000
        0.01055          ----    0.00000    1.00000    0.00000
        0.00663          ----    0.00000    0.00000    1.00000

    Isotropic temperature factor Uequiv(A**2):   0.0092
    Isotropic temperature factor Bequiv(A**2):   0.7299

     R.M.S. in ANGSTROMS ------       Angles with A, B, C
        0.10275          ----      0.000     90.000     90.000
        0.10269          ----     90.000      0.000     90.000
        0.08143          ----     90.000     90.000      0.000
 
 Ni      0.002800  0.000000  0.000000  0.002800  0.000000  0.000000  0.001510  0.000000  0.000000
         0.000000  0.000000  0.000000  0.000000  0.000000  0.000000  0.000000  0.000000  0.000000

    U-Eigen Value (A**2) ----      Eigen vector(Orth. syst.)
        0.00416          ----    1.00000    0.00000    0.00000
        0.00416          ----    0.00000    1.00000    0.00000
        0.01192          ----    0.00000    0.00000    1.00000

    Isotropic temperature factor Uequiv(A**2):   0.0067
    Isotropic temperature factor Bequiv(A**2):   0.5328

     R.M.S. in ANGSTROMS ------       Angles with A, B, C
        0.06453          ----      0.000     90.000     90.000
        0.06449          ----     90.000      0.000     90.000
        0.10918          ----     90.000     90.000      0.000
 
 O1      0.005000  0.000000  0.000000  0.005000  0.000000  0.000000  0.004130  0.000000  0.000000
        -0.001400  0.000000  0.000000  0.000000  0.000000  0.000000  0.000000  0.000000  0.000000

    U-Eigen Value (A**2) ----      Eigen vector(Orth. syst.)
        0.00951          ----    0.70785   -0.70636    0.00000
        0.00535          ----   -0.70636   -0.70785    0.00000
        0.03261          ----    0.00000    0.00000    1.00000

    Isotropic temperature factor Uequiv(A**2):   0.0158
    Isotropic temperature factor Bequiv(A**2):   1.2493

     R.M.S. in ANGSTROMS ------       Angles with A, B, C
        0.09753          ----     44.940    134.940     90.000
        0.07314          ----    134.940    135.060     90.000
        0.18057          ----     90.000     90.000      0.000
 
 O2      0.017160  0.000000  0.000000  0.017160  0.000000  0.000000  0.000450  0.000000  0.000000
         0.000000  0.000000  0.000000  0.000000  0.000000  0.000000  0.000000  0.000000  0.000000

    U-Eigen Value (A**2) ----      Eigen vector(Orth. syst.)
        0.02552          ----    1.00000    0.00000    0.00000
        0.02549          ----    0.00000    1.00000    0.00000
        0.00355          ----    0.00000    0.00000    1.00000

    Isotropic temperature factor Uequiv(A**2):   0.0182
    Isotropic temperature factor Bequiv(A**2):   1.4359

     R.M.S. in ANGSTROMS ------       Angles with A, B, C
        0.15974          ----      0.000     90.000     90.000
        0.15965          ----     90.000      0.000     90.000
        0.05960          ----     90.000     90.000      0.000
 
 Oi      0.010330  0.000000  0.000000  0.011760  0.000000  0.000000  0.001000  0.000000  0.000000
         0.000000  0.000000  0.000000  0.000000  0.000000  0.000000  0.000000  0.000000  0.000000

    U-Eigen Value (A**2) ----      Eigen vector(Orth. syst.)
        0.01536          ----    1.00000    0.00000    0.00000
        0.01747          ----    0.00000    1.00000    0.00000
        0.00789          ----    0.00000    0.00000    1.00000

    Isotropic temperature factor Uequiv(A**2):   0.0136
    Isotropic temperature factor Bequiv(A**2):   1.0718

     R.M.S. in ANGSTROMS ------       Angles with A, B, C
        0.12394          ----      0.000     90.000     90.000
        0.13216          ----     90.000      0.000     90.000
        0.08885          ----     90.000     90.000      0.000
 
 Od      0.000000  0.000000  0.000000  0.000000  0.000000  0.000000  0.000000  0.000000  0.000000
         0.000000  0.000000  0.000000  0.000000  0.000000  0.000000  0.000000  0.000000  0.000000

    U-Eigen Value (A**2) ----      Eigen vector(Orth. syst.)
        0.00000          ----    0.93753   -0.21290    0.27515
        0.00000          ----    0.15653    0.96445    0.21291
        0.00000          ----   -0.31070   -0.15653    0.93753

    Isotropic temperature factor Uequiv(A**2):   0.0000
    Isotropic temperature factor Bequiv(A**2):   0.0000

     R.M.S. in ANGSTROMS ------       Angles with A, B, C
        0.00000          ----     20.359    102.293     74.029
        0.00000          ----     80.994     15.323     77.707
        0.00000          ----    108.101     99.006     20.359
 

 ==> SCALE, EXTINCTION, CELL PARAMETERS FOR PATTERN#  1

 => Scale factors ( 1: 6): 
             0.062980        0.000000        0.000000
             0.000000        0.000000        0.000000
             0.000000        0.000000        0.000000
             0.000000        0.000000        0.000000
             0.000000        0.000000        0.000000
             0.000000        0.000000        0.000000


 => Extinction Parameters: 
             0.000105        0.000000        0.000000
             0.000000        0.000000        0.000000
             0.000000        0.000000        0.000000
             0.000000        0.000000        0.000000
             0.000000        0.000000        0.000000
             0.000000        0.000000        0.000000
             0.000000        0.000000        0.000000


 => Lambda/2 param: 
              0.000000        0.000000        0.000000

 => Global user-weigthed Chi2 (Bragg contrib.):   10.9    

 => ---------> Pattern#  1
 => Phase:  1
 =>    RF2 -factor :   3.21    
 =>    RF2w-factor :   4.78    
 =>    RF  -factor :   2.26    
 =>    Chi2(Intens):   10.9    
 =>  N_eff Reflect.:    198 with I >  0.00 sigma

 --------------------------------------------------------------------------------------------------------------------------------------------------------
 Pattern#  1 Phase No.:   1 Phase name: Pr2NiO4:Sr
 --------------------------------------------------------------------------------------------------------------------------------------------------------
 => F2cal= scale*Corr*F2
   h   k   l ivk   cod      F2obs         F2cal      F2cal(mag)     Dif/sig   Extinction(y)      Sinthet/lamb  Lambda/2-Contr    RMsFx       IMsFx       RMsFy       IMsFy       RMsFz       IMsFz         RMiVx       IMiVx       RMiVy       IMiVy       RMiVz       IMiVz
   2   0   0   0     1     175.6782     178.6803        0.0000       -1.4862     0.99972            0.18458       0.00000       0.00000     0.00000     0.00000     0.00000     0.00000     0.00000       0.00000     0.00000     0.00000     0.00000     0.00000     0.00000
   4   0   0   0     1     787.9925     796.7912        0.0000       -1.0487     0.99935            0.36915       0.00000       0.00000     0.00000     0.00000     0.00000     0.00000     0.00000       0.00000     0.00000     0.00000     0.00000     0.00000     0.00000
   6   0   0   0     1      55.4340      52.8261        0.0000        3.5941     0.99997            0.55373       0.00000       0.00000     0.00000     0.00000     0.00000     0.00000     0.00000       0.00000     0.00000     0.00000     0.00000     0.00000     0.00000
   0   2   0   0     1     177.2483     178.7782        0.0000       -1.0619     0.99972            0.18469       0.00000       0.00000     0.00000     0.00000     0.00000     0.00000     0.00000       0.00000     0.00000     0.00000     0.00000     0.00000     0.00000
   2   2   0   0     1    1035.9387     982.9596        0.0000        4.7323     0.99889            0.26111       0.00000       0.00000     0.00000     0.00000     0.00000     0.00000     0.00000       0.00000     0.00000     0.00000     0.00000     0.00000     0.00000
   4   2   0   0     1      86.5118      93.6541        0.0000       -7.6906     0.99993            0.41278       0.00000       0.00000     0.00000     0.00000     0.00000     0.00000     0.00000       0.00000     0.00000     0.00000     0.00000     0.00000     0.00000
   6   2   0   0     1     566.5186     561.8196        0.0000        1.0696     0.99968            0.58372       0.00000       0.00000     0.00000     0.00000     0.00000     0.00000     0.00000       0.00000     0.00000     0.00000     0.00000     0.00000     0.00000
   0   4   0   0     1     818.9590     796.0508        0.0000        3.7328     0.99935            0.36937       0.00000       0.00000     0.00000     0.00000     0.00000     0.00000     0.00000       0.00000     0.00000     0.00000     0.00000     0.00000     0.00000
   2   4   0   0     1      88.2765      93.8411        0.0000       -3.8753     0.99993            0.41292       0.00000       0.00000     0.00000     0.00000     0.00000     0.00000     0.00000       0.00000     0.00000     0.00000     0.00000     0.00000     0.00000
   4   4   0   0     1     648.0270     668.6450        0.0000       -4.1358     0.99959            0.52222       0.00000       0.00000     0.00000     0.00000     0.00000     0.00000     0.00000       0.00000     0.00000     0.00000     0.00000     0.00000     0.00000
   6   4   0   0     1      58.6803      58.5161        0.0000        0.0898     0.99997            0.66562       0.00000       0.00000     0.00000     0.00000     0.00000     0.00000     0.00000       0.00000     0.00000     0.00000     0.00000     0.00000     0.00000
   0   6   0   0     1      59.4019      53.1922        0.0000        4.3495     0.99997            0.55406       0.00000       0.00000     0.00000     0.00000     0.00000     0.00000     0.00000       0.00000     0.00000     0.00000     0.00000     0.00000     0.00000
   2   6   0   0     1     558.9791     560.8751        0.0000       -0.4352     0.99968            0.58399       0.00000       0.00000     0.00000     0.00000     0.00000     0.00000     0.00000       0.00000     0.00000     0.00000     0.00000     0.00000     0.00000
   4   6   0   0     1      59.4729      58.6858        0.0000        1.0010     0.99997            0.66577       0.00000       0.00000     0.00000     0.00000     0.00000     0.00000     0.00000       0.00000     0.00000     0.00000     0.00000     0.00000     0.00000
   1   1   1   0     1      56.7652      57.1815        0.0000       -0.7241     0.99988            0.13656       0.00000       0.00000     0.00000     0.00000     0.00000     0.00000     0.00000       0.00000     0.00000     0.00000     0.00000     0.00000     0.00000
   3   1   1   0     1      41.7464      42.7248        0.0000       -1.8676     0.99996            0.29459       0.00000       0.00000     0.00000     0.00000     0.00000     0.00000     0.00000       0.00000     0.00000     0.00000     0.00000     0.00000     0.00000
   5   1   1   0     1      26.7419      27.0436        0.0000       -0.5644     0.99998            0.47229       0.00000       0.00000     0.00000     0.00000     0.00000     0.00000     0.00000       0.00000     0.00000     0.00000     0.00000     0.00000     0.00000
   7   1   1   0     1      25.2044      24.3212        0.0000        1.6962     0.99999            0.65381       0.00000       0.00000     0.00000     0.00000     0.00000     0.00000     0.00000       0.00000     0.00000     0.00000     0.00000     0.00000     0.00000
   9   1   1   0     1      19.6393      19.6789        0.0000       -0.0450     0.99999            0.83667       0.00000       0.00000     0.00000     0.00000     0.00000     0.00000     0.00000       0.00000     0.00000     0.00000     0.00000     0.00000     0.00000
   1   3   1   0     1      42.1271      42.7244        0.0000       -1.1219     0.99996            0.29473       0.00000       0.00000     0.00000     0.00000     0.00000     0.00000     0.00000       0.00000     0.00000     0.00000     0.00000     0.00000     0.00000
   3   3   1   0     1      33.1617      34.0182        0.0000       -1.6775     0.99997            0.39370       0.00000       0.00000     0.00000     0.00000     0.00000     0.00000     0.00000       0.00000     0.00000     0.00000     0.00000     0.00000     0.00000
   5   3   1   0     1      32.8350      33.8047        0.0000       -1.8463     0.99998            0.53970       0.00000       0.00000     0.00000     0.00000     0.00000     0.00000     0.00000       0.00000     0.00000     0.00000     0.00000     0.00000     0.00000
   7   3   1   0     1      22.1332      21.0327        0.0000        2.1599     0.99999            0.70405       0.00000       0.00000     0.00000     0.00000     0.00000     0.00000     0.00000       0.00000     0.00000     0.00000     0.00000     0.00000     0.00000
   1   5   1   0     1      27.3004      27.0463        0.0000        0.5104     0.99998            0.47255       0.00000       0.00000     0.00000     0.00000     0.00000     0.00000     0.00000       0.00000     0.00000     0.00000     0.00000     0.00000     0.00000
   3   5   1   0     1      31.9012      33.8050        0.0000       -3.6037     0.99998            0.53985       0.00000       0.00000     0.00000     0.00000     0.00000     0.00000     0.00000       0.00000     0.00000     0.00000     0.00000     0.00000     0.00000
   5   5   1   0     1      23.9531      24.2699        0.0000       -0.6245     0.99999            0.65400       0.00000       0.00000     0.00000     0.00000     0.00000     0.00000     0.00000       0.00000     0.00000     0.00000     0.00000     0.00000     0.00000
   1   7   1   0     1      26.2984      24.3259        0.0000        3.7795     0.99999            0.65418       0.00000       0.00000     0.00000     0.00000     0.00000     0.00000     0.00000       0.00000     0.00000     0.00000     0.00000     0.00000     0.00000
   3   7   1   0     1      22.2453      21.0334        0.0000        0.9452     0.99999            0.70434       0.00000       0.00000     0.00000     0.00000     0.00000     0.00000     0.00000       0.00000     0.00000     0.00000     0.00000     0.00000     0.00000
   0   0   2   0     1      98.9310      97.0728        0.0000        1.6005     0.99965            0.08011       0.00000       0.00000     0.00000     0.00000     0.00000     0.00000     0.00000       0.00000     0.00000     0.00000     0.00000     0.00000     0.00000
   2   0   2   0     1      35.9547      36.5091        0.0000       -0.8527     0.99995            0.20121       0.00000       0.00000     0.00000     0.00000     0.00000     0.00000     0.00000       0.00000     0.00000     0.00000     0.00000     0.00000     0.00000
   4   0   2   0     1     138.5255     140.5561        0.0000       -1.1373     0.99989            0.37775       0.00000       0.00000     0.00000     0.00000     0.00000     0.00000     0.00000       0.00000     0.00000     0.00000     0.00000     0.00000     0.00000
   6   0   2   0     1       5.4487       4.8351        0.0000        2.7713     1.00000            0.55949       0.00000       0.00000     0.00000     0.00000     0.00000     0.00000     0.00000       0.00000     0.00000     0.00000     0.00000     0.00000     0.00000
   0   2   2   0     1      36.8131      36.5540        0.0000        0.5616     0.99995            0.20131       0.00000       0.00000     0.00000     0.00000     0.00000     0.00000     0.00000       0.00000     0.00000     0.00000     0.00000     0.00000     0.00000
   2   2   2   0     1     125.5642     121.5953        0.0000        3.5558     0.99987            0.27312       0.00000       0.00000     0.00000     0.00000     0.00000     0.00000     0.00000       0.00000     0.00000     0.00000     0.00000     0.00000     0.00000
   4   2   2   0     1      12.2524      14.0712        0.0000       -3.9799     0.99999            0.42048       0.00000       0.00000     0.00000     0.00000     0.00000     0.00000     0.00000       0.00000     0.00000     0.00000     0.00000     0.00000     0.00000
   6   2   2   0     1     135.1206     139.2969        0.0000       -1.2655     0.99992            0.58919       0.00000       0.00000     0.00000     0.00000     0.00000     0.00000     0.00000       0.00000     0.00000     0.00000     0.00000     0.00000     0.00000
   0   4   2   0     1     137.7475     140.8686        0.0000       -0.9557     0.99989            0.37796       0.00000       0.00000     0.00000     0.00000     0.00000     0.00000     0.00000       0.00000     0.00000     0.00000     0.00000     0.00000     0.00000
   2   4   2   0     1      13.2501      14.1432        0.0000       -2.3331     0.99999            0.42062       0.00000       0.00000     0.00000     0.00000     0.00000     0.00000     0.00000       0.00000     0.00000     0.00000     0.00000     0.00000     0.00000
   4   4   2   0     1     128.6454     130.7990        0.0000       -1.7762     0.99992            0.52832       0.00000       0.00000     0.00000     0.00000     0.00000     0.00000     0.00000       0.00000     0.00000     0.00000     0.00000     0.00000     0.00000
   6   4   2   0     1       4.8049       5.1885        0.0000       -1.7350     1.00000            0.67043       0.00000       0.00000     0.00000     0.00000     0.00000     0.00000     0.00000       0.00000     0.00000     0.00000     0.00000     0.00000     0.00000
   0   6   2   0     1       6.1752       4.9438        0.0000        5.2265     1.00000            0.55982       0.00000       0.00000     0.00000     0.00000     0.00000     0.00000     0.00000       0.00000     0.00000     0.00000     0.00000     0.00000     0.00000
   2   6   2   0     1     134.3564     139.7715        0.0000       -4.2003     0.99992            0.58946       0.00000       0.00000     0.00000     0.00000     0.00000     0.00000     0.00000       0.00000     0.00000     0.00000     0.00000     0.00000     0.00000
   4   6   2   0     1       5.5969       5.2392        0.0000        1.5228     1.00000            0.67058       0.00000       0.00000     0.00000     0.00000     0.00000     0.00000     0.00000       0.00000     0.00000     0.00000     0.00000     0.00000     0.00000
   1   1   3   0     1      36.8187      35.1867        0.0000        3.6154     0.99994            0.17743       0.00000       0.00000     0.00000     0.00000     0.00000     0.00000     0.00000       0.00000     0.00000     0.00000     0.00000     0.00000     0.00000
   3   1   3   0     1      67.5761      64.2886        0.0000        2.7389     0.99994            0.31563       0.00000       0.00000     0.00000     0.00000     0.00000     0.00000     0.00000       0.00000     0.00000     0.00000     0.00000     0.00000     0.00000
   5   1   3   0     1      88.1873      90.5645        0.0000       -2.4783     0.99994            0.48569       0.00000       0.00000     0.00000     0.00000     0.00000     0.00000     0.00000       0.00000     0.00000     0.00000     0.00000     0.00000     0.00000
   7   1   3   0     1      91.2915      96.0008        0.0000       -3.3563     0.99995            0.66356       0.00000       0.00000     0.00000     0.00000     0.00000     0.00000     0.00000       0.00000     0.00000     0.00000     0.00000     0.00000     0.00000
   1   3   3   0     1      66.1614      64.2897        0.0000        2.6568     0.99994            0.31575       0.00000       0.00000     0.00000     0.00000     0.00000     0.00000     0.00000       0.00000     0.00000     0.00000     0.00000     0.00000     0.00000
   3   3   3   0     1      70.9373      68.0790        0.0000        3.5370     0.99995            0.40968       0.00000       0.00000     0.00000     0.00000     0.00000     0.00000     0.00000       0.00000     0.00000     0.00000     0.00000     0.00000     0.00000
   5   3   3   0     1      89.9375      85.3013        0.0000        4.9579     0.99995            0.55146       0.00000       0.00000     0.00000     0.00000     0.00000     0.00000     0.00000       0.00000     0.00000     0.00000     0.00000     0.00000     0.00000
   7   3   3   0     1      69.5466      72.0805        0.0000       -1.3140     0.99996            0.71311       0.00000       0.00000     0.00000     0.00000     0.00000     0.00000     0.00000       0.00000     0.00000     0.00000     0.00000     0.00000     0.00000
   1   5   3   0     1      85.8034      90.5543        0.0000       -4.9951     0.99994            0.48594       0.00000       0.00000     0.00000     0.00000     0.00000     0.00000     0.00000       0.00000     0.00000     0.00000     0.00000     0.00000     0.00000
   3   5   3   0     1      87.7589      85.3002        0.0000        2.6555     0.99995            0.55161       0.00000       0.00000     0.00000     0.00000     0.00000     0.00000     0.00000       0.00000     0.00000     0.00000     0.00000     0.00000     0.00000
   5   5   3   0     1      64.1048      61.3490        0.0000        3.3993     0.99997            0.66374       0.00000       0.00000     0.00000     0.00000     0.00000     0.00000     0.00000       0.00000     0.00000     0.00000     0.00000     0.00000     0.00000
   1   7   3   0     1      90.2271      95.9813        0.0000       -5.7936     0.99995            0.66392       0.00000       0.00000     0.00000     0.00000     0.00000     0.00000     0.00000       0.00000     0.00000     0.00000     0.00000     0.00000     0.00000
   3   7   3   0     1      71.6226      72.0780        0.0000       -0.5086     0.99996            0.71339       0.00000       0.00000     0.00000     0.00000     0.00000     0.00000     0.00000       0.00000     0.00000     0.00000     0.00000     0.00000     0.00000
   0   0   4   0     1      59.1035      57.7320        0.0000        1.6170     0.99990            0.16021       0.00000       0.00000     0.00000     0.00000     0.00000     0.00000     0.00000       0.00000     0.00000     0.00000     0.00000     0.00000     0.00000
   2   0   4   0     1     109.3470     107.5493        0.0000        1.2957     0.99987            0.24441       0.00000       0.00000     0.00000     0.00000     0.00000     0.00000     0.00000       0.00000     0.00000     0.00000     0.00000     0.00000     0.00000
   4   0   4   0     1      79.1487      77.7322        0.0000        1.1644     0.99994            0.40242       0.00000       0.00000     0.00000     0.00000     0.00000     0.00000     0.00000       0.00000     0.00000     0.00000     0.00000     0.00000     0.00000
   6   0   4   0     1      42.6751      41.8625        0.0000        1.1495     0.99998            0.57644       0.00000       0.00000     0.00000     0.00000     0.00000     0.00000     0.00000       0.00000     0.00000     0.00000     0.00000     0.00000     0.00000
   0   2   4   0     1     110.0283     107.4706        0.0000        1.9289     0.99987            0.24449       0.00000       0.00000     0.00000     0.00000     0.00000     0.00000     0.00000       0.00000     0.00000     0.00000     0.00000     0.00000     0.00000
   2   2   4   0     1      73.6026      68.9502        0.0000        6.1612     0.99993            0.30634       0.00000       0.00000     0.00000     0.00000     0.00000     0.00000     0.00000       0.00000     0.00000     0.00000     0.00000     0.00000     0.00000
   4   2   4   0     1      64.2766      66.4357        0.0000       -2.8320     0.99995            0.44278       0.00000       0.00000     0.00000     0.00000     0.00000     0.00000     0.00000       0.00000     0.00000     0.00000     0.00000     0.00000     0.00000
   6   2   4   0     1      77.9073      78.2875        0.0000       -0.4357     0.99996            0.60531       0.00000       0.00000     0.00000     0.00000     0.00000     0.00000     0.00000       0.00000     0.00000     0.00000     0.00000     0.00000     0.00000
   0   4   4   0     1      78.0016      77.4997        0.0000        0.5917     0.99994            0.40262       0.00000       0.00000     0.00000     0.00000     0.00000     0.00000     0.00000       0.00000     0.00000     0.00000     0.00000     0.00000     0.00000
   2   4   4   0     1      64.6996      66.2827        0.0000       -1.9348     0.99995            0.44291       0.00000       0.00000     0.00000     0.00000     0.00000     0.00000     0.00000       0.00000     0.00000     0.00000     0.00000     0.00000     0.00000
   4   4   4   0     1      76.9211      74.0890        0.0000        3.3413     0.99996            0.54624       0.00000       0.00000     0.00000     0.00000     0.00000     0.00000     0.00000       0.00000     0.00000     0.00000     0.00000     0.00000     0.00000
   6   4   4   0     1      33.9910      33.7523        0.0000        0.3579     0.99998            0.68463       0.00000       0.00000     0.00000     0.00000     0.00000     0.00000     0.00000       0.00000     0.00000     0.00000     0.00000     0.00000     0.00000
   0   6   4   0     1      42.9768      41.5610        0.0000        2.1210     0.99998            0.57676       0.00000       0.00000     0.00000     0.00000     0.00000     0.00000     0.00000       0.00000     0.00000     0.00000     0.00000     0.00000     0.00000
   2   6   4   0     1      78.0200      77.9284        0.0000        0.1044     0.99996            0.60557       0.00000       0.00000     0.00000     0.00000     0.00000     0.00000     0.00000       0.00000     0.00000     0.00000     0.00000     0.00000     0.00000
   4   6   4   0     1      33.3045      33.6239        0.0000       -0.2976     0.99998            0.68478       0.00000       0.00000     0.00000     0.00000     0.00000     0.00000     0.00000       0.00000     0.00000     0.00000     0.00000     0.00000     0.00000
   1   1   5   0     1     247.5537     247.5030        0.0000        0.0258     0.99970            0.23906       0.00000       0.00000     0.00000     0.00000     0.00000     0.00000     0.00000       0.00000     0.00000     0.00000     0.00000     0.00000     0.00000
   3   1   5   0     1     186.2389     192.7893        0.0000       -2.2599     0.99984            0.35396       0.00000       0.00000     0.00000     0.00000     0.00000     0.00000     0.00000       0.00000     0.00000     0.00000     0.00000     0.00000     0.00000
   5   1   5   0     1     127.1383     129.8214        0.0000       -2.2545     0.99992            0.51143       0.00000       0.00000     0.00000     0.00000     0.00000     0.00000     0.00000       0.00000     0.00000     0.00000     0.00000     0.00000     0.00000
   7   1   5   0     1      98.7260      98.5826        0.0000        0.0939     0.99995            0.68262       0.00000       0.00000     0.00000     0.00000     0.00000     0.00000     0.00000       0.00000     0.00000     0.00000     0.00000     0.00000     0.00000
   1   3   5   0     1     190.1380     192.7881        0.0000       -0.8460     0.99984            0.35407       0.00000       0.00000     0.00000     0.00000     0.00000     0.00000     0.00000       0.00000     0.00000     0.00000     0.00000     0.00000     0.00000
   3   3   5   0     1     151.0913     160.2779        0.0000       -6.5642     0.99989            0.43989       0.00000       0.00000     0.00000     0.00000     0.00000     0.00000     0.00000       0.00000     0.00000     0.00000     0.00000     0.00000     0.00000
   5   3   5   0     1     134.0256     136.0919        0.0000       -0.9288     0.99992            0.57426       0.00000       0.00000     0.00000     0.00000     0.00000     0.00000     0.00000       0.00000     0.00000     0.00000     0.00000     0.00000     0.00000
   7   3   5   0     1      88.0788      88.6272        0.0000       -0.5225     0.99996            0.73088       0.00000       0.00000     0.00000     0.00000     0.00000     0.00000     0.00000       0.00000     0.00000     0.00000     0.00000     0.00000     0.00000
   1   5   5   0     1     127.3636     129.8292        0.0000       -1.3029     0.99992            0.51167       0.00000       0.00000     0.00000     0.00000     0.00000     0.00000     0.00000       0.00000     0.00000     0.00000     0.00000     0.00000     0.00000
   3   5   5   0     1     133.7285     136.0928        0.0000       -1.8542     0.99992            0.57441       0.00000       0.00000     0.00000     0.00000     0.00000     0.00000     0.00000       0.00000     0.00000     0.00000     0.00000     0.00000     0.00000
   5   5   5   0     1     104.8873     103.9899        0.0000        0.5657     0.99995            0.68280       0.00000       0.00000     0.00000     0.00000     0.00000     0.00000     0.00000       0.00000     0.00000     0.00000     0.00000     0.00000     0.00000
   1   7   5   0     1      99.7513      98.5952        0.0000        1.0664     0.99995            0.68298       0.00000       0.00000     0.00000     0.00000     0.00000     0.00000     0.00000       0.00000     0.00000     0.00000     0.00000     0.00000     0.00000
   3   7   5   0     1      89.5814      88.6289        0.0000        0.9030     0.99996            0.73116       0.00000       0.00000     0.00000     0.00000     0.00000     0.00000     0.00000       0.00000     0.00000     0.00000     0.00000     0.00000     0.00000
   0   0   6   0     1     709.6598     773.4445        0.0000       -8.5818     0.99905            0.24032       0.00000       0.00000     0.00000     0.00000     0.00000     0.00000     0.00000       0.00000     0.00000     0.00000     0.00000     0.00000     0.00000
   2   0   6   0     1     128.8477     133.8710        0.0000       -3.0859     0.99987            0.30302       0.00000       0.00000     0.00000     0.00000     0.00000     0.00000     0.00000       0.00000     0.00000     0.00000     0.00000     0.00000     0.00000
   4   0   6   0     1     488.2208     492.3114        0.0000       -0.7580     0.99965            0.44049       0.00000       0.00000     0.00000     0.00000     0.00000     0.00000     0.00000       0.00000     0.00000     0.00000     0.00000     0.00000     0.00000
   6   0   6   0     1      39.9969      38.5668        0.0000        1.3224     0.99998            0.60363       0.00000       0.00000     0.00000     0.00000     0.00000     0.00000     0.00000       0.00000     0.00000     0.00000     0.00000     0.00000     0.00000
   0   2   6   0     1     131.5155     133.7832        0.0000       -1.9429     0.99987            0.30309       0.00000       0.00000     0.00000     0.00000     0.00000     0.00000     0.00000       0.00000     0.00000     0.00000     0.00000     0.00000     0.00000
   2   2   6   0     1     615.2447     611.5391        0.0000        0.4453     0.99948            0.35487       0.00000       0.00000     0.00000     0.00000     0.00000     0.00000     0.00000       0.00000     0.00000     0.00000     0.00000     0.00000     0.00000
   4   2   6   0     1      62.1975      69.2660        0.0000       -4.4043     0.99995            0.47764       0.00000       0.00000     0.00000     0.00000     0.00000     0.00000     0.00000       0.00000     0.00000     0.00000     0.00000     0.00000     0.00000
   6   2   6   0     1     344.5633     348.9444        0.0000       -1.0975     0.99981            0.63125       0.00000       0.00000     0.00000     0.00000     0.00000     0.00000     0.00000       0.00000     0.00000     0.00000     0.00000     0.00000     0.00000
   0   4   6   0     1     481.9509     492.8902        0.0000       -2.9026     0.99965            0.44067       0.00000       0.00000     0.00000     0.00000     0.00000     0.00000     0.00000       0.00000     0.00000     0.00000     0.00000     0.00000     0.00000
   2   4   6   0     1      64.2552      69.1136        0.0000       -6.1890     0.99995            0.47776       0.00000       0.00000     0.00000     0.00000     0.00000     0.00000     0.00000       0.00000     0.00000     0.00000     0.00000     0.00000     0.00000
   4   4   6   0     1     400.3855     416.9026        0.0000       -3.7696     0.99976            0.57486       0.00000       0.00000     0.00000     0.00000     0.00000     0.00000     0.00000       0.00000     0.00000     0.00000     0.00000     0.00000     0.00000
   6   4   6   0     1      41.9809      41.8037        0.0000        0.1916     0.99998            0.70768       0.00000       0.00000     0.00000     0.00000     0.00000     0.00000     0.00000       0.00000     0.00000     0.00000     0.00000     0.00000     0.00000
   0   6   6   0     1      40.9583      38.2901        0.0000        2.6296     0.99998            0.60393       0.00000       0.00000     0.00000     0.00000     0.00000     0.00000     0.00000       0.00000     0.00000     0.00000     0.00000     0.00000     0.00000
   2   6   6   0     1     346.2148     349.6992        0.0000       -0.6473     0.99981            0.63151       0.00000       0.00000     0.00000     0.00000     0.00000     0.00000     0.00000       0.00000     0.00000     0.00000     0.00000     0.00000     0.00000
   4   6   6   0     1      41.9784      41.6628        0.0000        0.2651     0.99998            0.70782       0.00000       0.00000     0.00000     0.00000     0.00000     0.00000     0.00000       0.00000     0.00000     0.00000     0.00000     0.00000     0.00000
   1   1   7   0     1       6.5386       5.8183        0.0000        3.5798     0.99999            0.30928       0.00000       0.00000     0.00000     0.00000     0.00000     0.00000     0.00000       0.00000     0.00000     0.00000     0.00000     0.00000     0.00000
   3   1   7   0     1       5.2050       4.8922        0.0000        1.2171     1.00000            0.40471       0.00000       0.00000     0.00000     0.00000     0.00000     0.00000     0.00000       0.00000     0.00000     0.00000     0.00000     0.00000     0.00000
   5   1   7   0     1       4.2520       3.6161        0.0000        2.4374     1.00000            0.54778       0.00000       0.00000     0.00000     0.00000     0.00000     0.00000     0.00000       0.00000     0.00000     0.00000     0.00000     0.00000     0.00000
   7   1   7   0     1       5.0526       5.2052        0.0000       -0.4354     1.00000            0.71026       0.00000       0.00000     0.00000     0.00000     0.00000     0.00000     0.00000       0.00000     0.00000     0.00000     0.00000     0.00000     0.00000
   1   3   7   0     1       5.3372       4.8921        0.0000        2.3510     1.00000            0.40481       0.00000       0.00000     0.00000     0.00000     0.00000     0.00000     0.00000       0.00000     0.00000     0.00000     0.00000     0.00000     0.00000
   3   3   7   0     1       3.5073       3.8673        0.0000       -2.3106     1.00000            0.48167       0.00000       0.00000     0.00000     0.00000     0.00000     0.00000     0.00000       0.00000     0.00000     0.00000     0.00000     0.00000     0.00000
   5   3   7   0     1       5.4388       6.1007        0.0000       -2.6234     1.00000            0.60686       0.00000       0.00000     0.00000     0.00000     0.00000     0.00000     0.00000       0.00000     0.00000     0.00000     0.00000     0.00000     0.00000
   1   5   7   0     1       4.2528       3.6165        0.0000        1.0544     1.00000            0.54800       0.00000       0.00000     0.00000     0.00000     0.00000     0.00000     0.00000       0.00000     0.00000     0.00000     0.00000     0.00000     0.00000
   3   5   7   0     1       5.6046       6.1007        0.0000       -2.1488     1.00000            0.60700       0.00000       0.00000     0.00000     0.00000     0.00000     0.00000     0.00000       0.00000     0.00000     0.00000     0.00000     0.00000     0.00000
   5   5   7   0     1       4.3062       4.0311        0.0000        0.4143     1.00000            0.71043       0.00000       0.00000     0.00000     0.00000     0.00000     0.00000     0.00000       0.00000     0.00000     0.00000     0.00000     0.00000     0.00000
   1   7   7   0     1       6.1143       5.2061        0.0000        2.0864     1.00000            0.71060       0.00000       0.00000     0.00000     0.00000     0.00000     0.00000     0.00000       0.00000     0.00000     0.00000     0.00000     0.00000     0.00000
   0   0   8   0     1     183.9052     184.8272        0.0000       -0.4201     0.99983            0.32043       0.00000       0.00000     0.00000     0.00000     0.00000     0.00000     0.00000       0.00000     0.00000     0.00000     0.00000     0.00000     0.00000
   2   0   8   0     1       1.5727       0.9999        0.0000        3.4401     1.00000            0.36979       0.00000       0.00000     0.00000     0.00000     0.00000     0.00000     0.00000       0.00000     0.00000     0.00000     0.00000     0.00000     0.00000
   4   0   8   0     1     244.3799     234.0507        0.0000        3.5035     0.99985            0.48882       0.00000       0.00000     0.00000     0.00000     0.00000     0.00000     0.00000       0.00000     0.00000     0.00000     0.00000     0.00000     0.00000
   6   0   8   0     1       5.3359       5.2126        0.0000        0.0422     1.00000            0.63976       0.00000       0.00000     0.00000     0.00000     0.00000     0.00000     0.00000       0.00000     0.00000     0.00000     0.00000     0.00000     0.00000
   0   2   8   0     1       1.7384       0.9926        0.0000        6.4569     1.00000            0.36984       0.00000       0.00000     0.00000     0.00000     0.00000     0.00000     0.00000       0.00000     0.00000     0.00000     0.00000     0.00000     0.00000
   2   2   8   0     1     216.1995     213.7142        0.0000        1.3442     0.99984            0.41334       0.00000       0.00000     0.00000     0.00000     0.00000     0.00000     0.00000       0.00000     0.00000     0.00000     0.00000     0.00000     0.00000
   4   2   8   0     1       2.5419       1.0821        0.0000        1.9196     1.00000            0.52255       0.00000       0.00000     0.00000     0.00000     0.00000     0.00000     0.00000       0.00000     0.00000     0.00000     0.00000     0.00000     0.00000
   6   2   8   0     1     222.1060     214.8489        0.0000        2.1502     0.99989            0.66588       0.00000       0.00000     0.00000     0.00000     0.00000     0.00000     0.00000       0.00000     0.00000     0.00000     0.00000     0.00000     0.00000
   0   4   8   0     1     235.0989     233.6642        0.0000        0.3470     0.99985            0.48899       0.00000       0.00000     0.00000     0.00000     0.00000     0.00000     0.00000       0.00000     0.00000     0.00000     0.00000     0.00000     0.00000
   2   4   8   0     1       2.4593       1.1007        0.0000        8.0532     1.00000            0.52266       0.00000       0.00000     0.00000     0.00000     0.00000     0.00000     0.00000       0.00000     0.00000     0.00000     0.00000     0.00000     0.00000
   4   4   8   0     1     218.5721     208.3143        0.0000        2.6030     0.99989            0.61268       0.00000       0.00000     0.00000     0.00000     0.00000     0.00000     0.00000       0.00000     0.00000     0.00000     0.00000     0.00000     0.00000
   0   6   8   0     1       5.6946       5.3133        0.0000        0.4956     1.00000            0.64004       0.00000       0.00000     0.00000     0.00000     0.00000     0.00000     0.00000       0.00000     0.00000     0.00000     0.00000     0.00000     0.00000
   2   6   8   0     1     218.3417     214.2771        0.0000        0.9389     0.99989            0.66612       0.00000       0.00000     0.00000     0.00000     0.00000     0.00000     0.00000       0.00000     0.00000     0.00000     0.00000     0.00000     0.00000
   1   1   9   0     1       1.1702       0.3031        0.0000        3.9130     1.00000            0.38339       0.00000       0.00000     0.00000     0.00000     0.00000     0.00000     0.00000       0.00000     0.00000     0.00000     0.00000     0.00000     0.00000
   3   1   9   0     1       8.7768       5.6798        0.0000        8.6027     1.00000            0.46382       0.00000       0.00000     0.00000     0.00000     0.00000     0.00000     0.00000       0.00000     0.00000     0.00000     0.00000     0.00000     0.00000
   5   1   9   0     1      19.0838      16.2985        0.0000        6.0776     0.99999            0.59279       0.00000       0.00000     0.00000     0.00000     0.00000     0.00000     0.00000       0.00000     0.00000     0.00000     0.00000     0.00000     0.00000
   1   3   9   0     1       7.1674       5.6801        0.0000        5.6725     1.00000            0.46390       0.00000       0.00000     0.00000     0.00000     0.00000     0.00000     0.00000       0.00000     0.00000     0.00000     0.00000     0.00000     0.00000
   3   3   9   0     1      12.0632       8.1202        0.0000       10.3327     1.00000            0.53230       0.00000       0.00000     0.00000     0.00000     0.00000     0.00000     0.00000       0.00000     0.00000     0.00000     0.00000     0.00000     0.00000
   5   3   9   0     1      20.8409      16.8374        0.0000        8.2836     0.99999            0.64778       0.00000       0.00000     0.00000     0.00000     0.00000     0.00000     0.00000       0.00000     0.00000     0.00000     0.00000     0.00000     0.00000
   1   5   9   0     1      17.7365      16.2953        0.0000        3.2798     0.99999            0.59299       0.00000       0.00000     0.00000     0.00000     0.00000     0.00000     0.00000       0.00000     0.00000     0.00000     0.00000     0.00000     0.00000
   3   5   9   0     1      19.5165      16.8371        0.0000        5.6350     0.99999            0.64790       0.00000       0.00000     0.00000     0.00000     0.00000     0.00000     0.00000       0.00000     0.00000     0.00000     0.00000     0.00000     0.00000
   0   0  10   0     1      41.7013      41.7863        0.0000       -0.1022     0.99997            0.40053       0.00000       0.00000     0.00000     0.00000     0.00000     0.00000     0.00000       0.00000     0.00000     0.00000     0.00000     0.00000     0.00000
   2   0  10   0     1      20.2360      18.7186        0.0000        2.4597     0.99999            0.44102       0.00000       0.00000     0.00000     0.00000     0.00000     0.00000     0.00000       0.00000     0.00000     0.00000     0.00000     0.00000     0.00000
   4   0  10   0     1      45.2096      44.8743        0.0000        0.5370     0.99997            0.54470       0.00000       0.00000     0.00000     0.00000     0.00000     0.00000     0.00000       0.00000     0.00000     0.00000     0.00000     0.00000     0.00000
   6   0  10   0     1       8.9056       7.5254        0.0000        1.2865     1.00000            0.68341       0.00000       0.00000     0.00000     0.00000     0.00000     0.00000     0.00000       0.00000     0.00000     0.00000     0.00000     0.00000     0.00000
   0   2  10   0     1      21.0204      18.7483        0.0000        5.2630     0.99999            0.44106       0.00000       0.00000     0.00000     0.00000     0.00000     0.00000     0.00000       0.00000     0.00000     0.00000     0.00000     0.00000     0.00000
   2   2  10   0     1      44.8949      43.6833        0.0000        1.8846     0.99997            0.47812       0.00000       0.00000     0.00000     0.00000     0.00000     0.00000     0.00000       0.00000     0.00000     0.00000     0.00000     0.00000     0.00000
   4   2  10   0     1      11.3144      11.9881        0.0000       -0.6068     0.99999            0.57516       0.00000       0.00000     0.00000     0.00000     0.00000     0.00000     0.00000       0.00000     0.00000     0.00000     0.00000     0.00000     0.00000
   6   2  10   0     1      43.9921      44.0855        0.0000       -0.1315     0.99998            0.70792       0.00000       0.00000     0.00000     0.00000     0.00000     0.00000     0.00000       0.00000     0.00000     0.00000     0.00000     0.00000     0.00000
   0   4  10   0     1      44.1425      45.0360        0.0000       -0.9032     0.99997            0.54485       0.00000       0.00000     0.00000     0.00000     0.00000     0.00000     0.00000       0.00000     0.00000     0.00000     0.00000     0.00000     0.00000
   2   4  10   0     1      12.0937      12.0482        0.0000        0.0750     0.99999            0.57527       0.00000       0.00000     0.00000     0.00000     0.00000     0.00000     0.00000       0.00000     0.00000     0.00000     0.00000     0.00000     0.00000
   4   4  10   0     1      47.6672      43.9894        0.0000        5.3409     0.99998            0.65813       0.00000       0.00000     0.00000     0.00000     0.00000     0.00000     0.00000       0.00000     0.00000     0.00000     0.00000     0.00000     0.00000
   0   6  10   0     1       8.5049       7.6458        0.0000        1.0075     1.00000            0.68367       0.00000       0.00000     0.00000     0.00000     0.00000     0.00000     0.00000       0.00000     0.00000     0.00000     0.00000     0.00000     0.00000
   2   6  10   0     1      44.7171      44.3314        0.0000        0.5456     0.99998            0.70815       0.00000       0.00000     0.00000     0.00000     0.00000     0.00000     0.00000       0.00000     0.00000     0.00000     0.00000     0.00000     0.00000
   1   1  11   0     1     378.5934     382.2061        0.0000       -1.6850     0.99974            0.45952       0.00000       0.00000     0.00000     0.00000     0.00000     0.00000     0.00000       0.00000     0.00000     0.00000     0.00000     0.00000     0.00000
   3   1  11   0     1     292.2152     305.9646        0.0000       -5.7737     0.99981            0.52849       0.00000       0.00000     0.00000     0.00000     0.00000     0.00000     0.00000       0.00000     0.00000     0.00000     0.00000     0.00000     0.00000
   5   1  11   0     1     203.7270     213.2914        0.0000       -2.9201     0.99989            0.64465       0.00000       0.00000     0.00000     0.00000     0.00000     0.00000     0.00000       0.00000     0.00000     0.00000     0.00000     0.00000     0.00000
   1   3  11   0     1     298.4303     305.9633        0.0000       -3.1009     0.99981            0.52856       0.00000       0.00000     0.00000     0.00000     0.00000     0.00000     0.00000       0.00000     0.00000     0.00000     0.00000     0.00000     0.00000
   3   3  11   0     1     249.5822     258.7199        0.0000       -4.3094     0.99985            0.58950       0.00000       0.00000     0.00000     0.00000     0.00000     0.00000     0.00000       0.00000     0.00000     0.00000     0.00000     0.00000     0.00000
   5   3  11   0     1     204.0714     208.3561        0.0000       -2.2941     0.99989            0.69555       0.00000       0.00000     0.00000     0.00000     0.00000     0.00000     0.00000       0.00000     0.00000     0.00000     0.00000     0.00000     0.00000
   1   5  11   0     1     204.7444     213.3001        0.0000       -4.6960     0.99989            0.64484       0.00000       0.00000     0.00000     0.00000     0.00000     0.00000     0.00000       0.00000     0.00000     0.00000     0.00000     0.00000     0.00000
   3   5  11   0     1     206.4699     208.3571        0.0000       -0.9977     0.99989            0.69567       0.00000       0.00000     0.00000     0.00000     0.00000     0.00000     0.00000       0.00000     0.00000     0.00000     0.00000     0.00000     0.00000
   0   0  12   0     1     274.3783     274.7272        0.0000       -0.1076     0.99982            0.48064       0.00000       0.00000     0.00000     0.00000     0.00000     0.00000     0.00000       0.00000     0.00000     0.00000     0.00000     0.00000     0.00000
   2   0  12   0     1      16.6151      17.8609        0.0000       -1.5421     0.99999            0.51486       0.00000       0.00000     0.00000     0.00000     0.00000     0.00000     0.00000       0.00000     0.00000     0.00000     0.00000     0.00000     0.00000
   4   0  12   0     1     161.2613     171.1225        0.0000       -3.5944     0.99991            0.60604       0.00000       0.00000     0.00000     0.00000     0.00000     0.00000     0.00000       0.00000     0.00000     0.00000     0.00000     0.00000     0.00000
   6   0  12   0     1       0.9301       2.3038        0.0000       -2.3314     1.00000            0.73323       0.00000       0.00000     0.00000     0.00000     0.00000     0.00000     0.00000       0.00000     0.00000     0.00000     0.00000     0.00000     0.00000
   0   2  12   0     1      17.5707      17.8882        0.0000       -0.8296     0.99999            0.51490       0.00000       0.00000     0.00000     0.00000     0.00000     0.00000     0.00000       0.00000     0.00000     0.00000     0.00000     0.00000     0.00000
   2   2  12   0     1     208.0279     214.6163        0.0000       -3.3332     0.99987            0.54698       0.00000       0.00000     0.00000     0.00000     0.00000     0.00000     0.00000       0.00000     0.00000     0.00000     0.00000     0.00000     0.00000
   4   2  12   0     1       4.7972       6.4038        0.0000       -7.1597     1.00000            0.63356       0.00000       0.00000     0.00000     0.00000     0.00000     0.00000     0.00000       0.00000     0.00000     0.00000     0.00000     0.00000     0.00000
   0   4  12   0     1     161.7651     170.8232        0.0000       -6.0838     0.99991            0.60618       0.00000       0.00000     0.00000     0.00000     0.00000     0.00000     0.00000       0.00000     0.00000     0.00000     0.00000     0.00000     0.00000
   2   4  12   0     1       4.8908       6.4461        0.0000       -7.0534     1.00000            0.63365       0.00000       0.00000     0.00000     0.00000     0.00000     0.00000     0.00000       0.00000     0.00000     0.00000     0.00000     0.00000     0.00000
   4   4  12   0     1     130.2426     143.0321        0.0000       -6.5671     0.99993            0.70973       0.00000       0.00000     0.00000     0.00000     0.00000     0.00000     0.00000       0.00000     0.00000     0.00000     0.00000     0.00000     0.00000
   0   6  12   0     1       1.8870       2.3691        0.0000       -1.4077     1.00000            0.73348       0.00000       0.00000     0.00000     0.00000     0.00000     0.00000     0.00000       0.00000     0.00000     0.00000     0.00000     0.00000     0.00000
   1   1  13   0     1      10.9703       9.8367        0.0000        3.0458     0.99999            0.53681       0.00000       0.00000     0.00000     0.00000     0.00000     0.00000     0.00000       0.00000     0.00000     0.00000     0.00000     0.00000     0.00000
   3   1  13   0     1      11.7895      10.7623        0.0000        2.6549     0.99999            0.59691       0.00000       0.00000     0.00000     0.00000     0.00000     0.00000     0.00000       0.00000     0.00000     0.00000     0.00000     0.00000     0.00000
   5   1  13   0     1      11.3258      10.9071        0.0000        0.9168     0.99999            0.70184       0.00000       0.00000     0.00000     0.00000     0.00000     0.00000     0.00000       0.00000     0.00000     0.00000     0.00000     0.00000     0.00000
   1   3  13   0     1      11.5335      10.7623        0.0000        1.9738     0.99999            0.59698       0.00000       0.00000     0.00000     0.00000     0.00000     0.00000     0.00000       0.00000     0.00000     0.00000     0.00000     0.00000     0.00000
   3   3  13   0     1       9.1158      10.1963        0.0000       -1.9171     0.99999            0.65155       0.00000       0.00000     0.00000     0.00000     0.00000     0.00000     0.00000       0.00000     0.00000     0.00000     0.00000     0.00000     0.00000
   1   5  13   0     1      12.6128      10.9070        0.0000        1.4247     0.99999            0.70201       0.00000       0.00000     0.00000     0.00000     0.00000     0.00000     0.00000       0.00000     0.00000     0.00000     0.00000     0.00000     0.00000
   0   0  14   0     1      74.9432      80.1042        0.0000       -6.1522     0.99995            0.56074       0.00000       0.00000     0.00000     0.00000     0.00000     0.00000     0.00000       0.00000     0.00000     0.00000     0.00000     0.00000     0.00000
   2   0  14   0     1       7.3942       6.3938        0.0000        3.7981     1.00000            0.59034       0.00000       0.00000     0.00000     0.00000     0.00000     0.00000     0.00000       0.00000     0.00000     0.00000     0.00000     0.00000     0.00000
   4   0  14   0     1     124.3248     112.4492        0.0000        5.9797     0.99994            0.67135       0.00000       0.00000     0.00000     0.00000     0.00000     0.00000     0.00000       0.00000     0.00000     0.00000     0.00000     0.00000     0.00000
   0   2  14   0     1       6.3292       6.3783        0.0000       -0.1980     1.00000            0.59038       0.00000       0.00000     0.00000     0.00000     0.00000     0.00000     0.00000       0.00000     0.00000     0.00000     0.00000     0.00000     0.00000
   2   2  14   0     1     101.9829      98.4797        0.0000        3.2332     0.99995            0.61856       0.00000       0.00000     0.00000     0.00000     0.00000     0.00000     0.00000       0.00000     0.00000     0.00000     0.00000     0.00000     0.00000
   4   2  14   0     1      19.9713      15.4325        0.0000        3.6091     0.99999            0.69629       0.00000       0.00000     0.00000     0.00000     0.00000     0.00000     0.00000       0.00000     0.00000     0.00000     0.00000     0.00000     0.00000
   0   4  14   0     1     121.3788     112.6800        0.0000        7.0510     0.99994            0.67147       0.00000       0.00000     0.00000     0.00000     0.00000     0.00000     0.00000       0.00000     0.00000     0.00000     0.00000     0.00000     0.00000
   2   4  14   0     1      19.4111      15.3704        0.0000        7.7392     0.99999            0.69638       0.00000       0.00000     0.00000     0.00000     0.00000     0.00000     0.00000       0.00000     0.00000     0.00000     0.00000     0.00000     0.00000
   0   6  14   0     1      27.2955      22.0068        0.0000        5.8143     0.99999            0.78830       0.00000       0.00000     0.00000     0.00000     0.00000     0.00000     0.00000       0.00000     0.00000     0.00000     0.00000     0.00000     0.00000
   1   1  15   0     1      20.6242      18.0652        0.0000        3.9010     0.99999            0.61482       0.00000       0.00000     0.00000     0.00000     0.00000     0.00000     0.00000       0.00000     0.00000     0.00000     0.00000     0.00000     0.00000
   3   1  15   0     1       7.7692       8.2707        0.0000       -1.7466     1.00000            0.66794       0.00000       0.00000     0.00000     0.00000     0.00000     0.00000     0.00000       0.00000     0.00000     0.00000     0.00000     0.00000     0.00000
   1   3  15   0     1       8.1809       8.2705        0.0000       -0.3131     1.00000            0.66800       0.00000       0.00000     0.00000     0.00000     0.00000     0.00000     0.00000       0.00000     0.00000     0.00000     0.00000     0.00000     0.00000
   3   3  15   0     1       3.8877       5.0505        0.0000       -3.4179     1.00000            0.71719       0.00000       0.00000     0.00000     0.00000     0.00000     0.00000     0.00000       0.00000     0.00000     0.00000     0.00000     0.00000     0.00000
   0   0  16   0     1     116.6634     120.2515        0.0000       -2.6893     0.99994            0.64085       0.00000       0.00000     0.00000     0.00000     0.00000     0.00000     0.00000       0.00000     0.00000     0.00000     0.00000     0.00000     0.00000
   2   0  16   0     1      11.8907      10.7257        0.0000        1.9628     0.99999            0.66690       0.00000       0.00000     0.00000     0.00000     0.00000     0.00000     0.00000       0.00000     0.00000     0.00000     0.00000     0.00000     0.00000
   0   2  16   0     1      13.8307      10.7450        0.0000        1.6513     0.99999            0.66693       0.00000       0.00000     0.00000     0.00000     0.00000     0.00000     0.00000       0.00000     0.00000     0.00000     0.00000     0.00000     0.00000
   2   2  16   0     1     108.6018     107.8628        0.0000        0.6320     0.99994            0.69200       0.00000       0.00000     0.00000     0.00000     0.00000     0.00000     0.00000       0.00000     0.00000     0.00000     0.00000     0.00000     0.00000
   0   4  16   0     1      94.8658      97.2779        0.0000       -1.5505     0.99995            0.73968       0.00000       0.00000     0.00000     0.00000     0.00000     0.00000     0.00000       0.00000     0.00000     0.00000     0.00000     0.00000     0.00000
   0   6  16   0     1       7.6515       7.5431        0.0000        0.2247     1.00000            0.84715       0.00000       0.00000     0.00000     0.00000     0.00000     0.00000     0.00000       0.00000     0.00000     0.00000     0.00000     0.00000     0.00000
   1   1  17   0     1     248.4175     248.2727        0.0000        0.0592     0.99987            0.69331       0.00000       0.00000     0.00000     0.00000     0.00000     0.00000     0.00000       0.00000     0.00000     0.00000     0.00000     0.00000     0.00000
   0   0  18   0     1      37.9880      36.9962        0.0000        1.5007     0.99998            0.72096       0.00000       0.00000     0.00000     0.00000     0.00000     0.00000     0.00000       0.00000     0.00000     0.00000     0.00000     0.00000     0.00000
   0   2  18   0     1       3.7538       3.2104        0.0000        1.4470     1.00000            0.74424       0.00000       0.00000     0.00000     0.00000     0.00000     0.00000     0.00000       0.00000     0.00000     0.00000     0.00000     0.00000     0.00000
   0   4  18   0     1      17.4513      21.8402        0.0000       -5.2443     0.99999            0.81007       0.00000       0.00000     0.00000     0.00000     0.00000     0.00000     0.00000       0.00000     0.00000     0.00000     0.00000     0.00000     0.00000
   0   6  18   0     1       1.8601       0.2217        0.0000        2.0612     1.00000            0.90926       0.00000       0.00000     0.00000     0.00000     0.00000     0.00000     0.00000       0.00000     0.00000     0.00000     0.00000     0.00000     0.00000
   0   0  20   0     1       4.3689       5.6582        0.0000       -2.8386     1.00000            0.80106       0.00000       0.00000     0.00000     0.00000     0.00000     0.00000     0.00000       0.00000     0.00000     0.00000     0.00000     0.00000     0.00000
   0   2  20   0     1       2.8517       2.3326        0.0000        1.1551     1.00000            0.82208       0.00000       0.00000     0.00000     0.00000     0.00000     0.00000     0.00000       0.00000     0.00000     0.00000     0.00000     0.00000     0.00000
   0   4  20   0     1      18.6345      14.8211        0.0000        3.7132     0.99999            0.88212       0.00000       0.00000     0.00000     0.00000     0.00000     0.00000     0.00000       0.00000     0.00000     0.00000     0.00000     0.00000     0.00000
   0   0  22   0     1     137.6091     135.8934        0.0000        0.7537     0.99993            0.88117       0.00000       0.00000     0.00000     0.00000     0.00000     0.00000     0.00000       0.00000     0.00000     0.00000     0.00000     0.00000     0.00000
   0   2  22   0     1      97.2130      91.9142        0.0000        2.8929     0.99996            0.90032       0.00000       0.00000     0.00000     0.00000     0.00000     0.00000     0.00000       0.00000     0.00000     0.00000     0.00000     0.00000     0.00000

     -----------------------------------------------------
     R-Factors and Chi2 for Integrated Intensity Pattern #  1
     -----------------------------------------------------
 => Phase:  1
 =>    RF2 -factor :   3.21    
 =>    RF2w-factor :   4.78    
 =>    RF  -factor :   2.26    
 =>    Chi2(Intens):   10.9    
 =>  N_eff Reflect.:    198 with I >  0.00 sigma

     -----------------------------------------------------------------
      SYMBOLIC NAMES AND FINAL VALUES AND SIGMA OF REFINED PARAMETERS:
     -----------------------------------------------------------------


 ------------------------------------------------------------------
 => Number of bytes for floating point variables: 4
 => Dimensions of dynamic allocated arrays in this run of FullProf:
 ------------------------------------------------------------------

 => Total approximate array memory (dynamic + static): 132451053 bytes

    MaxPOINT=    80000 Max.num. of points(+int. Inten.)/diffraction pattern       
    MaxREFLT=    25000 Max.num. of reflections/diffraction pattern               
    MaxPARAM=      500 Max.num. of refinable parameters                          
    MaxOVERL=     9000 Max.num. of overlapping reflections                       

 ----------------------------------------------------------
 => Number of bytes for floating point arrays: 4
 => Dimensions of fixed arrays in this release of FullProf:
 ----------------------------------------------------------

    NPATT   =       80 Max.num. of powder diffraction patterns                    
    NATS    =      830 Max.num. of atoms (all kind) in asymmetric unit            
    MPAR    =     1800 Max.num. of non atomic parameters/phase                    
    IEXCL   =       30 Max.num. of excluded regions                               
    IBACP   =      377 Max.num. of background points for interpolation            
    NPHT    =       16 Max.num. of phases                                         
    NMAGM   =        8 Max.num. of rotation-matrices sets for magnetic structure  
    NBASIS  =       12 Max.num. of basis functions associated to a single atom    
    NIREPS  =        9 Max.num. of irreducible representations to be combined     
    N_EQ    =      384 Max.num. of user-supplied symmetry operators/propagation vectors
    NGL     =      400 Max.num. of global parameters/diffraction pattern          
    N_LINC  =       50 Max.num. of global linear restraints                        
    NAT_P   =       80 Max.num. of atomic parameters per atom                     
    NCONST  =     3500 Max.num. of slack constraints per phase                    
    N_SPE   =       30 Max.num. of different chemical species                     
    N_FORM  =       60 Max.num. of scattering factor values in a table            
    NPR     =      150 Max.num. of points defining a numerical profile            
    INPR    =       25 Max.num. of different numerical peak shapes                
    NPRC    =      150 Max.num. of terms in the table for correcting intensities  
    NSOL    =       10 Max.num. of solutions to be stored in Montecarlo searchs   

 
              CPU Time:     0.156 seconds
                            0.003 minutes

 => Run finished at:     Date: 09/06/2026  Time: 12:42:05.243                              
